Archive member included because of file (symbol)

c:/program files (x86)/gnu tools arm embedded/4.9 2015q2/bin/../lib/gcc/arm-none-eabi/4.9.3/../../../../arm-none-eabi/lib/armv7e-m/softfp\libg.a(lib_a-memcmp.o)
                              ..\obj\etharp.o (memcmp)
c:/program files (x86)/gnu tools arm embedded/4.9 2015q2/bin/../lib/gcc/arm-none-eabi/4.9.3/../../../../arm-none-eabi/lib/armv7e-m/softfp\libg.a(lib_a-memcpy.o)
                              ..\obj\porttcp.o (memcpy)
c:/program files (x86)/gnu tools arm embedded/4.9 2015q2/bin/../lib/gcc/arm-none-eabi/4.9.3/../../../../arm-none-eabi/lib/armv7e-m/softfp\libg.a(lib_a-memset.o)
                              ..\obj\mem.o (memset)
c:/program files (x86)/gnu tools arm embedded/4.9 2015q2/bin/../lib/gcc/arm-none-eabi/4.9.3/../../../../arm-none-eabi/lib/armv7e-m/softfp\libg.a(lib_a-printf.o)
                              ..\obj\portother.o (printf)
c:/program files (x86)/gnu tools arm embedded/4.9 2015q2/bin/../lib/gcc/arm-none-eabi/4.9.3/../../../../arm-none-eabi/lib/armv7e-m/softfp\libg.a(lib_a-snprintf.o)
                              ..\obj\portother.o (snprintf)
c:/program files (x86)/gnu tools arm embedded/4.9 2015q2/bin/../lib/gcc/arm-none-eabi/4.9.3/../../../../arm-none-eabi/lib/armv7e-m/softfp\libg.a(lib_a-sprintf.o)
                              ..\obj\http_server.o (sprintf)
c:/program files (x86)/gnu tools arm embedded/4.9 2015q2/bin/../lib/gcc/arm-none-eabi/4.9.3/../../../../arm-none-eabi/lib/armv7e-m/softfp\libg.a(lib_a-strcmp.o)
                              ..\obj\cfg_info.o (strcmp)
c:/program files (x86)/gnu tools arm embedded/4.9 2015q2/bin/../lib/gcc/arm-none-eabi/4.9.3/../../../../arm-none-eabi/lib/armv7e-m/softfp\libg.a(lib_a-strlen.o)
                              ..\obj\pbuf.o (strlen)
c:/program files (x86)/gnu tools arm embedded/4.9 2015q2/bin/../lib/gcc/arm-none-eabi/4.9.3/../../../../arm-none-eabi/lib/armv7e-m/softfp\libg.a(lib_a-strncmp.o)
                              ..\obj\http_server.o (strncmp)
c:/program files (x86)/gnu tools arm embedded/4.9 2015q2/bin/../lib/gcc/arm-none-eabi/4.9.3/../../../../arm-none-eabi/lib/armv7e-m/softfp\libg.a(lib_a-svfprintf.o)
                              c:/program files (x86)/gnu tools arm embedded/4.9 2015q2/bin/../lib/gcc/arm-none-eabi/4.9.3/../../../../arm-none-eabi/lib/armv7e-m/softfp\libg.a(lib_a-snprintf.o) (_svfprintf_r)
c:/program files (x86)/gnu tools arm embedded/4.9 2015q2/bin/../lib/gcc/arm-none-eabi/4.9.3/../../../../arm-none-eabi/lib/armv7e-m/softfp\libg.a(lib_a-vfprintf.o)
                              c:/program files (x86)/gnu tools arm embedded/4.9 2015q2/bin/../lib/gcc/arm-none-eabi/4.9.3/../../../../arm-none-eabi/lib/armv7e-m/softfp\libg.a(lib_a-printf.o) (_vfprintf_r)
c:/program files (x86)/gnu tools arm embedded/4.9 2015q2/bin/../lib/gcc/arm-none-eabi/4.9.3/../../../../arm-none-eabi/lib/armv7e-m/softfp\libg.a(lib_a-vprintf.o)
                              ..\obj\portother.o (vprintf)
c:/program files (x86)/gnu tools arm embedded/4.9 2015q2/bin/../lib/gcc/arm-none-eabi/4.9.3/../../../../arm-none-eabi/lib/armv7e-m/softfp\libg.a(lib_a-wsetup.o)
                              c:/program files (x86)/gnu tools arm embedded/4.9 2015q2/bin/../lib/gcc/arm-none-eabi/4.9.3/../../../../arm-none-eabi/lib/armv7e-m/softfp\libg.a(lib_a-vfprintf.o) (__swsetup_r)
c:/program files (x86)/gnu tools arm embedded/4.9 2015q2/bin/../lib/gcc/arm-none-eabi/4.9.3/../../../../arm-none-eabi/lib/armv7e-m/softfp\libg.a(lib_a-dtoa.o)
                              c:/program files (x86)/gnu tools arm embedded/4.9 2015q2/bin/../lib/gcc/arm-none-eabi/4.9.3/../../../../arm-none-eabi/lib/armv7e-m/softfp\libg.a(lib_a-svfprintf.o) (_dtoa_r)
c:/program files (x86)/gnu tools arm embedded/4.9 2015q2/bin/../lib/gcc/arm-none-eabi/4.9.3/../../../../arm-none-eabi/lib/armv7e-m/softfp\libg.a(lib_a-fflush.o)
                              c:/program files (x86)/gnu tools arm embedded/4.9 2015q2/bin/../lib/gcc/arm-none-eabi/4.9.3/../../../../arm-none-eabi/lib/armv7e-m/softfp\libg.a(lib_a-vfprintf.o) (_fflush_r)
c:/program files (x86)/gnu tools arm embedded/4.9 2015q2/bin/../lib/gcc/arm-none-eabi/4.9.3/../../../../arm-none-eabi/lib/armv7e-m/softfp\libg.a(lib_a-findfp.o)
                              c:/program files (x86)/gnu tools arm embedded/4.9 2015q2/bin/../lib/gcc/arm-none-eabi/4.9.3/../../../../arm-none-eabi/lib/armv7e-m/softfp\libg.a(lib_a-vfprintf.o) (__sinit)
c:/program files (x86)/gnu tools arm embedded/4.9 2015q2/bin/../lib/gcc/arm-none-eabi/4.9.3/../../../../arm-none-eabi/lib/armv7e-m/softfp\libg.a(lib_a-freer.o)
                              c:/program files (x86)/gnu tools arm embedded/4.9 2015q2/bin/../lib/gcc/arm-none-eabi/4.9.3/../../../../arm-none-eabi/lib/armv7e-m/softfp\libg.a(lib_a-wsetup.o) (_free_r)
c:/program files (x86)/gnu tools arm embedded/4.9 2015q2/bin/../lib/gcc/arm-none-eabi/4.9.3/../../../../arm-none-eabi/lib/armv7e-m/softfp\libg.a(lib_a-fwalk.o)
[...]
Memory Configuration

Name             Origin             Length             Attributes
flash_cfg1       0x08000000         0x00004000         r
flash_cfg2       0x08004000         0x00004000         r
rom              0x08008000         0x000f8000         xr
ram              0x20000000         0x00020000         xrw
ram1             0x10000000         0x00010000         xrw
*default*        0x00000000         0xffffffff

Linker script and memory map

                0x20020000                _eram = 0x20020000

.text           0x08008000    0x150d0
 *(.isr_vector)
 .isr_vector    0x08008000      0x188 ..\obj\startup_stm32f4xx.o
                0x08008000                g_pfnVectors
 *(.text*)
 .text.SYSCFG_ETH_MediaInterfaceConfig
                0x08008188       0x1c ..\obj\stm32f4xx_syscfg.o
                0x08008188                SYSCFG_ETH_MediaInterfaceConfig
 .text.plug_holes
                0x080081a4       0xbc ..\obj\mem.o
 .text.mem_init
                0x08008260       0x80 ..\obj\mem.o
                0x08008260                mem_init
 .text.mem_free
                0x080082e0       0x74 ..\obj\mem.o
                0x080082e0                mem_free
 .text.mem_trim
                0x08008354      0x188 ..\obj\mem.o
                0x08008354                mem_trim
 .text.mem_malloc
                0x080084dc      0x164 ..\obj\mem.o
                0x080084dc                mem_malloc
 .text.eMBTCPInit
                0x08008640       0xa4 ..\obj\mb.o
                0x08008640                eMBTCPInit
 .text.eMBEnable
                0x080086e4       0x38 ..\obj\mb.o
                0x080086e4                eMBEnable
 .text.eMBPoll  0x0800871c      0x170 ..\obj\mb.o
                0x0800871c                eMBPoll
 .text.eMBFuncReadDiscreteInputs
                0x0800888c      0x104 ..\obj\mbfuncdisc.o
                0x0800888c                eMBFuncReadDiscreteInputs
 .text.tcp_init
                0x08008990        0xc ..\obj\tcp.o
                0x08008990                tcp_init
 .text.tcp_tmr  0x0800899c       0x2c ..\obj\tcp.o
                0x0800899c                tcp_tmr
 .text.tcp_close_shutdown
                0x080089c8      0x250 ..\obj\tcp.o
 .text.tcp_close
                0x08008c18       0x30 ..\obj\tcp.o
                0x08008c18                tcp_close
 .text.tcp_abandon
                0x08008c48       0xc0 ..\obj\tcp.o
                0x08008c48                tcp_abandon
 .text.tcp_abort
                0x08008d08       0x18 ..\obj\tcp.o
                0x08008d08                tcp_abort
 .text.tcp_bind
                0x08008d20       0xdc ..\obj\tcp.o
                0x08008d20                tcp_bind
 .text.tcp_accept_null
                0x08008dfc       0x20 ..\obj\tcp.o
 .text.tcp_listen_with_backlog
                0x08008e1c      0x114 ..\obj\tcp.o
                0x08008e1c                tcp_listen_with_backlog
 .text.tcp_update_rcv_ann_wnd
                0x08008f30       0x84 ..\obj\tcp.o
                0x08008f30                tcp_update_rcv_ann_wnd
 .text.tcp_recved
                0x08008fb4       0x5c ..\obj\tcp.o
                0x08008fb4                tcp_recved
 .text.tcp_new_port
                0x08009010       0x8c ..\obj\tcp.o
 .text.tcp_slowtmr
                0x0800909c      0x42c ..\obj\tcp.o
                0x0800909c                tcp_slowtmr
 .text.tcp_fasttmr
                0x080094c8       0xa0 ..\obj\tcp.o
                0x080094c8                tcp_fasttmr
 .text.tcp_process_refused_data
                0x08009568       0xc8 ..\obj\tcp.o
                0x08009568                tcp_process_refused_data
 .text.tcp_segs_free
                0x08009630       0x28 ..\obj\tcp.o
                0x08009630                tcp_segs_free
 .text.tcp_seg_free
                0x08009658       0x30 ..\obj\tcp.o
                0x08009658                tcp_seg_free
 .text.tcp_recv_null
                0x08009688       0x48 ..\obj\tcp.o
                0x08009688                tcp_recv_null
 .text.tcp_kill_prio
                0x080096d0       0x80 ..\obj\tcp.o
 .text.tcp_kill_timewait
                0x08009750       0x5c ..\obj\tcp.o
 .text.tcp_alloc
                0x080097ac      0x114 ..\obj\tcp.o
                0x080097ac                tcp_alloc
 .text.tcp_new  0x080098c0       0x10 ..\obj\tcp.o
                0x080098c0                tcp_new
 .text.tcp_arg  0x080098d0       0x1c ..\obj\tcp.o
                0x080098d0                tcp_arg
 .text.tcp_recv
                0x080098ec       0x1c ..\obj\tcp.o
                0x080098ec                tcp_recv
 .text.tcp_err  0x08009908       0x1c ..\obj\tcp.o
                0x08009908                tcp_err
 .text.tcp_accept
                0x08009924       0x1c ..\obj\tcp.o
                0x08009924                tcp_accept
 .text.tcp_pcb_purge
                0x08009940       0x70 ..\obj\tcp.o
                0x08009940                tcp_pcb_purge
 .text.tcp_pcb_remove
                0x080099b0       0xa8 ..\obj\tcp.o
                0x080099b0                tcp_pcb_remove
 .text.tcp_next_iss
                0x08009a58       0x28 ..\obj\tcp.o
                0x08009a58                tcp_next_iss
 .text.tcp_eff_send_mss
                0x08009a80       0x40 ..\obj\tcp.o
                0x08009a80                tcp_eff_send_mss
 .text.xMBPortEventInit
                0x08009ac0       0x34 ..\obj\portevent.o
                0x08009ac0                xMBPortEventInit
 .text.xMBPortEventPost
                0x08009af4       0x4c ..\obj\portevent.o
                0x08009af4                xMBPortEventPost
 .text.xMBPortEventGet
                0x08009b40       0x34 ..\obj\portevent.o
                0x08009b40                xMBPortEventGet
 .text.xMBTCPPortInit
                0x08009b74       0xac ..\obj\porttcp.o
                0x08009b74                xMBTCPPortInit
 .text.prvvMBPortReleaseClient
                0x08009c20       0x8c ..\obj\porttcp.o
                0x08009c20                prvvMBPortReleaseClient
 .text.vMBTCPPortDisable
                0x08009cac       0x14 ..\obj\porttcp.o
                0x08009cac                vMBTCPPortDisable
 .text.prvxMBTCPPortAccept
                0x08009cc0       0xb0 ..\obj\porttcp.o
 .text.prvvMBTCPPortError
                0x08009d70       0x34 ..\obj\porttcp.o
 .text.prvxMBTCPPortReceive
                0x08009da4      0x10c ..\obj\porttcp.o
 .text.xMBTCPPortGetRequest
                0x08009eb0       0x34 ..\obj\porttcp.o
                0x08009eb0                xMBTCPPortGetRequest
 .text.xMBTCPPortSendResponse
                0x08009ee4       0x6c ..\obj\porttcp.o
                0x08009ee4                xMBTCPPortSendResponse
 .text.eMBSetSlaveID
                0x08009f50       0x9c ..\obj\mbfuncother.o
                0x08009f50                eMBSetSlaveID
 .text.eMBFuncReportSlaveID
                0x08009fec       0x3c ..\obj\mbfuncother.o
                0x08009fec                eMBFuncReportSlaveID
 .text.tcp_input
                0x0800a028      0x5f0 ..\obj\tcp_in.o
                0x0800a028                tcp_input
 .text.tcp_listen_input
                0x0800a618      0x194 ..\obj\tcp_in.o
 .text.tcp_timewait_input
                0x0800a7ac       0xd8 ..\obj\tcp_in.o
 .text.tcp_process
                0x0800a884      0x6b8 ..\obj\tcp_in.o
 .text.tcp_receive
                0x0800af3c      0x8e0 ..\obj\tcp_in.o
 .text.tcp_parseopt
                0x0800b81c      0x104 ..\obj\tcp_in.o
 .text.memp_init
                0x0800b920       0x98 ..\obj\memp.o
                0x0800b920                memp_init
 .text.memp_malloc
                0x0800b9b8       0x44 ..\obj\memp.o
                0x0800b9b8                memp_malloc
 .text.memp_free
                0x0800b9fc       0x3c ..\obj\memp.o
                0x0800b9fc                memp_free
 .text.tcpip_thread
                0x0800ba38      0x114 ..\obj\tcpip.o
 .text.tcpip_input
                0x0800bb4c       0x64 ..\obj\tcpip.o
                0x0800bb4c                tcpip_input
 .text.tcpip_init
                0x0800bbb0       0x50 ..\obj\tcpip.o
                0x0800bbb0                tcpip_init
 .text.prveMBError2Exception
                0x0800bc00       0x40 ..\obj\mbutils.o
                0x0800bc00                prveMBError2Exception
 .text.Default_Reset_Handler
                0x0800bc40       0x6c ..\obj\startup_stm32f4xx.o
                0x0800bc40                Default_Reset_Handler
                0x0800bc40                Reset_Handler
 .text.Default_Handler
                0x0800bcac        0x8 ..\obj\startup_stm32f4xx.o
                0x0800bcac                RTC_Alarm_IRQHandler
                0x0800bcac                HASH_RNG_IRQHandler
                0x0800bcac                EXTI2_IRQHandler
                0x0800bcac                TIM8_CC_IRQHandler
                0x0800bcac                TIM1_CC_IRQHandler
                0x0800bcac                DMA2_Stream5_IRQHandler
                0x0800bcac                DMA1_Stream5_IRQHandler
                0x0800bcac                PVD_IRQHandler
                0x0800bcac                SDIO_IRQHandler
                0x0800bcac                TAMP_STAMP_IRQHandler
                0x0800bcac                CAN2_RX1_IRQHandler
                0x0800bcac                EXTI3_IRQHandler
                0x0800bcac                TIM8_TRG_COM_TIM14_IRQHandler
                0x0800bcac                TIM1_UP_TIM10_IRQHandler
                0x0800bcac                TIM8_UP_TIM13_IRQHandler
                0x0800bcac                I2C3_ER_IRQHandler
                0x0800bcac                EXTI0_IRQHandler
                0x0800bcac                I2C2_EV_IRQHandler
                0x0800bcac                DMA1_Stream2_IRQHandler
                0x0800bcac                CAN1_RX0_IRQHandler
                0x0800bcac                FPU_IRQHandler
                0x0800bcac                OTG_HS_WKUP_IRQHandler
                0x0800bcac                CAN2_SCE_IRQHandler
                0x0800bcac                DMA2_Stream2_IRQHandler
                0x0800bcac                SPI1_IRQHandler
                0x0800bcac                TIM6_DAC_IRQHandler
                0x0800bcac                TIM1_BRK_TIM9_IRQHandler
                0x0800bcac                DCMI_IRQHandler
                0x0800bcac                CAN2_RX0_IRQHandler
                0x0800bcac                DMA2_Stream3_IRQHandler
                0x0800bcac                USART6_IRQHandler
                0x0800bcac                USART3_IRQHandler
                0x0800bcac                CRYP_IRQHandler
                0x0800bcac                CAN1_RX1_IRQHandler
                0x0800bcac                UART5_IRQHandler
                0x0800bcac                DMA2_Stream0_IRQHandler
                0x0800bcac                TIM4_IRQHandler
                0x0800bcac                I2C1_EV_IRQHandler
                0x0800bcac                DMA1_Stream6_IRQHandler
                0x0800bcac                DMA1_Stream1_IRQHandler
                0x0800bcac                UART4_IRQHandler
                0x0800bcac                TIM3_IRQHandler
                0x0800bcac                RCC_IRQHandler
                0x0800bcac                TIM8_BRK_TIM12_IRQHandler
                0x0800bcac                EXTI15_10_IRQHandler
                0x0800bcac                ADC_IRQHandler
                0x0800bcac                DMA1_Stream7_IRQHandler
                0x0800bcac                TIM7_IRQHandler
                0x0800bcac                CAN2_TX_IRQHandler
                0x0800bcac                TIM5_IRQHandler
                0x0800bcac                DMA2_Stream7_IRQHandler
                0x0800bcac                I2C3_EV_IRQHandler
                0x0800bcac                EXTI9_5_IRQHandler
                0x0800bcac                RTC_WKUP_IRQHandler
                0x0800bcac                ETH_WKUP_IRQHandler
                0x0800bcac                SPI2_IRQHandler
                0x0800bcac                OTG_HS_EP1_IN_IRQHandler
                0x0800bcac                DMA1_Stream0_IRQHandler
                0x0800bcac                CAN1_TX_IRQHandler
                0x0800bcac                EXTI4_IRQHandler
                0x0800bcac                FSMC_IRQHandler
                0x0800bcac                OTG_HS_EP1_OUT_IRQHandler
                0x0800bcac                WWDG_IRQHandler
                0x0800bcac                TIM2_IRQHandler
                0x0800bcac                OTG_FS_WKUP_IRQHandler
                0x0800bcac                TIM1_TRG_COM_TIM11_IRQHandler
                0x0800bcac                OTG_HS_IRQHandler
                0x0800bcac                EXTI1_IRQHandler
                0x0800bcac                USART2_IRQHandler
                0x0800bcac                I2C2_ER_IRQHandler
                0x0800bcac                CAN1_SCE_IRQHandler
                0x0800bcac                FLASH_IRQHandler
                0x0800bcac                DMA2_Stream4_IRQHandler
                0x0800bcac                USART1_IRQHandler
                0x0800bcac                OTG_FS_IRQHandler
                0x0800bcac                SPI3_IRQHandler
                0x0800bcac                DMA1_Stream4_IRQHandler
                0x0800bcac                I2C1_ER_IRQHandler
                0x0800bcac                DMA2_Stream6_IRQHandler
                0x0800bcac                DMA1_Stream3_IRQHandler
 .text.ETH_Delay
                0x0800bcb4       0x28 ..\obj\stm32f4x7_eth.o
 .text.ETH_DeInit
                0x0800bcdc       0x1c ..\obj\stm32f4x7_eth.o
                0x0800bcdc                ETH_DeInit
 .text.ETH_StructInit
                0x0800bcf8      0x15c ..\obj\stm32f4x7_eth.o
                0x0800bcf8                ETH_StructInit
 .text.ETH_Init
                0x0800be54      0x42c ..\obj\stm32f4x7_eth.o
                0x0800be54                ETH_Init
 .text.ETH_Start
                0x0800c280       0x24 ..\obj\stm32f4x7_eth.o
                0x0800c280                ETH_Start
 .text.ETH_MACTransmissionCmd
                0x0800c2a4       0x38 ..\obj\stm32f4x7_eth.o
                0x0800c2a4                ETH_MACTransmissionCmd
 .text.ETH_MACReceptionCmd
                0x0800c2dc       0x38 ..\obj\stm32f4x7_eth.o
                0x0800c2dc                ETH_MACReceptionCmd
 .text.ETH_MACAddressConfig
                0x0800c314       0x6c ..\obj\stm32f4x7_eth.o
                0x0800c314                ETH_MACAddressConfig
 .text.ETH_Get_Received_Frame_interrupt
                0x0800c380      0x144 ..\obj\stm32f4x7_eth.o
                0x0800c380                ETH_Get_Received_Frame_interrupt
 .text.ETH_Prepare_Transmit_Descriptors
                0x0800c4c4      0x16c ..\obj\stm32f4x7_eth.o
                0x0800c4c4                ETH_Prepare_Transmit_Descriptors
 .text.ETH_DMARxDescChainInit
                0x0800c630       0xa8 ..\obj\stm32f4x7_eth.o
                0x0800c630                ETH_DMARxDescChainInit
 .text.ETH_DMATxDescChainInit
                0x0800c6d8       0x90 ..\obj\stm32f4x7_eth.o
                0x0800c6d8                ETH_DMATxDescChainInit
 .text.ETH_DMATxDescChecksumInsertionConfig
                0x0800c768       0x20 ..\obj\stm32f4x7_eth.o
                0x0800c768                ETH_DMATxDescChecksumInsertionConfig
 .text.ETH_DMARxDescReceiveITConfig
                0x0800c788       0x38 ..\obj\stm32f4x7_eth.o
                0x0800c788                ETH_DMARxDescReceiveITConfig
 .text.ETH_SoftwareReset
                0x0800c7c0       0x24 ..\obj\stm32f4x7_eth.o
                0x0800c7c0                ETH_SoftwareReset
 .text.ETH_GetSoftwareResetStatus
                0x0800c7e4       0x38 ..\obj\stm32f4x7_eth.o
                0x0800c7e4                ETH_GetSoftwareResetStatus
 .text.ETH_GetDMAFlagStatus
                0x0800c81c       0x3c ..\obj\stm32f4x7_eth.o
                0x0800c81c                ETH_GetDMAFlagStatus
 .text.ETH_DMAITConfig
                0x0800c858       0x54 ..\obj\stm32f4x7_eth.o
                0x0800c858                ETH_DMAITConfig
 .text.ETH_DMAClearITPendingBit
                0x0800c8ac       0x24 ..\obj\stm32f4x7_eth.o
                0x0800c8ac                ETH_DMAClearITPendingBit
 .text.ETH_FlushTransmitFIFO
                0x0800c8d0       0x28 ..\obj\stm32f4x7_eth.o
                0x0800c8d0                ETH_FlushTransmitFIFO
 .text.ETH_DMATransmissionCmd
                0x0800c8f8       0x50 ..\obj\stm32f4x7_eth.o
                0x0800c8f8                ETH_DMATransmissionCmd
 .text.ETH_DMAReceptionCmd
                0x0800c948       0x50 ..\obj\stm32f4x7_eth.o
                0x0800c948                ETH_DMAReceptionCmd
 .text.ETH_ReadPHYRegister
                0x0800c998       0xa0 ..\obj\stm32f4x7_eth.o
                0x0800c998                ETH_ReadPHYRegister
 .text.ETH_WritePHYRegister
                0x0800ca38       0xa4 ..\obj\stm32f4x7_eth.o
                0x0800ca38                ETH_WritePHYRegister
 .text.ip4_addr_isbroadcast
                0x0800cadc       0x78 ..\obj\ip_addr.o
                0x0800cadc                ip4_addr_isbroadcast
 .text.eMBFuncWriteHoldingRegister
                0x0800cb54       0x70 ..\obj\mbfuncholding.o
                0x0800cb54                eMBFuncWriteHoldingRegister
 .text.eMBFuncWriteMultipleHoldingRegister
                0x0800cbc4       0xbc ..\obj\mbfuncholding.o
                0x0800cbc4                eMBFuncWriteMultipleHoldingRegister
 .text.eMBFuncReadHoldingRegister
                0x0800cc80       0xe4 ..\obj\mbfuncholding.o
                0x0800cc80                eMBFuncReadHoldingRegister
 .text.lwip_standard_chksum
                0x0800cd64       0xbc ..\obj\inet_chksum.o
 .text.inet_chksum
                0x0800ce20       0x24 ..\obj\inet_chksum.o
                0x0800ce20                inet_chksum
 .text.inet_chksum_pbuf
                0x0800ce44       0x98 ..\obj\inet_chksum.o
                0x0800ce44                inet_chksum_pbuf
 .text.LwIP_Init
                0x0800cedc       0x78 ..\obj\main.o
                0x0800cedc                LwIP_Init
 .text.main     0x0800cf54       0x40 ..\obj\main.o
                0x0800cf54                main
 .text.RCC_MCO1Config
                0x0800cf94       0x3c ..\obj\stm32f4xx_rcc.o
                0x0800cf94                RCC_MCO1Config
 .text.RCC_GetClocksFreq
                0x0800cfd0      0x154 ..\obj\stm32f4xx_rcc.o
                0x0800cfd0                RCC_GetClocksFreq
 .text.RCC_AHB1PeriphClockCmd
                0x0800d124       0x3c ..\obj\stm32f4xx_rcc.o
                0x0800d124                RCC_AHB1PeriphClockCmd
 .text.RCC_AHB2PeriphClockCmd
                0x0800d160       0x3c ..\obj\stm32f4xx_rcc.o
                0x0800d160                RCC_AHB2PeriphClockCmd
 .text.RCC_APB1PeriphClockCmd
                0x0800d19c       0x3c ..\obj\stm32f4xx_rcc.o
                0x0800d19c                RCC_APB1PeriphClockCmd
 .text.RCC_APB2PeriphClockCmd
                0x0800d1d8       0x3c ..\obj\stm32f4xx_rcc.o
                0x0800d1d8                RCC_APB2PeriphClockCmd
 .text.RCC_AHB1PeriphResetCmd
                0x0800d214       0x3c ..\obj\stm32f4xx_rcc.o
                0x0800d214                RCC_AHB1PeriphResetCmd
 .text.NMI_Handler
                0x0800d250        0xc ..\obj\stm32f4xx_it.o
                0x0800d250                NMI_Handler
 .text.HardFault_Handler
                0x0800d25c        0x8 ..\obj\stm32f4xx_it.o
                0x0800d25c                HardFault_Handler
 .text.MemManage_Handler
                0x0800d264        0x8 ..\obj\stm32f4xx_it.o
                0x0800d264                MemManage_Handler
 .text.BusFault_Handler
                0x0800d26c        0x8 ..\obj\stm32f4xx_it.o
                0x0800d26c                BusFault_Handler
 .text.UsageFault_Handler
                0x0800d274        0x8 ..\obj\stm32f4xx_it.o
                0x0800d274                UsageFault_Handler
 .text.DebugMon_Handler
                0x0800d27c        0xc ..\obj\stm32f4xx_it.o
                0x0800d27c                DebugMon_Handler
 .text.ETH_IRQHandler
                0x0800d288       0x5c ..\obj\stm32f4xx_it.o
                0x0800d288                ETH_IRQHandler
 .text.tcpip_tcp_timer
                0x0800d2e4       0x44 ..\obj\timers.o
 .text.tcp_timer_needed
                0x0800d328       0x40 ..\obj\timers.o
                0x0800d328                tcp_timer_needed
 .text.arp_timer
                0x0800d368       0x24 ..\obj\timers.o
 .text.dhcp_timer_coarse
                0x0800d38c       0x24 ..\obj\timers.o
 .text.dhcp_timer_fine
                0x0800d3b0       0x24 ..\obj\timers.o
 .text.sys_timeouts_init
                0x0800d3d4       0x38 ..\obj\timers.o
                0x0800d3d4                sys_timeouts_init
 .text.sys_timeout
                0x0800d40c       0xdc ..\obj\timers.o
                0x0800d40c                sys_timeout
 .text.sys_untimeout
                0x0800d4e8       0x8c ..\obj\timers.o
                0x0800d4e8                sys_untimeout
 .text.sys_timeouts_mbox_fetch
                0x0800d574       0xac ..\obj\timers.o
                0x0800d574                sys_timeouts_mbox_fetch
 .text.lwip_init
                0x0800d620       0x24 ..\obj\init.o
                0x0800d620                lwip_init
 .text.ETH_BSP_Config
                0x0800d644       0x20 ..\obj\stm32f4x7_eth_bsp.o
                0x0800d644                ETH_BSP_Config
 .text.ETH_MACDMA_Config
                0x0800d664       0xc8 ..\obj\stm32f4x7_eth_bsp.o
 .text.ETH_GPIO_Config
                0x0800d72c      0x130 ..\obj\stm32f4x7_eth_bsp.o
 .text.ETH_NVIC_Config
                0x0800d85c       0x2c ..\obj\stm32f4x7_eth_bsp.o
 .text.eMBFuncReadInputRegister
                0x0800d888       0xe8 ..\obj\mbfuncinput.o
                0x0800d888                eMBFuncReadInputRegister
 .text.lwip_htons
                0x0800d970       0x2c ..\obj\def.o
                0x0800d970                lwip_htons
 .text.lwip_ntohs
                0x0800d99c       0x1c ..\obj\def.o
                0x0800d99c                lwip_ntohs
 .text.lwip_htonl
                0x0800d9b8       0x34 ..\obj\def.o
                0x0800d9b8                lwip_htonl
 .text.lwip_ntohl
                0x0800d9ec       0x18 ..\obj\def.o
                0x0800d9ec                lwip_ntohl
 .text.low_level_init
                0x0800da04      0x11c ..\obj\ethernetif.o
 .text.low_level_output
                0x0800db20       0xc0 ..\obj\ethernetif.o
 .text.low_level_input
                0x0800dbe0      0x100 ..\obj\ethernetif.o
 .text.ethernetif_input
                0x0800dce0       0x54 ..\obj\ethernetif.o
 .text.ethernetif_init
                0x0800dd34       0x50 ..\obj\ethernetif.o
                0x0800dd34                ethernetif_init
 .text.arp_timer
                0x0800dd84       0x24 ..\obj\ethernetif.o
 .text.DCMI_DeInit
                0x0800dda8       0x3c ..\obj\stm32f4xx_dcmi.o
                0x0800dda8                DCMI_DeInit
 .text.DCMI_Init
                0x0800dde4       0x80 ..\obj\stm32f4xx_dcmi.o
                0x0800dde4                DCMI_Init
 .text.DCMI_JPEGCmd
                0x0800de64       0x38 ..\obj\stm32f4xx_dcmi.o
                0x0800de64                DCMI_JPEGCmd
 .text.DCMI_Cmd
                0x0800de9c       0x38 ..\obj\stm32f4xx_dcmi.o
                0x0800de9c                DCMI_Cmd
 .text.DCMI_CaptureCmd
                0x0800ded4       0x38 ..\obj\stm32f4xx_dcmi.o
                0x0800ded4                DCMI_CaptureCmd
 .text.etharp_free_entry
                0x0800df0c       0x64 ..\obj\etharp.o
 .text.etharp_tmr
                0x0800df70       0xdc ..\obj\etharp.o
                0x0800df70                etharp_tmr
 .text.etharp_find_entry
                0x0800e04c      0x1fc ..\obj\etharp.o
 .text.etharp_send_ip
                0x0800e248       0x50 ..\obj\etharp.o
 .text.etharp_update_arp_entry
                0x0800e298      0x11c ..\obj\etharp.o
 .text.etharp_cleanup_netif
                0x0800e3b4       0x60 ..\obj\etharp.o
                0x0800e3b4                etharp_cleanup_netif
 .text.etharp_arp_input
                0x0800e414      0x18c ..\obj\etharp.o
 .text.etharp_output_to_arp_index
                0x0800e5a0       0xa8 ..\obj\etharp.o
 .text.etharp_output
                0x0800e648      0x190 ..\obj\etharp.o
                0x0800e648                etharp_output
 .text.etharp_query
                0x0800e7d8      0x220 ..\obj\etharp.o
                0x0800e7d8                etharp_query
 .text.etharp_raw
                0x0800e9f8       0xf4 ..\obj\etharp.o
 .text.etharp_request
                0x0800eaec       0x48 ..\obj\etharp.o
                0x0800eaec                etharp_request
 .text.ethernet_input
                0x0800eb34       0xfc ..\obj\etharp.o
                0x0800eb34                ethernet_input
 .text.xTaskGenericCreate
                0x0800ec30      0x1a4 ..\obj\tasks.o
                0x0800ec30                xTaskGenericCreate
 .text.vTaskStartScheduler
                0x0800edd4       0x80 ..\obj\tasks.o
                0x0800edd4                vTaskStartScheduler
 .text.vTaskSuspendAll
                0x0800ee54       0x1c ..\obj\tasks.o
                0x0800ee54                vTaskSuspendAll
 .text.xTaskResumeAll
                0x0800ee70      0x12c ..\obj\tasks.o
                0x0800ee70                xTaskResumeAll
 .text.xTaskGetTickCount
                0x0800ef9c       0x20 ..\obj\tasks.o
                0x0800ef9c                xTaskGetTickCount
 .text.xTaskIncrementTick
                0x0800efbc      0x180 ..\obj\tasks.o
                0x0800efbc                xTaskIncrementTick
 .text.vTaskSwitchContext
                0x0800f13c       0xb4 ..\obj\tasks.o
                0x0800f13c                vTaskSwitchContext
 .text.vTaskPlaceOnEventList
                0x0800f1f0       0x9c ..\obj\tasks.o
                0x0800f1f0                vTaskPlaceOnEventList
 .text.xTaskRemoveFromEventList
                0x0800f28c       0xc8 ..\obj\tasks.o
                0x0800f28c                xTaskRemoveFromEventList
 .text.vTaskSetTimeOutState
                0x0800f354       0x44 ..\obj\tasks.o
                0x0800f354                vTaskSetTimeOutState
 .text.xTaskCheckForTimeOut
                0x0800f398       0xbc ..\obj\tasks.o
                0x0800f398                xTaskCheckForTimeOut
 .text.vTaskMissedYield
                0x0800f454       0x18 ..\obj\tasks.o
                0x0800f454                vTaskMissedYield
 .text.prvIdleTask
                0x0800f46c       0x30 ..\obj\tasks.o
 .text.prvInitialiseTCBVariables
                0x0800f49c       0xa4 ..\obj\tasks.o
 .text.prvInitialiseTaskLists
                0x0800f540       0x7c ..\obj\tasks.o
 .text.prvCheckTasksWaitingTermination
                0x0800f5bc       0x74 ..\obj\tasks.o
 .text.prvAddCurrentTaskToDelayedList
                0x0800f630       0x6c ..\obj\tasks.o
 .text.prvAllocateTCBAndStack
                0x0800f69c       0x70 ..\obj\tasks.o
 .text.prvDeleteTCB
                0x0800f70c       0x20 ..\obj\tasks.o
 .text.prvResetNextTaskUnblockTime
                0x0800f72c       0x48 ..\obj\tasks.o
 .text.vTaskPriorityInherit
                0x0800f774       0xf0 ..\obj\tasks.o
                0x0800f774                vTaskPriorityInherit
 .text.xTaskPriorityDisinherit
                0x0800f864       0xe8 ..\obj\tasks.o
                0x0800f864                xTaskPriorityDisinherit
 .text.pvTaskIncrementMutexHeldCount
                0x0800f94c       0x28 ..\obj\tasks.o
                0x0800f94c                pvTaskIncrementMutexHeldCount
 .text.pbuf_alloc
                0x0800f974      0x1f4 ..\obj\pbuf.o
                0x0800f974                pbuf_alloc
 .text.pbuf_realloc
                0x0800fb68       0xc8 ..\obj\pbuf.o
                0x0800fb68                pbuf_realloc
 .text.pbuf_header
                0x0800fc30       0xe0 ..\obj\pbuf.o
                0x0800fc30                pbuf_header
 .text.pbuf_free
                0x0800fd10       0xa0 ..\obj\pbuf.o
                0x0800fd10                pbuf_free
 .text.pbuf_clen
                0x0800fdb0       0x30 ..\obj\pbuf.o
                0x0800fdb0                pbuf_clen
 .text.pbuf_ref
                0x0800fde0       0x24 ..\obj\pbuf.o
                0x0800fde0                pbuf_ref
 .text.pbuf_cat
                0x0800fe04       0x5c ..\obj\pbuf.o
                0x0800fe04                pbuf_cat
 .text.pbuf_chain
                0x0800fe60       0x20 ..\obj\pbuf.o
                0x0800fe60                pbuf_chain
 .text.pbuf_copy
                0x0800fe80      0x110 ..\obj\pbuf.o
                0x0800fe80                pbuf_copy
 .text.pbuf_copy_partial
                0x0800ff90       0xcc ..\obj\pbuf.o
                0x0800ff90                pbuf_copy_partial
 .text.ADC_Ext_Init
                0x0801005c       0x54 ..\obj\adc_dcmi.o
                0x0801005c                ADC_Ext_Init
 .text.Timestamp_Init
                0x080100b0       0xb8 ..\obj\adc_dcmi.o
                0x080100b0                Timestamp_Init
 .text.ADC_GetLastTimestamp
                0x08010168       0x1c ..\obj\adc_dcmi.o
                0x08010168                ADC_GetLastTimestamp
 .text.ADC_GetLastVal
                0x08010184      0x124 ..\obj\adc_dcmi.o
                0x08010184                ADC_GetLastVal
 .text.ADC_DCMI_Tim_Init
                0x080102a8      0x160 ..\obj\adc_dcmi.o
                0x080102a8                ADC_DCMI_Tim_Init
 .text.ADC_DCMI_Core_Init
                0x08010408      0x1cc ..\obj\adc_dcmi.o
                0x08010408                ADC_DCMI_Core_Init
 .text.DMA2_Stream1_IRQHandler
                0x080105d4       0xe0 ..\obj\adc_dcmi.o
                0x080105d4                DMA2_Stream1_IRQHandler
 .text.netif_init
                0x080106b4        0xc ..\obj\netif.o
                0x080106b4                netif_init
 .text.netif_add
                0x080106c0       0x88 ..\obj\netif.o
                0x080106c0                netif_add
 .text.netif_set_addr
                0x08010748       0x2c ..\obj\netif.o
                0x08010748                netif_set_addr
 .text.netif_set_ipaddr
                0x08010774       0xb0 ..\obj\netif.o
                0x08010774                netif_set_ipaddr
 .text.netif_set_gw
                0x08010824       0x28 ..\obj\netif.o
                0x08010824                netif_set_gw
 .text.netif_set_netmask
                0x0801084c       0x28 ..\obj\netif.o
                0x0801084c                netif_set_netmask
 .text.netif_set_default
                0x08010874       0x1c ..\obj\netif.o
                0x08010874                netif_set_default
 .text.netif_set_up
                0x08010890       0x58 ..\obj\netif.o
                0x08010890                netif_set_up
 .text.netif_set_down
                0x080108e8       0x44 ..\obj\netif.o
                0x080108e8                netif_set_down
 .text.GPIO_Init
                0x0801092c      0x11c ..\obj\stm32f4xx_gpio.o
                0x0801092c                GPIO_Init
 .text.GPIO_SetBits
                0x08010a48       0x1c ..\obj\stm32f4xx_gpio.o
                0x08010a48                GPIO_SetBits
 .text.GPIO_ResetBits
                0x08010a64       0x1c ..\obj\stm32f4xx_gpio.o
                0x08010a64                GPIO_ResetBits
 .text.GPIO_ToggleBits
                0x08010a80       0x24 ..\obj\stm32f4xx_gpio.o
                0x08010a80                GPIO_ToggleBits
 .text.GPIO_PinAFConfig
                0x08010aa4       0x90 ..\obj\stm32f4xx_gpio.o
                0x08010aa4                GPIO_PinAFConfig
 .text.sys_mbox_new
                0x08010b34       0x38 ..\obj\sys_arch.o
                0x08010b34                sys_mbox_new
 .text.sys_mbox_trypost
                0x08010b6c       0x6c ..\obj\sys_arch.o
                0x08010b6c                sys_mbox_trypost
 .text.sys_arch_mbox_fetch
                0x08010bd8       0xbc ..\obj\sys_arch.o
                0x08010bd8                sys_arch_mbox_fetch
 .text.sys_mutex_new
                0x08010c94       0x30 ..\obj\sys_arch.o
                0x08010c94                sys_mutex_new
 .text.sys_mutex_lock
                0x08010cc4       0x28 ..\obj\sys_arch.o
                0x08010cc4                sys_mutex_lock
 .text.sys_mutex_unlock
                0x08010cec       0x20 ..\obj\sys_arch.o
                0x08010cec                sys_mutex_unlock
 .text.sys_init
                0x08010d0c        0xc ..\obj\sys_arch.o
                0x08010d0c                sys_init
 .text.sys_thread_new
                0x08010d18       0x4c ..\obj\sys_arch.o
                0x08010d18                sys_thread_new
 .text.vListInitialise
                0x08010d64       0x40 ..\obj\list.o
                0x08010d64                vListInitialise
 .text.vListInitialiseItem
                0x08010da4       0x18 ..\obj\list.o
                0x08010da4                vListInitialiseItem
 .text.vListInsertEnd
                0x08010dbc       0x48 ..\obj\list.o
                0x08010dbc                vListInsertEnd
 .text.vListInsert
                0x08010e04       0x70 ..\obj\list.o
                0x08010e04                vListInsert
 .text.uxListRemove
                0x08010e74       0x54 ..\obj\list.o
                0x08010e74                uxListRemove
 .text.SystemInit
                0x08010ec8       0x68 ..\obj\system_stm32f4xx.o
                0x08010ec8                SystemInit
 .text.SetSysClock
                0x08010f30       0xf4 ..\obj\system_stm32f4xx.o
 .text._sbrk    0x08011024       0x40 ..\obj\syscalls.o
                0x08011024                _sbrk
 .text._close   0x08011064       0x18 ..\obj\syscalls.o
                0x08011064                _close
 .text._fstat   0x0801107c       0x20 ..\obj\syscalls.o
                0x0801107c                _fstat
 .text._isatty  0x0801109c       0x18 ..\obj\syscalls.o
                0x0801109c                _isatty
 .text._lseek   0x080110b4       0x1c ..\obj\syscalls.o
                0x080110b4                _lseek
 .text._read    0x080110d0       0x1c ..\obj\syscalls.o
                0x080110d0                _read
 .text._write   0x080110ec       0x1c ..\obj\syscalls.o
                0x080110ec                _write
 .text.DMA_Init
                0x08011108       0xac ..\obj\stm32f4xx_dma.o
                0x08011108                DMA_Init
 .text.DMA_Cmd  0x080111b4       0x38 ..\obj\stm32f4xx_dma.o
                0x080111b4                DMA_Cmd
 .text.DMA_ITConfig
                0x080111ec       0x74 ..\obj\stm32f4xx_dma.o
                0x080111ec                DMA_ITConfig
 .text.DMA_GetITStatus
                0x08011260       0xb0 ..\obj\stm32f4xx_dma.o
                0x08011260                DMA_GetITStatus
 .text.DMA_ClearITPendingBit
                0x08011310       0x5c ..\obj\stm32f4xx_dma.o
                0x08011310                DMA_ClearITPendingBit
 .text.prvvMBTCPLogFrame
                0x0801136c      0x18c ..\obj\portother.o
                0x0801136c                prvvMBTCPLogFrame
 .text.vMBPortLog
                0x080114f8       0x44 ..\obj\portother.o
                0x080114f8                vMBPortLog
 .text.bMBPortIsWithinException
                0x0801153c       0x18 ..\obj\portother.o
                0x0801153c                bMBPortIsWithinException
 .text.xQueueGenericReset
                0x08011554       0xd0 ..\obj\queue.o
                0x08011554                xQueueGenericReset
 .text.xQueueGenericCreate
                0x08011624       0xb8 ..\obj\queue.o
                0x08011624                xQueueGenericCreate
 .text.xQueueCreateMutex
                0x080116dc       0xa0 ..\obj\queue.o
                0x080116dc                xQueueCreateMutex
 .text.xQueueCreateCountingSemaphore
                0x0801177c       0x7c ..\obj\queue.o
                0x0801177c                xQueueCreateCountingSemaphore
 .text.xQueueGenericSend
                0x080117f8      0x1c0 ..\obj\queue.o
                0x080117f8                xQueueGenericSend
 .text.xQueueGenericSendFromISR
                0x080119b8      0x118 ..\obj\queue.o
                0x080119b8                xQueueGenericSendFromISR
 .text.xQueueGiveFromISR
                0x08011ad0       0xd4 ..\obj\queue.o
                0x08011ad0                xQueueGiveFromISR
 .text.xQueueGenericReceive
                0x08011ba4      0x1e0 ..\obj\queue.o
                0x08011ba4                xQueueGenericReceive
 .text.prvCopyDataToQueue
                0x08011d84       0xdc ..\obj\queue.o
 .text.prvCopyDataFromQueue
                0x08011e60       0x4c ..\obj\queue.o
 .text.prvUnlockQueue
                0x08011eac       0x98 ..\obj\queue.o
 .text.prvIsQueueEmpty
                0x08011f44       0x2c ..\obj\queue.o
 .text.prvIsQueueFull
                0x08011f70       0x30 ..\obj\queue.o
 .text.pxPortInitialiseStack
                0x08011fa0       0x64 ..\obj\port.o
                0x08011fa0                pxPortInitialiseStack
 .text.prvTaskExitError
                0x08012004       0x3c ..\obj\port.o
 .text.SVC_Handler
                0x08012040       0x20 ..\obj\port.o
                0x08012040                SVC_Handler
 .text.prvPortStartFirstTask
                0x08012060       0x20 ..\obj\port.o
 .text.xPortStartScheduler
                0x08012080      0x118 ..\obj\port.o
                0x08012080                xPortStartScheduler
 .text.vPortEnterCritical
                0x08012198       0x5c ..\obj\port.o
                0x08012198                vPortEnterCritical
 .text.vPortExitCritical
                0x080121f4       0x4c ..\obj\port.o
                0x080121f4                vPortExitCritical
 .text.PendSV_Handler
                0x08012240       0x60 ..\obj\port.o
                0x08012240                PendSV_Handler
 .text.SysTick_Handler
                0x080122a0       0x44 ..\obj\port.o
                0x080122a0                SysTick_Handler
 .text.vPortSetupTimerInterrupt
                0x080122e4       0x34 ..\obj\port.o
                0x080122e4                vPortSetupTimerInterrupt
 .text.vPortEnableVFP
                0x08012318       0x14 ..\obj\port.o
 .text.vPortValidateInterruptPriority
                0x0801232c       0x78 ..\obj\port.o
                0x0801232c                vPortValidateInterruptPriority
 .text.Settings_Save
                0x080123a4       0x18 ..\obj\settings.o
                0x080123a4                Settings_Save
 .text.MB_TCP_Init
                0x080123bc       0x4c ..\obj\mbinit.o
                0x080123bc                MB_TCP_Init
 .text.MB_TCP_Task
                0x08012408       0x10 ..\obj\mbinit.o
                0x08012408                MB_TCP_Task
 .text.udp_init
                0x08012418        0xc ..\obj\udp.o
                0x08012418                udp_init
 .text.udp_new_port
                0x08012424       0x74 ..\obj\udp.o
 .text.udp_input
                0x08012498      0x27c ..\obj\udp.o
                0x08012498                udp_input
 .text.udp_sendto
                0x08012714       0x40 ..\obj\udp.o
                0x08012714                udp_sendto
 .text.udp_sendto_if
                0x08012754      0x130 ..\obj\udp.o
                0x08012754                udp_sendto_if
 .text.udp_bind
                0x08012884       0xc0 ..\obj\udp.o
                0x08012884                udp_bind
 .text.udp_new  0x08012944       0x30 ..\obj\udp.o
                0x08012944                udp_new
 .text.ip_route
                0x08012974       0x78 ..\obj\ip.o
                0x08012974                ip_route
 .text.ip_input
                0x080129ec      0x234 ..\obj\ip.o
                0x080129ec                ip_input
 .text.ip_output_if
                0x08012c20       0xf4 ..\obj\ip.o
                0x08012c20                ip_output_if
 .text.ip_output
                0x08012d14       0x4c ..\obj\ip.o
                0x08012d14                ip_output
 .text.eMBFuncReadCoils
                0x08012d60      0x104 ..\obj\mbfunccoils.o
                0x08012d60                eMBFuncReadCoils
 .text.eMBFuncWriteCoil
                0x08012e64       0xb0 ..\obj\mbfunccoils.o
                0x08012e64                eMBFuncWriteCoil
 .text.eMBFuncWriteMultipleCoils
                0x08012f14       0xd8 ..\obj\mbfunccoils.o
                0x08012f14                eMBFuncWriteMultipleCoils
 .text.icmp_input
                0x08012fec      0x1ec ..\obj\icmp.o
                0x08012fec                icmp_input
 .text.icmp_dest_unreach
                0x080131d8       0x20 ..\obj\icmp.o
                0x080131d8                icmp_dest_unreach
 .text.icmp_send_response
                0x080131f8       0xac ..\obj\icmp.o
 .text.NVIC_PriorityGroupConfig
                0x080132a4       0x24 ..\obj\misc.o
                0x080132a4                NVIC_PriorityGroupConfig
 .text.NVIC_Init
                0x080132c8       0xc0 ..\obj\misc.o
                0x080132c8                NVIC_Init
 .text.udp_client_init
                0x08013388       0x80 ..\obj\udp_send.o
                0x08013388                udp_client_init
 .text.delay    0x08013408       0x20 ..\obj\udp_send.o
                0x08013408                delay
 .text.udp_client_send_buf
                0x08013428       0xac ..\obj\udp_send.o
                0x08013428                udp_client_send_buf
 .text.UDP_Send_Task
                0x080134d4       0x28 ..\obj\udp_send.o
                0x080134d4                UDP_Send_Task
 .text.eMBTCPDoInit
                0x080134fc       0x2c ..\obj\mbtcp.o
                0x080134fc                eMBTCPDoInit
 .text.eMBTCPStart
                0x08013528        0xc ..\obj\mbtcp.o
                0x08013528                eMBTCPStart
 .text.eMBTCPStop
                0x08013534        0xc ..\obj\mbtcp.o
                0x08013534                eMBTCPStop
 .text.eMBTCPReceive
                0x08013540       0x74 ..\obj\mbtcp.o
                0x08013540                eMBTCPReceive
 .text.eMBTCPSend
                0x080135b4       0x5c ..\obj\mbtcp.o
                0x080135b4                eMBTCPSend
 .text.dhcp_check
                0x08013610       0x5c ..\obj\dhcp.o
 .text.dhcp_select
                0x0801366c      0x138 ..\obj\dhcp.o
 .text.dhcp_coarse_tmr
                0x080137a4       0x5c ..\obj\dhcp.o
                0x080137a4                dhcp_coarse_tmr
 .text.dhcp_fine_tmr
                0x08013800       0x60 ..\obj\dhcp.o
                0x08013800                dhcp_fine_tmr
 .text.dhcp_timeout
                0x08013860       0xc8 ..\obj\dhcp.o
 .text.dhcp_t1_timeout
                0x08013928       0x34 ..\obj\dhcp.o
 .text.dhcp_t2_timeout
                0x0801395c       0x34 ..\obj\dhcp.o
 .text.dhcp_arp_reply
                0x08013990       0x40 ..\obj\dhcp.o
                0x08013990                dhcp_arp_reply
 .text.dhcp_decline
                0x080139d0       0xc4 ..\obj\dhcp.o
 .text.dhcp_discover
                0x08013a94      0x104 ..\obj\dhcp.o
 .text.dhcp_bind
                0x08013b98      0x148 ..\obj\dhcp.o
 .text.dhcp_renew
                0x08013ce0       0xd4 ..\obj\dhcp.o
                0x08013ce0                dhcp_renew
 .text.dhcp_rebind
                0x08013db4       0xd8 ..\obj\dhcp.o
 .text.dhcp_reboot
                0x08013e8c       0xf4 ..\obj\dhcp.o
 .text.dhcp_release
                0x08013f80      0x10c ..\obj\dhcp.o
                0x08013f80                dhcp_release
 .text.dhcp_set_state
                0x0801408c       0x34 ..\obj\dhcp.o
 .text.dhcp_option
                0x080140c0       0x4c ..\obj\dhcp.o
 .text.dhcp_option_byte
                0x0801410c       0x30 ..\obj\dhcp.o
 .text.dhcp_option_short
                0x0801413c       0x54 ..\obj\dhcp.o
 .text.dhcp_option_long
                0x08014190       0x98 ..\obj\dhcp.o
 .text.dhcp_create_msg
                0x08014228      0x224 ..\obj\dhcp.o
 .text.dhcp_delete_msg
                0x0801444c       0x34 ..\obj\dhcp.o
 .text.dhcp_option_trailer
                0x08014480       0x68 ..\obj\dhcp.o
 .text.eMBRegInputCB
                0x080144e8       0xa0 ..\obj\mbfunc.o
                0x080144e8                eMBRegInputCB
 .text.eMBRegHoldingCB
                0x08014588      0x1b8 ..\obj\mbfunc.o
                0x08014588                eMBRegHoldingCB
 .text.eMBRegCoilsCB
                0x08014740       0x28 ..\obj\mbfunc.o
                0x08014740                eMBRegCoilsCB
 .text.eMBRegDiscreteCB
                0x08014768       0x20 ..\obj\mbfunc.o
                0x08014768                eMBRegDiscreteCB
 .text.pvPortMalloc
                0x08014788      0x11c ..\obj\heap_2.o
                0x08014788                pvPortMalloc
 .text.vPortFree
                0x080148a4       0x70 ..\obj\heap_2.o
                0x080148a4                vPortFree
 .text.prvHeapInit
                0x08014914       0x50 ..\obj\heap_2.o
 .text.TIM_TimeBaseInit
                0x08014964       0xd4 ..\obj\stm32f4xx_tim.o
                0x08014964                TIM_TimeBaseInit
 .text.TIM_TimeBaseStructInit
                0x08014a38       0x34 ..\obj\stm32f4xx_tim.o
                0x08014a38                TIM_TimeBaseStructInit
 .text.TIM_SetCounter
                0x08014a6c       0x1c ..\obj\stm32f4xx_tim.o
                0x08014a6c                TIM_SetCounter
 .text.TIM_ARRPreloadConfig
                0x08014a88       0x40 ..\obj\stm32f4xx_tim.o
                0x08014a88                TIM_ARRPreloadConfig
 .text.TIM_Cmd  0x08014ac8       0x40 ..\obj\stm32f4xx_tim.o
                0x08014ac8                TIM_Cmd
 .text.TIM_OC1Init
                0x08014b08       0xf4 ..\obj\stm32f4xx_tim.o
                0x08014b08                TIM_OC1Init
 .text.TIM_OCStructInit
                0x08014bfc       0x44 ..\obj\stm32f4xx_tim.o
                0x08014bfc                TIM_OCStructInit
 .text.TIM_OC1PreloadConfig
                0x08014c40       0x38 ..\obj\stm32f4xx_tim.o
                0x08014c40                TIM_OC1PreloadConfig
 .text.TIM_CtrlPWMOutputs
                0x08014c78       0x4c ..\obj\stm32f4xx_tim.o
                0x08014c78                TIM_CtrlPWMOutputs
 .text.TIM_ETRClockMode2Config
                0x08014cc4       0x3c ..\obj\stm32f4xx_tim.o
                0x08014cc4                TIM_ETRClockMode2Config
 .text.TIM_SelectInputTrigger
                0x08014d00       0x38 ..\obj\stm32f4xx_tim.o
                0x08014d00                TIM_SelectInputTrigger
 .text.TIM_SelectOutputTrigger
                0x08014d38       0x38 ..\obj\stm32f4xx_tim.o
                0x08014d38                TIM_SelectOutputTrigger
 .text.TIM_SelectSlaveMode
                0x08014d70       0x38 ..\obj\stm32f4xx_tim.o
                0x08014d70                TIM_SelectSlaveMode
 .text.TIM_SelectMasterSlaveMode
                0x08014da8       0x38 ..\obj\stm32f4xx_tim.o
                0x08014da8                TIM_SelectMasterSlaveMode
 .text.TIM_ETRConfig
                0x08014de0       0x54 ..\obj\stm32f4xx_tim.o
                0x08014de0                TIM_ETRConfig
 .text.tcp_output_alloc_header
                0x08014e34       0xd0 ..\obj\tcp_out.o
 .text.tcp_send_fin
                0x08014f04       0x80 ..\obj\tcp_out.o
                0x08014f04                tcp_send_fin
 .text.tcp_create_segment
                0x08014f84      0x104 ..\obj\tcp_out.o
 .text.tcp_pbuf_prealloc
                0x08015088       0xa4 ..\obj\tcp_out.o
 .text.tcp_write_checks
                0x0801512c       0xac ..\obj\tcp_out.o
 .text.tcp_write
                0x080151d8      0x454 ..\obj\tcp_out.o
                0x080151d8                tcp_write
 .text.tcp_enqueue_flags
                0x0801562c      0x18c ..\obj\tcp_out.o
                0x0801562c                tcp_enqueue_flags
 .text.tcp_send_empty_ack
                0x080157b8       0x74 ..\obj\tcp_out.o
                0x080157b8                tcp_send_empty_ack
 .text.tcp_output
                0x0801582c      0x2a8 ..\obj\tcp_out.o
                0x0801582c                tcp_output
 .text.tcp_output_segment
                0x08015ad4      0x14c ..\obj\tcp_out.o
 .text.tcp_rst  0x08015c20       0xb8 ..\obj\tcp_out.o
                0x08015c20                tcp_rst
 .text.tcp_rexmit_rto
                0x08015cd8       0x60 ..\obj\tcp_out.o
                0x08015cd8                tcp_rexmit_rto
 .text.tcp_rexmit
                0x08015d38       0x94 ..\obj\tcp_out.o
                0x08015d38                tcp_rexmit
 .text.tcp_rexmit_fast
                0x08015dcc       0xa4 ..\obj\tcp_out.o
                0x08015dcc                tcp_rexmit_fast
 .text.tcp_keepalive
                0x08015e70       0x58 ..\obj\tcp_out.o
                0x08015e70                tcp_keepalive
 .text.tcp_zero_window_probe
                0x08015ec8       0xf0 ..\obj\tcp_out.o
                0x08015ec8                tcp_zero_window_probe
 .text.raw_input
                0x08015fb8       0xc0 ..\obj\raw.o
                0x08015fb8                raw_input
 .text.memcmp   0x08016078       0x64 c:/program files (x86)/gnu tools arm embedded/4.9 2015q2/bin/../lib/gcc/arm-none-eabi/4.9.3/../../../../arm-none-eabi/lib/armv7e-m/softfp\libg.a(lib_a-memcmp.o)
                0x08016078                memcmp
 .text          0x080160dc      0x134 c:/program files (x86)/gnu tools arm embedded/4.9 2015q2/bin/../lib/gcc/arm-none-eabi/4.9.3/../../../../arm-none-eabi/lib/armv7e-m/softfp\libg.a(lib_a-memcpy.o)
                0x080160dc                memcpy
 .text.memset   0x08016210       0x9c c:/program files (x86)/gnu tools arm embedded/4.9 2015q2/bin/../lib/gcc/arm-none-eabi/4.9.3/../../../../arm-none-eabi/lib/armv7e-m/softfp\libg.a(lib_a-memset.o)
                0x08016210                memset
 .text.printf   0x080162ac       0x28 c:/program files (x86)/gnu tools arm embedded/4.9 2015q2/bin/../lib/gcc/arm-none-eabi/4.9.3/../../../../arm-none-eabi/lib/armv7e-m/softfp\libg.a(lib_a-printf.o)
                0x080162ac                printf
 .text.snprintf
                0x080162d4       0x9c c:/program files (x86)/gnu tools arm embedded/4.9 2015q2/bin/../lib/gcc/arm-none-eabi/4.9.3/../../../../arm-none-eabi/lib/armv7e-m/softfp\libg.a(lib_a-snprintf.o)
                0x080162d4                snprintf
 .text.strlen   0x08016370       0x5c c:/program files (x86)/gnu tools arm embedded/4.9 2015q2/bin/../lib/gcc/arm-none-eabi/4.9.3/../../../../arm-none-eabi/lib/armv7e-m/softfp\libg.a(lib_a-strlen.o)
                0x08016370                strlen
 *fill*         0x080163cc        0x4 
 .text._svfprintf_r
                0x080163d0     0x14d0 c:/program files (x86)/gnu tools arm embedded/4.9 2015q2/bin/../lib/gcc/arm-none-eabi/4.9.3/../../../../arm-none-eabi/lib/armv7e-m/softfp\libg.a(lib_a-svfprintf.o)
                0x080163d0                _svfprintf_r
 .text._vfprintf_r
                0x080178a0     0x1428 c:/program files (x86)/gnu tools arm embedded/4.9 2015q2/bin/../lib/gcc/arm-none-eabi/4.9.3/../../../../arm-none-eabi/lib/armv7e-m/softfp\libg.a(lib_a-vfprintf.o)
                0x080178a0                _vfprintf_r
 .text.__sbprintf
                0x08018cc8       0x78 c:/program files (x86)/gnu tools arm embedded/4.9 2015q2/bin/../lib/gcc/arm-none-eabi/4.9.3/../../../../arm-none-eabi/lib/armv7e-m/softfp\libg.a(lib_a-vfprintf.o)
 .text.vprintf  0x08018d40       0x1c c:/program files (x86)/gnu tools arm embedded/4.9 2015q2/bin/../lib/gcc/arm-none-eabi/4.9.3/../../../../arm-none-eabi/lib/armv7e-m/softfp\libg.a(lib_a-vprintf.o)
                0x08018d40                vprintf
 .text.__swsetup_r
                0x08018d5c       0xc4 c:/program files (x86)/gnu tools arm embedded/4.9 2015q2/bin/../lib/gcc/arm-none-eabi/4.9.3/../../../../arm-none-eabi/lib/armv7e-m/softfp\libg.a(lib_a-wsetup.o)
                0x08018d5c                __swsetup_r
 .text.quorem   0x08018e20      0x12c c:/program files (x86)/gnu tools arm embedded/4.9 2015q2/bin/../lib/gcc/arm-none-eabi/4.9.3/../../../../arm-none-eabi/lib/armv7e-m/softfp\libg.a(lib_a-dtoa.o)
 *fill*         0x08018f4c        0x4 
 .text._dtoa_r  0x08018f50      0xe90 c:/program files (x86)/gnu tools arm embedded/4.9 2015q2/bin/../lib/gcc/arm-none-eabi/4.9.3/../../../../arm-none-eabi/lib/armv7e-m/softfp\libg.a(lib_a-dtoa.o)
                0x08018f50                _dtoa_r
 .text.__sflush_r
                0x08019de0      0x154 c:/program files (x86)/gnu tools arm embedded/4.9 2015q2/bin/../lib/gcc/arm-none-eabi/4.9.3/../../../../arm-none-eabi/lib/armv7e-m/softfp\libg.a(lib_a-fflush.o)
                0x08019de0                __sflush_r
 .text._fflush_r
                0x08019f34       0x2c c:/program files (x86)/gnu tools arm embedded/4.9 2015q2/bin/../lib/gcc/arm-none-eabi/4.9.3/../../../../arm-none-eabi/lib/armv7e-m/softfp\libg.a(lib_a-fflush.o)
                0x08019f34                _fflush_r
 .text._cleanup_r
                0x08019f60        0xc c:/program files (x86)/gnu tools arm embedded/4.9 2015q2/bin/../lib/gcc/arm-none-eabi/4.9.3/../../../../arm-none-eabi/lib/armv7e-m/softfp\libg.a(lib_a-findfp.o)
                0x08019f60                _cleanup_r
 .text.__sinit.part.1
                0x08019f6c       0xf0 c:/program files (x86)/gnu tools arm embedded/4.9 2015q2/bin/../lib/gcc/arm-none-eabi/4.9.3/../../../../arm-none-eabi/lib/armv7e-m/softfp\libg.a(lib_a-findfp.o)
 .text.__sinit  0x0801a05c        0xc c:/program files (x86)/gnu tools arm embedded/4.9 2015q2/bin/../lib/gcc/arm-none-eabi/4.9.3/../../../../arm-none-eabi/lib/armv7e-m/softfp\libg.a(lib_a-findfp.o)
                0x0801a05c                __sinit
 .text.__sfp_lock_acquire
                0x0801a068        0x4 c:/program files (x86)/gnu tools arm embedded/4.9 2015q2/bin/../lib/gcc/arm-none-eabi/4.9.3/../../../../arm-none-eabi/lib/armv7e-m/softfp\libg.a(lib_a-findfp.o)
                0x0801a068                __sfp_lock_acquire
 .text.__sfp_lock_release
                0x0801a06c        0x4 c:/program files (x86)/gnu tools arm embedded/4.9 2015q2/bin/../lib/gcc/arm-none-eabi/4.9.3/../../../../arm-none-eabi/lib/armv7e-m/softfp\libg.a(lib_a-findfp.o)
                0x0801a06c                __sfp_lock_release
 .text._malloc_trim_r
                0x0801a070       0x9c c:/program files (x86)/gnu tools arm embedded/4.9 2015q2/bin/../lib/gcc/arm-none-eabi/4.9.3/../../../../arm-none-eabi/lib/armv7e-m/softfp\libg.a(lib_a-freer.o)
                0x0801a070                _malloc_trim_r
 .text._free_r  0x0801a10c      0x1b0 c:/program files (x86)/gnu tools arm embedded/4.9 2015q2/bin/../lib/gcc/arm-none-eabi/4.9.3/../../../../arm-none-eabi/lib/armv7e-m/softfp\libg.a(lib_a-freer.o)
                0x0801a10c                _free_r
 .text._fwalk_reent
                0x0801a2bc       0x54 c:/program files (x86)/gnu tools arm embedded/4.9 2015q2/bin/../lib/gcc/arm-none-eabi/4.9.3/../../../../arm-none-eabi/lib/armv7e-m/softfp\libg.a(lib_a-fwalk.o)
                0x0801a2bc                _fwalk_reent
 .text.__locale_charset
                0x0801a310        0x8 c:/program files (x86)/gnu tools arm embedded/4.9 2015q2/bin/../lib/gcc/arm-none-eabi/4.9.3/../../../../arm-none-eabi/lib/armv7e-m/softfp\libg.a(lib_a-locale.o)
                0x0801a310                __locale_charset
 .text.__locale_mb_cur_max
                0x0801a318        0xc c:/program files (x86)/gnu tools arm embedded/4.9 2015q2/bin/../lib/gcc/arm-none-eabi/4.9.3/../../../../arm-none-eabi/lib/armv7e-m/softfp\libg.a(lib_a-locale.o)
                0x0801a318                __locale_mb_cur_max
 .text._localeconv_r
                0x0801a324        0x8 c:/program files (x86)/gnu tools arm embedded/4.9 2015q2/bin/../lib/gcc/arm-none-eabi/4.9.3/../../../../arm-none-eabi/lib/armv7e-m/softfp\libg.a(lib_a-locale.o)
                0x0801a324                _localeconv_r
 .text.__smakebuf_r
                0x0801a32c       0xe0 c:/program files (x86)/gnu tools arm embedded/4.9 2015q2/bin/../lib/gcc/arm-none-eabi/4.9.3/../../../../arm-none-eabi/lib/armv7e-m/softfp\libg.a(lib_a-makebuf.o)
                0x0801a32c                __smakebuf_r
 .text._malloc_r
                0x0801a40c      0x524 c:/program files (x86)/gnu tools arm embedded/4.9 2015q2/bin/../lib/gcc/arm-none-eabi/4.9.3/../../../../arm-none-eabi/lib/armv7e-m/softfp\libg.a(lib_a-mallocr.o)
                0x0801a40c                _malloc_r
 .text.memchr   0x0801a930       0x94 c:/program files (x86)/gnu tools arm embedded/4.9 2015q2/bin/../lib/gcc/arm-none-eabi/4.9.3/../../../../arm-none-eabi/lib/armv7e-m/softfp\libg.a(lib_a-memchr.o)
                0x0801a930                memchr
 .text.__malloc_lock
                0x0801a9c4        0x4 c:/program files (x86)/gnu tools arm embedded/4.9 2015q2/bin/../lib/gcc/arm-none-eabi/4.9.3/../../../../arm-none-eabi/lib/armv7e-m/softfp\libg.a(lib_a-mlock.o)
                0x0801a9c4                __malloc_lock
 .text.__malloc_unlock
                0x0801a9c8        0x4 c:/program files (x86)/gnu tools arm embedded/4.9 2015q2/bin/../lib/gcc/arm-none-eabi/4.9.3/../../../../arm-none-eabi/lib/armv7e-m/softfp\libg.a(lib_a-mlock.o)
                0x0801a9c8                __malloc_unlock
 .text._Balloc  0x0801a9cc       0x4c c:/program files (x86)/gnu tools arm embedded/4.9 2015q2/bin/../lib/gcc/arm-none-eabi/4.9.3/../../../../arm-none-eabi/lib/armv7e-m/softfp\libg.a(lib_a-mprec.o)
                0x0801a9cc                _Balloc
 .text._Bfree   0x0801aa18       0x14 c:/program files (x86)/gnu tools arm embedded/4.9 2015q2/bin/../lib/gcc/arm-none-eabi/4.9.3/../../../../arm-none-eabi/lib/armv7e-m/softfp\libg.a(lib_a-mprec.o)
                0x0801aa18                _Bfree
 .text.__multadd
                0x0801aa2c       0x84 c:/program files (x86)/gnu tools arm embedded/4.9 2015q2/bin/../lib/gcc/arm-none-eabi/4.9.3/../../../../arm-none-eabi/lib/armv7e-m/softfp\libg.a(lib_a-mprec.o)
                0x0801aa2c                __multadd
 .text.__hi0bits
                0x0801aab0       0x40 c:/program files (x86)/gnu tools arm embedded/4.9 2015q2/bin/../lib/gcc/arm-none-eabi/4.9.3/../../../../arm-none-eabi/lib/armv7e-m/softfp\libg.a(lib_a-mprec.o)
                0x0801aab0                __hi0bits
 .text.__lo0bits
                0x0801aaf0       0x5c c:/program files (x86)/gnu tools arm embedded/4.9 2015q2/bin/../lib/gcc/arm-none-eabi/4.9.3/../../../../arm-none-eabi/lib/armv7e-m/softfp\libg.a(lib_a-mprec.o)
                0x0801aaf0                __lo0bits
 .text.__i2b    0x0801ab4c       0x14 c:/program files (x86)/gnu tools arm embedded/4.9 2015q2/bin/../lib/gcc/arm-none-eabi/4.9.3/../../../../arm-none-eabi/lib/armv7e-m/softfp\libg.a(lib_a-mprec.o)
                0x0801ab4c                __i2b
 .text.__multiply
                0x0801ab60      0x134 c:/program files (x86)/gnu tools arm embedded/4.9 2015q2/bin/../lib/gcc/arm-none-eabi/4.9.3/../../../../arm-none-eabi/lib/armv7e-m/softfp\libg.a(lib_a-mprec.o)
                0x0801ab60                __multiply
 .text.__pow5mult
                0x0801ac94       0xa0 c:/program files (x86)/gnu tools arm embedded/4.9 2015q2/bin/../lib/gcc/arm-none-eabi/4.9.3/../../../../arm-none-eabi/lib/armv7e-m/softfp\libg.a(lib_a-mprec.o)
                0x0801ac94                __pow5mult
 .text.__lshift
                0x0801ad34       0xac c:/program files (x86)/gnu tools arm embedded/4.9 2015q2/bin/../lib/gcc/arm-none-eabi/4.9.3/../../../../arm-none-eabi/lib/armv7e-m/softfp\libg.a(lib_a-mprec.o)
                0x0801ad34                __lshift
 .text.__mcmp   0x0801ade0       0x48 c:/program files (x86)/gnu tools arm embedded/4.9 2015q2/bin/../lib/gcc/arm-none-eabi/4.9.3/../../../../arm-none-eabi/lib/armv7e-m/softfp\libg.a(lib_a-mprec.o)
                0x0801ade0                __mcmp
 .text.__mdiff  0x0801ae28       0xd4 c:/program files (x86)/gnu tools arm embedded/4.9 2015q2/bin/../lib/gcc/arm-none-eabi/4.9.3/../../../../arm-none-eabi/lib/armv7e-m/softfp\libg.a(lib_a-mprec.o)
                0x0801ae28                __mdiff
 .text.__d2b    0x0801aefc       0xb8 c:/program files (x86)/gnu tools arm embedded/4.9 2015q2/bin/../lib/gcc/arm-none-eabi/4.9.3/../../../../arm-none-eabi/lib/armv7e-m/softfp\libg.a(lib_a-mprec.o)
                0x0801aefc                __d2b
 .text.__fpclassifyd
                0x0801afb4       0x58 c:/program files (x86)/gnu tools arm embedded/4.9 2015q2/bin/../lib/gcc/arm-none-eabi/4.9.3/../../../../arm-none-eabi/lib/armv7e-m/softfp\libg.a(lib_a-s_fpclassify.o)
                0x0801afb4                __fpclassifyd
 .text._sbrk_r  0x0801b00c       0x24 c:/program files (x86)/gnu tools arm embedded/4.9 2015q2/bin/../lib/gcc/arm-none-eabi/4.9.3/../../../../arm-none-eabi/lib/armv7e-m/softfp\libg.a(lib_a-sbrkr.o)
                0x0801b00c                _sbrk_r
 .text.__sread  0x0801b030       0x24 c:/program files (x86)/gnu tools arm embedded/4.9 2015q2/bin/../lib/gcc/arm-none-eabi/4.9.3/../../../../arm-none-eabi/lib/armv7e-m/softfp\libg.a(lib_a-stdio.o)
                0x0801b030                __sread
 .text.__swrite
                0x0801b054       0x38 c:/program files (x86)/gnu tools arm embedded/4.9 2015q2/bin/../lib/gcc/arm-none-eabi/4.9.3/../../../../arm-none-eabi/lib/armv7e-m/softfp\libg.a(lib_a-stdio.o)
                0x0801b054                __swrite
 .text.__sseek  0x0801b08c       0x20 c:/program files (x86)/gnu tools arm embedded/4.9 2015q2/bin/../lib/gcc/arm-none-eabi/4.9.3/../../../../arm-none-eabi/lib/armv7e-m/softfp\libg.a(lib_a-stdio.o)
                0x0801b08c                __sseek
 .text.__sclose
                0x0801b0ac        0x8 c:/program files (x86)/gnu tools arm embedded/4.9 2015q2/bin/../lib/gcc/arm-none-eabi/4.9.3/../../../../arm-none-eabi/lib/armv7e-m/softfp\libg.a(lib_a-stdio.o)
                0x0801b0ac                __sclose
 .text.__ssprint_r
                0x0801b0b4      0x104 c:/program files (x86)/gnu tools arm embedded/4.9 2015q2/bin/../lib/gcc/arm-none-eabi/4.9.3/../../../../arm-none-eabi/lib/armv7e-m/softfp\libg.a(lib_a-svfiprintf.o)
                0x0801b0b4                __ssprint_r
 .text.__sprint_r.part.0
                0x0801b1b8       0x78 c:/program files (x86)/gnu tools arm embedded/4.9 2015q2/bin/../lib/gcc/arm-none-eabi/4.9.3/../../../../arm-none-eabi/lib/armv7e-m/softfp\libg.a(lib_a-vfiprintf.o)
 .text.__sprint_r
                0x0801b230       0x18 c:/program files (x86)/gnu tools arm embedded/4.9 2015q2/bin/../lib/gcc/arm-none-eabi/4.9.3/../../../../arm-none-eabi/lib/armv7e-m/softfp\libg.a(lib_a-vfiprintf.o)
                0x0801b230                __sprint_r
 .text._write_r
                0x0801b248       0x28 c:/program files (x86)/gnu tools arm embedded/4.9 2015q2/bin/../lib/gcc/arm-none-eabi/4.9.3/../../../../arm-none-eabi/lib/armv7e-m/softfp\libg.a(lib_a-writer.o)
                0x0801b248                _write_r
 .text._calloc_r
                0x0801b270       0x60 c:/program files (x86)/gnu tools arm embedded/4.9 2015q2/bin/../lib/gcc/arm-none-eabi/4.9.3/../../../../arm-none-eabi/lib/armv7e-m/softfp\libg.a(lib_a-callocr.o)
                0x0801b270                _calloc_r
 .text._close_r
                0x0801b2d0       0x24 c:/program files (x86)/gnu tools arm embedded/4.9 2015q2/bin/../lib/gcc/arm-none-eabi/4.9.3/../../../../arm-none-eabi/lib/armv7e-m/softfp\libg.a(lib_a-closer.o)
                0x0801b2d0                _close_r
 .text._fclose_r
                0x0801b2f4       0x84 c:/program files (x86)/gnu tools arm embedded/4.9 2015q2/bin/../lib/gcc/arm-none-eabi/4.9.3/../../../../arm-none-eabi/lib/armv7e-m/softfp\libg.a(lib_a-fclose.o)
                0x0801b2f4                _fclose_r
 .text.__fputwc
                0x0801b378       0xb0 c:/program files (x86)/gnu tools arm embedded/4.9 2015q2/bin/../lib/gcc/arm-none-eabi/4.9.3/../../../../arm-none-eabi/lib/armv7e-m/softfp\libg.a(lib_a-fputwc.o)
                0x0801b378                __fputwc
 .text._fputwc_r
                0x0801b428       0x24 c:/program files (x86)/gnu tools arm embedded/4.9 2015q2/bin/../lib/gcc/arm-none-eabi/4.9.3/../../../../arm-none-eabi/lib/armv7e-m/softfp\libg.a(lib_a-fputwc.o)
                0x0801b428                _fputwc_r
 .text._fstat_r
                0x0801b44c       0x28 c:/program files (x86)/gnu tools arm embedded/4.9 2015q2/bin/../lib/gcc/arm-none-eabi/4.9.3/../../../../arm-none-eabi/lib/armv7e-m/softfp\libg.a(lib_a-fstatr.o)
                0x0801b44c                _fstat_r
 .text.__sfvwrite_r
                0x0801b474      0x318 c:/program files (x86)/gnu tools arm embedded/4.9 2015q2/bin/../lib/gcc/arm-none-eabi/4.9.3/../../../../arm-none-eabi/lib/armv7e-m/softfp\libg.a(lib_a-fvwrite.o)
                0x0801b474                __sfvwrite_r
 .text._isatty_r
                0x0801b78c       0x24 c:/program files (x86)/gnu tools arm embedded/4.9 2015q2/bin/../lib/gcc/arm-none-eabi/4.9.3/../../../../arm-none-eabi/lib/armv7e-m/softfp\libg.a(lib_a-isattyr.o)
                0x0801b78c                _isatty_r
 .text._lseek_r
                0x0801b7b0       0x28 c:/program files (x86)/gnu tools arm embedded/4.9 2015q2/bin/../lib/gcc/arm-none-eabi/4.9.3/../../../../arm-none-eabi/lib/armv7e-m/softfp\libg.a(lib_a-lseekr.o)
                0x0801b7b0                _lseek_r
 .text.memmove  0x0801b7d8       0xc8 c:/program files (x86)/gnu tools arm embedded/4.9 2015q2/bin/../lib/gcc/arm-none-eabi/4.9.3/../../../../arm-none-eabi/lib/armv7e-m/softfp\libg.a(lib_a-memmove.o)
                0x0801b7d8                memmove
 .text._read_r  0x0801b8a0       0x28 c:/program files (x86)/gnu tools arm embedded/4.9 2015q2/bin/../lib/gcc/arm-none-eabi/4.9.3/../../../../arm-none-eabi/lib/armv7e-m/softfp\libg.a(lib_a-readr.o)
                0x0801b8a0                _read_r
 .text._realloc_r
                0x0801b8c8      0x3ec c:/program files (x86)/gnu tools arm embedded/4.9 2015q2/bin/../lib/gcc/arm-none-eabi/4.9.3/../../../../arm-none-eabi/lib/armv7e-m/softfp\libg.a(lib_a-reallocr.o)
                0x0801b8c8                _realloc_r
 .text.__swbuf_r
                0x0801bcb4       0xa8 c:/program files (x86)/gnu tools arm embedded/4.9 2015q2/bin/../lib/gcc/arm-none-eabi/4.9.3/../../../../arm-none-eabi/lib/armv7e-m/softfp\libg.a(lib_a-wbuf.o)
                0x0801bcb4                __swbuf_r
 .text._wcrtomb_r
                0x0801bd5c       0x54 c:/program files (x86)/gnu tools arm embedded/4.9 2015q2/bin/../lib/gcc/arm-none-eabi/4.9.3/../../../../arm-none-eabi/lib/armv7e-m/softfp\libg.a(lib_a-wcrtomb.o)
                0x0801bd5c                _wcrtomb_r
 .text.__ascii_wctomb
                0x0801bdb0       0x1c c:/program files (x86)/gnu tools arm embedded/4.9 2015q2/bin/../lib/gcc/arm-none-eabi/4.9.3/../../../../arm-none-eabi/lib/armv7e-m/softfp\libg.a(lib_a-wctomb_r.o)
                0x0801bdb0                __ascii_wctomb
 .text          0x0801bdcc      0x370 c:/program files (x86)/gnu tools arm embedded/4.9 2015q2/bin/../lib/gcc/arm-none-eabi/4.9.3/armv7e-m/softfp\libgcc.a(_arm_addsubdf3.o)
                0x0801bdcc                __aeabi_drsub
                0x0801bdd4                __aeabi_dsub
                0x0801bdd4                __subdf3
                0x0801bdd8                __aeabi_dadd
                0x0801bdd8                __adddf3
                0x0801c050                __floatunsidf
                0x0801c050                __aeabi_ui2d
                0x0801c070                __floatsidf
                0x0801c070                __aeabi_i2d
                0x0801c094                __aeabi_f2d
                0x0801c094                __extendsfdf2
                0x0801c0d0                __floatundidf
                0x0801c0d0                __aeabi_ul2d
                0x0801c0e0                __floatdidf
                0x0801c0e0                __aeabi_l2d
 .text          0x0801c13c      0x424 c:/program files (x86)/gnu tools arm embedded/4.9 2015q2/bin/../lib/gcc/arm-none-eabi/4.9.3/armv7e-m/softfp\libgcc.a(_arm_muldivdf3.o)
                0x0801c13c                __aeabi_dmul
                0x0801c13c                __muldf3
                0x0801c390                __divdf3
                0x0801c390                __aeabi_ddiv
 .text          0x0801c560      0x110 c:/program files (x86)/gnu tools arm embedded/4.9 2015q2/bin/../lib/gcc/arm-none-eabi/4.9.3/armv7e-m/softfp\libgcc.a(_arm_cmpdf2.o)
                0x0801c560                __gtdf2
                0x0801c560                __gedf2
                0x0801c568                __ltdf2
                0x0801c568                __ledf2
                0x0801c570                __nedf2
                0x0801c570                __eqdf2
                0x0801c570                __cmpdf2
                0x0801c5ec                __aeabi_cdrcmple
                0x0801c5fc                __aeabi_cdcmpeq
                0x0801c5fc                __aeabi_cdcmple
                0x0801c60c                __aeabi_dcmpeq
                0x0801c620                __aeabi_dcmplt
                0x0801c634                __aeabi_dcmple
                0x0801c648                __aeabi_dcmpge
                0x0801c65c                __aeabi_dcmpgt
 .text          0x0801c670       0x50 c:/program files (x86)/gnu tools arm embedded/4.9 2015q2/bin/../lib/gcc/arm-none-eabi/4.9.3/armv7e-m/softfp\libgcc.a(_arm_fixdfsi.o)
                0x0801c670                __aeabi_d2iz
                0x0801c670                __fixdfsi
 .text          0x0801c6c0       0x30 c:/program files (x86)/gnu tools arm embedded/4.9 2015q2/bin/../lib/gcc/arm-none-eabi/4.9.3/armv7e-m/softfp\libgcc.a(_aeabi_uldivmod.o)
                0x0801c6c0                __aeabi_uldivmod
 .text          0x0801c6f0       0x60 c:/program files (x86)/gnu tools arm embedded/4.9 2015q2/bin/../lib/gcc/arm-none-eabi/4.9.3/armv7e-m/softfp\libgcc.a(bpabi.o)
                0x0801c6f0                __gnu_ldivmod_helper
                0x0801c720                __gnu_uldivmod_helper
 .text          0x0801c750        0x4 c:/program files (x86)/gnu tools arm embedded/4.9 2015q2/bin/../lib/gcc/arm-none-eabi/4.9.3/armv7e-m/softfp\libgcc.a(_dvmd_tls.o)
                0x0801c750                __aeabi_idiv0
                0x0801c750                __aeabi_ldiv0
 .text          0x0801c754      0x29c c:/program files (x86)/gnu tools arm embedded/4.9 2015q2/bin/../lib/gcc/arm-none-eabi/4.9.3/armv7e-m/softfp\libgcc.a(_divdi3.o)
                0x0801c754                __divdi3
 .text          0x0801c9f0      0x26c c:/program files (x86)/gnu tools arm embedded/4.9 2015q2/bin/../lib/gcc/arm-none-eabi/4.9.3/armv7e-m/softfp\libgcc.a(_udivdi3.o)
                0x0801c9f0                __udivdi3
 *(.init)
 *(.fini)
 *crtbegin.o(.ctors)
 *crtbegin?.o(.ctors)
 *(EXCLUDE_FILE(*crtend.o *crtend?.o) .ctors)
 *(SORT(.ctors.*))
 *(.ctors)
 *crtbegin.o(.dtors)
 *crtbegin?.o(.dtors)
 *(EXCLUDE_FILE(*crtend.o *crtend?.o) .dtors)
 *(SORT(.dtors.*))
 *(.dtors)
 *(.rodata*)
 .rodata        0x0801cc5c       0xcc ..\obj\tcp.o
                0x0801ccd4                tcp_state_str
                0x0801cd00                tcp_backoff
                0x0801cd10                tcp_persist_backoff
                0x0801cd18                tcp_pcb_lists
 .rodata        0x0801cd28       0xf7 ..\obj\porttcp.o
 *fill*         0x0801ce1f        0x1 
 .rodata        0x0801ce20       0x30 ..\obj\memp.o
 .rodata        0x0801ce50        0xd ..\obj\tcpip.o
 *fill*         0x0801ce5d        0x3 
 .rodata        0x0801ce60        0x8 ..\obj\ip_addr.o
                0x0801ce60                ip_addr_any
                0x0801ce64                ip_addr_broadcast
 .rodata        0x0801ce68        0x7 ..\obj\ethernetif.o
 *fill*         0x0801ce6f        0x1 
 .rodata        0x0801ce70        0xe ..\obj\etharp.o
                0x0801ce70                ethbroadcast
                0x0801ce78                ethzero
 *fill*         0x0801ce7e        0x2 
 .rodata        0x0801ce80        0x5 ..\obj\tasks.o
 *fill*         0x0801ce85        0x3 
 .rodata        0x0801ce88       0x86 ..\obj\portother.o
 *fill*         0x0801cf0e        0x2 
 .rodata        0x0801cf10        0xc ..\obj\mbinit.o
 .rodata        0x0801cf1c        0x9 ..\obj\udp_send.o
 *fill*         0x0801cf25        0x3 
 .rodata.zeroes.6911
                0x0801cf28       0x10 c:/program files (x86)/gnu tools arm embedded/4.9 2015q2/bin/../lib/gcc/arm-none-eabi/4.9.3/../../../../arm-none-eabi/lib/armv7e-m/softfp\libg.a(lib_a-svfprintf.o)
 .rodata.blanks.6910
                0x0801cf38       0x10 c:/program files (x86)/gnu tools arm embedded/4.9 2015q2/bin/../lib/gcc/arm-none-eabi/4.9.3/../../../../arm-none-eabi/lib/armv7e-m/softfp\libg.a(lib_a-svfprintf.o)
 .rodata.str1.4
                0x0801cf48       0x42 c:/program files (x86)/gnu tools arm embedded/4.9 2015q2/bin/../lib/gcc/arm-none-eabi/4.9.3/../../../../arm-none-eabi/lib/armv7e-m/softfp\libg.a(lib_a-svfprintf.o)
 *fill*         0x0801cf8a        0x2 
 .rodata.zeroes.6926
                0x0801cf8c       0x10 c:/program files (x86)/gnu tools arm embedded/4.9 2015q2/bin/../lib/gcc/arm-none-eabi/4.9.3/../../../../arm-none-eabi/lib/armv7e-m/softfp\libg.a(lib_a-vfprintf.o)
 .rodata.str1.4
                0x00000000       0x42 c:/program files (x86)/gnu tools arm embedded/4.9 2015q2/bin/../lib/gcc/arm-none-eabi/4.9.3/../../../../arm-none-eabi/lib/armv7e-m/softfp\libg.a(lib_a-vfprintf.o)
 .rodata.blanks.6925
                0x0801cf9c       0x10 c:/program files (x86)/gnu tools arm embedded/4.9 2015q2/bin/../lib/gcc/arm-none-eabi/4.9.3/../../../../arm-none-eabi/lib/armv7e-m/softfp\libg.a(lib_a-vfprintf.o)
 .rodata.str1.4
                0x0801cfac       0x10 c:/program files (x86)/gnu tools arm embedded/4.9 2015q2/bin/../lib/gcc/arm-none-eabi/4.9.3/../../../../arm-none-eabi/lib/armv7e-m/softfp\libg.a(lib_a-dtoa.o)
                                 0x12 (size before relaxing)
 .rodata.str1.4
                0x0801cfbc        0x2 c:/program files (x86)/gnu tools arm embedded/4.9 2015q2/bin/../lib/gcc/arm-none-eabi/4.9.3/../../../../arm-none-eabi/lib/armv7e-m/softfp\libg.a(lib_a-impure.o)
 *fill*         0x0801cfbe        0x2 
 .rodata.str1.4
                0x0801cfc0        0xc c:/program files (x86)/gnu tools arm embedded/4.9 2015q2/bin/../lib/gcc/arm-none-eabi/4.9.3/../../../../arm-none-eabi/lib/armv7e-m/softfp\libg.a(lib_a-locale.o)
                                 0x12 (size before relaxing)
 *fill*         0x0801cfcc        0x4 
 .rodata.__mprec_tens
                0x0801cfd0       0xc8 c:/program files (x86)/gnu tools arm embedded/4.9 2015q2/bin/../lib/gcc/arm-none-eabi/4.9.3/../../../../arm-none-eabi/lib/armv7e-m/softfp\libg.a(lib_a-mprec.o)
                0x0801cfd0                __mprec_tens
 .rodata.p05.5302
                0x0801d098        0xc c:/program files (x86)/gnu tools arm embedded/4.9 2015q2/bin/../lib/gcc/arm-none-eabi/4.9.3/../../../../arm-none-eabi/lib/armv7e-m/softfp\libg.a(lib_a-mprec.o)
 *fill*         0x0801d0a4        0x4 
 .rodata.__mprec_bigtens
                0x0801d0a8       0x28 c:/program files (x86)/gnu tools arm embedded/4.9 2015q2/bin/../lib/gcc/arm-none-eabi/4.9.3/../../../../arm-none-eabi/lib/armv7e-m/softfp\libg.a(lib_a-mprec.o)
                0x0801d0a8                __mprec_bigtens
 *(.eh_fram e*)

.glue_7         0x0801d0d0        0x0
 .glue_7        0x00000000        0x0 linker stubs

.glue_7t        0x0801d0d0        0x0
 .glue_7t       0x00000000        0x0 linker stubs

.vfp11_veneer   0x0801d0d0        0x0
 .vfp11_veneer  0x00000000        0x0 linker stubs

.v4_bx          0x0801d0d0        0x0
 .v4_bx         0x00000000        0x0 linker stubs

.iplt           0x0801d0d0        0x0
 .iplt          0x00000000        0x0 ..\obj\stm32f4xx_syscfg.o

.ARM.extab
 *(.ARM.extab* .gnu.linkonce.armextab.*)
                0x0801d0d0                __exidx_start = .

.ARM.exidx      0x0801d0d0        0x8
 *(.ARM.exidx* .gnu.linkonce.armexidx.*)
 .ARM.exidx     0x0801d0d0        0x8 c:/program files (x86)/gnu tools arm embedded/4.9 2015q2/bin/../lib/gcc/arm-none-eabi/4.9.3/armv7e-m/softfp\libgcc.a(_divdi3.o)
 .ARM.exidx     0x0801d0d8        0x0 c:/program files (x86)/gnu tools arm embedded/4.9 2015q2/bin/../lib/gcc/arm-none-eabi/4.9.3/armv7e-m/softfp\libgcc.a(_udivdi3.o)
                                  0x8 (size before relaxing)
                0x0801d0d8                __exidx_end = .
                0x0801d0d8                __etext = .
                0x0801d0d8                _sidata = __etext

.rel.dyn        0x0801d0d8        0x0
 .rel.iplt      0x00000000        0x0 ..\obj\stm32f4xx_syscfg.o

.data           0x20000000      0x97c load address 0x0801d0d8
                0x20000000                __data_start__ = .
                0x20000000                _sdata = __data_start__
 *(vtable)
 *(.data*)
 .data          0x20000000       0x84 ..\obj\mb.o
 .data          0x20000084        0x8 ..\obj\tcp.o
 .data          0x2000008c       0x10 ..\obj\stm32f4xx_rcc.o
 .data          0x2000009c        0x4 ..\obj\tasks.o
 .data          0x200000a0       0x14 ..\obj\system_stm32f4xx.o
                0x200000a0                SystemCoreClock
                0x200000a4                AHBPrescTable
 .data          0x200000b4       0x10 ..\obj\portother.o
 .data          0x200000c4        0x4 ..\obj\port.o
 .data          0x200000c8        0x5 ..\obj\mbinit.o
 *fill*         0x200000cd        0x1 
 .data          0x200000ce        0x2 ..\obj\udp.o
 .data          0x200000d0        0x4 ..\obj\dhcp.o
 .data          0x200000d4        0x4 ..\obj\mbfunc.o
 .data          0x200000d8        0x4 ..\obj\heap_2.o
 *fill*         0x200000dc        0x4 
 .data.impure_data
                0x200000e0      0x428 c:/program files (x86)/gnu tools arm embedded/4.9 2015q2/bin/../lib/gcc/arm-none-eabi/4.9.3/../../../../arm-none-eabi/lib/armv7e-m/softfp\libg.a(lib_a-impure.o)
 .data._impure_ptr
                0x20000508        0x4 c:/program files (x86)/gnu tools arm embedded/4.9 2015q2/bin/../lib/gcc/arm-none-eabi/4.9.3/../../../../arm-none-eabi/lib/armv7e-m/softfp\libg.a(lib_a-impure.o)
                0x20000508                _impure_ptr
 .data.lconv    0x2000050c       0x38 c:/program files (x86)/gnu tools arm embedded/4.9 2015q2/bin/../lib/gcc/arm-none-eabi/4.9.3/../../../../arm-none-eabi/lib/armv7e-m/softfp\libg.a(lib_a-locale.o)
 .data.lc_ctype_charset
                0x20000544       0x20 c:/program files (x86)/gnu tools arm embedded/4.9 2015q2/bin/../lib/gcc/arm-none-eabi/4.9.3/../../../../arm-none-eabi/lib/armv7e-m/softfp\libg.a(lib_a-locale.o)
 .data.__mb_cur_max
                0x20000564        0x4 c:/program files (x86)/gnu tools arm embedded/4.9 2015q2/bin/../lib/gcc/arm-none-eabi/4.9.3/../../../../arm-none-eabi/lib/armv7e-m/softfp\libg.a(lib_a-locale.o)
                0x20000564                __mb_cur_max
 .data.__malloc_av_
                0x20000568      0x408 c:/program files (x86)/gnu tools arm embedded/4.9 2015q2/bin/../lib/gcc/arm-none-eabi/4.9.3/../../../../arm-none-eabi/lib/armv7e-m/softfp\libg.a(lib_a-mallocr.o)
                0x20000568                __malloc_av_
 .data.__malloc_trim_threshold
                0x20000970        0x4 c:/program files (x86)/gnu tools arm embedded/4.9 2015q2/bin/../lib/gcc/arm-none-eabi/4.9.3/../../../../arm-none-eabi/lib/armv7e-m/softfp\libg.a(lib_a-mallocr.o)
                0x20000970                __malloc_trim_threshold
 .data.__malloc_sbrk_base
                0x20000974        0x4 c:/program files (x86)/gnu tools arm embedded/4.9 2015q2/bin/../lib/gcc/arm-none-eabi/4.9.3/../../../../arm-none-eabi/lib/armv7e-m/softfp\libg.a(lib_a-mallocr.o)
                0x20000974                __malloc_sbrk_base
 .data.__wctomb
                0x20000978        0x4 c:/program files (x86)/gnu tools arm embedded/4.9 2015q2/bin/../lib/gcc/arm-none-eabi/4.9.3/../../../../arm-none-eabi/lib/armv7e-m/softfp\libg.a(lib_a-wctomb_r.o)
                0x20000978                __wctomb
                0x2000097c                . = ALIGN (0x4)
                0x2000097c                PROVIDE (__preinit_array_start, .)
 *(.preinit_array)
                0x2000097c                PROVIDE (__preinit_array_end, .)
                0x2000097c                . = ALIGN (0x4)
                0x2000097c                PROVIDE (__init_array_start, .)
 *(SORT(.init_array.*))
 *(.init_array)
                0x2000097c                PROVIDE (__init_array_end, .)
                0x2000097c                . = ALIGN (0x4)
                0x2000097c                PROVIDE (__fini_array_start, .)
 *(SORT(.fini_array.*))
 *(.fini_array)
                0x2000097c                PROVIDE (__fini_array_end, .)
 *(.jcr*)
                0x2000097c                . = ALIGN (0x4)
                0x2000097c                __data_end__ = .
                0x2000097c                _edata = __data_end__

.igot.plt       0x2000097c        0x0 load address 0x0801da54
 .igot.plt      0x00000000        0x0 ..\obj\stm32f4xx_syscfg.o

.bss            0x20000980    0x19530 load address 0x0801da58
                0x20000980                . = ALIGN (0x4)
                0x20000980                __bss_start__ = .
                0x20000980                _sbss = __bss_start__
 *(.bss*)
 .bss           0x20000980       0x10 ..\obj\mem.o
 .bss           0x20000990       0x24 ..\obj\mb.o
 .bss           0x200009b4        0x2 ..\obj\tcp.o
 *fill*         0x200009b6        0x2 
 .bss           0x200009b8        0x4 ..\obj\portevent.o
 .bss           0x200009bc      0x112 ..\obj\porttcp.o
 *fill*         0x20000ace        0x2 
 .bss           0x20000ad0       0x22 ..\obj\mbfuncother.o
 *fill*         0x20000af2        0x2 
 .bss           0x20000af4       0x2c ..\obj\tcp_in.o
 .bss           0x20000b20     0x2d57 ..\obj\memp.o
 *fill*         0x20003877        0x1 
 .bss           0x20003878        0xc ..\obj\tcpip.o
 .bss           0x20003884        0x8 ..\obj\timers.o
 .bss           0x2000388c        0x4 ..\obj\stm32f4x7_eth_bsp.o
                0x2000388c                EthInitStatus
 .bss           0x20003890        0xc ..\obj\ethernetif.o
                0x20003894                s_xSemaphore
 .bss           0x2000389c       0xc9 ..\obj\etharp.o
 *fill*         0x20003965        0x3 
 .bss           0x20003968       0xfc ..\obj\tasks.o
                0x20003968                pxCurrentTCB
 *fill*         0x20003a64        0x4 
 .bss           0x20003a68       0x10 ..\obj\adc_dcmi.o
                0x20003a68                timestamp
                0x20003a70                xAdcBuf_Send_Semaphore
 .bss           0x20003a78        0x1 ..\obj\netif.o
 *fill*         0x20003a79        0x3 
 .bss           0x20003a7c        0x4 ..\obj\sys_arch.o
                0x20003a7c                xInsideISR
 .bss           0x20003a80        0x4 ..\obj\syscalls.o
 .bss           0x20003a84      0x204 ..\obj\portother.o
 .bss           0x20003c88        0x8 ..\obj\port.o
 .bss           0x20003c90        0x2 ..\obj\ip.o
 .bss           0x20003c92        0x2 ..\obj\udp_send.o
                0x20003c92                adc_buf_offset
 .bss           0x20003c94       0x28 ..\obj\mbfunc.o
 .bss           0x20003cbc     0x5014 ..\obj\heap_2.o
 .bss           0x20008cd0        0x4 ..\obj\raw.o
 .bss.__malloc_max_total_mem
                0x20008cd4        0x4 c:/program files (x86)/gnu tools arm embedded/4.9 2015q2/bin/../lib/gcc/arm-none-eabi/4.9.3/../../../../arm-none-eabi/lib/armv7e-m/softfp\libg.a(lib_a-mallocr.o)
                0x20008cd4                __malloc_max_total_mem
 .bss.__malloc_max_sbrked_mem
                0x20008cd8        0x4 c:/program files (x86)/gnu tools arm embedded/4.9 2015q2/bin/../lib/gcc/arm-none-eabi/4.9.3/../../../../arm-none-eabi/lib/armv7e-m/softfp\libg.a(lib_a-mallocr.o)
                0x20008cd8                __malloc_max_sbrked_mem
 .bss.__malloc_top_pad
                0x20008cdc        0x4 c:/program files (x86)/gnu tools arm embedded/4.9 2015q2/bin/../lib/gcc/arm-none-eabi/4.9.3/../../../../arm-none-eabi/lib/armv7e-m/softfp\libg.a(lib_a-mallocr.o)
                0x20008cdc                __malloc_top_pad
 .bss.__malloc_current_mallinfo
                0x20008ce0       0x28 c:/program files (x86)/gnu tools arm embedded/4.9 2015q2/bin/../lib/gcc/arm-none-eabi/4.9.3/../../../../arm-none-eabi/lib/armv7e-m/softfp\libg.a(lib_a-mallocr.o)
                0x20008ce0                __malloc_current_mallinfo
 *(COMMON)
 COMMON         0x20008d08     0x5014 ..\obj\mem.o
                0x20008d08                ram_heap
 COMMON         0x2000dd1c       0x1c ..\obj\tcp.o
                0x2000dd1c                tcp_active_pcbs_changed
                0x2000dd20                tcp_active_pcbs
                0x2000dd24                tcp_ticks
                0x2000dd28                tcp_listen_pcbs
                0x2000dd2c                tcp_tmp_pcb
                0x2000dd30                tcp_bound_pcbs
                0x2000dd34                tcp_tw_pcbs
 COMMON         0x2000dd38        0x4 ..\obj\tcp_in.o
                0x2000dd38                tcp_input_pcb
 COMMON         0x2000dd3c     0x3ce4 ..\obj\stm32f4x7_eth.o
                0x2000dd3c                RX_Frame_Descriptor
                0x2000dd48                DMARxDescToGet
                0x2000dd4c                DMATxDescToSet
                0x2000dd50                DMATxDscrTab
                0x2000ddf0                Rx_Buff
                0x2000fbb4                Frame_Rx_index
                0x2000fbb8                DMA_RX_FRAME_infos
                0x2000fbbc                DMARxDscrTab
                0x2000fc5c                Tx_Buff
 COMMON         0x20011a20       0x34 ..\obj\main.o
                0x20011a20                xnetif
 COMMON         0x20011a54        0x4 ..\obj\tcp_send.o
                0x20011a54                client_pcb
 COMMON         0x20011a58     0x8018 ..\obj\adc_dcmi.o
                0x20011a58                ADC_last_data
                0x20011a68                xADC_MB_Queue
                0x20011a6c                ADC_buf_pnt
                0x20011a70                DCMIAdcRxBuff
 COMMON         0x20019a70        0x8 ..\obj\netif.o
                0x20019a70                netif_list
                0x20019a74                netif_default
 COMMON         0x20019a78        0xc ..\obj\settings.o
                0x20019a78                Stngs
 COMMON         0x20019a84        0x4 ..\obj\udp.o
                0x20019a84                udp_pcbs
 COMMON         0x20019a88       0x10 ..\obj\ip.o
                0x20019a88                current_iphdr_src
                0x20019a8c                current_netif
                0x20019a90                current_iphdr_dest
                0x20019a94                current_header
 COMMON         0x20019a98      0x411 ..\obj\udp_send.o
                0x20019a98                DestIPaddr
                0x20019a9c                pb
                0x20019aa0                UDPPacket
 *fill*         0x20019ea9        0x3 
 COMMON         0x20019eac        0x4 c:/program files (x86)/gnu tools arm embedded/4.9 2015q2/bin/../lib/gcc/arm-none-eabi/4.9.3/../../../../arm-none-eabi/lib/armv7e-m/softfp\libg.a(lib_a-reent.o)
                0x20019eac                errno
                0x20019eb0                . = ALIGN (0x4)
                0x20019eb0                __bss_end__ = .
                0x20019eb0                _ebss = __bss_end__

.heap           0x20019eb0        0x0
                0x20019eb0                __end__ = .
                0x20019eb0                _end = __end__
                0x20019eb0                end = __end__
 *(.heap*)
                0x20019eb0                __HeapLimit = .

.co_stack       0x20019eb0      0x800 load address 0x08036f88
                0x20019eb0                . = ALIGN (0x8)
 *(.co_stack .co_stack.*)
 .co_stack      0x20019eb0      0x800 ..\obj\startup_stm32f4xx.o
                0x20019eb0                pulStack
                0x20020000                __StackTop = (ORIGIN (ram) + 0x20000)
                0x2001f800                __StackLimit = (__StackTop - SIZEOF (.co_stack))
                0x20020000                PROVIDE (__stack, __StackTop)
                0x00000001                ASSERT ((__StackLimit >= __HeapLimit), region ram  overflowed with stack)
LOAD ..\obj\stm32f4xx_syscfg.o
LOAD ..\obj\mem.o
LOAD ..\obj\stm32f4xx_sdio.o
LOAD ..\obj\mb.o
LOAD ..\obj\mbfuncdisc.o
LOAD ..\obj\tcp.o
LOAD ..\obj\err.o
LOAD ..\obj\portevent.o
LOAD ..\obj\porttcp.o
LOAD ..\obj\randm.o
LOAD ..\obj\mib_structs.o
LOAD ..\obj\mbfuncother.o
LOAD ..\obj\tcp_in.o
LOAD ..\obj\stm32f4xx_usart.o
LOAD ..\obj\stm32f4xx_pwr.o
LOAD ..\obj\slipif.o
LOAD ..\obj\memp.o
LOAD ..\obj\autoip.o
LOAD ..\obj\ip_frag.o
LOAD ..\obj\msg_out.o
LOAD ..\obj\netbuf.o
LOAD ..\obj\tcpip.o
LOAD ..\obj\mbutils.o
LOAD ..\obj\stm32f4xx_dac.o
LOAD ..\obj\asn1_dec.o
LOAD ..\obj\lcp.o
LOAD ..\obj\vj.o
LOAD ..\obj\startup_stm32f4xx.o
LOAD ..\obj\stm32f4x7_eth.o
LOAD ..\obj\sys.o
LOAD ..\obj\ip_addr.o
LOAD ..\obj\mbfuncholding.o
LOAD ..\obj\inet_chksum.o
LOAD ..\obj\main.o
LOAD ..\obj\mbcrc.o
LOAD ..\obj\stm32f4xx_rcc.o
LOAD ..\obj\mib2.o
LOAD ..\obj\stm32f4xx_it.o
LOAD ..\obj\netdb.o
LOAD ..\obj\timers.o
LOAD ..\obj\init.o
LOAD ..\obj\stm32f4xx_adc.o
LOAD ..\obj\stm32f4x7_eth_bsp.o
LOAD ..\obj\mbfuncinput.o
LOAD ..\obj\def.o
LOAD ..\obj\ethernetif.o
LOAD ..\obj\stm32f4xx_dcmi.o
LOAD ..\obj\chpms.o
LOAD ..\obj\etharp.o
LOAD ..\obj\mbfuncdiag.o
LOAD ..\obj\tasks.o
LOAD ..\obj\magic.o
LOAD ..\obj\tcp_send.o
LOAD ..\obj\pbuf.o
LOAD ..\obj\stats.o
LOAD ..\obj\inet.o
LOAD ..\obj\adc_dcmi.o
LOAD ..\obj\msg_in.o
LOAD ..\obj\netif.o
LOAD ..\obj\asn1_enc.o
LOAD ..\obj\fsm.o
LOAD ..\obj\api_msg.o
LOAD ..\obj\chap.o
LOAD ..\obj\stm32f4xx_gpio.o
LOAD ..\obj\stm32f4xx_flash.o
LOAD ..\obj\md5.o
LOAD ..\obj\sys_arch.o
LOAD ..\obj\list.o
LOAD ..\obj\mbrtu.o
LOAD ..\obj\system_stm32f4xx.o
LOAD ..\obj\syscalls.o
LOAD ..\obj\stm32f4xx_dma.o
LOAD ..\obj\portother.o
LOAD ..\obj\queue.o
LOAD ..\obj\port.o
LOAD ..\obj\sockets.o
LOAD ..\obj\igmp.o
LOAD ..\obj\settings.o
LOAD ..\obj\pap.o
LOAD ..\obj\mbinit.o
LOAD ..\obj\cfg_info.o
LOAD ..\obj\croutine.o
LOAD ..\obj\udp.o
LOAD ..\obj\ip.o
LOAD ..\obj\stm32f4xx_spi.o
LOAD ..\obj\mbfunccoils.o
LOAD ..\obj\event_groups.o
LOAD ..\obj\auth.o
LOAD ..\obj\stm32f4xx_exti.o
LOAD ..\obj\icmp.o
LOAD ..\obj\ppp_oe.o
LOAD ..\obj\dns.o
LOAD ..\obj\netifapi.o
LOAD ..\obj\misc.o
LOAD ..\obj\api_lib.o
LOAD ..\obj\udp_send.o
LOAD ..\obj\mbtcp.o
LOAD ..\obj\dhcp.o
LOAD ..\obj\ppp.o
LOAD ..\obj\mbascii.o
LOAD ..\obj\mbfunc.o
LOAD ..\obj\heap_2.o
LOAD ..\obj\http_server.o
LOAD ..\obj\ipcp.o
LOAD ..\obj\stm32f4xx_tim.o
LOAD ..\obj\tcp_out.o
LOAD ..\obj\raw.o
LOAD ..\obj\eeprom.o
START GROUP
LOAD c:/program files (x86)/gnu tools arm embedded/4.9 2015q2/bin/../lib/gcc/arm-none-eabi/4.9.3/armv7e-m/softfp\libgcc.a
LOAD c:/program files (x86)/gnu tools arm embedded/4.9 2015q2/bin/../lib/gcc/arm-none-eabi/4.9.3/../../../../arm-none-eabi/lib/armv7e-m/softfp\libg.a
LOAD c:/program files (x86)/gnu tools arm embedded/4.9 2015q2/bin/../lib/gcc/arm-none-eabi/4.9.3/../../../../arm-none-eabi/lib/armv7e-m/softfp\libc.a
END GROUP
OUTPUT(LAN8720.elf elf32-littlearm)

.debug_info     0x00000000    0x1ac27
 .debug_info    0x00000000      0x26c ..\obj\stm32f4xx_syscfg.o
 .debug_info    0x0000026c      0x370 ..\obj\mem.o
 .debug_info    0x000005dc      0x5f7 ..\obj\mb.o
 .debug_info    0x00000bd3      0x1b2 ..\obj\mbfuncdisc.o
 .debug_info    0x00000d85     0x1372 ..\obj\tcp.o
 .debug_info    0x000020f7      0x197 ..\obj\portevent.o
 .debug_info    0x0000228e      0x859 ..\obj\porttcp.o
 .debug_info    0x00002ae7      0x215 ..\obj\mbfuncother.o
 .debug_info    0x00002cfc      0xc9a ..\obj\tcp_in.o
 .debug_info    0x00003996      0x261 ..\obj\memp.o
 .debug_info    0x00003bf7      0xb4d ..\obj\tcpip.o
 .debug_info    0x00004744      0x273 ..\obj\mbutils.o
 .debug_info    0x000049b7       0xed ..\obj\startup_stm32f4xx.o
 .debug_info    0x00004aa4     0x190d ..\obj\stm32f4x7_eth.o
 .debug_info    0x000063b1      0x540 ..\obj\ip_addr.o
 .debug_info    0x000068f1      0x295 ..\obj\mbfuncholding.o
 .debug_info    0x00006b86      0x39b ..\obj\inet_chksum.o
 .debug_info    0x00006f21      0x6e0 ..\obj\main.o
 .debug_info    0x00007601      0xc4d ..\obj\stm32f4xx_rcc.o
 .debug_info    0x0000824e      0x181 ..\obj\stm32f4xx_it.o
 .debug_info    0x000083cf      0x8ca ..\obj\timers.o
 .debug_info    0x00008c99       0x88 ..\obj\init.o
 .debug_info    0x00008d21      0x817 ..\obj\stm32f4x7_eth_bsp.o
 .debug_info    0x00009538      0x1a4 ..\obj\mbfuncinput.o
 .debug_info    0x000096dc       0xfd ..\obj\def.o
 .debug_info    0x000097d9      0xb18 ..\obj\ethernetif.o
 .debug_info    0x0000a2f1      0x54c ..\obj\stm32f4xx_dcmi.o
 .debug_info    0x0000a83d      0xdea ..\obj\etharp.o
 .debug_info    0x0000b627     0x1b85 ..\obj\tasks.o
 .debug_info    0x0000d1ac      0x71c ..\obj\tcp_send.o
 .debug_info    0x0000d8c8      0x857 ..\obj\pbuf.o
 .debug_info    0x0000e11f      0xc54 ..\obj\adc_dcmi.o
 .debug_info    0x0000ed73      0xe45 ..\obj\netif.o
 .debug_info    0x0000fbb8      0x602 ..\obj\stm32f4xx_gpio.o
 .debug_info    0x000101ba      0x6c3 ..\obj\sys_arch.o
 .debug_info    0x0001087d      0x299 ..\obj\list.o
 .debug_info    0x00010b16      0x592 ..\obj\system_stm32f4xx.o
 .debug_info    0x000110a8      0x3ee ..\obj\syscalls.o
 .debug_info    0x00011496      0x739 ..\obj\stm32f4xx_dma.o
 .debug_info    0x00011bcf      0x2ad ..\obj\portother.o
 .debug_info    0x00011e7c     0x10ec ..\obj\queue.o
 .debug_info    0x00012f68      0x52b ..\obj\port.o
 .debug_info    0x00013493      0x3b1 ..\obj\settings.o
 .debug_info    0x00013844       0xef ..\obj\mbinit.o
 .debug_info    0x00013933      0xb4c ..\obj\udp.o
 .debug_info    0x0001447f      0x92d ..\obj\ip.o
 .debug_info    0x00014dac      0x2cf ..\obj\mbfunccoils.o
 .debug_info    0x0001507b      0x5af ..\obj\icmp.o