Archive member included because of file (symbol)

c:/program files/gnu tools arm embedded/4.9 2015q2/bin/../lib/gcc/arm-none-eabi/4.9.3/../../../../arm-none-eabi/lib/armv7e-m/softfp\libg.a(lib_a-memcmp.o)
                              ..\obj\etharp.o (memcmp)
c:/program files/gnu tools arm embedded/4.9 2015q2/bin/../lib/gcc/arm-none-eabi/4.9.3/../../../../arm-none-eabi/lib/armv7e-m/softfp\libg.a(lib_a-memcpy.o)
                              ..\obj\porttcp.o (memcpy)
c:/program files/gnu tools arm embedded/4.9 2015q2/bin/../lib/gcc/arm-none-eabi/4.9.3/../../../../arm-none-eabi/lib/armv7e-m/softfp\libg.a(lib_a-memset.o)
                              ..\obj\mem.o (memset)
c:/program files/gnu tools arm embedded/4.9 2015q2/bin/../lib/gcc/arm-none-eabi/4.9.3/../../../../arm-none-eabi/lib/armv7e-m/softfp\libg.a(lib_a-printf.o)
                              ..\obj\portother.o (printf)
c:/program files/gnu tools arm embedded/4.9 2015q2/bin/../lib/gcc/arm-none-eabi/4.9.3/../../../../arm-none-eabi/lib/armv7e-m/softfp\libg.a(lib_a-snprintf.o)
                              ..\obj\portother.o (snprintf)
c:/program files/gnu tools arm embedded/4.9 2015q2/bin/../lib/gcc/arm-none-eabi/4.9.3/../../../../arm-none-eabi/lib/armv7e-m/softfp\libg.a(lib_a-sprintf.o)
                              ..\obj\http_server.o (sprintf)
c:/program files/gnu tools arm embedded/4.9 2015q2/bin/../lib/gcc/arm-none-eabi/4.9.3/../../../../arm-none-eabi/lib/armv7e-m/softfp\libg.a(lib_a-strlen.o)
                              ..\obj\pbuf.o (strlen)
c:/program files/gnu tools arm embedded/4.9 2015q2/bin/../lib/gcc/arm-none-eabi/4.9.3/../../../../arm-none-eabi/lib/armv7e-m/softfp\libg.a(lib_a-strncmp.o)
                              ..\obj\http_server.o (strncmp)
c:/program files/gnu tools arm embedded/4.9 2015q2/bin/../lib/gcc/arm-none-eabi/4.9.3/../../../../arm-none-eabi/lib/armv7e-m/softfp\libg.a(lib_a-svfprintf.o)
                              c:/program files/gnu tools arm embedded/4.9 2015q2/bin/../lib/gcc/arm-none-eabi/4.9.3/../../../../arm-none-eabi/lib/armv7e-m/softfp\libg.a(lib_a-snprintf.o) (_svfprintf_r)
c:/program files/gnu tools arm embedded/4.9 2015q2/bin/../lib/gcc/arm-none-eabi/4.9.3/../../../../arm-none-eabi/lib/armv7e-m/softfp\libg.a(lib_a-vfprintf.o)
                              c:/program files/gnu tools arm embedded/4.9 2015q2/bin/../lib/gcc/arm-none-eabi/4.9.3/../../../../arm-none-eabi/lib/armv7e-m/softfp\libg.a(lib_a-printf.o) (_vfprintf_r)
c:/program files/gnu tools arm embedded/4.9 2015q2/bin/../lib/gcc/arm-none-eabi/4.9.3/../../../../arm-none-eabi/lib/armv7e-m/softfp\libg.a(lib_a-vprintf.o)
                              ..\obj\portother.o (vprintf)
c:/program files/gnu tools arm embedded/4.9 2015q2/bin/../lib/gcc/arm-none-eabi/4.9.3/../../../../arm-none-eabi/lib/armv7e-m/softfp\libg.a(lib_a-wsetup.o)
                              c:/program files/gnu tools arm embedded/4.9 2015q2/bin/../lib/gcc/arm-none-eabi/4.9.3/../../../../arm-none-eabi/lib/armv7e-m/softfp\libg.a(lib_a-vfprintf.o) (__swsetup_r)
c:/program files/gnu tools arm embedded/4.9 2015q2/bin/../lib/gcc/arm-none-eabi/4.9.3/../../../../arm-none-eabi/lib/armv7e-m/softfp\libg.a(lib_a-dtoa.o)
                              c:/program files/gnu tools arm embedded/4.9 2015q2/bin/../lib/gcc/arm-none-eabi/4.9.3/../../../../arm-none-eabi/lib/armv7e-m/softfp\libg.a(lib_a-svfprintf.o) (_dtoa_r)
c:/program files/gnu tools arm embedded/4.9 2015q2/bin/../lib/gcc/arm-none-eabi/4.9.3/../../../../arm-none-eabi/lib/armv7e-m/softfp\libg.a(lib_a-fflush.o)
                              c:/program files/gnu tools arm embedded/4.9 2015q2/bin/../lib/gcc/arm-none-eabi/4.9.3/../../../../arm-none-eabi/lib/armv7e-m/softfp\libg.a(lib_a-vfprintf.o) (_fflush_r)
c:/program files/gnu tools arm embedded/4.9 2015q2/bin/../lib/gcc/arm-none-eabi/4.9.3/../../../../arm-none-eabi/lib/armv7e-m/softfp\libg.a(lib_a-findfp.o)
                              c:/program files/gnu tools arm embedded/4.9 2015q2/bin/../lib/gcc/arm-none-eabi/4.9.3/../../../../arm-none-eabi/lib/armv7e-m/softfp\libg.a(lib_a-vfprintf.o) (__sinit)
c:/program files/gnu tools arm embedded/4.9 2015q2/bin/../lib/gcc/arm-none-eabi/4.9.3/../../../../arm-none-eabi/lib/armv7e-m/softfp\libg.a(lib_a-freer.o)
                              c:/program files/gnu tools arm embedded/4.9 2015q2/bin/../lib/gcc/arm-none-eabi/4.9.3/../../../../arm-none-eabi/lib/armv7e-m/softfp\libg.a(lib_a-wsetup.o) (_free_r)
c:/program files/gnu tools arm embedded/4.9 2015q2/bin/../lib/gcc/arm-none-eabi/4.9.3/../../../../arm-none-eabi/lib/armv7e-m/softfp\libg.a(lib_a-fwalk.o)
                              c:/program files/gnu tools arm embedded/4.9 2015q2/bin/../lib/gcc/arm-none-eabi/4.9.3/../../../../arm-none-eabi/lib/armv7e-m/softfp\libg.a(lib_a-findfp.o) (_fwalk)
c:/program files/gnu tools arm embedded/4.9 2015q2/bin/../lib/gcc/arm-none-eabi/4.9.3/../../../../arm-none-eabi/lib/armv7e-m/softfp\libg.a(lib_a-impure.o)
[...]
Memory Configuration

Name             Origin             Length             Attributes
rom              0x08000000         0x00100000         xr
ram              0x20000000         0x00020000         xrw
ram1             0x10000000         0x00010000         xrw
*default*        0x00000000         0xffffffff

Linker script and memory map

                0x20020000                _eram = 0x20020000

.text           0x08000000    0x14dd8
 *(.isr_vector)
 .isr_vector    0x08000000      0x188 ..\obj\startup_stm32f4xx.o
                0x08000000                g_pfnVectors
 *(.text*)
 .text.SYSCFG_ETH_MediaInterfaceConfig
                0x08000188       0x1c ..\obj\stm32f4xx_syscfg.o
                0x08000188                SYSCFG_ETH_MediaInterfaceConfig
 .text.plug_holes
                0x080001a4       0xbc ..\obj\mem.o
 .text.mem_init
                0x08000260       0x80 ..\obj\mem.o
                0x08000260                mem_init
 .text.mem_free
                0x080002e0       0x74 ..\obj\mem.o
                0x080002e0                mem_free
 .text.mem_trim
                0x08000354      0x188 ..\obj\mem.o
                0x08000354                mem_trim
 .text.mem_malloc
                0x080004dc      0x164 ..\obj\mem.o
                0x080004dc                mem_malloc
 .text.eMBTCPInit
                0x08000640       0xa4 ..\obj\mb.o
                0x08000640                eMBTCPInit
 .text.eMBEnable
                0x080006e4       0x38 ..\obj\mb.o
                0x080006e4                eMBEnable
 .text.eMBPoll  0x0800071c      0x170 ..\obj\mb.o
                0x0800071c                eMBPoll
 .text.eMBFuncReadDiscreteInputs
                0x0800088c      0x104 ..\obj\mbfuncdisc.o
                0x0800088c                eMBFuncReadDiscreteInputs
 .text.tcp_init
                0x08000990        0xc ..\obj\tcp.o
                0x08000990                tcp_init
 .text.tcp_tmr  0x0800099c       0x2c ..\obj\tcp.o
                0x0800099c                tcp_tmr
 .text.tcp_close_shutdown
                0x080009c8      0x250 ..\obj\tcp.o
 .text.tcp_close
                0x08000c18       0x30 ..\obj\tcp.o
                0x08000c18                tcp_close
 .text.tcp_abandon
                0x08000c48       0xc0 ..\obj\tcp.o
                0x08000c48                tcp_abandon
 .text.tcp_abort
                0x08000d08       0x18 ..\obj\tcp.o
                0x08000d08                tcp_abort
 .text.tcp_bind
                0x08000d20       0xdc ..\obj\tcp.o
                0x08000d20                tcp_bind
 .text.tcp_accept_null
                0x08000dfc       0x20 ..\obj\tcp.o
 .text.tcp_listen_with_backlog
                0x08000e1c      0x114 ..\obj\tcp.o
                0x08000e1c                tcp_listen_with_backlog
 .text.tcp_update_rcv_ann_wnd
                0x08000f30       0x84 ..\obj\tcp.o
                0x08000f30                tcp_update_rcv_ann_wnd
 .text.tcp_recved
                0x08000fb4       0x5c ..\obj\tcp.o
                0x08000fb4                tcp_recved
 .text.tcp_new_port
                0x08001010       0x8c ..\obj\tcp.o
 .text.tcp_slowtmr
                0x0800109c      0x42c ..\obj\tcp.o
                0x0800109c                tcp_slowtmr
 .text.tcp_fasttmr
                0x080014c8       0xa0 ..\obj\tcp.o
                0x080014c8                tcp_fasttmr
 .text.tcp_process_refused_data
                0x08001568       0xc8 ..\obj\tcp.o
                0x08001568                tcp_process_refused_data
 .text.tcp_segs_free
                0x08001630       0x28 ..\obj\tcp.o
                0x08001630                tcp_segs_free
 .text.tcp_seg_free
                0x08001658       0x30 ..\obj\tcp.o
                0x08001658                tcp_seg_free
 .text.tcp_recv_null
                0x08001688       0x48 ..\obj\tcp.o
                0x08001688                tcp_recv_null
 .text.tcp_kill_prio
                0x080016d0       0x80 ..\obj\tcp.o
 .text.tcp_kill_timewait
                0x08001750       0x5c ..\obj\tcp.o
 .text.tcp_alloc
                0x080017ac      0x114 ..\obj\tcp.o
                0x080017ac                tcp_alloc
 .text.tcp_new  0x080018c0       0x10 ..\obj\tcp.o
                0x080018c0                tcp_new
 .text.tcp_arg  0x080018d0       0x1c ..\obj\tcp.o
                0x080018d0                tcp_arg
 .text.tcp_recv
                0x080018ec       0x1c ..\obj\tcp.o
                0x080018ec                tcp_recv
 .text.tcp_err  0x08001908       0x1c ..\obj\tcp.o
                0x08001908                tcp_err
 .text.tcp_accept
                0x08001924       0x1c ..\obj\tcp.o
                0x08001924                tcp_accept
 .text.tcp_pcb_purge
                0x08001940       0x70 ..\obj\tcp.o
                0x08001940                tcp_pcb_purge
 .text.tcp_pcb_remove
                0x080019b0       0xa8 ..\obj\tcp.o
                0x080019b0                tcp_pcb_remove
 .text.tcp_next_iss
                0x08001a58       0x28 ..\obj\tcp.o
                0x08001a58                tcp_next_iss
 .text.tcp_eff_send_mss
                0x08001a80       0x40 ..\obj\tcp.o
                0x08001a80                tcp_eff_send_mss
 .text.xMBPortEventInit
                0x08001ac0       0x34 ..\obj\portevent.o
                0x08001ac0                xMBPortEventInit
 .text.xMBPortEventPost
                0x08001af4       0x4c ..\obj\portevent.o
                0x08001af4                xMBPortEventPost
 .text.xMBPortEventGet
                0x08001b40       0x34 ..\obj\portevent.o
                0x08001b40                xMBPortEventGet
 .text.xMBTCPPortInit
                0x08001b74       0xac ..\obj\porttcp.o
                0x08001b74                xMBTCPPortInit
 .text.prvvMBPortReleaseClient
                0x08001c20       0x8c ..\obj\porttcp.o
                0x08001c20                prvvMBPortReleaseClient
 .text.vMBTCPPortDisable
                0x08001cac       0x14 ..\obj\porttcp.o
                0x08001cac                vMBTCPPortDisable
 .text.prvxMBTCPPortAccept
                0x08001cc0       0xb0 ..\obj\porttcp.o
 .text.prvvMBTCPPortError
                0x08001d70       0x34 ..\obj\porttcp.o
 .text.prvxMBTCPPortReceive
                0x08001da4      0x10c ..\obj\porttcp.o
 .text.xMBTCPPortGetRequest
                0x08001eb0       0x34 ..\obj\porttcp.o
                0x08001eb0                xMBTCPPortGetRequest
 .text.xMBTCPPortSendResponse
                0x08001ee4       0x6c ..\obj\porttcp.o
                0x08001ee4                xMBTCPPortSendResponse
 .text.eMBSetSlaveID
                0x08001f50       0x9c ..\obj\mbfuncother.o
                0x08001f50                eMBSetSlaveID
 .text.eMBFuncReportSlaveID
                0x08001fec       0x3c ..\obj\mbfuncother.o
                0x08001fec                eMBFuncReportSlaveID
 .text.tcp_input
                0x08002028      0x5f0 ..\obj\tcp_in.o
                0x08002028                tcp_input
 .text.tcp_listen_input
                0x08002618      0x194 ..\obj\tcp_in.o
 .text.tcp_timewait_input
                0x080027ac       0xd8 ..\obj\tcp_in.o
 .text.tcp_process
                0x08002884      0x6b8 ..\obj\tcp_in.o
 .text.tcp_receive
                0x08002f3c      0x8e0 ..\obj\tcp_in.o
 .text.tcp_parseopt
                0x0800381c      0x104 ..\obj\tcp_in.o
 .text.memp_init
                0x08003920       0x98 ..\obj\memp.o
                0x08003920                memp_init
 .text.memp_malloc
                0x080039b8       0x44 ..\obj\memp.o
                0x080039b8                memp_malloc
 .text.memp_free
                0x080039fc       0x3c ..\obj\memp.o
                0x080039fc                memp_free
 .text.tcpip_thread
                0x08003a38      0x114 ..\obj\tcpip.o
 .text.tcpip_input
                0x08003b4c       0x64 ..\obj\tcpip.o
                0x08003b4c                tcpip_input
 .text.tcpip_init
                0x08003bb0       0x50 ..\obj\tcpip.o
                0x08003bb0                tcpip_init
 .text.prveMBError2Exception
                0x08003c00       0x40 ..\obj\mbutils.o
                0x08003c00                prveMBError2Exception
 .text.Default_Reset_Handler
                0x08003c40       0x6c ..\obj\startup_stm32f4xx.o
                0x08003c40                Default_Reset_Handler
                0x08003c40                Reset_Handler
 .text.Default_Handler
                0x08003cac        0x8 ..\obj\startup_stm32f4xx.o
                0x08003cac                RTC_Alarm_IRQHandler
                0x08003cac                HASH_RNG_IRQHandler
                0x08003cac                EXTI2_IRQHandler
                0x08003cac                TIM8_CC_IRQHandler
                0x08003cac                TIM1_CC_IRQHandler
                0x08003cac                DMA2_Stream5_IRQHandler
                0x08003cac                DMA1_Stream5_IRQHandler
                0x08003cac                PVD_IRQHandler
                0x08003cac                SDIO_IRQHandler
                0x08003cac                TAMP_STAMP_IRQHandler
                0x08003cac                CAN2_RX1_IRQHandler
                0x08003cac                EXTI3_IRQHandler
                0x08003cac                TIM8_TRG_COM_TIM14_IRQHandler
                0x08003cac                TIM1_UP_TIM10_IRQHandler
                0x08003cac                TIM8_UP_TIM13_IRQHandler
                0x08003cac                I2C3_ER_IRQHandler
                0x08003cac                EXTI0_IRQHandler
                0x08003cac                I2C2_EV_IRQHandler
                0x08003cac                DMA1_Stream2_IRQHandler
                0x08003cac                CAN1_RX0_IRQHandler
                0x08003cac                FPU_IRQHandler
                0x08003cac                OTG_HS_WKUP_IRQHandler
                0x08003cac                CAN2_SCE_IRQHandler
                0x08003cac                DMA2_Stream2_IRQHandler
                0x08003cac                SPI1_IRQHandler
                0x08003cac                TIM6_DAC_IRQHandler
                0x08003cac                TIM1_BRK_TIM9_IRQHandler
                0x08003cac                DCMI_IRQHandler
                0x08003cac                CAN2_RX0_IRQHandler
                0x08003cac                DMA2_Stream3_IRQHandler
                0x08003cac                USART6_IRQHandler
                0x08003cac                USART3_IRQHandler
                0x08003cac                CRYP_IRQHandler
                0x08003cac                CAN1_RX1_IRQHandler
                0x08003cac                UART5_IRQHandler
                0x08003cac                DMA2_Stream0_IRQHandler
                0x08003cac                TIM4_IRQHandler
                0x08003cac                I2C1_EV_IRQHandler
                0x08003cac                DMA1_Stream6_IRQHandler
                0x08003cac                DMA1_Stream1_IRQHandler
                0x08003cac                UART4_IRQHandler
                0x08003cac                TIM3_IRQHandler
                0x08003cac                RCC_IRQHandler
                0x08003cac                TIM8_BRK_TIM12_IRQHandler
                0x08003cac                EXTI15_10_IRQHandler
                0x08003cac                ADC_IRQHandler
                0x08003cac                DMA1_Stream7_IRQHandler
                0x08003cac                TIM7_IRQHandler
                0x08003cac                CAN2_TX_IRQHandler
                0x08003cac                TIM5_IRQHandler
                0x08003cac                DMA2_Stream7_IRQHandler
                0x08003cac                I2C3_EV_IRQHandler
                0x08003cac                EXTI9_5_IRQHandler
                0x08003cac                RTC_WKUP_IRQHandler
                0x08003cac                ETH_WKUP_IRQHandler
                0x08003cac                SPI2_IRQHandler
                0x08003cac                OTG_HS_EP1_IN_IRQHandler
                0x08003cac                DMA1_Stream0_IRQHandler
                0x08003cac                CAN1_TX_IRQHandler
                0x08003cac                EXTI4_IRQHandler
                0x08003cac                FSMC_IRQHandler
                0x08003cac                OTG_HS_EP1_OUT_IRQHandler
                0x08003cac                WWDG_IRQHandler
                0x08003cac                TIM2_IRQHandler
                0x08003cac                OTG_FS_WKUP_IRQHandler
                0x08003cac                TIM1_TRG_COM_TIM11_IRQHandler
                0x08003cac                OTG_HS_IRQHandler
                0x08003cac                EXTI1_IRQHandler
                0x08003cac                USART2_IRQHandler
                0x08003cac                I2C2_ER_IRQHandler
                0x08003cac                CAN1_SCE_IRQHandler
                0x08003cac                FLASH_IRQHandler
                0x08003cac                DMA2_Stream4_IRQHandler
                0x08003cac                USART1_IRQHandler
                0x08003cac                OTG_FS_IRQHandler
                0x08003cac                SPI3_IRQHandler
                0x08003cac                DMA1_Stream4_IRQHandler
                0x08003cac                I2C1_ER_IRQHandler
                0x08003cac                DMA2_Stream6_IRQHandler
                0x08003cac                DMA1_Stream3_IRQHandler
 .text.ETH_Delay
                0x08003cb4       0x28 ..\obj\stm32f4x7_eth.o
 .text.ETH_DeInit
                0x08003cdc       0x1c ..\obj\stm32f4x7_eth.o
                0x08003cdc                ETH_DeInit
 .text.ETH_StructInit
                0x08003cf8      0x15c ..\obj\stm32f4x7_eth.o
                0x08003cf8                ETH_StructInit
 .text.ETH_Init
                0x08003e54      0x42c ..\obj\stm32f4x7_eth.o
                0x08003e54                ETH_Init
 .text.ETH_Start
                0x08004280       0x24 ..\obj\stm32f4x7_eth.o
                0x08004280                ETH_Start
 .text.ETH_MACTransmissionCmd
                0x080042a4       0x38 ..\obj\stm32f4x7_eth.o
                0x080042a4                ETH_MACTransmissionCmd
 .text.ETH_MACReceptionCmd
                0x080042dc       0x38 ..\obj\stm32f4x7_eth.o
                0x080042dc                ETH_MACReceptionCmd
 .text.ETH_MACAddressConfig
                0x08004314       0x6c ..\obj\stm32f4x7_eth.o
                0x08004314                ETH_MACAddressConfig
 .text.ETH_Get_Received_Frame_interrupt
                0x08004380      0x144 ..\obj\stm32f4x7_eth.o
                0x08004380                ETH_Get_Received_Frame_interrupt
 .text.ETH_Prepare_Transmit_Descriptors
                0x080044c4      0x16c ..\obj\stm32f4x7_eth.o
                0x080044c4                ETH_Prepare_Transmit_Descriptors
 .text.ETH_DMARxDescChainInit
                0x08004630       0xa8 ..\obj\stm32f4x7_eth.o
                0x08004630                ETH_DMARxDescChainInit
 .text.ETH_DMATxDescChainInit
                0x080046d8       0x90 ..\obj\stm32f4x7_eth.o
                0x080046d8                ETH_DMATxDescChainInit
 .text.ETH_DMATxDescChecksumInsertionConfig
                0x08004768       0x20 ..\obj\stm32f4x7_eth.o
                0x08004768                ETH_DMATxDescChecksumInsertionConfig
 .text.ETH_DMARxDescReceiveITConfig
                0x08004788       0x38 ..\obj\stm32f4x7_eth.o
                0x08004788                ETH_DMARxDescReceiveITConfig
 .text.ETH_SoftwareReset
                0x080047c0       0x24 ..\obj\stm32f4x7_eth.o
                0x080047c0                ETH_SoftwareReset
 .text.ETH_GetSoftwareResetStatus
                0x080047e4       0x38 ..\obj\stm32f4x7_eth.o
                0x080047e4                ETH_GetSoftwareResetStatus
 .text.ETH_GetDMAFlagStatus
                0x0800481c       0x3c ..\obj\stm32f4x7_eth.o
                0x0800481c                ETH_GetDMAFlagStatus
 .text.ETH_DMAITConfig
                0x08004858       0x54 ..\obj\stm32f4x7_eth.o
                0x08004858                ETH_DMAITConfig
 .text.ETH_DMAClearITPendingBit
                0x080048ac       0x24 ..\obj\stm32f4x7_eth.o
                0x080048ac                ETH_DMAClearITPendingBit
 .text.ETH_FlushTransmitFIFO
                0x080048d0       0x28 ..\obj\stm32f4x7_eth.o
                0x080048d0                ETH_FlushTransmitFIFO
 .text.ETH_DMATransmissionCmd
                0x080048f8       0x50 ..\obj\stm32f4x7_eth.o
                0x080048f8                ETH_DMATransmissionCmd
 .text.ETH_DMAReceptionCmd
                0x08004948       0x50 ..\obj\stm32f4x7_eth.o
                0x08004948                ETH_DMAReceptionCmd
 .text.ETH_ReadPHYRegister
                0x08004998       0xa0 ..\obj\stm32f4x7_eth.o
                0x08004998                ETH_ReadPHYRegister
 .text.ETH_WritePHYRegister
                0x08004a38       0xa4 ..\obj\stm32f4x7_eth.o
                0x08004a38                ETH_WritePHYRegister
 .text.ip4_addr_isbroadcast
                0x08004adc       0x78 ..\obj\ip_addr.o
                0x08004adc                ip4_addr_isbroadcast
 .text.eMBFuncWriteHoldingRegister
                0x08004b54       0x70 ..\obj\mbfuncholding.o
                0x08004b54                eMBFuncWriteHoldingRegister
 .text.eMBFuncWriteMultipleHoldingRegister
                0x08004bc4       0xbc ..\obj\mbfuncholding.o
                0x08004bc4                eMBFuncWriteMultipleHoldingRegister
 .text.eMBFuncReadHoldingRegister
                0x08004c80       0xe4 ..\obj\mbfuncholding.o
                0x08004c80                eMBFuncReadHoldingRegister
 .text.eMBFuncReadWriteMultipleHoldingRegister
                0x08004d64      0x160 ..\obj\mbfuncholding.o
                0x08004d64                eMBFuncReadWriteMultipleHoldingRegister
 .text.lwip_standard_chksum
                0x08004ec4       0xbc ..\obj\inet_chksum.o
 .text.inet_chksum
                0x08004f80       0x24 ..\obj\inet_chksum.o
                0x08004f80                inet_chksum
 .text.inet_chksum_pbuf
                0x08004fa4       0x98 ..\obj\inet_chksum.o
                0x08004fa4                inet_chksum_pbuf
 .text.LwIP_Init
                0x0800503c       0x60 ..\obj\main.o
                0x0800503c                LwIP_Init
 .text.main     0x0800509c       0x28 ..\obj\main.o
                0x0800509c                main
 .text.RCC_MCO1Config
                0x080050c4       0x3c ..\obj\stm32f4xx_rcc.o
                0x080050c4                RCC_MCO1Config
 .text.RCC_GetClocksFreq
                0x08005100      0x154 ..\obj\stm32f4xx_rcc.o
                0x08005100                RCC_GetClocksFreq
 .text.RCC_AHB1PeriphClockCmd
                0x08005254       0x3c ..\obj\stm32f4xx_rcc.o
                0x08005254                RCC_AHB1PeriphClockCmd
 .text.RCC_AHB2PeriphClockCmd
                0x08005290       0x3c ..\obj\stm32f4xx_rcc.o
                0x08005290                RCC_AHB2PeriphClockCmd
 .text.RCC_APB1PeriphClockCmd
                0x080052cc       0x3c ..\obj\stm32f4xx_rcc.o
                0x080052cc                RCC_APB1PeriphClockCmd
 .text.RCC_APB2PeriphClockCmd
                0x08005308       0x3c ..\obj\stm32f4xx_rcc.o
                0x08005308                RCC_APB2PeriphClockCmd
 .text.RCC_AHB1PeriphResetCmd
                0x08005344       0x3c ..\obj\stm32f4xx_rcc.o
                0x08005344                RCC_AHB1PeriphResetCmd
 .text.NMI_Handler
                0x08005380        0xc ..\obj\stm32f4xx_it.o
                0x08005380                NMI_Handler
 .text.HardFault_Handler
                0x0800538c        0x8 ..\obj\stm32f4xx_it.o
                0x0800538c                HardFault_Handler
 .text.MemManage_Handler
                0x08005394        0x8 ..\obj\stm32f4xx_it.o
                0x08005394                MemManage_Handler
 .text.BusFault_Handler
                0x0800539c        0x8 ..\obj\stm32f4xx_it.o
                0x0800539c                BusFault_Handler
 .text.UsageFault_Handler
                0x080053a4        0x8 ..\obj\stm32f4xx_it.o
                0x080053a4                UsageFault_Handler
 .text.DebugMon_Handler
                0x080053ac        0xc ..\obj\stm32f4xx_it.o
                0x080053ac                DebugMon_Handler
 .text.ETH_IRQHandler
                0x080053b8       0x5c ..\obj\stm32f4xx_it.o
                0x080053b8                ETH_IRQHandler
 .text.tcpip_tcp_timer
                0x08005414       0x44 ..\obj\timers.o
 .text.tcp_timer_needed
                0x08005458       0x40 ..\obj\timers.o
                0x08005458                tcp_timer_needed
 .text.arp_timer
                0x08005498       0x24 ..\obj\timers.o
 .text.dhcp_timer_coarse
                0x080054bc       0x24 ..\obj\timers.o
 .text.dhcp_timer_fine
                0x080054e0       0x24 ..\obj\timers.o
 .text.sys_timeouts_init
                0x08005504       0x38 ..\obj\timers.o
                0x08005504                sys_timeouts_init
 .text.sys_timeout
                0x0800553c       0xdc ..\obj\timers.o
                0x0800553c                sys_timeout
 .text.sys_untimeout
                0x08005618       0x8c ..\obj\timers.o
                0x08005618                sys_untimeout
 .text.sys_timeouts_mbox_fetch
                0x080056a4       0xac ..\obj\timers.o
                0x080056a4                sys_timeouts_mbox_fetch
 .text.lwip_init
                0x08005750       0x24 ..\obj\init.o
                0x08005750                lwip_init
 .text.ETH_BSP_Config
                0x08005774       0x20 ..\obj\stm32f4x7_eth_bsp.o
                0x08005774                ETH_BSP_Config
 .text.ETH_MACDMA_Config
                0x08005794       0xc8 ..\obj\stm32f4x7_eth_bsp.o
 .text.ETH_GPIO_Config
                0x0800585c      0x130 ..\obj\stm32f4x7_eth_bsp.o
 .text.ETH_NVIC_Config
                0x0800598c       0x2c ..\obj\stm32f4x7_eth_bsp.o
 .text.eMBFuncReadInputRegister
                0x080059b8       0xe8 ..\obj\mbfuncinput.o
                0x080059b8                eMBFuncReadInputRegister
 .text.lwip_htons
                0x08005aa0       0x2c ..\obj\def.o
                0x08005aa0                lwip_htons
 .text.lwip_ntohs
                0x08005acc       0x1c ..\obj\def.o
                0x08005acc                lwip_ntohs
 .text.lwip_htonl
                0x08005ae8       0x34 ..\obj\def.o
                0x08005ae8                lwip_htonl
 .text.lwip_ntohl
                0x08005b1c       0x18 ..\obj\def.o
                0x08005b1c                lwip_ntohl
 .text.low_level_init
                0x08005b34      0x11c ..\obj\ethernetif.o
 .text.low_level_output
                0x08005c50       0xc0 ..\obj\ethernetif.o
 .text.low_level_input
                0x08005d10      0x100 ..\obj\ethernetif.o
 .text.ethernetif_input
                0x08005e10       0x54 ..\obj\ethernetif.o
 .text.ethernetif_init
                0x08005e64       0x50 ..\obj\ethernetif.o
                0x08005e64                ethernetif_init
 .text.arp_timer
                0x08005eb4       0x24 ..\obj\ethernetif.o
 .text.DCMI_DeInit
                0x08005ed8       0x3c ..\obj\stm32f4xx_dcmi.o
                0x08005ed8                DCMI_DeInit
 .text.DCMI_Init
                0x08005f14       0x80 ..\obj\stm32f4xx_dcmi.o
                0x08005f14                DCMI_Init
 .text.DCMI_JPEGCmd
                0x08005f94       0x38 ..\obj\stm32f4xx_dcmi.o
                0x08005f94                DCMI_JPEGCmd
 .text.DCMI_Cmd
                0x08005fcc       0x38 ..\obj\stm32f4xx_dcmi.o
                0x08005fcc                DCMI_Cmd
 .text.DCMI_CaptureCmd
                0x08006004       0x38 ..\obj\stm32f4xx_dcmi.o
                0x08006004                DCMI_CaptureCmd
 .text.etharp_free_entry
                0x0800603c       0x64 ..\obj\etharp.o
 .text.etharp_tmr
                0x080060a0       0xdc ..\obj\etharp.o
                0x080060a0                etharp_tmr
 .text.etharp_find_entry
                0x0800617c      0x1fc ..\obj\etharp.o
 .text.etharp_send_ip
                0x08006378       0x50 ..\obj\etharp.o
 .text.etharp_update_arp_entry
                0x080063c8      0x11c ..\obj\etharp.o
 .text.etharp_cleanup_netif
                0x080064e4       0x60 ..\obj\etharp.o
                0x080064e4                etharp_cleanup_netif
 .text.etharp_arp_input
                0x08006544      0x18c ..\obj\etharp.o
 .text.etharp_output_to_arp_index
                0x080066d0       0xa8 ..\obj\etharp.o
 .text.etharp_output
                0x08006778      0x190 ..\obj\etharp.o
                0x08006778                etharp_output
 .text.etharp_query
                0x08006908      0x220 ..\obj\etharp.o
                0x08006908                etharp_query
 .text.etharp_raw
                0x08006b28       0xf4 ..\obj\etharp.o
 .text.etharp_request
                0x08006c1c       0x48 ..\obj\etharp.o
                0x08006c1c                etharp_request
 .text.ethernet_input
                0x08006c64       0xfc ..\obj\etharp.o
                0x08006c64                ethernet_input
 .text.xTaskGenericCreate
                0x08006d60      0x1a4 ..\obj\tasks.o
                0x08006d60                xTaskGenericCreate
 .text.vTaskStartScheduler
                0x08006f04       0x80 ..\obj\tasks.o
                0x08006f04                vTaskStartScheduler
 .text.vTaskSuspendAll
                0x08006f84       0x1c ..\obj\tasks.o
                0x08006f84                vTaskSuspendAll
 .text.xTaskResumeAll
                0x08006fa0      0x12c ..\obj\tasks.o
                0x08006fa0                xTaskResumeAll
 .text.xTaskGetTickCount
                0x080070cc       0x20 ..\obj\tasks.o
                0x080070cc                xTaskGetTickCount
 .text.xTaskIncrementTick
                0x080070ec      0x180 ..\obj\tasks.o
                0x080070ec                xTaskIncrementTick
 .text.vTaskSwitchContext
                0x0800726c       0xb4 ..\obj\tasks.o
                0x0800726c                vTaskSwitchContext
 .text.vTaskPlaceOnEventList
                0x08007320       0x9c ..\obj\tasks.o
                0x08007320                vTaskPlaceOnEventList
 .text.xTaskRemoveFromEventList
                0x080073bc       0xc8 ..\obj\tasks.o
                0x080073bc                xTaskRemoveFromEventList
 .text.vTaskSetTimeOutState
                0x08007484       0x44 ..\obj\tasks.o
                0x08007484                vTaskSetTimeOutState
 .text.xTaskCheckForTimeOut
                0x080074c8       0xbc ..\obj\tasks.o
                0x080074c8                xTaskCheckForTimeOut
 .text.vTaskMissedYield
                0x08007584       0x18 ..\obj\tasks.o
                0x08007584                vTaskMissedYield
 .text.prvIdleTask
                0x0800759c       0x30 ..\obj\tasks.o
 .text.prvInitialiseTCBVariables
                0x080075cc       0xa4 ..\obj\tasks.o
 .text.prvInitialiseTaskLists
                0x08007670       0x7c ..\obj\tasks.o
 .text.prvCheckTasksWaitingTermination
                0x080076ec       0x74 ..\obj\tasks.o
 .text.prvAddCurrentTaskToDelayedList
                0x08007760       0x6c ..\obj\tasks.o
 .text.prvAllocateTCBAndStack
                0x080077cc       0x70 ..\obj\tasks.o
 .text.prvDeleteTCB
                0x0800783c       0x20 ..\obj\tasks.o
 .text.prvResetNextTaskUnblockTime
                0x0800785c       0x48 ..\obj\tasks.o
 .text.vTaskPriorityInherit
                0x080078a4       0xf0 ..\obj\tasks.o
                0x080078a4                vTaskPriorityInherit
 .text.xTaskPriorityDisinherit
                0x08007994       0xe8 ..\obj\tasks.o
                0x08007994                xTaskPriorityDisinherit
 .text.pvTaskIncrementMutexHeldCount
                0x08007a7c       0x28 ..\obj\tasks.o
                0x08007a7c                pvTaskIncrementMutexHeldCount
 .text.pbuf_alloc
                0x08007aa4      0x1f4 ..\obj\pbuf.o
                0x08007aa4                pbuf_alloc
 .text.pbuf_realloc
                0x08007c98       0xc8 ..\obj\pbuf.o
                0x08007c98                pbuf_realloc
 .text.pbuf_header
                0x08007d60       0xe0 ..\obj\pbuf.o
                0x08007d60                pbuf_header
 .text.pbuf_free
                0x08007e40       0xa0 ..\obj\pbuf.o
                0x08007e40                pbuf_free
 .text.pbuf_clen
                0x08007ee0       0x30 ..\obj\pbuf.o
                0x08007ee0                pbuf_clen
 .text.pbuf_ref
                0x08007f10       0x24 ..\obj\pbuf.o
                0x08007f10                pbuf_ref
 .text.pbuf_cat
                0x08007f34       0x5c ..\obj\pbuf.o
                0x08007f34                pbuf_cat
 .text.pbuf_chain
                0x08007f90       0x20 ..\obj\pbuf.o
                0x08007f90                pbuf_chain
 .text.pbuf_copy
                0x08007fb0      0x110 ..\obj\pbuf.o
                0x08007fb0                pbuf_copy
 .text.pbuf_copy_partial
                0x080080c0       0xcc ..\obj\pbuf.o
                0x080080c0                pbuf_copy_partial
 .text.ADC_Ext_Init
                0x0800818c       0x10 ..\obj\adc_dcmi.o
                0x0800818c                ADC_Ext_Init
 .text.ADC_DCMI_Tim_Init
                0x0800819c      0x160 ..\obj\adc_dcmi.o
                0x0800819c                ADC_DCMI_Tim_Init
 .text.ADC_DCMI_Core_Init
                0x080082fc      0x1cc ..\obj\adc_dcmi.o
                0x080082fc                ADC_DCMI_Core_Init
 .text.DMA2_Stream1_IRQHandler
                0x080084c8       0xa8 ..\obj\adc_dcmi.o
                0x080084c8                DMA2_Stream1_IRQHandler
 .text.netif_init
                0x08008570        0xc ..\obj\netif.o
                0x08008570                netif_init
 .text.netif_add
                0x0800857c       0x88 ..\obj\netif.o
                0x0800857c                netif_add
 .text.netif_set_addr
                0x08008604       0x2c ..\obj\netif.o
                0x08008604                netif_set_addr
 .text.netif_set_ipaddr
                0x08008630       0xb0 ..\obj\netif.o
                0x08008630                netif_set_ipaddr
 .text.netif_set_gw
                0x080086e0       0x28 ..\obj\netif.o
                0x080086e0                netif_set_gw
 .text.netif_set_netmask
                0x08008708       0x28 ..\obj\netif.o
                0x08008708                netif_set_netmask
 .text.netif_set_default
                0x08008730       0x1c ..\obj\netif.o
                0x08008730                netif_set_default
 .text.netif_set_up
                0x0800874c       0x58 ..\obj\netif.o
                0x0800874c                netif_set_up
 .text.netif_set_down
                0x080087a4       0x44 ..\obj\netif.o
                0x080087a4                netif_set_down
 .text.GPIO_Init
                0x080087e8      0x11c ..\obj\stm32f4xx_gpio.o
                0x080087e8                GPIO_Init
 .text.GPIO_SetBits
                0x08008904       0x1c ..\obj\stm32f4xx_gpio.o
                0x08008904                GPIO_SetBits
 .text.GPIO_ResetBits
                0x08008920       0x1c ..\obj\stm32f4xx_gpio.o
                0x08008920                GPIO_ResetBits
 .text.GPIO_ToggleBits
                0x0800893c       0x24 ..\obj\stm32f4xx_gpio.o
                0x0800893c                GPIO_ToggleBits
 .text.GPIO_PinAFConfig
                0x08008960       0x90 ..\obj\stm32f4xx_gpio.o
                0x08008960                GPIO_PinAFConfig
 .text.sys_mbox_new
                0x080089f0       0x38 ..\obj\sys_arch.o
                0x080089f0                sys_mbox_new
 .text.sys_mbox_trypost
                0x08008a28       0x6c ..\obj\sys_arch.o
                0x08008a28                sys_mbox_trypost
 .text.sys_arch_mbox_fetch
                0x08008a94       0xbc ..\obj\sys_arch.o
                0x08008a94                sys_arch_mbox_fetch
 .text.sys_mutex_new
                0x08008b50       0x30 ..\obj\sys_arch.o
                0x08008b50                sys_mutex_new
 .text.sys_mutex_lock
                0x08008b80       0x28 ..\obj\sys_arch.o
                0x08008b80                sys_mutex_lock
 .text.sys_mutex_unlock
                0x08008ba8       0x20 ..\obj\sys_arch.o
                0x08008ba8                sys_mutex_unlock
 .text.sys_init
                0x08008bc8        0xc ..\obj\sys_arch.o
                0x08008bc8                sys_init
 .text.sys_thread_new
                0x08008bd4       0x4c ..\obj\sys_arch.o
                0x08008bd4                sys_thread_new
 .text.vListInitialise
                0x08008c20       0x40 ..\obj\list.o
                0x08008c20                vListInitialise
 .text.vListInitialiseItem
                0x08008c60       0x18 ..\obj\list.o
                0x08008c60                vListInitialiseItem
 .text.vListInsertEnd
                0x08008c78       0x48 ..\obj\list.o
                0x08008c78                vListInsertEnd
 .text.vListInsert
                0x08008cc0       0x70 ..\obj\list.o
                0x08008cc0                vListInsert
 .text.uxListRemove
                0x08008d30       0x54 ..\obj\list.o
                0x08008d30                uxListRemove
 .text.SystemInit
                0x08008d84       0x68 ..\obj\system_stm32f4xx.o
                0x08008d84                SystemInit
 .text.SetSysClock
                0x08008dec       0xf4 ..\obj\system_stm32f4xx.o
 .text._sbrk    0x08008ee0       0x40 ..\obj\syscalls.o
                0x08008ee0                _sbrk
 .text._close   0x08008f20       0x18 ..\obj\syscalls.o
                0x08008f20                _close
 .text._fstat   0x08008f38       0x20 ..\obj\syscalls.o
                0x08008f38                _fstat
 .text._isatty  0x08008f58       0x18 ..\obj\syscalls.o
                0x08008f58                _isatty
 .text._lseek   0x08008f70       0x1c ..\obj\syscalls.o
                0x08008f70                _lseek
 .text._read    0x08008f8c       0x1c ..\obj\syscalls.o
                0x08008f8c                _read
 .text._write   0x08008fa8       0x1c ..\obj\syscalls.o
                0x08008fa8                _write
 .text.DMA_Init
                0x08008fc4       0xac ..\obj\stm32f4xx_dma.o
                0x08008fc4                DMA_Init
 .text.DMA_Cmd  0x08009070       0x38 ..\obj\stm32f4xx_dma.o
                0x08009070                DMA_Cmd
 .text.DMA_ITConfig
                0x080090a8       0x74 ..\obj\stm32f4xx_dma.o
                0x080090a8                DMA_ITConfig
 .text.DMA_GetITStatus
                0x0800911c       0xb0 ..\obj\stm32f4xx_dma.o
                0x0800911c                DMA_GetITStatus
 .text.DMA_ClearITPendingBit
                0x080091cc       0x5c ..\obj\stm32f4xx_dma.o
                0x080091cc                DMA_ClearITPendingBit
 .text.prvvMBTCPLogFrame
                0x08009228      0x18c ..\obj\portother.o
                0x08009228                prvvMBTCPLogFrame
 .text.vMBPortLog
                0x080093b4       0x44 ..\obj\portother.o
                0x080093b4                vMBPortLog
 .text.bMBPortIsWithinException
                0x080093f8       0x18 ..\obj\portother.o
                0x080093f8                bMBPortIsWithinException
 .text.xQueueGenericReset
                0x08009410       0xd0 ..\obj\queue.o
                0x08009410                xQueueGenericReset
 .text.xQueueGenericCreate
                0x080094e0       0xb8 ..\obj\queue.o
                0x080094e0                xQueueGenericCreate
 .text.xQueueCreateMutex
                0x08009598       0xa0 ..\obj\queue.o
                0x08009598                xQueueCreateMutex
 .text.xQueueCreateCountingSemaphore
                0x08009638       0x7c ..\obj\queue.o
                0x08009638                xQueueCreateCountingSemaphore
 .text.xQueueGenericSend
                0x080096b4      0x1c0 ..\obj\queue.o
                0x080096b4                xQueueGenericSend
 .text.xQueueGenericSendFromISR
                0x08009874      0x118 ..\obj\queue.o
                0x08009874                xQueueGenericSendFromISR
 .text.xQueueGiveFromISR
                0x0800998c       0xd4 ..\obj\queue.o
                0x0800998c                xQueueGiveFromISR
 .text.xQueueGenericReceive
                0x08009a60      0x1e0 ..\obj\queue.o
                0x08009a60                xQueueGenericReceive
 .text.prvCopyDataToQueue
                0x08009c40       0xdc ..\obj\queue.o
 .text.prvCopyDataFromQueue
                0x08009d1c       0x4c ..\obj\queue.o
 .text.prvUnlockQueue
                0x08009d68       0x98 ..\obj\queue.o
 .text.prvIsQueueEmpty
                0x08009e00       0x2c ..\obj\queue.o
 .text.prvIsQueueFull
                0x08009e2c       0x30 ..\obj\queue.o
 .text.pxPortInitialiseStack
                0x08009e5c       0x64 ..\obj\port.o
                0x08009e5c                pxPortInitialiseStack
 .text.prvTaskExitError
                0x08009ec0       0x3c ..\obj\port.o
 .text.SVC_Handler
                0x08009efc       0x20 ..\obj\port.o
                0x08009efc                SVC_Handler
 .text.prvPortStartFirstTask
                0x08009f1c       0x20 ..\obj\port.o
 .text.xPortStartScheduler
                0x08009f3c      0x118 ..\obj\port.o
                0x08009f3c                xPortStartScheduler
 .text.vPortEnterCritical
                0x0800a054       0x5c ..\obj\port.o
                0x0800a054                vPortEnterCritical
 .text.vPortExitCritical
                0x0800a0b0       0x4c ..\obj\port.o
                0x0800a0b0                vPortExitCritical
 .text.PendSV_Handler
                0x0800a0fc       0x60 ..\obj\port.o
                0x0800a0fc                PendSV_Handler
 .text.SysTick_Handler
                0x0800a15c       0x44 ..\obj\port.o
                0x0800a15c                SysTick_Handler
 .text.vPortSetupTimerInterrupt
                0x0800a1a0       0x34 ..\obj\port.o
                0x0800a1a0                vPortSetupTimerInterrupt
 .text.vPortEnableVFP
                0x0800a1d4       0x14 ..\obj\port.o
 .text.vPortValidateInterruptPriority
                0x0800a1e8       0x78 ..\obj\port.o
                0x0800a1e8                vPortValidateInterruptPriority
 .text.MB_TCP_Init
                0x0800a260       0x4c ..\obj\mbinit.o
                0x0800a260                MB_TCP_Init
 .text.MB_TCP_Task
                0x0800a2ac       0x10 ..\obj\mbinit.o
                0x0800a2ac                MB_TCP_Task
 .text.udp_init
                0x0800a2bc        0xc ..\obj\udp.o
                0x0800a2bc                udp_init
 .text.udp_new_port
                0x0800a2c8       0x74 ..\obj\udp.o
 .text.udp_input
                0x0800a33c      0x27c ..\obj\udp.o
                0x0800a33c                udp_input
 .text.udp_sendto
                0x0800a5b8       0x40 ..\obj\udp.o
                0x0800a5b8                udp_sendto
 .text.udp_sendto_if
                0x0800a5f8      0x130 ..\obj\udp.o
                0x0800a5f8                udp_sendto_if
 .text.udp_bind
                0x0800a728       0xc0 ..\obj\udp.o
                0x0800a728                udp_bind
 .text.udp_new  0x0800a7e8       0x30 ..\obj\udp.o
                0x0800a7e8                udp_new
 .text.ip_route
                0x0800a818       0x78 ..\obj\ip.o
                0x0800a818                ip_route
 .text.ip_input
                0x0800a890      0x234 ..\obj\ip.o
                0x0800a890                ip_input
 .text.ip_output_if
                0x0800aac4       0xf4 ..\obj\ip.o
                0x0800aac4                ip_output_if
 .text.ip_output
                0x0800abb8       0x4c ..\obj\ip.o
                0x0800abb8                ip_output
 .text.eMBFuncReadCoils
                0x0800ac04      0x104 ..\obj\mbfunccoils.o
                0x0800ac04                eMBFuncReadCoils
 .text.eMBFuncWriteCoil
                0x0800ad08       0xb0 ..\obj\mbfunccoils.o
                0x0800ad08                eMBFuncWriteCoil
 .text.eMBFuncWriteMultipleCoils
                0x0800adb8       0xd8 ..\obj\mbfunccoils.o
                0x0800adb8                eMBFuncWriteMultipleCoils
 .text.icmp_input
                0x0800ae90      0x1ec ..\obj\icmp.o
                0x0800ae90                icmp_input
 .text.icmp_dest_unreach
                0x0800b07c       0x20 ..\obj\icmp.o
                0x0800b07c                icmp_dest_unreach
 .text.icmp_send_response
                0x0800b09c       0xac ..\obj\icmp.o
 .text.NVIC_PriorityGroupConfig
                0x0800b148       0x24 ..\obj\misc.o
                0x0800b148                NVIC_PriorityGroupConfig
 .text.NVIC_Init
                0x0800b16c       0xc0 ..\obj\misc.o
                0x0800b16c                NVIC_Init
 .text.udp_client_init
                0x0800b22c       0xac ..\obj\udp_send.o
                0x0800b22c                udp_client_init
 .text.delay    0x0800b2d8       0x20 ..\obj\udp_send.o
                0x0800b2d8                delay
 .text.udp_client_send_buf
                0x0800b2f8       0x9c ..\obj\udp_send.o
                0x0800b2f8                udp_client_send_buf
 .text.UDP_Send_Task
                0x0800b394       0x24 ..\obj\udp_send.o
                0x0800b394                UDP_Send_Task
 .text.eMBTCPDoInit
                0x0800b3b8       0x2c ..\obj\mbtcp.o
                0x0800b3b8                eMBTCPDoInit
 .text.eMBTCPStart
                0x0800b3e4        0xc ..\obj\mbtcp.o
                0x0800b3e4                eMBTCPStart
 .text.eMBTCPStop
                0x0800b3f0        0xc ..\obj\mbtcp.o
                0x0800b3f0                eMBTCPStop
 .text.eMBTCPReceive
                0x0800b3fc       0x74 ..\obj\mbtcp.o
                0x0800b3fc                eMBTCPReceive
 .text.eMBTCPSend
                0x0800b470       0x5c ..\obj\mbtcp.o
                0x0800b470                eMBTCPSend
 .text.dhcp_check
                0x0800b4cc       0x5c ..\obj\dhcp.o
 .text.dhcp_select
                0x0800b528      0x138 ..\obj\dhcp.o
 .text.dhcp_coarse_tmr
                0x0800b660       0x5c ..\obj\dhcp.o
                0x0800b660                dhcp_coarse_tmr
 .text.dhcp_fine_tmr
                0x0800b6bc       0x60 ..\obj\dhcp.o
                0x0800b6bc                dhcp_fine_tmr
 .text.dhcp_timeout
                0x0800b71c       0xc8 ..\obj\dhcp.o
 .text.dhcp_t1_timeout
                0x0800b7e4       0x34 ..\obj\dhcp.o
 .text.dhcp_t2_timeout
                0x0800b818       0x34 ..\obj\dhcp.o
 .text.dhcp_arp_reply
                0x0800b84c       0x40 ..\obj\dhcp.o
                0x0800b84c                dhcp_arp_reply
 .text.dhcp_decline
                0x0800b88c       0xc4 ..\obj\dhcp.o
 .text.dhcp_discover
                0x0800b950      0x104 ..\obj\dhcp.o
 .text.dhcp_bind
                0x0800ba54      0x148 ..\obj\dhcp.o
 .text.dhcp_renew
                0x0800bb9c       0xd4 ..\obj\dhcp.o
                0x0800bb9c                dhcp_renew
 .text.dhcp_rebind
                0x0800bc70       0xd8 ..\obj\dhcp.o
 .text.dhcp_reboot
                0x0800bd48       0xf4 ..\obj\dhcp.o
 .text.dhcp_release
                0x0800be3c      0x10c ..\obj\dhcp.o
                0x0800be3c                dhcp_release
 .text.dhcp_set_state
                0x0800bf48       0x34 ..\obj\dhcp.o
 .text.dhcp_option
                0x0800bf7c       0x4c ..\obj\dhcp.o
 .text.dhcp_option_byte
                0x0800bfc8       0x30 ..\obj\dhcp.o
 .text.dhcp_option_short
                0x0800bff8       0x54 ..\obj\dhcp.o
 .text.dhcp_option_long
                0x0800c04c       0x98 ..\obj\dhcp.o
 .text.dhcp_create_msg
                0x0800c0e4      0x224 ..\obj\dhcp.o
 .text.dhcp_delete_msg
                0x0800c308       0x34 ..\obj\dhcp.o
 .text.dhcp_option_trailer
                0x0800c33c       0x68 ..\obj\dhcp.o
 .text.eMBRegInputCB
                0x0800c3a4       0xb8 ..\obj\mbfunc.o
                0x0800c3a4                eMBRegInputCB
 .text.eMBRegHoldingCB
                0x0800c45c       0xe8 ..\obj\mbfunc.o
                0x0800c45c                eMBRegHoldingCB
 .text.eMBRegCoilsCB
                0x0800c544       0x28 ..\obj\mbfunc.o
                0x0800c544                eMBRegCoilsCB
 .text.eMBRegDiscreteCB
                0x0800c56c       0x20 ..\obj\mbfunc.o
                0x0800c56c                eMBRegDiscreteCB
 .text.pvPortMalloc
                0x0800c58c      0x11c ..\obj\heap_2.o
                0x0800c58c                pvPortMalloc
 .text.vPortFree
                0x0800c6a8       0x70 ..\obj\heap_2.o
                0x0800c6a8                vPortFree
 .text.prvHeapInit
                0x0800c718       0x50 ..\obj\heap_2.o
 .text.TIM_TimeBaseInit
                0x0800c768       0xd4 ..\obj\stm32f4xx_tim.o
                0x0800c768                TIM_TimeBaseInit
 .text.TIM_TimeBaseStructInit
                0x0800c83c       0x34 ..\obj\stm32f4xx_tim.o
                0x0800c83c                TIM_TimeBaseStructInit
 .text.TIM_ARRPreloadConfig
                0x0800c870       0x40 ..\obj\stm32f4xx_tim.o
                0x0800c870                TIM_ARRPreloadConfig
 .text.TIM_Cmd  0x0800c8b0       0x40 ..\obj\stm32f4xx_tim.o
                0x0800c8b0                TIM_Cmd
 .text.TIM_OC1Init
                0x0800c8f0       0xf4 ..\obj\stm32f4xx_tim.o
                0x0800c8f0                TIM_OC1Init
 .text.TIM_OCStructInit
                0x0800c9e4       0x44 ..\obj\stm32f4xx_tim.o
                0x0800c9e4                TIM_OCStructInit
 .text.TIM_OC1PreloadConfig
                0x0800ca28       0x38 ..\obj\stm32f4xx_tim.o
                0x0800ca28                TIM_OC1PreloadConfig
 .text.TIM_CtrlPWMOutputs
                0x0800ca60       0x4c ..\obj\stm32f4xx_tim.o
                0x0800ca60                TIM_CtrlPWMOutputs
 .text.TIM_ETRClockMode2Config
                0x0800caac       0x3c ..\obj\stm32f4xx_tim.o
                0x0800caac                TIM_ETRClockMode2Config
 .text.TIM_ETRConfig
                0x0800cae8       0x54 ..\obj\stm32f4xx_tim.o
                0x0800cae8                TIM_ETRConfig
 .text.tcp_output_alloc_header
                0x0800cb3c       0xd0 ..\obj\tcp_out.o
 .text.tcp_send_fin
                0x0800cc0c       0x80 ..\obj\tcp_out.o
                0x0800cc0c                tcp_send_fin
 .text.tcp_create_segment
                0x0800cc8c      0x104 ..\obj\tcp_out.o
 .text.tcp_pbuf_prealloc
                0x0800cd90       0xa4 ..\obj\tcp_out.o
 .text.tcp_write_checks
                0x0800ce34       0xac ..\obj\tcp_out.o
 .text.tcp_write
                0x0800cee0      0x454 ..\obj\tcp_out.o
                0x0800cee0                tcp_write
 .text.tcp_enqueue_flags
                0x0800d334      0x18c ..\obj\tcp_out.o
                0x0800d334                tcp_enqueue_flags
 .text.tcp_send_empty_ack
                0x0800d4c0       0x74 ..\obj\tcp_out.o
                0x0800d4c0                tcp_send_empty_ack
 .text.tcp_output
                0x0800d534      0x2a8 ..\obj\tcp_out.o
                0x0800d534                tcp_output
 .text.tcp_output_segment
                0x0800d7dc      0x14c ..\obj\tcp_out.o
 .text.tcp_rst  0x0800d928       0xb8 ..\obj\tcp_out.o
                0x0800d928                tcp_rst
 .text.tcp_rexmit_rto
                0x0800d9e0       0x60 ..\obj\tcp_out.o
                0x0800d9e0                tcp_rexmit_rto
 .text.tcp_rexmit
                0x0800da40       0x94 ..\obj\tcp_out.o
                0x0800da40                tcp_rexmit
 .text.tcp_rexmit_fast
                0x0800dad4       0xa4 ..\obj\tcp_out.o
                0x0800dad4                tcp_rexmit_fast
 .text.tcp_keepalive
                0x0800db78       0x58 ..\obj\tcp_out.o
                0x0800db78                tcp_keepalive
 .text.tcp_zero_window_probe
                0x0800dbd0       0xf0 ..\obj\tcp_out.o
                0x0800dbd0                tcp_zero_window_probe
 .text.raw_input
                0x0800dcc0       0xc0 ..\obj\raw.o
                0x0800dcc0                raw_input
 .text.memcmp   0x0800dd80       0x64 c:/program files/gnu tools arm embedded/4.9 2015q2/bin/../lib/gcc/arm-none-eabi/4.9.3/../../../../arm-none-eabi/lib/armv7e-m/softfp\libg.a(lib_a-memcmp.o)
                0x0800dd80                memcmp
 .text          0x0800dde4      0x134 c:/program files/gnu tools arm embedded/4.9 2015q2/bin/../lib/gcc/arm-none-eabi/4.9.3/../../../../arm-none-eabi/lib/armv7e-m/softfp\libg.a(lib_a-memcpy.o)
                0x0800dde4                memcpy
 .text.memset   0x0800df18       0x9c c:/program files/gnu tools arm embedded/4.9 2015q2/bin/../lib/gcc/arm-none-eabi/4.9.3/../../../../arm-none-eabi/lib/armv7e-m/softfp\libg.a(lib_a-memset.o)
                0x0800df18                memset
 .text.printf   0x0800dfb4       0x28 c:/program files/gnu tools arm embedded/4.9 2015q2/bin/../lib/gcc/arm-none-eabi/4.9.3/../../../../arm-none-eabi/lib/armv7e-m/softfp\libg.a(lib_a-printf.o)
                0x0800dfb4                printf
 .text.snprintf
                0x0800dfdc       0x9c c:/program files/gnu tools arm embedded/4.9 2015q2/bin/../lib/gcc/arm-none-eabi/4.9.3/../../../../arm-none-eabi/lib/armv7e-m/softfp\libg.a(lib_a-snprintf.o)
                0x0800dfdc                snprintf
 .text.strlen   0x0800e078       0x5c c:/program files/gnu tools arm embedded/4.9 2015q2/bin/../lib/gcc/arm-none-eabi/4.9.3/../../../../arm-none-eabi/lib/armv7e-m/softfp\libg.a(lib_a-strlen.o)
                0x0800e078                strlen
 *fill*         0x0800e0d4        0x4 
 .text._svfprintf_r
                0x0800e0d8     0x14d0 c:/program files/gnu tools arm embedded/4.9 2015q2/bin/../lib/gcc/arm-none-eabi/4.9.3/../../../../arm-none-eabi/lib/armv7e-m/softfp\libg.a(lib_a-svfprintf.o)
                0x0800e0d8                _svfprintf_r
 .text._vfprintf_r
                0x0800f5a8     0x1428 c:/program files/gnu tools arm embedded/4.9 2015q2/bin/../lib/gcc/arm-none-eabi/4.9.3/../../../../arm-none-eabi/lib/armv7e-m/softfp\libg.a(lib_a-vfprintf.o)
                0x0800f5a8                _vfprintf_r
 .text.__sbprintf
                0x080109d0       0x78 c:/program files/gnu tools arm embedded/4.9 2015q2/bin/../lib/gcc/arm-none-eabi/4.9.3/../../../../arm-none-eabi/lib/armv7e-m/softfp\libg.a(lib_a-vfprintf.o)
 .text.vprintf  0x08010a48       0x1c c:/program files/gnu tools arm embedded/4.9 2015q2/bin/../lib/gcc/arm-none-eabi/4.9.3/../../../../arm-none-eabi/lib/armv7e-m/softfp\libg.a(lib_a-vprintf.o)
                0x08010a48                vprintf
 .text.__swsetup_r
                0x08010a64       0xc4 c:/program files/gnu tools arm embedded/4.9 2015q2/bin/../lib/gcc/arm-none-eabi/4.9.3/../../../../arm-none-eabi/lib/armv7e-m/softfp\libg.a(lib_a-wsetup.o)
                0x08010a64                __swsetup_r
 .text.quorem   0x08010b28      0x12c c:/program files/gnu tools arm embedded/4.9 2015q2/bin/../lib/gcc/arm-none-eabi/4.9.3/../../../../arm-none-eabi/lib/armv7e-m/softfp\libg.a(lib_a-dtoa.o)
 *fill*         0x08010c54        0x4 
 .text._dtoa_r  0x08010c58      0xe90 c:/program files/gnu tools arm embedded/4.9 2015q2/bin/../lib/gcc/arm-none-eabi/4.9.3/../../../../arm-none-eabi/lib/armv7e-m/softfp\libg.a(lib_a-dtoa.o)
                0x08010c58                _dtoa_r
 .text.__sflush_r
                0x08011ae8      0x154 c:/program files/gnu tools arm embedded/4.9 2015q2/bin/../lib/gcc/arm-none-eabi/4.9.3/../../../../arm-none-eabi/lib/armv7e-m/softfp\libg.a(lib_a-fflush.o)
                0x08011ae8                __sflush_r
 .text._fflush_r
                0x08011c3c       0x2c c:/program files/gnu tools arm embedded/4.9 2015q2/bin/../lib/gcc/arm-none-eabi/4.9.3/../../../../arm-none-eabi/lib/armv7e-m/softfp\libg.a(lib_a-fflush.o)
                0x08011c3c                _fflush_r
 .text._cleanup_r
                0x08011c68        0xc c:/program files/gnu tools arm embedded/4.9 2015q2/bin/../lib/gcc/arm-none-eabi/4.9.3/../../../../arm-none-eabi/lib/armv7e-m/softfp\libg.a(lib_a-findfp.o)
                0x08011c68                _cleanup_r
 .text.__sinit.part.1
                0x08011c74       0xf0 c:/program files/gnu tools arm embedded/4.9 2015q2/bin/../lib/gcc/arm-none-eabi/4.9.3/../../../../arm-none-eabi/lib/armv7e-m/softfp\libg.a(lib_a-findfp.o)
 .text.__sinit  0x08011d64        0xc c:/program files/gnu tools arm embedded/4.9 2015q2/bin/../lib/gcc/arm-none-eabi/4.9.3/../../../../arm-none-eabi/lib/armv7e-m/softfp\libg.a(lib_a-findfp.o)
                0x08011d64                __sinit
 .text.__sfp_lock_acquire
                0x08011d70        0x4 c:/program files/gnu tools arm embedded/4.9 2015q2/bin/../lib/gcc/arm-none-eabi/4.9.3/../../../../arm-none-eabi/lib/armv7e-m/softfp\libg.a(lib_a-findfp.o)
                0x08011d70                __sfp_lock_acquire
 .text.__sfp_lock_release
                0x08011d74        0x4 c:/program files/gnu tools arm embedded/4.9 2015q2/bin/../lib/gcc/arm-none-eabi/4.9.3/../../../../arm-none-eabi/lib/armv7e-m/softfp\libg.a(lib_a-findfp.o)
                0x08011d74                __sfp_lock_release
 .text._malloc_trim_r
                0x08011d78       0x9c c:/program files/gnu tools arm embedded/4.9 2015q2/bin/../lib/gcc/arm-none-eabi/4.9.3/../../../../arm-none-eabi/lib/armv7e-m/softfp\libg.a(lib_a-freer.o)
                0x08011d78                _malloc_trim_r
 .text._free_r  0x08011e14      0x1b0 c:/program files/gnu tools arm embedded/4.9 2015q2/bin/../lib/gcc/arm-none-eabi/4.9.3/../../../../arm-none-eabi/lib/armv7e-m/softfp\libg.a(lib_a-freer.o)
                0x08011e14                _free_r
 .text._fwalk_reent
                0x08011fc4       0x54 c:/program files/gnu tools arm embedded/4.9 2015q2/bin/../lib/gcc/arm-none-eabi/4.9.3/../../../../arm-none-eabi/lib/armv7e-m/softfp\libg.a(lib_a-fwalk.o)
                0x08011fc4                _fwalk_reent
 .text.__locale_charset
                0x08012018        0x8 c:/program files/gnu tools arm embedded/4.9 2015q2/bin/../lib/gcc/arm-none-eabi/4.9.3/../../../../arm-none-eabi/lib/armv7e-m/softfp\libg.a(lib_a-locale.o)
                0x08012018                __locale_charset
 .text.__locale_mb_cur_max
                0x08012020        0xc c:/program files/gnu tools arm embedded/4.9 2015q2/bin/../lib/gcc/arm-none-eabi/4.9.3/../../../../arm-none-eabi/lib/armv7e-m/softfp\libg.a(lib_a-locale.o)
                0x08012020                __locale_mb_cur_max
 .text._localeconv_r
                0x0801202c        0x8 c:/program files/gnu tools arm embedded/4.9 2015q2/bin/../lib/gcc/arm-none-eabi/4.9.3/../../../../arm-none-eabi/lib/armv7e-m/softfp\libg.a(lib_a-locale.o)
                0x0801202c                _localeconv_r
 .text.__smakebuf_r
                0x08012034       0xe0 c:/program files/gnu tools arm embedded/4.9 2015q2/bin/../lib/gcc/arm-none-eabi/4.9.3/../../../../arm-none-eabi/lib/armv7e-m/softfp\libg.a(lib_a-makebuf.o)
                0x08012034                __smakebuf_r
 .text._malloc_r
                0x08012114      0x524 c:/program files/gnu tools arm embedded/4.9 2015q2/bin/../lib/gcc/arm-none-eabi/4.9.3/../../../../arm-none-eabi/lib/armv7e-m/softfp\libg.a(lib_a-mallocr.o)
                0x08012114                _malloc_r
 .text.memchr   0x08012638       0x94 c:/program files/gnu tools arm embedded/4.9 2015q2/bin/../lib/gcc/arm-none-eabi/4.9.3/../../../../arm-none-eabi/lib/armv7e-m/softfp\libg.a(lib_a-memchr.o)
                0x08012638                memchr
 .text.__malloc_lock
                0x080126cc        0x4 c:/program files/gnu tools arm embedded/4.9 2015q2/bin/../lib/gcc/arm-none-eabi/4.9.3/../../../../arm-none-eabi/lib/armv7e-m/softfp\libg.a(lib_a-mlock.o)
                0x080126cc                __malloc_lock
 .text.__malloc_unlock
                0x080126d0        0x4 c:/program files/gnu tools arm embedded/4.9 2015q2/bin/../lib/gcc/arm-none-eabi/4.9.3/../../../../arm-none-eabi/lib/armv7e-m/softfp\libg.a(lib_a-mlock.o)
                0x080126d0                __malloc_unlock
 .text._Balloc  0x080126d4       0x4c c:/program files/gnu tools arm embedded/4.9 2015q2/bin/../lib/gcc/arm-none-eabi/4.9.3/../../../../arm-none-eabi/lib/armv7e-m/softfp\libg.a(lib_a-mprec.o)
                0x080126d4                _Balloc
 .text._Bfree   0x08012720       0x14 c:/program files/gnu tools arm embedded/4.9 2015q2/bin/../lib/gcc/arm-none-eabi/4.9.3/../../../../arm-none-eabi/lib/armv7e-m/softfp\libg.a(lib_a-mprec.o)
                0x08012720                _Bfree
 .text.__multadd
                0x08012734       0x84 c:/program files/gnu tools arm embedded/4.9 2015q2/bin/../lib/gcc/arm-none-eabi/4.9.3/../../../../arm-none-eabi/lib/armv7e-m/softfp\libg.a(lib_a-mprec.o)
                0x08012734                __multadd
 .text.__hi0bits
                0x080127b8       0x40 c:/program files/gnu tools arm embedded/4.9 2015q2/bin/../lib/gcc/arm-none-eabi/4.9.3/../../../../arm-none-eabi/lib/armv7e-m/softfp\libg.a(lib_a-mprec.o)
                0x080127b8                __hi0bits
 .text.__lo0bits
                0x080127f8       0x5c c:/program files/gnu tools arm embedded/4.9 2015q2/bin/../lib/gcc/arm-none-eabi/4.9.3/../../../../arm-none-eabi/lib/armv7e-m/softfp\libg.a(lib_a-mprec.o)
                0x080127f8                __lo0bits
 .text.__i2b    0x08012854       0x14 c:/program files/gnu tools arm embedded/4.9 2015q2/bin/../lib/gcc/arm-none-eabi/4.9.3/../../../../arm-none-eabi/lib/armv7e-m/softfp\libg.a(lib_a-mprec.o)
                0x08012854                __i2b
 .text.__multiply
                0x08012868      0x134 c:/program files/gnu tools arm embedded/4.9 2015q2/bin/../lib/gcc/arm-none-eabi/4.9.3/../../../../arm-none-eabi/lib/armv7e-m/softfp\libg.a(lib_a-mprec.o)
                0x08012868                __multiply
 .text.__pow5mult
                0x0801299c       0xa0 c:/program files/gnu tools arm embedded/4.9 2015q2/bin/../lib/gcc/arm-none-eabi/4.9.3/../../../../arm-none-eabi/lib/armv7e-m/softfp\libg.a(lib_a-mprec.o)
                0x0801299c                __pow5mult
 .text.__lshift
                0x08012a3c       0xac c:/program files/gnu tools arm embedded/4.9 2015q2/bin/../lib/gcc/arm-none-eabi/4.9.3/../../../../arm-none-eabi/lib/armv7e-m/softfp\libg.a(lib_a-mprec.o)
                0x08012a3c                __lshift
 .text.__mcmp   0x08012ae8       0x48 c:/program files/gnu tools arm embedded/4.9 2015q2/bin/../lib/gcc/arm-none-eabi/4.9.3/../../../../arm-none-eabi/lib/armv7e-m/softfp\libg.a(lib_a-mprec.o)
                0x08012ae8                __mcmp
 .text.__mdiff  0x08012b30       0xd4 c:/program files/gnu tools arm embedded/4.9 2015q2/bin/../lib/gcc/arm-none-eabi/4.9.3/../../../../arm-none-eabi/lib/armv7e-m/softfp\libg.a(lib_a-mprec.o)
                0x08012b30                __mdiff
 .text.__d2b    0x08012c04       0xb8 c:/program files/gnu tools arm embedded/4.9 2015q2/bin/../lib/gcc/arm-none-eabi/4.9.3/../../../../arm-none-eabi/lib/armv7e-m/softfp\libg.a(lib_a-mprec.o)
                0x08012c04                __d2b
 .text.__fpclassifyd
                0x08012cbc       0x58 c:/program files/gnu tools arm embedded/4.9 2015q2/bin/../lib/gcc/arm-none-eabi/4.9.3/../../../../arm-none-eabi/lib/armv7e-m/softfp\libg.a(lib_a-s_fpclassify.o)
                0x08012cbc                __fpclassifyd
 .text._sbrk_r  0x08012d14       0x24 c:/program files/gnu tools arm embedded/4.9 2015q2/bin/../lib/gcc/arm-none-eabi/4.9.3/../../../../arm-none-eabi/lib/armv7e-m/softfp\libg.a(lib_a-sbrkr.o)
                0x08012d14                _sbrk_r
 .text.__sread  0x08012d38       0x24 c:/program files/gnu tools arm embedded/4.9 2015q2/bin/../lib/gcc/arm-none-eabi/4.9.3/../../../../arm-none-eabi/lib/armv7e-m/softfp\libg.a(lib_a-stdio.o)
                0x08012d38                __sread
 .text.__swrite
                0x08012d5c       0x38 c:/program files/gnu tools arm embedded/4.9 2015q2/bin/../lib/gcc/arm-none-eabi/4.9.3/../../../../arm-none-eabi/lib/armv7e-m/softfp\libg.a(lib_a-stdio.o)
                0x08012d5c                __swrite
 .text.__sseek  0x08012d94       0x20 c:/program files/gnu tools arm embedded/4.9 2015q2/bin/../lib/gcc/arm-none-eabi/4.9.3/../../../../arm-none-eabi/lib/armv7e-m/softfp\libg.a(lib_a-stdio.o)
                0x08012d94                __sseek
 .text.__sclose
                0x08012db4        0x8 c:/program files/gnu tools arm embedded/4.9 2015q2/bin/../lib/gcc/arm-none-eabi/4.9.3/../../../../arm-none-eabi/lib/armv7e-m/softfp\libg.a(lib_a-stdio.o)
                0x08012db4                __sclose
 .text.__ssprint_r
                0x08012dbc      0x104 c:/program files/gnu tools arm embedded/4.9 2015q2/bin/../lib/gcc/arm-none-eabi/4.9.3/../../../../arm-none-eabi/lib/armv7e-m/softfp\libg.a(lib_a-svfiprintf.o)
                0x08012dbc                __ssprint_r
 .text.__sprint_r.part.0
                0x08012ec0       0x78 c:/program files/gnu tools arm embedded/4.9 2015q2/bin/../lib/gcc/arm-none-eabi/4.9.3/../../../../arm-none-eabi/lib/armv7e-m/softfp\libg.a(lib_a-vfiprintf.o)
 .text.__sprint_r
                0x08012f38       0x18 c:/program files/gnu tools arm embedded/4.9 2015q2/bin/../lib/gcc/arm-none-eabi/4.9.3/../../../../arm-none-eabi/lib/armv7e-m/softfp\libg.a(lib_a-vfiprintf.o)
                0x08012f38                __sprint_r
 .text._write_r
                0x08012f50       0x28 c:/program files/gnu tools arm embedded/4.9 2015q2/bin/../lib/gcc/arm-none-eabi/4.9.3/../../../../arm-none-eabi/lib/armv7e-m/softfp\libg.a(lib_a-writer.o)
                0x08012f50                _write_r
 .text._calloc_r
                0x08012f78       0x60 c:/program files/gnu tools arm embedded/4.9 2015q2/bin/../lib/gcc/arm-none-eabi/4.9.3/../../../../arm-none-eabi/lib/armv7e-m/softfp\libg.a(lib_a-callocr.o)
                0x08012f78                _calloc_r
 .text._close_r
                0x08012fd8       0x24 c:/program files/gnu tools arm embedded/4.9 2015q2/bin/../lib/gcc/arm-none-eabi/4.9.3/../../../../arm-none-eabi/lib/armv7e-m/softfp\libg.a(lib_a-closer.o)
                0x08012fd8                _close_r
 .text._fclose_r
                0x08012ffc       0x84 c:/program files/gnu tools arm embedded/4.9 2015q2/bin/../lib/gcc/arm-none-eabi/4.9.3/../../../../arm-none-eabi/lib/armv7e-m/softfp\libg.a(lib_a-fclose.o)
                0x08012ffc                _fclose_r
 .text.__fputwc
                0x08013080       0xb0 c:/program files/gnu tools arm embedded/4.9 2015q2/bin/../lib/gcc/arm-none-eabi/4.9.3/../../../../arm-none-eabi/lib/armv7e-m/softfp\libg.a(lib_a-fputwc.o)
                0x08013080                __fputwc
 .text._fputwc_r
                0x08013130       0x24 c:/program files/gnu tools arm embedded/4.9 2015q2/bin/../lib/gcc/arm-none-eabi/4.9.3/../../../../arm-none-eabi/lib/armv7e-m/softfp\libg.a(lib_a-fputwc.o)
                0x08013130                _fputwc_r
 .text._fstat_r
                0x08013154       0x28 c:/program files/gnu tools arm embedded/4.9 2015q2/bin/../lib/gcc/arm-none-eabi/4.9.3/../../../../arm-none-eabi/lib/armv7e-m/softfp\libg.a(lib_a-fstatr.o)
                0x08013154                _fstat_r
 .text.__sfvwrite_r
                0x0801317c      0x318 c:/program files/gnu tools arm embedded/4.9 2015q2/bin/../lib/gcc/arm-none-eabi/4.9.3/../../../../arm-none-eabi/lib/armv7e-m/softfp\libg.a(lib_a-fvwrite.o)
                0x0801317c                __sfvwrite_r
 .text._isatty_r
                0x08013494       0x24 c:/program files/gnu tools arm embedded/4.9 2015q2/bin/../lib/gcc/arm-none-eabi/4.9.3/../../../../arm-none-eabi/lib/armv7e-m/softfp\libg.a(lib_a-isattyr.o)
                0x08013494                _isatty_r
 .text._lseek_r
                0x080134b8       0x28 c:/program files/gnu tools arm embedded/4.9 2015q2/bin/../lib/gcc/arm-none-eabi/4.9.3/../../../../arm-none-eabi/lib/armv7e-m/softfp\libg.a(lib_a-lseekr.o)
                0x080134b8                _lseek_r
 .text.memmove  0x080134e0       0xc8 c:/program files/gnu tools arm embedded/4.9 2015q2/bin/../lib/gcc/arm-none-eabi/4.9.3/../../../../arm-none-eabi/lib/armv7e-m/softfp\libg.a(lib_a-memmove.o)
                0x080134e0                memmove
 .text._read_r  0x080135a8       0x28 c:/program files/gnu tools arm embedded/4.9 2015q2/bin/../lib/gcc/arm-none-eabi/4.9.3/../../../../arm-none-eabi/lib/armv7e-m/softfp\libg.a(lib_a-readr.o)
                0x080135a8                _read_r
 .text._realloc_r
                0x080135d0      0x3ec c:/program files/gnu tools arm embedded/4.9 2015q2/bin/../lib/gcc/arm-none-eabi/4.9.3/../../../../arm-none-eabi/lib/armv7e-m/softfp\libg.a(lib_a-reallocr.o)
                0x080135d0                _realloc_r
 .text.__swbuf_r
                0x080139bc       0xa8 c:/program files/gnu tools arm embedded/4.9 2015q2/bin/../lib/gcc/arm-none-eabi/4.9.3/../../../../arm-none-eabi/lib/armv7e-m/softfp\libg.a(lib_a-wbuf.o)
                0x080139bc                __swbuf_r
 .text._wcrtomb_r
                0x08013a64       0x54 c:/program files/gnu tools arm embedded/4.9 2015q2/bin/../lib/gcc/arm-none-eabi/4.9.3/../../../../arm-none-eabi/lib/armv7e-m/softfp\libg.a(lib_a-wcrtomb.o)
                0x08013a64                _wcrtomb_r
 .text.__ascii_wctomb
                0x08013ab8       0x1c c:/program files/gnu tools arm embedded/4.9 2015q2/bin/../lib/gcc/arm-none-eabi/4.9.3/../../../../arm-none-eabi/lib/armv7e-m/softfp\libg.a(lib_a-wctomb_r.o)
                0x08013ab8                __ascii_wctomb
 .text          0x08013ad4      0x370 c:/program files/gnu tools arm embedded/4.9 2015q2/bin/../lib/gcc/arm-none-eabi/4.9.3/armv7e-m/softfp\libgcc.a(_arm_addsubdf3.o)
                0x08013ad4                __aeabi_drsub
                0x08013adc                __aeabi_dsub
                0x08013adc                __subdf3
                0x08013ae0                __aeabi_dadd
                0x08013ae0                __adddf3
                0x08013d58                __floatunsidf
                0x08013d58                __aeabi_ui2d
                0x08013d78                __floatsidf
                0x08013d78                __aeabi_i2d
                0x08013d9c                __aeabi_f2d
                0x08013d9c                __extendsfdf2
                0x08013dd8                __floatundidf
                0x08013dd8                __aeabi_ul2d
                0x08013de8                __floatdidf
                0x08013de8                __aeabi_l2d
 .text          0x08013e44      0x424 c:/program files/gnu tools arm embedded/4.9 2015q2/bin/../lib/gcc/arm-none-eabi/4.9.3/armv7e-m/softfp\libgcc.a(_arm_muldivdf3.o)
                0x08013e44                __aeabi_dmul
                0x08013e44                __muldf3
                0x08014098                __divdf3
                0x08014098                __aeabi_ddiv
 .text          0x08014268      0x110 c:/program files/gnu tools arm embedded/4.9 2015q2/bin/../lib/gcc/arm-none-eabi/4.9.3/armv7e-m/softfp\libgcc.a(_arm_cmpdf2.o)
                0x08014268                __gtdf2
                0x08014268                __gedf2
                0x08014270                __ltdf2
                0x08014270                __ledf2
                0x08014278                __nedf2
                0x08014278                __eqdf2
                0x08014278                __cmpdf2
                0x080142f4                __aeabi_cdrcmple
                0x08014304                __aeabi_cdcmpeq
                0x08014304                __aeabi_cdcmple
                0x08014314                __aeabi_dcmpeq
                0x08014328                __aeabi_dcmplt
                0x0801433c                __aeabi_dcmple
                0x08014350                __aeabi_dcmpge
                0x08014364                __aeabi_dcmpgt
 .text          0x08014378       0x50 c:/program files/gnu tools arm embedded/4.9 2015q2/bin/../lib/gcc/arm-none-eabi/4.9.3/armv7e-m/softfp\libgcc.a(_arm_fixdfsi.o)
                0x08014378                __aeabi_d2iz
                0x08014378                __fixdfsi
 .text          0x080143c8       0x30 c:/program files/gnu tools arm embedded/4.9 2015q2/bin/../lib/gcc/arm-none-eabi/4.9.3/armv7e-m/softfp\libgcc.a(_aeabi_uldivmod.o)
                0x080143c8                __aeabi_uldivmod
 .text          0x080143f8       0x60 c:/program files/gnu tools arm embedded/4.9 2015q2/bin/../lib/gcc/arm-none-eabi/4.9.3/armv7e-m/softfp\libgcc.a(bpabi.o)
                0x080143f8                __gnu_ldivmod_helper
                0x08014428                __gnu_uldivmod_helper
 .text          0x08014458        0x4 c:/program files/gnu tools arm embedded/4.9 2015q2/bin/../lib/gcc/arm-none-eabi/4.9.3/armv7e-m/softfp\libgcc.a(_dvmd_tls.o)
                0x08014458                __aeabi_idiv0
                0x08014458                __aeabi_ldiv0
 .text          0x0801445c      0x29c c:/program files/gnu tools arm embedded/4.9 2015q2/bin/../lib/gcc/arm-none-eabi/4.9.3/armv7e-m/softfp\libgcc.a(_divdi3.o)
                0x0801445c                __divdi3
 .text          0x080146f8      0x26c c:/program files/gnu tools arm embedded/4.9 2015q2/bin/../lib/gcc/arm-none-eabi/4.9.3/armv7e-m/softfp\libgcc.a(_udivdi3.o)
                0x080146f8                __udivdi3
 *(.init)
 *(.fini)
 *crtbegin.o(.ctors)
 *crtbegin?.o(.ctors)
 *(EXCLUDE_FILE(*crtend.o *crtend?.o) .ctors)
 *(SORT(.ctors.*))
 *(.ctors)
 *crtbegin.o(.dtors)
 *crtbegin?.o(.dtors)
 *(EXCLUDE_FILE(*crtend.o *crtend?.o) .dtors)
 *(SORT(.dtors.*))
 *(.dtors)
 *(.rodata*)
 .rodata        0x08014964       0xcc ..\obj\tcp.o
                0x080149dc                tcp_state_str
                0x08014a08                tcp_backoff
                0x08014a18                tcp_persist_backoff
                0x08014a20                tcp_pcb_lists
 .rodata        0x08014a30       0xf7 ..\obj\porttcp.o
 *fill*         0x08014b27        0x1 
 .rodata        0x08014b28       0x30 ..\obj\memp.o
 .rodata        0x08014b58        0xd ..\obj\tcpip.o
 *fill*         0x08014b65        0x3 
 .rodata        0x08014b68        0x8 ..\obj\ip_addr.o
                0x08014b68                ip_addr_any
                0x08014b6c                ip_addr_broadcast
 .rodata        0x08014b70        0x7 ..\obj\ethernetif.o
 *fill*         0x08014b77        0x1 
 .rodata        0x08014b78        0xe ..\obj\etharp.o
                0x08014b78                ethbroadcast
                0x08014b80                ethzero
 *fill*         0x08014b86        0x2 
 .rodata        0x08014b88        0x5 ..\obj\tasks.o
 *fill*         0x08014b8d        0x3 
 .rodata        0x08014b90       0x86 ..\obj\portother.o
 *fill*         0x08014c16        0x2 
 .rodata        0x08014c18        0xc ..\obj\mbinit.o
 .rodata        0x08014c24        0x9 ..\obj\udp_send.o
 *fill*         0x08014c2d        0x3 
 .rodata.zeroes.6911
                0x08014c30       0x10 c:/program files/gnu tools arm embedded/4.9 2015q2/bin/../lib/gcc/arm-none-eabi/4.9.3/../../../../arm-none-eabi/lib/armv7e-m/softfp\libg.a(lib_a-svfprintf.o)
 .rodata.blanks.6910
                0x08014c40       0x10 c:/program files/gnu tools arm embedded/4.9 2015q2/bin/../lib/gcc/arm-none-eabi/4.9.3/../../../../arm-none-eabi/lib/armv7e-m/softfp\libg.a(lib_a-svfprintf.o)
 .rodata.str1.4
                0x08014c50       0x42 c:/program files/gnu tools arm embedded/4.9 2015q2/bin/../lib/gcc/arm-none-eabi/4.9.3/../../../../arm-none-eabi/lib/armv7e-m/softfp\libg.a(lib_a-svfprintf.o)
 *fill*         0x08014c92        0x2 
 .rodata.zeroes.6926
                0x08014c94       0x10 c:/program files/gnu tools arm embedded/4.9 2015q2/bin/../lib/gcc/arm-none-eabi/4.9.3/../../../../arm-none-eabi/lib/armv7e-m/softfp\libg.a(lib_a-vfprintf.o)
 .rodata.str1.4
                0x00000000       0x42 c:/program files/gnu tools arm embedded/4.9 2015q2/bin/../lib/gcc/arm-none-eabi/4.9.3/../../../../arm-none-eabi/lib/armv7e-m/softfp\libg.a(lib_a-vfprintf.o)
 .rodata.blanks.6925
                0x08014ca4       0x10 c:/program files/gnu tools arm embedded/4.9 2015q2/bin/../lib/gcc/arm-none-eabi/4.9.3/../../../../arm-none-eabi/lib/armv7e-m/softfp\libg.a(lib_a-vfprintf.o)
 .rodata.str1.4
                0x08014cb4       0x10 c:/program files/gnu tools arm embedded/4.9 2015q2/bin/../lib/gcc/arm-none-eabi/4.9.3/../../../../arm-none-eabi/lib/armv7e-m/softfp\libg.a(lib_a-dtoa.o)
                                 0x12 (size before relaxing)
 .rodata.str1.4
                0x08014cc4        0x2 c:/program files/gnu tools arm embedded/4.9 2015q2/bin/../lib/gcc/arm-none-eabi/4.9.3/../../../../arm-none-eabi/lib/armv7e-m/softfp\libg.a(lib_a-impure.o)
 *fill*         0x08014cc6        0x2 
 .rodata.str1.4
                0x08014cc8        0xc c:/program files/gnu tools arm embedded/4.9 2015q2/bin/../lib/gcc/arm-none-eabi/4.9.3/../../../../arm-none-eabi/lib/armv7e-m/softfp\libg.a(lib_a-locale.o)
                                 0x12 (size before relaxing)
 *fill*         0x08014cd4        0x4 
 .rodata.__mprec_tens
                0x08014cd8       0xc8 c:/program files/gnu tools arm embedded/4.9 2015q2/bin/../lib/gcc/arm-none-eabi/4.9.3/../../../../arm-none-eabi/lib/armv7e-m/softfp\libg.a(lib_a-mprec.o)
                0x08014cd8                __mprec_tens
 .rodata.p05.5302
                0x08014da0        0xc c:/program files/gnu tools arm embedded/4.9 2015q2/bin/../lib/gcc/arm-none-eabi/4.9.3/../../../../arm-none-eabi/lib/armv7e-m/softfp\libg.a(lib_a-mprec.o)
 *fill*         0x08014dac        0x4 
 .rodata.__mprec_bigtens
                0x08014db0       0x28 c:/program files/gnu tools arm embedded/4.9 2015q2/bin/../lib/gcc/arm-none-eabi/4.9.3/../../../../arm-none-eabi/lib/armv7e-m/softfp\libg.a(lib_a-mprec.o)
                0x08014db0                __mprec_bigtens
 *(.eh_fram e*)

.glue_7         0x08014dd8        0x0
 .glue_7        0x00000000        0x0 linker stubs

.glue_7t        0x08014dd8        0x0
 .glue_7t       0x00000000        0x0 linker stubs

.vfp11_veneer   0x08014dd8        0x0
 .vfp11_veneer  0x00000000        0x0 linker stubs

.v4_bx          0x08014dd8        0x0
 .v4_bx         0x00000000        0x0 linker stubs

.iplt           0x08014dd8        0x0
 .iplt          0x00000000        0x0 ..\obj\stm32f4xx_syscfg.o

.ARM.extab
 *(.ARM.extab* .gnu.linkonce.armextab.*)
                0x08014dd8                __exidx_start = .

.ARM.exidx      0x08014dd8        0x8
 *(.ARM.exidx* .gnu.linkonce.armexidx.*)
 .ARM.exidx     0x08014dd8        0x8 c:/program files/gnu tools arm embedded/4.9 2015q2/bin/../lib/gcc/arm-none-eabi/4.9.3/armv7e-m/softfp\libgcc.a(_divdi3.o)
 .ARM.exidx     0x08014de0        0x0 c:/program files/gnu tools arm embedded/4.9 2015q2/bin/../lib/gcc/arm-none-eabi/4.9.3/armv7e-m/softfp\libgcc.a(_udivdi3.o)
                                  0x8 (size before relaxing)
                0x08014de0                __exidx_end = .
                0x08014de0                __etext = .
                0x08014de0                _sidata = __etext

.rel.dyn        0x08014de0        0x0
 .rel.iplt      0x00000000        0x0 ..\obj\stm32f4xx_syscfg.o

.data           0x20000000      0x97c load address 0x08014de0
                0x20000000                __data_start__ = .
                0x20000000                _sdata = __data_start__
 *(vtable)
 *(.data*)
 .data          0x20000000       0x84 ..\obj\mb.o
 .data          0x20000084        0x8 ..\obj\tcp.o
 .data          0x2000008c       0x10 ..\obj\stm32f4xx_rcc.o
 .data          0x2000009c        0x4 ..\obj\tasks.o
 .data          0x200000a0       0x14 ..\obj\system_stm32f4xx.o
                0x200000a0                SystemCoreClock
                0x200000a4                AHBPrescTable
 .data          0x200000b4       0x10 ..\obj\portother.o
 .data          0x200000c4        0x4 ..\obj\port.o
 .data          0x200000c8        0x5 ..\obj\mbinit.o
 *fill*         0x200000cd        0x1 
 .data          0x200000ce        0x2 ..\obj\udp.o
 .data          0x200000d0        0x4 ..\obj\dhcp.o
 .data          0x200000d4        0x4 ..\obj\mbfunc.o
 .data          0x200000d8        0x4 ..\obj\heap_2.o
 *fill*         0x200000dc        0x4 
 .data.impure_data
                0x200000e0      0x428 c:/program files/gnu tools arm embedded/4.9 2015q2/bin/../lib/gcc/arm-none-eabi/4.9.3/../../../../arm-none-eabi/lib/armv7e-m/softfp\libg.a(lib_a-impure.o)
 .data._impure_ptr
                0x20000508        0x4 c:/program files/gnu tools arm embedded/4.9 2015q2/bin/../lib/gcc/arm-none-eabi/4.9.3/../../../../arm-none-eabi/lib/armv7e-m/softfp\libg.a(lib_a-impure.o)
                0x20000508                _impure_ptr
 .data.lconv    0x2000050c       0x38 c:/program files/gnu tools arm embedded/4.9 2015q2/bin/../lib/gcc/arm-none-eabi/4.9.3/../../../../arm-none-eabi/lib/armv7e-m/softfp\libg.a(lib_a-locale.o)
 .data.lc_ctype_charset
                0x20000544       0x20 c:/program files/gnu tools arm embedded/4.9 2015q2/bin/../lib/gcc/arm-none-eabi/4.9.3/../../../../arm-none-eabi/lib/armv7e-m/softfp\libg.a(lib_a-locale.o)
 .data.__mb_cur_max
                0x20000564        0x4 c:/program files/gnu tools arm embedded/4.9 2015q2/bin/../lib/gcc/arm-none-eabi/4.9.3/../../../../arm-none-eabi/lib/armv7e-m/softfp\libg.a(lib_a-locale.o)
                0x20000564                __mb_cur_max
 .data.__malloc_av_
                0x20000568      0x408 c:/program files/gnu tools arm embedded/4.9 2015q2/bin/../lib/gcc/arm-none-eabi/4.9.3/../../../../arm-none-eabi/lib/armv7e-m/softfp\libg.a(lib_a-mallocr.o)
                0x20000568                __malloc_av_
 .data.__malloc_trim_threshold
                0x20000970        0x4 c:/program files/gnu tools arm embedded/4.9 2015q2/bin/../lib/gcc/arm-none-eabi/4.9.3/../../../../arm-none-eabi/lib/armv7e-m/softfp\libg.a(lib_a-mallocr.o)
                0x20000970                __malloc_trim_threshold
 .data.__malloc_sbrk_base
                0x20000974        0x4 c:/program files/gnu tools arm embedded/4.9 2015q2/bin/../lib/gcc/arm-none-eabi/4.9.3/../../../../arm-none-eabi/lib/armv7e-m/softfp\libg.a(lib_a-mallocr.o)
                0x20000974                __malloc_sbrk_base
 .data.__wctomb
                0x20000978        0x4 c:/program files/gnu tools arm embedded/4.9 2015q2/bin/../lib/gcc/arm-none-eabi/4.9.3/../../../../arm-none-eabi/lib/armv7e-m/softfp\libg.a(lib_a-wctomb_r.o)
                0x20000978                __wctomb
                0x2000097c                . = ALIGN (0x4)
                0x2000097c                PROVIDE (__preinit_array_start, .)
 *(.preinit_array)
                0x2000097c                PROVIDE (__preinit_array_end, .)
                0x2000097c                . = ALIGN (0x4)
                0x2000097c                PROVIDE (__init_array_start, .)
 *(SORT(.init_array.*))
 *(.init_array)
                0x2000097c                PROVIDE (__init_array_end, .)
                0x2000097c                . = ALIGN (0x4)
                0x2000097c                PROVIDE (__fini_array_start, .)
 *(SORT(.fini_array.*))
 *(.fini_array)
                0x2000097c                PROVIDE (__fini_array_end, .)
 *(.jcr*)
                0x2000097c                . = ALIGN (0x4)
                0x2000097c                __data_end__ = .
                0x2000097c                _edata = __data_end__

.igot.plt       0x2000097c        0x0 load address 0x0801575c
 .igot.plt      0x00000000        0x0 ..\obj\stm32f4xx_syscfg.o

.bss            0x2000097c    0x17e58 load address 0x0801575c
                0x2000097c                . = ALIGN (0x4)
                0x2000097c                __bss_start__ = .
                0x2000097c                _sbss = __bss_start__
 *(.bss*)
 .bss           0x2000097c       0x10 ..\obj\mem.o
 .bss           0x2000098c       0x24 ..\obj\mb.o
 .bss           0x200009b0        0x2 ..\obj\tcp.o
 *fill*         0x200009b2        0x2 
 .bss           0x200009b4        0x4 ..\obj\portevent.o
 .bss           0x200009b8      0x112 ..\obj\porttcp.o
 *fill*         0x20000aca        0x2 
 .bss           0x20000acc       0x22 ..\obj\mbfuncother.o
 *fill*         0x20000aee        0x2 
 .bss           0x20000af0       0x2c ..\obj\tcp_in.o
 .bss           0x20000b1c     0x2a97 ..\obj\memp.o
 *fill*         0x200035b3        0x1 
 .bss           0x200035b4        0xc ..\obj\tcpip.o
 .bss           0x200035c0        0x8 ..\obj\timers.o
 .bss           0x200035c8        0x4 ..\obj\stm32f4x7_eth_bsp.o
                0x200035c8                EthInitStatus
 .bss           0x200035cc        0xc ..\obj\ethernetif.o
                0x200035d0                s_xSemaphore
 .bss           0x200035d8       0xc9 ..\obj\etharp.o
 *fill*         0x200036a1        0x3 
 .bss           0x200036a4       0xfc ..\obj\tasks.o
                0x200036a4                pxCurrentTCB
 .bss           0x200037a0        0x4 ..\obj\adc_dcmi.o
 .bss           0x200037a4        0x1 ..\obj\netif.o
 *fill*         0x200037a5        0x3 
 .bss           0x200037a8        0x4 ..\obj\sys_arch.o
                0x200037a8                xInsideISR
 .bss           0x200037ac        0x4 ..\obj\syscalls.o
 .bss           0x200037b0      0x204 ..\obj\portother.o
 .bss           0x200039b4        0x8 ..\obj\port.o
 .bss           0x200039bc        0x2 ..\obj\ip.o
 *fill*         0x200039be        0x2 
 .bss           0x200039c0        0x8 ..\obj\udp_send.o
                0x200039c0                adc_buf_offset
                0x200039c4                xUDP_Send_Semaphore
 .bss           0x200039c8       0x28 ..\obj\mbfunc.o
 .bss           0x200039f0     0x7814 ..\obj\heap_2.o
 .bss           0x2000b204        0x4 ..\obj\raw.o
 .bss.__malloc_max_total_mem
                0x2000b208        0x4 c:/program files/gnu tools arm embedded/4.9 2015q2/bin/../lib/gcc/arm-none-eabi/4.9.3/../../../../arm-none-eabi/lib/armv7e-m/softfp\libg.a(lib_a-mallocr.o)
                0x2000b208                __malloc_max_total_mem
 .bss.__malloc_max_sbrked_mem
                0x2000b20c        0x4 c:/program files/gnu tools arm embedded/4.9 2015q2/bin/../lib/gcc/arm-none-eabi/4.9.3/../../../../arm-none-eabi/lib/armv7e-m/softfp\libg.a(lib_a-mallocr.o)
                0x2000b20c                __malloc_max_sbrked_mem
 .bss.__malloc_top_pad
                0x2000b210        0x4 c:/program files/gnu tools arm embedded/4.9 2015q2/bin/../lib/gcc/arm-none-eabi/4.9.3/../../../../arm-none-eabi/lib/armv7e-m/softfp\libg.a(lib_a-mallocr.o)
                0x2000b210                __malloc_top_pad
 .bss.__malloc_current_mallinfo
                0x2000b214       0x28 c:/program files/gnu tools arm embedded/4.9 2015q2/bin/../lib/gcc/arm-none-eabi/4.9.3/../../../../arm-none-eabi/lib/armv7e-m/softfp\libg.a(lib_a-mallocr.o)
                0x2000b214                __malloc_current_mallinfo
 *(COMMON)
 COMMON         0x2000b23c     0x1414 ..\obj\mem.o
                0x2000b23c                ram_heap
 COMMON         0x2000c650       0x1c ..\obj\tcp.o
                0x2000c650                tcp_active_pcbs_changed
                0x2000c654                tcp_active_pcbs
                0x2000c658                tcp_ticks
                0x2000c65c                tcp_listen_pcbs
                0x2000c660                tcp_tmp_pcb
                0x2000c664                tcp_bound_pcbs
                0x2000c668                tcp_tw_pcbs
 COMMON         0x2000c66c        0x4 ..\obj\tcp_in.o
                0x2000c66c                tcp_input_pcb
 COMMON         0x2000c670     0x3ce4 ..\obj\stm32f4x7_eth.o
                0x2000c670                RX_Frame_Descriptor
                0x2000c67c                DMARxDescToGet
                0x2000c680                DMATxDescToSet
                0x2000c684                DMATxDscrTab
                0x2000c724                Rx_Buff
                0x2000e4e8                Frame_Rx_index
                0x2000e4ec                DMA_RX_FRAME_infos
                0x2000e4f0                DMARxDscrTab
                0x2000e590                Tx_Buff
 COMMON         0x20010354       0x34 ..\obj\main.o
                0x20010354                xnetif
 COMMON         0x20010388        0x4 ..\obj\tcp_send.o
                0x20010388                client_pcb
 COMMON         0x2001038c     0x8014 ..\obj\adc_dcmi.o
                0x2001038c                ADC_last_data
                0x2001039c                ADC_buf_pnt
                0x200103a0                DCMIAdcRxBuff
 COMMON         0x200183a0        0x8 ..\obj\netif.o
                0x200183a0                netif_list
                0x200183a4                netif_default
 COMMON         0x200183a8        0x4 ..\obj\udp.o
                0x200183a8                udp_pcbs
 COMMON         0x200183ac       0x10 ..\obj\ip.o
                0x200183ac                current_iphdr_src
                0x200183b0                current_netif
                0x200183b4                current_iphdr_dest
                0x200183b8                current_header
 COMMON         0x200183bc      0x411 ..\obj\udp_send.o
                0x200183bc                DestIPaddr
                0x200183c0                pb
                0x200183c4                UDPPacket
 *fill*         0x200187cd        0x3 
 COMMON         0x200187d0        0x4 c:/program files/gnu tools arm embedded/4.9 2015q2/bin/../lib/gcc/arm-none-eabi/4.9.3/../../../../arm-none-eabi/lib/armv7e-m/softfp\libg.a(lib_a-reent.o)
                0x200187d0                errno
                0x200187d4                . = ALIGN (0x4)
                0x200187d4                __bss_end__ = .
                0x200187d4                _ebss = __bss_end__

.heap           0x200187d4        0x0
                0x200187d4                __end__ = .
                0x200187d4                _end = __end__
                0x200187d4                end = __end__
 *(.heap*)
                0x200187d4                __HeapLimit = .

.co_stack       0x200187d4      0x804 load address 0x0802d5b4
                0x200187d8                . = ALIGN (0x8)
 *fill*         0x200187d4        0x4 
 *(.co_stack .co_stack.*)
 .co_stack      0x200187d8      0x800 ..\obj\startup_stm32f4xx.o
                0x200187d8                pulStack
                0x20020000                __StackTop = (ORIGIN (ram) + 0x20000)
                0x2001f7fc                __StackLimit = (__StackTop - SIZEOF (.co_stack))
                0x20020000                PROVIDE (__stack, __StackTop)
                0x00000001                ASSERT ((__StackLimit >= __HeapLimit), region ram  overflowed with stack)
LOAD ..\obj\stm32f4xx_syscfg.o
LOAD ..\obj\mem.o
LOAD ..\obj\stm32f4xx_sdio.o
LOAD ..\obj\mb.o
LOAD ..\obj\mbfuncdisc.o
LOAD ..\obj\tcp.o
LOAD ..\obj\err.o
LOAD ..\obj\portevent.o
LOAD ..\obj\porttcp.o
LOAD ..\obj\randm.o
LOAD ..\obj\mib_structs.o
LOAD ..\obj\mbfuncother.o
LOAD ..\obj\tcp_in.o
LOAD ..\obj\stm32f4xx_usart.o
LOAD ..\obj\stm32f4xx_pwr.o
LOAD ..\obj\slipif.o
LOAD ..\obj\memp.o
LOAD ..\obj\autoip.o
LOAD ..\obj\ip_frag.o
LOAD ..\obj\msg_out.o
LOAD ..\obj\netbuf.o
LOAD ..\obj\tcpip.o
LOAD ..\obj\mbutils.o
LOAD ..\obj\stm32f4xx_dac.o
LOAD ..\obj\asn1_dec.o
LOAD ..\obj\lcp.o
LOAD ..\obj\vj.o
LOAD ..\obj\startup_stm32f4xx.o
LOAD ..\obj\stm32f4x7_eth.o
LOAD ..\obj\sys.o
LOAD ..\obj\ip_addr.o
LOAD ..\obj\mbfuncholding.o
LOAD ..\obj\inet_chksum.o
LOAD ..\obj\main.o
LOAD ..\obj\mbcrc.o
LOAD ..\obj\stm32f4xx_rcc.o
LOAD ..\obj\mib2.o
LOAD ..\obj\stm32f4xx_it.o
LOAD ..\obj\netdb.o
LOAD ..\obj\timers.o
LOAD ..\obj\init.o
LOAD ..\obj\stm32f4xx_adc.o
LOAD ..\obj\stm32f4x7_eth_bsp.o
LOAD ..\obj\mbfuncinput.o
LOAD ..\obj\def.o
LOAD ..\obj\ethernetif.o
LOAD ..\obj\stm32f4xx_dcmi.o
LOAD ..\obj\chpms.o
LOAD ..\obj\etharp.o
LOAD ..\obj\mbfuncdiag.o
LOAD ..\obj\tasks.o
LOAD ..\obj\magic.o
LOAD ..\obj\tcp_send.o
LOAD ..\obj\pbuf.o
LOAD ..\obj\stats.o
LOAD ..\obj\inet.o
LOAD ..\obj\adc_dcmi.o
LOAD ..\obj\msg_in.o
LOAD ..\obj\netif.o
LOAD ..\obj\asn1_enc.o
LOAD ..\obj\fsm.o
LOAD ..\obj\api_msg.o
LOAD ..\obj\chap.o
LOAD ..\obj\stm32f4xx_gpio.o
LOAD ..\obj\md5.o
LOAD ..\obj\sys_arch.o
LOAD ..\obj\list.o
LOAD ..\obj\mbrtu.o
LOAD ..\obj\system_stm32f4xx.o
LOAD ..\obj\syscalls.o
LOAD ..\obj\stm32f4xx_dma.o
LOAD ..\obj\portother.o
LOAD ..\obj\queue.o
LOAD ..\obj\port.o
LOAD ..\obj\sockets.o
LOAD ..\obj\igmp.o
LOAD ..\obj\pap.o
LOAD ..\obj\mbinit.o
LOAD ..\obj\croutine.o
LOAD ..\obj\udp.o
LOAD ..\obj\ip.o
LOAD ..\obj\stm32f4xx_spi.o
LOAD ..\obj\mbfunccoils.o
LOAD ..\obj\event_groups.o
LOAD ..\obj\auth.o
LOAD ..\obj\stm32f4xx_exti.o
LOAD ..\obj\icmp.o
LOAD ..\obj\ppp_oe.o
LOAD ..\obj\dns.o
LOAD ..\obj\netifapi.o
LOAD ..\obj\misc.o
LOAD ..\obj\api_lib.o
LOAD ..\obj\udp_send.o
LOAD ..\obj\mbtcp.o
LOAD ..\obj\dhcp.o
LOAD ..\obj\ppp.o
LOAD ..\obj\mbascii.o
LOAD ..\obj\mbfunc.o
LOAD ..\obj\heap_2.o
LOAD ..\obj\http_server.o
LOAD ..\obj\ipcp.o
LOAD ..\obj\stm32f4xx_tim.o
LOAD ..\obj\tcp_out.o
LOAD ..\obj\raw.o
START GROUP
LOAD c:/program files/gnu tools arm embedded/4.9 2015q2/bin/../lib/gcc/arm-none-eabi/4.9.3/armv7e-m/softfp\libgcc.a
LOAD c:/program files/gnu tools arm embedded/4.9 2015q2/bin/../lib/gcc/arm-none-eabi/4.9.3/../../../../arm-none-eabi/lib/armv7e-m/softfp\libg.a
LOAD c:/program files/gnu tools arm embedded/4.9 2015q2/bin/../lib/gcc/arm-none-eabi/4.9.3/../../../../arm-none-eabi/lib/armv7e-m/softfp\libc.a
END GROUP
OUTPUT(LAN8720.elf elf32-littlearm)

.debug_info     0x00000000    0x1a64f
 .debug_info    0x00000000      0x26c ..\obj\stm32f4xx_syscfg.o
 .debug_info    0x0000026c      0x370 ..\obj\mem.o
 .debug_info    0x000005dc      0x5f7 ..\obj\mb.o
 .debug_info    0x00000bd3      0x1b2 ..\obj\mbfuncdisc.o
 .debug_info    0x00000d85     0x1372 ..\obj\tcp.o
 .debug_info    0x000020f7      0x197 ..\obj\portevent.o
 .debug_info    0x0000228e      0x859 ..\obj\porttcp.o
 .debug_info    0x00002ae7      0x215 ..\obj\mbfuncother.o
 .debug_info    0x00002cfc      0xc9a ..\obj\tcp_in.o
 .debug_info    0x00003996      0x261 ..\obj\memp.o
 .debug_info    0x00003bf7      0xb4d ..\obj\tcpip.o
 .debug_info    0x00004744      0x273 ..\obj\mbutils.o
 .debug_info    0x000049b7       0xed ..\obj\startup_stm32f4xx.o
 .debug_info    0x00004aa4     0x190d ..\obj\stm32f4x7_eth.o
 .debug_info    0x000063b1      0x540 ..\obj\ip_addr.o
 .debug_info    0x000068f1      0x33b ..\obj\mbfuncholding.o
 .debug_info    0x00006c2c      0x39b ..\obj\inet_chksum.o
 .debug_info    0x00006fc7      0x61f ..\obj\main.o
 .debug_info    0x000075e6      0xc4d ..\obj\stm32f4xx_rcc.o
 .debug_info    0x00008233      0x181 ..\obj\stm32f4xx_it.o
 .debug_info    0x000083b4      0x8ca ..\obj\timers.o
 .debug_info    0x00008c7e       0x88 ..\obj\init.o
 .debug_info    0x00008d06      0x817 ..\obj\stm32f4x7_eth_bsp.o
 .debug_info    0x0000951d      0x1a4 ..\obj\mbfuncinput.o
 .debug_info    0x000096c1       0xfd ..\obj\def.o
 .debug_info    0x000097be      0xb18 ..\obj\ethernetif.o
 .debug_info    0x0000a2d6      0x54c ..\obj\stm32f4xx_dcmi.o
 .debug_info    0x0000a822      0xdea ..\obj\etharp.o
 .debug_info    0x0000b60c     0x1b85 ..\obj\tasks.o
 .debug_info    0x0000d191      0x6a5 ..\obj\tcp_send.o
 .debug_info    0x0000d836      0x857 ..\obj\pbuf.o
 .debug_info    0x0000e08d      0xb5e ..\obj\adc_dcmi.o
 .debug_info    0x0000ebeb      0xe45 ..\obj\netif.o
 .debug_info    0x0000fa30      0x602 ..\obj\stm32f4xx_gpio.o
 .debug_info    0x00010032      0x6c3 ..\obj\sys_arch.o
 .debug_info    0x000106f5      0x299 ..\obj\list.o
 .debug_info    0x0001098e      0x592 ..\obj\system_stm32f4xx.o
 .debug_info    0x00010f20      0x3ee ..\obj\syscalls.o
 .debug_info    0x0001130e      0x739 ..\obj\stm32f4xx_dma.o
 .debug_info    0x00011a47      0x2ad ..\obj\portother.o
 .debug_info    0x00011cf4     0x10ec ..\obj\queue.o
 .debug_info    0x00012de0      0x52b ..\obj\port.o
 .debug_info    0x0001330b       0xef ..\obj\mbinit.o
 .debug_info    0x000133fa      0xb4c ..\obj\udp.o
 .debug_info    0x00013f46      0x92d ..\obj\ip.o
 .debug_info    0x00014873      0x2cf ..\obj\mbfunccoils.o
 .debug_info    0x00014b42      0x5af ..\obj\icmp.o
 .debug_info    0x000150f1      0x53d ..\obj\misc.o
 .debug_info    0x0001562e      0x43f ..\obj\udp_send.o
 .debug_info    0x00015a6d      0x22b ..\obj\mbtcp.o
 .debug_info    0x00015c98     0x1062 ..\obj\dhcp.o
 .debug_info    0x00016cfa      0x328 ..\obj\mbfunc.o
 .debug_info    0x00017022      0x2d8 ..\obj\heap_2.o
 .debug_info    0x000172fa     0x1c61 ..\obj\stm32f4xx_tim.o
 .debug_info    0x00018f5b      0xfe4 ..\obj\tcp_out.o
 .debug_info    0x00019f3f      0x710 ..\obj\raw.o

.debug_abbrev   0x00000000     0x4e80
 .debug_abbrev  0x00000000      0x131 ..\obj\stm32f4xx_syscfg.o
 .debug_abbrev  0x00000131      0x137 ..\obj\mem.o
 .debug_abbrev  0x00000268      0x171 ..\obj\mb.o
 .debug_abbrev  0x000003d9       0x8c ..\obj\mbfuncdisc.o
 .debug_abbrev  0x00000465      0x2c9 ..\obj\tcp.o
 .debug_abbrev  0x0000072e       0xad ..\obj\portevent.o
 .debug_abbrev  0x000007db      0x21a ..\obj\porttcp.o
 .debug_abbrev  0x000009f5       0xa7 ..\obj\mbfuncother.o
 .debug_abbrev  0x00000a9c      0x205 ..\obj\tcp_in.o
 .debug_abbrev  0x00000ca1      0x11c ..\obj\memp.o
 .debug_abbrev  0x00000dbd      0x1f1 ..\obj\tcpip.o
 .debug_abbrev  0x00000fae       0xc2 ..\obj\mbutils.o
 .debug_abbrev  0x00001070       0xb0 ..\obj\startup_stm32f4xx.o
 .debug_abbrev  0x00001120      0x240 ..\obj\stm32f4x7_eth.o
 .debug_abbrev  0x00001360      0x19f ..\obj\ip_addr.o
 .debug_abbrev  0x000014ff       0xa8 ..\obj\mbfuncholding.o
 .debug_abbrev  0x000015a7      0x12b ..\obj\inet_chksum.o
 .debug_abbrev  0x000016d2      0x129 ..\obj\main.o
 .debug_abbrev  0x000017fb      0x1e3 ..\obj\stm32f4xx_rcc.o
 .debug_abbrev  0x000019de       0xc5 ..\obj\stm32f4xx_it.o
 .debug_abbrev  0x00001aa3      0x1a1 ..\obj\timers.o
 .debug_abbrev  0x00001c44       0x40 ..\obj\init.o
 .debug_abbrev  0x00001c84      0x14d ..\obj\stm32f4x7_eth_bsp.o
 .debug_abbrev  0x00001dd1       0x8c ..\obj\mbfuncinput.o
 .debug_abbrev  0x00001e5d       0x96 ..\obj\def.o
 .debug_abbrev  0x00001ef3      0x23c ..\obj\ethernetif.o
 .debug_abbrev  0x0000212f      0x187 ..\obj\stm32f4xx_dcmi.o
 .debug_abbrev  0x000022b6      0x204 ..\obj\etharp.o
 .debug_abbrev  0x000024ba      0x27c ..\obj\tasks.o
 .debug_abbrev  0x00002736      0x172 ..\obj\tcp_send.o