Archive member included because of file (symbol)

c:/program files/gnu tools arm embedded/4.9 2015q2/bin/../lib/gcc/arm-none-eabi/4.9.3/../../../../arm-none-eabi/lib/armv7e-m/softfp\libg.a(lib_a-memcmp.o)
                              ..\obj\etharp.o (memcmp)
c:/program files/gnu tools arm embedded/4.9 2015q2/bin/../lib/gcc/arm-none-eabi/4.9.3/../../../../arm-none-eabi/lib/armv7e-m/softfp\libg.a(lib_a-memcpy.o)
                              ..\obj\porttcp.o (memcpy)
c:/program files/gnu tools arm embedded/4.9 2015q2/bin/../lib/gcc/arm-none-eabi/4.9.3/../../../../arm-none-eabi/lib/armv7e-m/softfp\libg.a(lib_a-memset.o)
                              ..\obj\mem.o (memset)
c:/program files/gnu tools arm embedded/4.9 2015q2/bin/../lib/gcc/arm-none-eabi/4.9.3/../../../../arm-none-eabi/lib/armv7e-m/softfp\libg.a(lib_a-printf.o)
                              ..\obj\portother.o (printf)
c:/program files/gnu tools arm embedded/4.9 2015q2/bin/../lib/gcc/arm-none-eabi/4.9.3/../../../../arm-none-eabi/lib/armv7e-m/softfp\libg.a(lib_a-snprintf.o)
                              ..\obj\portother.o (snprintf)
c:/program files/gnu tools arm embedded/4.9 2015q2/bin/../lib/gcc/arm-none-eabi/4.9.3/../../../../arm-none-eabi/lib/armv7e-m/softfp\libg.a(lib_a-sprintf.o)
                              ..\obj\http_server.o (sprintf)
c:/program files/gnu tools arm embedded/4.9 2015q2/bin/../lib/gcc/arm-none-eabi/4.9.3/../../../../arm-none-eabi/lib/armv7e-m/softfp\libg.a(lib_a-strlen.o)
                              ..\obj\pbuf.o (strlen)
c:/program files/gnu tools arm embedded/4.9 2015q2/bin/../lib/gcc/arm-none-eabi/4.9.3/../../../../arm-none-eabi/lib/armv7e-m/softfp\libg.a(lib_a-strncmp.o)
                              ..\obj\http_server.o (strncmp)
c:/program files/gnu tools arm embedded/4.9 2015q2/bin/../lib/gcc/arm-none-eabi/4.9.3/../../../../arm-none-eabi/lib/armv7e-m/softfp\libg.a(lib_a-svfprintf.o)
                              c:/program files/gnu tools arm embedded/4.9 2015q2/bin/../lib/gcc/arm-none-eabi/4.9.3/../../../../arm-none-eabi/lib/armv7e-m/softfp\libg.a(lib_a-snprintf.o) (_svfprintf_r)
c:/program files/gnu tools arm embedded/4.9 2015q2/bin/../lib/gcc/arm-none-eabi/4.9.3/../../../../arm-none-eabi/lib/armv7e-m/softfp\libg.a(lib_a-vfprintf.o)
                              c:/program files/gnu tools arm embedded/4.9 2015q2/bin/../lib/gcc/arm-none-eabi/4.9.3/../../../../arm-none-eabi/lib/armv7e-m/softfp\libg.a(lib_a-printf.o) (_vfprintf_r)
c:/program files/gnu tools arm embedded/4.9 2015q2/bin/../lib/gcc/arm-none-eabi/4.9.3/../../../../arm-none-eabi/lib/armv7e-m/softfp\libg.a(lib_a-vprintf.o)
                              ..\obj\portother.o (vprintf)
c:/program files/gnu tools arm embedded/4.9 2015q2/bin/../lib/gcc/arm-none-eabi/4.9.3/../../../../arm-none-eabi/lib/armv7e-m/softfp\libg.a(lib_a-wsetup.o)
                              c:/program files/gnu tools arm embedded/4.9 2015q2/bin/../lib/gcc/arm-none-eabi/4.9.3/../../../../arm-none-eabi/lib/armv7e-m/softfp\libg.a(lib_a-vfprintf.o) (__swsetup_r)
c:/program files/gnu tools arm embedded/4.9 2015q2/bin/../lib/gcc/arm-none-eabi/4.9.3/../../../../arm-none-eabi/lib/armv7e-m/softfp\libg.a(lib_a-dtoa.o)
                              c:/program files/gnu tools arm embedded/4.9 2015q2/bin/../lib/gcc/arm-none-eabi/4.9.3/../../../../arm-none-eabi/lib/armv7e-m/softfp\libg.a(lib_a-svfprintf.o) (_dtoa_r)
c:/program files/gnu tools arm embedded/4.9 2015q2/bin/../lib/gcc/arm-none-eabi/4.9.3/../../../../arm-none-eabi/lib/armv7e-m/softfp\libg.a(lib_a-fflush.o)
                              c:/program files/gnu tools arm embedded/4.9 2015q2/bin/../lib/gcc/arm-none-eabi/4.9.3/../../../../arm-none-eabi/lib/armv7e-m/softfp\libg.a(lib_a-vfprintf.o) (_fflush_r)
c:/program files/gnu tools arm embedded/4.9 2015q2/bin/../lib/gcc/arm-none-eabi/4.9.3/../../../../arm-none-eabi/lib/armv7e-m/softfp\libg.a(lib_a-findfp.o)
                              c:/program files/gnu tools arm embedded/4.9 2015q2/bin/../lib/gcc/arm-none-eabi/4.9.3/../../../../arm-none-eabi/lib/armv7e-m/softfp\libg.a(lib_a-vfprintf.o) (__sinit)
c:/program files/gnu tools arm embedded/4.9 2015q2/bin/../lib/gcc/arm-none-eabi/4.9.3/../../../../arm-none-eabi/lib/armv7e-m/softfp\libg.a(lib_a-freer.o)
                              c:/program files/gnu tools arm embedded/4.9 2015q2/bin/../lib/gcc/arm-none-eabi/4.9.3/../../../../arm-none-eabi/lib/armv7e-m/softfp\libg.a(lib_a-wsetup.o) (_free_r)
c:/program files/gnu tools arm embedded/4.9 2015q2/bin/../lib/gcc/arm-none-eabi/4.9.3/../../../../arm-none-eabi/lib/armv7e-m/softfp\libg.a(lib_a-fwalk.o)
                              c:/program files/gnu tools arm embedded/4.9 2015q2/bin/../lib/gcc/arm-none-eabi/4.9.3/../../../../arm-none-eabi/lib/armv7e-m/softfp\libg.a(lib_a-findfp.o) (_fwalk)
c:/program files/gnu tools arm embedded/4.9 2015q2/bin/../lib/gcc/arm-none-eabi/4.9.3/../../../../arm-none-eabi/lib/armv7e-m/softfp\libg.a(lib_a-impure.o)
[...]
Memory Configuration

Name             Origin             Length             Attributes
rom              0x08000000         0x00100000         xr
ram              0x20000000         0x00020000         xrw
ram1             0x10000000         0x00010000         xrw
*default*        0x00000000         0xffffffff

Linker script and memory map

                0x20020000                _eram = 0x20020000

.text           0x08000000    0x16f38
 *(.isr_vector)
 .isr_vector    0x08000000      0x188 ..\obj\startup_stm32f4xx.o
                0x08000000                g_pfnVectors
 *(.text*)
 .text.SYSCFG_ETH_MediaInterfaceConfig
                0x08000188       0x1c ..\obj\stm32f4xx_syscfg.o
                0x08000188                SYSCFG_ETH_MediaInterfaceConfig
 .text.plug_holes
                0x080001a4       0xbc ..\obj\mem.o
 .text.mem_init
                0x08000260       0x80 ..\obj\mem.o
                0x08000260                mem_init
 .text.mem_free
                0x080002e0       0x74 ..\obj\mem.o
                0x080002e0                mem_free
 .text.mem_trim
                0x08000354      0x188 ..\obj\mem.o
                0x08000354                mem_trim
 .text.mem_malloc
                0x080004dc      0x164 ..\obj\mem.o
                0x080004dc                mem_malloc
 .text.eMBTCPInit
                0x08000640       0xa4 ..\obj\mb.o
                0x08000640                eMBTCPInit
 .text.eMBEnable
                0x080006e4       0x38 ..\obj\mb.o
                0x080006e4                eMBEnable
 .text.eMBPoll  0x0800071c      0x170 ..\obj\mb.o
                0x0800071c                eMBPoll
 .text.eMBFuncReadDiscreteInputs
                0x0800088c      0x104 ..\obj\mbfuncdisc.o
                0x0800088c                eMBFuncReadDiscreteInputs
 .text.tcp_init
                0x08000990        0xc ..\obj\tcp.o
                0x08000990                tcp_init
 .text.tcp_tmr  0x0800099c       0x2c ..\obj\tcp.o
                0x0800099c                tcp_tmr
 .text.tcp_close_shutdown
                0x080009c8      0x250 ..\obj\tcp.o
 .text.tcp_close
                0x08000c18       0x30 ..\obj\tcp.o
                0x08000c18                tcp_close
 .text.tcp_shutdown
                0x08000c48       0x8c ..\obj\tcp.o
                0x08000c48                tcp_shutdown
 .text.tcp_abandon
                0x08000cd4       0xc0 ..\obj\tcp.o
                0x08000cd4                tcp_abandon
 .text.tcp_abort
                0x08000d94       0x18 ..\obj\tcp.o
                0x08000d94                tcp_abort
 .text.tcp_bind
                0x08000dac       0xdc ..\obj\tcp.o
                0x08000dac                tcp_bind
 .text.tcp_accept_null
                0x08000e88       0x20 ..\obj\tcp.o
 .text.tcp_listen_with_backlog
                0x08000ea8      0x114 ..\obj\tcp.o
                0x08000ea8                tcp_listen_with_backlog
 .text.tcp_update_rcv_ann_wnd
                0x08000fbc       0x84 ..\obj\tcp.o
                0x08000fbc                tcp_update_rcv_ann_wnd
 .text.tcp_recved
                0x08001040       0x5c ..\obj\tcp.o
                0x08001040                tcp_recved
 .text.tcp_new_port
                0x0800109c       0x8c ..\obj\tcp.o
 .text.tcp_slowtmr
                0x08001128      0x42c ..\obj\tcp.o
                0x08001128                tcp_slowtmr
 .text.tcp_fasttmr
                0x08001554       0xa0 ..\obj\tcp.o
                0x08001554                tcp_fasttmr
 .text.tcp_process_refused_data
                0x080015f4       0xc8 ..\obj\tcp.o
                0x080015f4                tcp_process_refused_data
 .text.tcp_segs_free
                0x080016bc       0x28 ..\obj\tcp.o
                0x080016bc                tcp_segs_free
 .text.tcp_seg_free
                0x080016e4       0x30 ..\obj\tcp.o
                0x080016e4                tcp_seg_free
 .text.tcp_recv_null
                0x08001714       0x48 ..\obj\tcp.o
                0x08001714                tcp_recv_null
 .text.tcp_kill_prio
                0x0800175c       0x80 ..\obj\tcp.o
 .text.tcp_kill_timewait
                0x080017dc       0x5c ..\obj\tcp.o
 .text.tcp_alloc
                0x08001838      0x114 ..\obj\tcp.o
                0x08001838                tcp_alloc
 .text.tcp_new  0x0800194c       0x10 ..\obj\tcp.o
                0x0800194c                tcp_new
 .text.tcp_arg  0x0800195c       0x1c ..\obj\tcp.o
                0x0800195c                tcp_arg
 .text.tcp_recv
                0x08001978       0x1c ..\obj\tcp.o
                0x08001978                tcp_recv
 .text.tcp_sent
                0x08001994       0x1c ..\obj\tcp.o
                0x08001994                tcp_sent
 .text.tcp_err  0x080019b0       0x1c ..\obj\tcp.o
                0x080019b0                tcp_err
 .text.tcp_accept
                0x080019cc       0x1c ..\obj\tcp.o
                0x080019cc                tcp_accept
 .text.tcp_poll
                0x080019e8       0x28 ..\obj\tcp.o
                0x080019e8                tcp_poll
 .text.tcp_pcb_purge
                0x08001a10       0x70 ..\obj\tcp.o
                0x08001a10                tcp_pcb_purge
 .text.tcp_pcb_remove
                0x08001a80       0xa8 ..\obj\tcp.o
                0x08001a80                tcp_pcb_remove
 .text.tcp_next_iss
                0x08001b28       0x28 ..\obj\tcp.o
                0x08001b28                tcp_next_iss
 .text.tcp_eff_send_mss
                0x08001b50       0x40 ..\obj\tcp.o
                0x08001b50                tcp_eff_send_mss
 .text.xMBPortEventInit
                0x08001b90       0x34 ..\obj\portevent.o
                0x08001b90                xMBPortEventInit
 .text.xMBPortEventPost
                0x08001bc4       0x4c ..\obj\portevent.o
                0x08001bc4                xMBPortEventPost
 .text.xMBPortEventGet
                0x08001c10       0x34 ..\obj\portevent.o
                0x08001c10                xMBPortEventGet
 .text.xMBTCPPortInit
                0x08001c44       0xac ..\obj\porttcp.o
                0x08001c44                xMBTCPPortInit
 .text.prvvMBPortReleaseClient
                0x08001cf0       0x8c ..\obj\porttcp.o
                0x08001cf0                prvvMBPortReleaseClient
 .text.vMBTCPPortDisable
                0x08001d7c       0x14 ..\obj\porttcp.o
                0x08001d7c                vMBTCPPortDisable
 .text.prvxMBTCPPortAccept
                0x08001d90       0xb0 ..\obj\porttcp.o
 .text.prvvMBTCPPortError
                0x08001e40       0x34 ..\obj\porttcp.o
 .text.prvxMBTCPPortReceive
                0x08001e74      0x10c ..\obj\porttcp.o
 .text.xMBTCPPortGetRequest
                0x08001f80       0x34 ..\obj\porttcp.o
                0x08001f80                xMBTCPPortGetRequest
 .text.xMBTCPPortSendResponse
                0x08001fb4       0x6c ..\obj\porttcp.o
                0x08001fb4                xMBTCPPortSendResponse
 .text.eMBSetSlaveID
                0x08002020       0x9c ..\obj\mbfuncother.o
                0x08002020                eMBSetSlaveID
 .text.eMBFuncReportSlaveID
                0x080020bc       0x3c ..\obj\mbfuncother.o
                0x080020bc                eMBFuncReportSlaveID
 .text.tcp_input
                0x080020f8      0x5f0 ..\obj\tcp_in.o
                0x080020f8                tcp_input
 .text.tcp_listen_input
                0x080026e8      0x194 ..\obj\tcp_in.o
 .text.tcp_timewait_input
                0x0800287c       0xd8 ..\obj\tcp_in.o
 .text.tcp_process
                0x08002954      0x6b8 ..\obj\tcp_in.o
 .text.tcp_receive
                0x0800300c      0x8e0 ..\obj\tcp_in.o
 .text.tcp_parseopt
                0x080038ec      0x104 ..\obj\tcp_in.o
 .text.memp_init
                0x080039f0       0x98 ..\obj\memp.o
                0x080039f0                memp_init
 .text.memp_malloc
                0x08003a88       0x44 ..\obj\memp.o
                0x08003a88                memp_malloc
 .text.memp_free
                0x08003acc       0x3c ..\obj\memp.o
                0x08003acc                memp_free
 .text.netbuf_delete
                0x08003b08       0x3c ..\obj\netbuf.o
                0x08003b08                netbuf_delete
 .text.netbuf_data
                0x08003b44       0x5c ..\obj\netbuf.o
                0x08003b44                netbuf_data
 .text.tcpip_thread
                0x08003ba0      0x114 ..\obj\tcpip.o
 .text.tcpip_input
                0x08003cb4       0x64 ..\obj\tcpip.o
                0x08003cb4                tcpip_input
 .text.tcpip_apimsg
                0x08003d18       0x48 ..\obj\tcpip.o
                0x08003d18                tcpip_apimsg
 .text.tcpip_init
                0x08003d60       0x50 ..\obj\tcpip.o
                0x08003d60                tcpip_init
 .text.prveMBError2Exception
                0x08003db0       0x40 ..\obj\mbutils.o
                0x08003db0                prveMBError2Exception
 .text.Default_Reset_Handler
                0x08003df0       0x6c ..\obj\startup_stm32f4xx.o
                0x08003df0                Default_Reset_Handler
                0x08003df0                Reset_Handler
 .text.Default_Handler
                0x08003e5c        0x8 ..\obj\startup_stm32f4xx.o
                0x08003e5c                RTC_Alarm_IRQHandler
                0x08003e5c                HASH_RNG_IRQHandler
                0x08003e5c                EXTI2_IRQHandler
                0x08003e5c                TIM8_CC_IRQHandler
                0x08003e5c                TIM1_CC_IRQHandler
                0x08003e5c                DMA2_Stream5_IRQHandler
                0x08003e5c                DMA1_Stream5_IRQHandler
                0x08003e5c                PVD_IRQHandler
                0x08003e5c                SDIO_IRQHandler
                0x08003e5c                TAMP_STAMP_IRQHandler
                0x08003e5c                CAN2_RX1_IRQHandler
                0x08003e5c                EXTI3_IRQHandler
                0x08003e5c                TIM8_TRG_COM_TIM14_IRQHandler
                0x08003e5c                TIM1_UP_TIM10_IRQHandler
                0x08003e5c                TIM8_UP_TIM13_IRQHandler
                0x08003e5c                I2C3_ER_IRQHandler
                0x08003e5c                EXTI0_IRQHandler
                0x08003e5c                I2C2_EV_IRQHandler
                0x08003e5c                DMA1_Stream2_IRQHandler
                0x08003e5c                CAN1_RX0_IRQHandler
                0x08003e5c                FPU_IRQHandler
                0x08003e5c                OTG_HS_WKUP_IRQHandler
                0x08003e5c                CAN2_SCE_IRQHandler
                0x08003e5c                DMA2_Stream2_IRQHandler
                0x08003e5c                SPI1_IRQHandler
                0x08003e5c                TIM6_DAC_IRQHandler
                0x08003e5c                TIM1_BRK_TIM9_IRQHandler
                0x08003e5c                CAN2_RX0_IRQHandler
                0x08003e5c                DMA2_Stream3_IRQHandler
                0x08003e5c                USART6_IRQHandler
                0x08003e5c                USART3_IRQHandler
                0x08003e5c                CRYP_IRQHandler
                0x08003e5c                CAN1_RX1_IRQHandler
                0x08003e5c                UART5_IRQHandler
                0x08003e5c                DMA2_Stream0_IRQHandler
                0x08003e5c                TIM4_IRQHandler
                0x08003e5c                I2C1_EV_IRQHandler
                0x08003e5c                DMA1_Stream6_IRQHandler
                0x08003e5c                DMA1_Stream1_IRQHandler
                0x08003e5c                UART4_IRQHandler
                0x08003e5c                TIM3_IRQHandler
                0x08003e5c                RCC_IRQHandler
                0x08003e5c                TIM8_BRK_TIM12_IRQHandler
                0x08003e5c                EXTI15_10_IRQHandler
                0x08003e5c                ADC_IRQHandler
                0x08003e5c                DMA1_Stream7_IRQHandler
                0x08003e5c                TIM7_IRQHandler
                0x08003e5c                CAN2_TX_IRQHandler
                0x08003e5c                TIM5_IRQHandler
                0x08003e5c                DMA2_Stream7_IRQHandler
                0x08003e5c                I2C3_EV_IRQHandler
                0x08003e5c                EXTI9_5_IRQHandler
                0x08003e5c                RTC_WKUP_IRQHandler
                0x08003e5c                ETH_WKUP_IRQHandler
                0x08003e5c                SPI2_IRQHandler
                0x08003e5c                OTG_HS_EP1_IN_IRQHandler
                0x08003e5c                DMA1_Stream0_IRQHandler
                0x08003e5c                CAN1_TX_IRQHandler
                0x08003e5c                EXTI4_IRQHandler
                0x08003e5c                FSMC_IRQHandler
                0x08003e5c                OTG_HS_EP1_OUT_IRQHandler
                0x08003e5c                WWDG_IRQHandler
                0x08003e5c                TIM2_IRQHandler
                0x08003e5c                OTG_FS_WKUP_IRQHandler
                0x08003e5c                TIM1_TRG_COM_TIM11_IRQHandler
                0x08003e5c                OTG_HS_IRQHandler
                0x08003e5c                EXTI1_IRQHandler
                0x08003e5c                USART2_IRQHandler
                0x08003e5c                I2C2_ER_IRQHandler
                0x08003e5c                CAN1_SCE_IRQHandler
                0x08003e5c                FLASH_IRQHandler
                0x08003e5c                DMA2_Stream4_IRQHandler
                0x08003e5c                USART1_IRQHandler
                0x08003e5c                OTG_FS_IRQHandler
                0x08003e5c                SPI3_IRQHandler
                0x08003e5c                DMA1_Stream4_IRQHandler
                0x08003e5c                I2C1_ER_IRQHandler
                0x08003e5c                DMA2_Stream6_IRQHandler
                0x08003e5c                DMA1_Stream3_IRQHandler
 .text.ETH_Delay
                0x08003e64       0x28 ..\obj\stm32f4x7_eth.o
 .text.ETH_DeInit
                0x08003e8c       0x1c ..\obj\stm32f4x7_eth.o
                0x08003e8c                ETH_DeInit
 .text.ETH_StructInit
                0x08003ea8      0x15c ..\obj\stm32f4x7_eth.o
                0x08003ea8                ETH_StructInit
 .text.ETH_Init
                0x08004004      0x42c ..\obj\stm32f4x7_eth.o
                0x08004004                ETH_Init
 .text.ETH_Start
                0x08004430       0x24 ..\obj\stm32f4x7_eth.o
                0x08004430                ETH_Start
 .text.ETH_MACTransmissionCmd
                0x08004454       0x38 ..\obj\stm32f4x7_eth.o
                0x08004454                ETH_MACTransmissionCmd
 .text.ETH_MACReceptionCmd
                0x0800448c       0x38 ..\obj\stm32f4x7_eth.o
                0x0800448c                ETH_MACReceptionCmd
 .text.ETH_MACAddressConfig
                0x080044c4       0x6c ..\obj\stm32f4x7_eth.o
                0x080044c4                ETH_MACAddressConfig
 .text.ETH_Get_Received_Frame_interrupt
                0x08004530      0x144 ..\obj\stm32f4x7_eth.o
                0x08004530                ETH_Get_Received_Frame_interrupt
 .text.ETH_Prepare_Transmit_Descriptors
                0x08004674      0x16c ..\obj\stm32f4x7_eth.o
                0x08004674                ETH_Prepare_Transmit_Descriptors
 .text.ETH_DMARxDescChainInit
                0x080047e0       0xa8 ..\obj\stm32f4x7_eth.o
                0x080047e0                ETH_DMARxDescChainInit
 .text.ETH_DMATxDescChainInit
                0x08004888       0x90 ..\obj\stm32f4x7_eth.o
                0x08004888                ETH_DMATxDescChainInit
 .text.ETH_DMATxDescChecksumInsertionConfig
                0x08004918       0x20 ..\obj\stm32f4x7_eth.o
                0x08004918                ETH_DMATxDescChecksumInsertionConfig
 .text.ETH_DMARxDescReceiveITConfig
                0x08004938       0x38 ..\obj\stm32f4x7_eth.o
                0x08004938                ETH_DMARxDescReceiveITConfig
 .text.ETH_SoftwareReset
                0x08004970       0x24 ..\obj\stm32f4x7_eth.o
                0x08004970                ETH_SoftwareReset
 .text.ETH_GetSoftwareResetStatus
                0x08004994       0x38 ..\obj\stm32f4x7_eth.o
                0x08004994                ETH_GetSoftwareResetStatus
 .text.ETH_GetDMAFlagStatus
                0x080049cc       0x3c ..\obj\stm32f4x7_eth.o
                0x080049cc                ETH_GetDMAFlagStatus
 .text.ETH_DMAITConfig
                0x08004a08       0x54 ..\obj\stm32f4x7_eth.o
                0x08004a08                ETH_DMAITConfig
 .text.ETH_DMAClearITPendingBit
                0x08004a5c       0x24 ..\obj\stm32f4x7_eth.o
                0x08004a5c                ETH_DMAClearITPendingBit
 .text.ETH_FlushTransmitFIFO
                0x08004a80       0x28 ..\obj\stm32f4x7_eth.o
                0x08004a80                ETH_FlushTransmitFIFO
 .text.ETH_DMATransmissionCmd
                0x08004aa8       0x50 ..\obj\stm32f4x7_eth.o
                0x08004aa8                ETH_DMATransmissionCmd
 .text.ETH_DMAReceptionCmd
                0x08004af8       0x50 ..\obj\stm32f4x7_eth.o
                0x08004af8                ETH_DMAReceptionCmd
 .text.ETH_ReadPHYRegister
                0x08004b48       0xa0 ..\obj\stm32f4x7_eth.o
                0x08004b48                ETH_ReadPHYRegister
 .text.ETH_WritePHYRegister
                0x08004be8       0xa4 ..\obj\stm32f4x7_eth.o
                0x08004be8                ETH_WritePHYRegister
 .text.ip4_addr_isbroadcast
                0x08004c8c       0x78 ..\obj\ip_addr.o
                0x08004c8c                ip4_addr_isbroadcast
 .text.eMBFuncWriteHoldingRegister
                0x08004d04       0x70 ..\obj\mbfuncholding.o
                0x08004d04                eMBFuncWriteHoldingRegister
 .text.eMBFuncWriteMultipleHoldingRegister
                0x08004d74       0xbc ..\obj\mbfuncholding.o
                0x08004d74                eMBFuncWriteMultipleHoldingRegister
 .text.eMBFuncReadHoldingRegister
                0x08004e30       0xe4 ..\obj\mbfuncholding.o
                0x08004e30                eMBFuncReadHoldingRegister
 .text.eMBFuncReadWriteMultipleHoldingRegister
                0x08004f14      0x160 ..\obj\mbfuncholding.o
                0x08004f14                eMBFuncReadWriteMultipleHoldingRegister
 .text.lwip_standard_chksum
                0x08005074       0xbc ..\obj\inet_chksum.o
 .text.inet_chksum
                0x08005130       0x24 ..\obj\inet_chksum.o
                0x08005130                inet_chksum
 .text.inet_chksum_pbuf
                0x08005154       0x98 ..\obj\inet_chksum.o
                0x08005154                inet_chksum_pbuf
 .text.LwIP_Init
                0x080051ec       0x60 ..\obj\main.o
                0x080051ec                LwIP_Init
 .text.main     0x0800524c       0x4c ..\obj\main.o
                0x0800524c                main
 .text.RCC_MCO1Config
                0x08005298       0x3c ..\obj\stm32f4xx_rcc.o
                0x08005298                RCC_MCO1Config
 .text.RCC_GetClocksFreq
                0x080052d4      0x154 ..\obj\stm32f4xx_rcc.o
                0x080052d4                RCC_GetClocksFreq
 .text.RCC_AHB1PeriphClockCmd
                0x08005428       0x3c ..\obj\stm32f4xx_rcc.o
                0x08005428                RCC_AHB1PeriphClockCmd
 .text.RCC_AHB2PeriphClockCmd
                0x08005464       0x3c ..\obj\stm32f4xx_rcc.o
                0x08005464                RCC_AHB2PeriphClockCmd
 .text.RCC_APB1PeriphClockCmd
                0x080054a0       0x3c ..\obj\stm32f4xx_rcc.o
                0x080054a0                RCC_APB1PeriphClockCmd
 .text.RCC_APB2PeriphClockCmd
                0x080054dc       0x3c ..\obj\stm32f4xx_rcc.o
                0x080054dc                RCC_APB2PeriphClockCmd
 .text.RCC_AHB1PeriphResetCmd
                0x08005518       0x3c ..\obj\stm32f4xx_rcc.o
                0x08005518                RCC_AHB1PeriphResetCmd
 .text.NMI_Handler
                0x08005554        0xc ..\obj\stm32f4xx_it.o
                0x08005554                NMI_Handler
 .text.HardFault_Handler
                0x08005560        0x8 ..\obj\stm32f4xx_it.o
                0x08005560                HardFault_Handler
 .text.MemManage_Handler
                0x08005568        0x8 ..\obj\stm32f4xx_it.o
                0x08005568                MemManage_Handler
 .text.BusFault_Handler
                0x08005570        0x8 ..\obj\stm32f4xx_it.o
                0x08005570                BusFault_Handler
 .text.UsageFault_Handler
                0x08005578        0x8 ..\obj\stm32f4xx_it.o
                0x08005578                UsageFault_Handler
 .text.DebugMon_Handler
                0x08005580        0xc ..\obj\stm32f4xx_it.o
                0x08005580                DebugMon_Handler
 .text.ETH_IRQHandler
                0x0800558c       0x5c ..\obj\stm32f4xx_it.o
                0x0800558c                ETH_IRQHandler
 .text.tcpip_tcp_timer
                0x080055e8       0x44 ..\obj\timers.o
 .text.tcp_timer_needed
                0x0800562c       0x40 ..\obj\timers.o
                0x0800562c                tcp_timer_needed
 .text.arp_timer
                0x0800566c       0x24 ..\obj\timers.o
 .text.dhcp_timer_coarse
                0x08005690       0x24 ..\obj\timers.o
 .text.dhcp_timer_fine
                0x080056b4       0x24 ..\obj\timers.o
 .text.sys_timeouts_init
                0x080056d8       0x38 ..\obj\timers.o
                0x080056d8                sys_timeouts_init
 .text.sys_timeout
                0x08005710       0xdc ..\obj\timers.o
                0x08005710                sys_timeout
 .text.sys_untimeout
                0x080057ec       0x8c ..\obj\timers.o
                0x080057ec                sys_untimeout
 .text.sys_timeouts_mbox_fetch
                0x08005878       0xac ..\obj\timers.o
                0x08005878                sys_timeouts_mbox_fetch
 .text.lwip_init
                0x08005924       0x24 ..\obj\init.o
                0x08005924                lwip_init
 .text.ETH_BSP_Config
                0x08005948       0x20 ..\obj\stm32f4x7_eth_bsp.o
                0x08005948                ETH_BSP_Config
 .text.ETH_MACDMA_Config
                0x08005968       0xc8 ..\obj\stm32f4x7_eth_bsp.o
 .text.ETH_GPIO_Config
                0x08005a30      0x130 ..\obj\stm32f4x7_eth_bsp.o
 .text.ETH_NVIC_Config
                0x08005b60       0x2c ..\obj\stm32f4x7_eth_bsp.o
 .text.eMBFuncReadInputRegister
                0x08005b8c       0xe8 ..\obj\mbfuncinput.o
                0x08005b8c                eMBFuncReadInputRegister
 .text.lwip_htons
                0x08005c74       0x2c ..\obj\def.o
                0x08005c74                lwip_htons
 .text.lwip_ntohs
                0x08005ca0       0x1c ..\obj\def.o
                0x08005ca0                lwip_ntohs
 .text.lwip_htonl
                0x08005cbc       0x34 ..\obj\def.o
                0x08005cbc                lwip_htonl
 .text.lwip_ntohl
                0x08005cf0       0x18 ..\obj\def.o
                0x08005cf0                lwip_ntohl
 .text.low_level_init
                0x08005d08      0x11c ..\obj\ethernetif.o
 .text.low_level_output
                0x08005e24       0xc0 ..\obj\ethernetif.o
 .text.low_level_input
                0x08005ee4      0x100 ..\obj\ethernetif.o
 .text.ethernetif_input
                0x08005fe4       0x54 ..\obj\ethernetif.o
 .text.ethernetif_init
                0x08006038       0x50 ..\obj\ethernetif.o
                0x08006038                ethernetif_init
 .text.arp_timer
                0x08006088       0x24 ..\obj\ethernetif.o
 .text.DCMI_DeInit
                0x080060ac       0x3c ..\obj\stm32f4xx_dcmi.o
                0x080060ac                DCMI_DeInit
 .text.DCMI_Init
                0x080060e8       0x80 ..\obj\stm32f4xx_dcmi.o
                0x080060e8                DCMI_Init
 .text.DCMI_Cmd
                0x08006168       0x38 ..\obj\stm32f4xx_dcmi.o
                0x08006168                DCMI_Cmd
 .text.DCMI_CaptureCmd
                0x080061a0       0x38 ..\obj\stm32f4xx_dcmi.o
                0x080061a0                DCMI_CaptureCmd
 .text.DCMI_GetFlagStatus
                0x080061d8       0x64 ..\obj\stm32f4xx_dcmi.o
                0x080061d8                DCMI_GetFlagStatus
 .text.DCMI_ClearFlag
                0x0800623c       0x20 ..\obj\stm32f4xx_dcmi.o
                0x0800623c                DCMI_ClearFlag
 .text.etharp_free_entry
                0x0800625c       0x64 ..\obj\etharp.o
 .text.etharp_tmr
                0x080062c0       0xdc ..\obj\etharp.o
                0x080062c0                etharp_tmr
 .text.etharp_find_entry
                0x0800639c      0x1fc ..\obj\etharp.o
 .text.etharp_send_ip
                0x08006598       0x50 ..\obj\etharp.o
 .text.etharp_update_arp_entry
                0x080065e8      0x11c ..\obj\etharp.o
 .text.etharp_cleanup_netif
                0x08006704       0x60 ..\obj\etharp.o
                0x08006704                etharp_cleanup_netif
 .text.etharp_arp_input
                0x08006764      0x18c ..\obj\etharp.o
 .text.etharp_output_to_arp_index
                0x080068f0       0xa8 ..\obj\etharp.o
 .text.etharp_output
                0x08006998      0x190 ..\obj\etharp.o
                0x08006998                etharp_output
 .text.etharp_query
                0x08006b28      0x220 ..\obj\etharp.o
                0x08006b28                etharp_query
 .text.etharp_raw
                0x08006d48       0xf4 ..\obj\etharp.o
 .text.etharp_request
                0x08006e3c       0x48 ..\obj\etharp.o
                0x08006e3c                etharp_request
 .text.ethernet_input
                0x08006e84       0xfc ..\obj\etharp.o
                0x08006e84                ethernet_input
 .text.xTaskGenericCreate
                0x08006f80      0x1a4 ..\obj\tasks.o
                0x08006f80                xTaskGenericCreate
 .text.vTaskStartScheduler
                0x08007124       0x80 ..\obj\tasks.o
                0x08007124                vTaskStartScheduler
 .text.vTaskSuspendAll
                0x080071a4       0x1c ..\obj\tasks.o
                0x080071a4                vTaskSuspendAll
 .text.xTaskResumeAll
                0x080071c0      0x12c ..\obj\tasks.o
                0x080071c0                xTaskResumeAll
 .text.xTaskGetTickCount
                0x080072ec       0x20 ..\obj\tasks.o
                0x080072ec                xTaskGetTickCount
 .text.xTaskIncrementTick
                0x0800730c      0x180 ..\obj\tasks.o
                0x0800730c                xTaskIncrementTick
 .text.vTaskSwitchContext
                0x0800748c       0xb4 ..\obj\tasks.o
                0x0800748c                vTaskSwitchContext
 .text.vTaskPlaceOnEventList
                0x08007540       0x9c ..\obj\tasks.o
                0x08007540                vTaskPlaceOnEventList
 .text.xTaskRemoveFromEventList
                0x080075dc       0xc8 ..\obj\tasks.o
                0x080075dc                xTaskRemoveFromEventList
 .text.vTaskSetTimeOutState
                0x080076a4       0x44 ..\obj\tasks.o
                0x080076a4                vTaskSetTimeOutState
 .text.xTaskCheckForTimeOut
                0x080076e8       0xbc ..\obj\tasks.o
                0x080076e8                xTaskCheckForTimeOut
 .text.vTaskMissedYield
                0x080077a4       0x18 ..\obj\tasks.o
                0x080077a4                vTaskMissedYield
 .text.prvIdleTask
                0x080077bc       0x30 ..\obj\tasks.o
 .text.prvInitialiseTCBVariables
                0x080077ec       0xa4 ..\obj\tasks.o
 .text.prvInitialiseTaskLists
                0x08007890       0x7c ..\obj\tasks.o
 .text.prvCheckTasksWaitingTermination
                0x0800790c       0x74 ..\obj\tasks.o
 .text.prvAddCurrentTaskToDelayedList
                0x08007980       0x6c ..\obj\tasks.o
 .text.prvAllocateTCBAndStack
                0x080079ec       0x70 ..\obj\tasks.o
 .text.prvDeleteTCB
                0x08007a5c       0x20 ..\obj\tasks.o
 .text.prvResetNextTaskUnblockTime
                0x08007a7c       0x48 ..\obj\tasks.o
 .text.vTaskPriorityInherit
                0x08007ac4       0xf0 ..\obj\tasks.o
                0x08007ac4                vTaskPriorityInherit
 .text.xTaskPriorityDisinherit
                0x08007bb4       0xe8 ..\obj\tasks.o
                0x08007bb4                xTaskPriorityDisinherit
 .text.pvTaskIncrementMutexHeldCount
                0x08007c9c       0x28 ..\obj\tasks.o
                0x08007c9c                pvTaskIncrementMutexHeldCount
 .text.pbuf_alloc
                0x08007cc4      0x1f4 ..\obj\pbuf.o
                0x08007cc4                pbuf_alloc
 .text.pbuf_realloc
                0x08007eb8       0xc8 ..\obj\pbuf.o
                0x08007eb8                pbuf_realloc
 .text.pbuf_header
                0x08007f80       0xe0 ..\obj\pbuf.o
                0x08007f80                pbuf_header
 .text.pbuf_free
                0x08008060       0xa0 ..\obj\pbuf.o
                0x08008060                pbuf_free
 .text.pbuf_clen
                0x08008100       0x30 ..\obj\pbuf.o
                0x08008100                pbuf_clen
 .text.pbuf_ref
                0x08008130       0x24 ..\obj\pbuf.o
                0x08008130                pbuf_ref
 .text.pbuf_cat
                0x08008154       0x5c ..\obj\pbuf.o
                0x08008154                pbuf_cat
 .text.pbuf_chain
                0x080081b0       0x20 ..\obj\pbuf.o
                0x080081b0                pbuf_chain
 .text.pbuf_copy
                0x080081d0      0x110 ..\obj\pbuf.o
                0x080081d0                pbuf_copy
 .text.pbuf_copy_partial
                0x080082e0       0xcc ..\obj\pbuf.o
                0x080082e0                pbuf_copy_partial
 .text.ADC_Ext_Init
                0x080083ac       0x10 ..\obj\adc_dcmi.o
                0x080083ac                ADC_Ext_Init
 .text.ADC_DCMI_Tim_Init
                0x080083bc      0x20c ..\obj\adc_dcmi.o
                0x080083bc                ADC_DCMI_Tim_Init
 .text.ADC_DCMI_Core_Init
                0x080085c8      0x200 ..\obj\adc_dcmi.o
                0x080085c8                ADC_DCMI_Core_Init
 .text.DMA2_Stream1_IRQHandler
                0x080087c8       0x70 ..\obj\adc_dcmi.o
                0x080087c8                DMA2_Stream1_IRQHandler
 .text.DCMI_IRQHandler
                0x08008838       0x68 ..\obj\adc_dcmi.o
                0x08008838                DCMI_IRQHandler
 .text.netif_init
                0x080088a0        0xc ..\obj\netif.o
                0x080088a0                netif_init
 .text.netif_add
                0x080088ac       0x88 ..\obj\netif.o
                0x080088ac                netif_add
 .text.netif_set_addr
                0x08008934       0x2c ..\obj\netif.o
                0x08008934                netif_set_addr
 .text.netif_set_ipaddr
                0x08008960       0xb0 ..\obj\netif.o
                0x08008960                netif_set_ipaddr
 .text.netif_set_gw
                0x08008a10       0x28 ..\obj\netif.o
                0x08008a10                netif_set_gw
 .text.netif_set_netmask
                0x08008a38       0x28 ..\obj\netif.o
                0x08008a38                netif_set_netmask
 .text.netif_set_default
                0x08008a60       0x1c ..\obj\netif.o
                0x08008a60                netif_set_default
 .text.netif_set_up
                0x08008a7c       0x58 ..\obj\netif.o
                0x08008a7c                netif_set_up
 .text.netif_set_down
                0x08008ad4       0x44 ..\obj\netif.o
                0x08008ad4                netif_set_down
 .text.recv_raw
                0x08008b18       0xd0 ..\obj\api_msg.o
 .text.recv_udp
                0x08008be8       0x9c ..\obj\api_msg.o
 .text.recv_tcp
                0x08008c84       0x9c ..\obj\api_msg.o
 .text.poll_tcp
                0x08008d20       0x8c ..\obj\api_msg.o
 .text.sent_tcp
                0x08008dac       0x88 ..\obj\api_msg.o
 .text.err_tcp  0x08008e34       0xe4 ..\obj\api_msg.o
 .text.setup_tcp
                0x08008f18       0x50 ..\obj\api_msg.o
 .text.accept_function
                0x08008f68       0xd0 ..\obj\api_msg.o
 .text.pcb_new  0x08009038       0xe4 ..\obj\api_msg.o
 .text.do_newconn
                0x0800911c       0x30 ..\obj\api_msg.o
                0x0800911c                do_newconn
 .text.netconn_alloc
                0x0800914c       0xc8 ..\obj\api_msg.o
                0x0800914c                netconn_alloc
 .text.netconn_free
                0x08009214       0x28 ..\obj\api_msg.o
                0x08009214                netconn_free
 .text.netconn_drain
                0x0800923c       0xe0 ..\obj\api_msg.o
 .text.do_close_internal
                0x0800931c      0x194 ..\obj\api_msg.o
 .text.do_delconn
                0x080094b0      0x110 ..\obj\api_msg.o
                0x080094b0                do_delconn
 .text.do_bind  0x080095c0       0xbc ..\obj\api_msg.o
                0x080095c0                do_bind
 .text.do_listen
                0x0800967c      0x114 ..\obj\api_msg.o
                0x0800967c                do_listen
 .text.do_recv  0x08009790       0x6c ..\obj\api_msg.o
                0x08009790                do_recv
 .text.do_writemore
                0x080097fc      0x1cc ..\obj\api_msg.o
 .text.do_write
                0x080099c8       0x94 ..\obj\api_msg.o
                0x080099c8                do_write
 .text.do_close
                0x08009a5c       0xa4 ..\obj\api_msg.o
                0x08009a5c                do_close
 .text.GPIO_Init
                0x08009b00      0x11c ..\obj\stm32f4xx_gpio.o
                0x08009b00                GPIO_Init
 .text.GPIO_SetBits
                0x08009c1c       0x1c ..\obj\stm32f4xx_gpio.o
                0x08009c1c                GPIO_SetBits
 .text.GPIO_ResetBits
                0x08009c38       0x1c ..\obj\stm32f4xx_gpio.o
                0x08009c38                GPIO_ResetBits
 .text.GPIO_PinAFConfig
                0x08009c54       0x90 ..\obj\stm32f4xx_gpio.o
                0x08009c54                GPIO_PinAFConfig
 .text.sys_mbox_new
                0x08009ce4       0x38 ..\obj\sys_arch.o
                0x08009ce4                sys_mbox_new
 .text.sys_mbox_free
                0x08009d1c       0x40 ..\obj\sys_arch.o
                0x08009d1c                sys_mbox_free
 .text.sys_mbox_post
                0x08009d5c       0x2c ..\obj\sys_arch.o
                0x08009d5c                sys_mbox_post
 .text.sys_mbox_trypost
                0x08009d88       0x6c ..\obj\sys_arch.o
                0x08009d88                sys_mbox_trypost
 .text.sys_arch_mbox_fetch
                0x08009df4       0xbc ..\obj\sys_arch.o
                0x08009df4                sys_arch_mbox_fetch
 .text.sys_arch_mbox_tryfetch
                0x08009eb0       0x6c ..\obj\sys_arch.o
                0x08009eb0                sys_arch_mbox_tryfetch
 .text.sys_sem_new
                0x08009f1c       0x68 ..\obj\sys_arch.o
                0x08009f1c                sys_sem_new
 .text.sys_arch_sem_wait
                0x08009f84       0x88 ..\obj\sys_arch.o
                0x08009f84                sys_arch_sem_wait
 .text.sys_mutex_new
                0x0800a00c       0x30 ..\obj\sys_arch.o
                0x0800a00c                sys_mutex_new
 .text.sys_mutex_lock
                0x0800a03c       0x28 ..\obj\sys_arch.o
                0x0800a03c                sys_mutex_lock
 .text.sys_mutex_unlock
                0x0800a064       0x20 ..\obj\sys_arch.o
                0x0800a064                sys_mutex_unlock
 .text.sys_sem_signal
                0x0800a084       0x40 ..\obj\sys_arch.o
                0x0800a084                sys_sem_signal
 .text.sys_sem_free
                0x0800a0c4       0x18 ..\obj\sys_arch.o
                0x0800a0c4                sys_sem_free
 .text.sys_init
                0x0800a0dc        0xc ..\obj\sys_arch.o
                0x0800a0dc                sys_init
 .text.sys_thread_new
                0x0800a0e8       0x4c ..\obj\sys_arch.o
                0x0800a0e8                sys_thread_new
 .text.vListInitialise
                0x0800a134       0x40 ..\obj\list.o
                0x0800a134                vListInitialise
 .text.vListInitialiseItem
                0x0800a174       0x18 ..\obj\list.o
                0x0800a174                vListInitialiseItem
 .text.vListInsertEnd
                0x0800a18c       0x48 ..\obj\list.o
                0x0800a18c                vListInsertEnd
 .text.vListInsert
                0x0800a1d4       0x70 ..\obj\list.o
                0x0800a1d4                vListInsert
 .text.uxListRemove
                0x0800a244       0x54 ..\obj\list.o
                0x0800a244                uxListRemove
 .text.SystemInit
                0x0800a298       0x68 ..\obj\system_stm32f4xx.o
                0x0800a298                SystemInit
 .text.SetSysClock
                0x0800a300       0xf4 ..\obj\system_stm32f4xx.o
 .text._sbrk    0x0800a3f4       0x40 ..\obj\syscalls.o
                0x0800a3f4                _sbrk
 .text._close   0x0800a434       0x18 ..\obj\syscalls.o
                0x0800a434                _close
 .text._fstat   0x0800a44c       0x20 ..\obj\syscalls.o
                0x0800a44c                _fstat
 .text._isatty  0x0800a46c       0x18 ..\obj\syscalls.o
                0x0800a46c                _isatty
 .text._lseek   0x0800a484       0x1c ..\obj\syscalls.o
                0x0800a484                _lseek
 .text._read    0x0800a4a0       0x1c ..\obj\syscalls.o
                0x0800a4a0                _read
 .text._write   0x0800a4bc       0x1c ..\obj\syscalls.o
                0x0800a4bc                _write
 .text.DMA_Init
                0x0800a4d8       0xac ..\obj\stm32f4xx_dma.o
                0x0800a4d8                DMA_Init
 .text.DMA_Cmd  0x0800a584       0x38 ..\obj\stm32f4xx_dma.o
                0x0800a584                DMA_Cmd
 .text.DMA_ITConfig
                0x0800a5bc       0x74 ..\obj\stm32f4xx_dma.o
                0x0800a5bc                DMA_ITConfig
 .text.DMA_GetITStatus
                0x0800a630       0xb0 ..\obj\stm32f4xx_dma.o
                0x0800a630                DMA_GetITStatus
 .text.DMA_ClearITPendingBit
                0x0800a6e0       0x5c ..\obj\stm32f4xx_dma.o
                0x0800a6e0                DMA_ClearITPendingBit
 .text.prvvMBTCPLogFrame
                0x0800a73c      0x18c ..\obj\portother.o
                0x0800a73c                prvvMBTCPLogFrame
 .text.vMBPortLog
                0x0800a8c8       0x44 ..\obj\portother.o
                0x0800a8c8                vMBPortLog
 .text.bMBPortIsWithinException
                0x0800a90c       0x18 ..\obj\portother.o
                0x0800a90c                bMBPortIsWithinException
 .text.xQueueGenericReset
                0x0800a924       0xd0 ..\obj\queue.o
                0x0800a924                xQueueGenericReset
 .text.xQueueGenericCreate
                0x0800a9f4       0xb8 ..\obj\queue.o
                0x0800a9f4                xQueueGenericCreate
 .text.xQueueCreateMutex
                0x0800aaac       0xa0 ..\obj\queue.o
                0x0800aaac                xQueueCreateMutex
 .text.xQueueCreateCountingSemaphore
                0x0800ab4c       0x7c ..\obj\queue.o
                0x0800ab4c                xQueueCreateCountingSemaphore
 .text.xQueueGenericSend
                0x0800abc8      0x1c0 ..\obj\queue.o
                0x0800abc8                xQueueGenericSend
 .text.xQueueGenericSendFromISR
                0x0800ad88      0x118 ..\obj\queue.o
                0x0800ad88                xQueueGenericSendFromISR
 .text.xQueueGiveFromISR
                0x0800aea0       0xd4 ..\obj\queue.o
                0x0800aea0                xQueueGiveFromISR
 .text.xQueueGenericReceive
                0x0800af74      0x1e0 ..\obj\queue.o
                0x0800af74                xQueueGenericReceive
 .text.xQueueReceiveFromISR
                0x0800b154       0xe8 ..\obj\queue.o
                0x0800b154                xQueueReceiveFromISR
 .text.uxQueueMessagesWaiting
                0x0800b23c       0x3c ..\obj\queue.o
                0x0800b23c                uxQueueMessagesWaiting
 .text.vQueueDelete
                0x0800b278       0x34 ..\obj\queue.o
                0x0800b278                vQueueDelete
 .text.prvCopyDataToQueue
                0x0800b2ac       0xdc ..\obj\queue.o
 .text.prvCopyDataFromQueue
                0x0800b388       0x4c ..\obj\queue.o
 .text.prvUnlockQueue
                0x0800b3d4       0x98 ..\obj\queue.o
 .text.prvIsQueueEmpty
                0x0800b46c       0x2c ..\obj\queue.o
 .text.prvIsQueueFull
                0x0800b498       0x30 ..\obj\queue.o
 .text.pxPortInitialiseStack
                0x0800b4c8       0x64 ..\obj\port.o
                0x0800b4c8                pxPortInitialiseStack
 .text.prvTaskExitError
                0x0800b52c       0x3c ..\obj\port.o
 .text.SVC_Handler
                0x0800b568       0x20 ..\obj\port.o
                0x0800b568                SVC_Handler
 .text.prvPortStartFirstTask
                0x0800b588       0x20 ..\obj\port.o
 .text.xPortStartScheduler
                0x0800b5a8      0x118 ..\obj\port.o
                0x0800b5a8                xPortStartScheduler
 .text.vPortEnterCritical
                0x0800b6c0       0x5c ..\obj\port.o
                0x0800b6c0                vPortEnterCritical
 .text.vPortExitCritical
                0x0800b71c       0x4c ..\obj\port.o
                0x0800b71c                vPortExitCritical
 .text.PendSV_Handler
                0x0800b768       0x60 ..\obj\port.o
                0x0800b768                PendSV_Handler
 .text.SysTick_Handler
                0x0800b7c8       0x44 ..\obj\port.o
                0x0800b7c8                SysTick_Handler
 .text.vPortSetupTimerInterrupt
                0x0800b80c       0x34 ..\obj\port.o
                0x0800b80c                vPortSetupTimerInterrupt
 .text.vPortEnableVFP
                0x0800b840       0x14 ..\obj\port.o
 .text.vPortValidateInterruptPriority
                0x0800b854       0x78 ..\obj\port.o
                0x0800b854                vPortValidateInterruptPriority
 .text.MB_TCP_Init
                0x0800b8cc       0x4c ..\obj\mbinit.o
                0x0800b8cc                MB_TCP_Init
 .text.MB_TCP_Task
                0x0800b918       0x10 ..\obj\mbinit.o
                0x0800b918                MB_TCP_Task
 .text.udp_init
                0x0800b928        0xc ..\obj\udp.o
                0x0800b928                udp_init
 .text.udp_new_port
                0x0800b934       0x74 ..\obj\udp.o
 .text.udp_input
                0x0800b9a8      0x27c ..\obj\udp.o
                0x0800b9a8                udp_input
 .text.udp_sendto
                0x0800bc24       0x40 ..\obj\udp.o
                0x0800bc24                udp_sendto
 .text.udp_sendto_if
                0x0800bc64      0x130 ..\obj\udp.o
                0x0800bc64                udp_sendto_if
 .text.udp_bind
                0x0800bd94       0xc0 ..\obj\udp.o
                0x0800bd94                udp_bind
 .text.udp_recv
                0x0800be54       0x24 ..\obj\udp.o
                0x0800be54                udp_recv
 .text.udp_remove
                0x0800be78       0x60 ..\obj\udp.o
                0x0800be78                udp_remove
 .text.udp_new  0x0800bed8       0x30 ..\obj\udp.o
                0x0800bed8                udp_new
 .text.ip_route
                0x0800bf08       0x78 ..\obj\ip.o
                0x0800bf08                ip_route
 .text.ip_input
                0x0800bf80      0x234 ..\obj\ip.o
                0x0800bf80                ip_input
 .text.ip_output_if
                0x0800c1b4       0xf4 ..\obj\ip.o
                0x0800c1b4                ip_output_if
 .text.ip_output
                0x0800c2a8       0x4c ..\obj\ip.o
                0x0800c2a8                ip_output
 .text.eMBFuncReadCoils
                0x0800c2f4      0x104 ..\obj\mbfunccoils.o
                0x0800c2f4                eMBFuncReadCoils
 .text.eMBFuncWriteCoil
                0x0800c3f8       0xb0 ..\obj\mbfunccoils.o
                0x0800c3f8                eMBFuncWriteCoil
 .text.eMBFuncWriteMultipleCoils
                0x0800c4a8       0xd8 ..\obj\mbfunccoils.o
                0x0800c4a8                eMBFuncWriteMultipleCoils
 .text.icmp_input
                0x0800c580      0x1ec ..\obj\icmp.o
                0x0800c580                icmp_input
 .text.icmp_dest_unreach
                0x0800c76c       0x20 ..\obj\icmp.o
                0x0800c76c                icmp_dest_unreach
 .text.icmp_send_response
                0x0800c78c       0xac ..\obj\icmp.o
 .text.NVIC_PriorityGroupConfig
                0x0800c838       0x24 ..\obj\misc.o
                0x0800c838                NVIC_PriorityGroupConfig
 .text.NVIC_Init
                0x0800c85c       0xc0 ..\obj\misc.o
                0x0800c85c                NVIC_Init
 .text.netconn_new_with_proto_and_callback
                0x0800c91c       0x6c ..\obj\api_lib.o
                0x0800c91c                netconn_new_with_proto_and_callback
 .text.netconn_delete
                0x0800c988       0x3c ..\obj\api_lib.o
                0x0800c988                netconn_delete
 .text.netconn_bind
                0x0800c9c4       0x60 ..\obj\api_lib.o
                0x0800c9c4                netconn_bind
 .text.netconn_listen_with_backlog
                0x0800ca24       0x54 ..\obj\api_lib.o
                0x0800ca24                netconn_listen_with_backlog
 .text.netconn_accept
                0x0800ca78       0x9c ..\obj\api_lib.o
                0x0800ca78                netconn_accept
 .text.netconn_recv_data
                0x0800cb14      0x108 ..\obj\api_lib.o
 .text.netconn_recv
                0x0800cc1c       0xc0 ..\obj\api_lib.o
                0x0800cc1c                netconn_recv
 .text.netconn_write_partly
                0x0800ccdc       0xd0 ..\obj\api_lib.o
                0x0800ccdc                netconn_write_partly
 .text.netconn_close_shutdown
                0x0800cdac       0x58 ..\obj\api_lib.o
 .text.netconn_close
                0x0800ce04       0x1c ..\obj\api_lib.o
                0x0800ce04                netconn_close
 .text.udp_client_init
                0x0800ce20       0xac ..\obj\udp_send.o
                0x0800ce20                udp_client_init
 .text.delay    0x0800cecc       0x20 ..\obj\udp_send.o
                0x0800cecc                delay
 .text.udp_client_send_buf
                0x0800ceec       0x9c ..\obj\udp_send.o
                0x0800ceec                udp_client_send_buf
 .text.UDP_Send_Task
                0x0800cf88       0x24 ..\obj\udp_send.o
                0x0800cf88                UDP_Send_Task
 .text.eMBTCPDoInit
                0x0800cfac       0x2c ..\obj\mbtcp.o
                0x0800cfac                eMBTCPDoInit
 .text.eMBTCPStart
                0x0800cfd8        0xc ..\obj\mbtcp.o
                0x0800cfd8                eMBTCPStart
 .text.eMBTCPStop
                0x0800cfe4        0xc ..\obj\mbtcp.o
                0x0800cfe4                eMBTCPStop
 .text.eMBTCPReceive
                0x0800cff0       0x74 ..\obj\mbtcp.o
                0x0800cff0                eMBTCPReceive
 .text.eMBTCPSend
                0x0800d064       0x5c ..\obj\mbtcp.o
                0x0800d064                eMBTCPSend
 .text.dhcp_check
                0x0800d0c0       0x5c ..\obj\dhcp.o
 .text.dhcp_select
                0x0800d11c      0x138 ..\obj\dhcp.o
 .text.dhcp_coarse_tmr
                0x0800d254       0x5c ..\obj\dhcp.o
                0x0800d254                dhcp_coarse_tmr
 .text.dhcp_fine_tmr
                0x0800d2b0       0x60 ..\obj\dhcp.o
                0x0800d2b0                dhcp_fine_tmr
 .text.dhcp_timeout
                0x0800d310       0xc8 ..\obj\dhcp.o
 .text.dhcp_t1_timeout
                0x0800d3d8       0x34 ..\obj\dhcp.o
 .text.dhcp_t2_timeout
                0x0800d40c       0x34 ..\obj\dhcp.o
 .text.dhcp_arp_reply
                0x0800d440       0x40 ..\obj\dhcp.o
                0x0800d440                dhcp_arp_reply
 .text.dhcp_decline
                0x0800d480       0xc4 ..\obj\dhcp.o
 .text.dhcp_discover
                0x0800d544      0x104 ..\obj\dhcp.o
 .text.dhcp_bind
                0x0800d648      0x148 ..\obj\dhcp.o
 .text.dhcp_renew
                0x0800d790       0xd4 ..\obj\dhcp.o
                0x0800d790                dhcp_renew
 .text.dhcp_rebind
                0x0800d864       0xd8 ..\obj\dhcp.o
 .text.dhcp_reboot
                0x0800d93c       0xf4 ..\obj\dhcp.o
 .text.dhcp_release
                0x0800da30      0x10c ..\obj\dhcp.o
                0x0800da30                dhcp_release
 .text.dhcp_set_state
                0x0800db3c       0x34 ..\obj\dhcp.o
 .text.dhcp_option
                0x0800db70       0x4c ..\obj\dhcp.o
 .text.dhcp_option_byte
                0x0800dbbc       0x30 ..\obj\dhcp.o
 .text.dhcp_option_short
                0x0800dbec       0x54 ..\obj\dhcp.o
 .text.dhcp_option_long
                0x0800dc40       0x98 ..\obj\dhcp.o
 .text.dhcp_create_msg
                0x0800dcd8      0x224 ..\obj\dhcp.o
 .text.dhcp_delete_msg
                0x0800defc       0x34 ..\obj\dhcp.o
 .text.dhcp_option_trailer
                0x0800df30       0x68 ..\obj\dhcp.o
 .text.eMBRegInputCB
                0x0800df98       0xb8 ..\obj\mbfunc.o
                0x0800df98                eMBRegInputCB
 .text.eMBRegHoldingCB
                0x0800e050       0xe8 ..\obj\mbfunc.o
                0x0800e050                eMBRegHoldingCB
 .text.eMBRegCoilsCB
                0x0800e138       0x28 ..\obj\mbfunc.o
                0x0800e138                eMBRegCoilsCB
 .text.eMBRegDiscreteCB
                0x0800e160       0x20 ..\obj\mbfunc.o
                0x0800e160                eMBRegDiscreteCB
 .text.pvPortMalloc
                0x0800e180      0x11c ..\obj\heap_2.o
                0x0800e180                pvPortMalloc
 .text.vPortFree
                0x0800e29c       0x70 ..\obj\heap_2.o
                0x0800e29c                vPortFree
 .text.prvHeapInit
                0x0800e30c       0x50 ..\obj\heap_2.o
 .text.http_server_serve
                0x0800e35c       0xa0 ..\obj\http_server.o
                0x0800e35c                http_server_serve
 .text.http_server_netconn_thread
                0x0800e3fc       0x74 ..\obj\http_server.o
                0x0800e3fc                http_server_netconn_thread
 .text.TIM_TimeBaseInit
                0x0800e470       0xd4 ..\obj\stm32f4xx_tim.o
                0x0800e470                TIM_TimeBaseInit
 .text.TIM_TimeBaseStructInit
                0x0800e544       0x34 ..\obj\stm32f4xx_tim.o
                0x0800e544                TIM_TimeBaseStructInit
 .text.TIM_ARRPreloadConfig
                0x0800e578       0x40 ..\obj\stm32f4xx_tim.o
                0x0800e578                TIM_ARRPreloadConfig
 .text.TIM_Cmd  0x0800e5b8       0x40 ..\obj\stm32f4xx_tim.o
                0x0800e5b8                TIM_Cmd
 .text.TIM_OC1Init
                0x0800e5f8       0xf4 ..\obj\stm32f4xx_tim.o
                0x0800e5f8                TIM_OC1Init
 .text.TIM_OC2Init
                0x0800e6ec      0x110 ..\obj\stm32f4xx_tim.o
                0x0800e6ec                TIM_OC2Init
 .text.TIM_OCStructInit
                0x0800e7fc       0x44 ..\obj\stm32f4xx_tim.o
                0x0800e7fc                TIM_OCStructInit
 .text.TIM_OC1PreloadConfig
                0x0800e840       0x38 ..\obj\stm32f4xx_tim.o
                0x0800e840                TIM_OC1PreloadConfig
 .text.TIM_OC2PreloadConfig
                0x0800e878       0x3c ..\obj\stm32f4xx_tim.o
                0x0800e878                TIM_OC2PreloadConfig
 .text.TIM_CtrlPWMOutputs
                0x0800e8b4       0x4c ..\obj\stm32f4xx_tim.o
                0x0800e8b4                TIM_CtrlPWMOutputs
 .text.TIM_ETRClockMode2Config
                0x0800e900       0x3c ..\obj\stm32f4xx_tim.o
                0x0800e900                TIM_ETRClockMode2Config
 .text.TIM_SelectInputTrigger
                0x0800e93c       0x38 ..\obj\stm32f4xx_tim.o
                0x0800e93c                TIM_SelectInputTrigger
 .text.TIM_SelectOutputTrigger
                0x0800e974       0x38 ..\obj\stm32f4xx_tim.o
                0x0800e974                TIM_SelectOutputTrigger
 .text.TIM_SelectSlaveMode
                0x0800e9ac       0x38 ..\obj\stm32f4xx_tim.o
                0x0800e9ac                TIM_SelectSlaveMode
 .text.TIM_SelectMasterSlaveMode
                0x0800e9e4       0x38 ..\obj\stm32f4xx_tim.o
                0x0800e9e4                TIM_SelectMasterSlaveMode
 .text.TIM_ETRConfig
                0x0800ea1c       0x54 ..\obj\stm32f4xx_tim.o
                0x0800ea1c                TIM_ETRConfig
 .text.tcp_output_alloc_header
                0x0800ea70       0xd0 ..\obj\tcp_out.o
 .text.tcp_send_fin
                0x0800eb40       0x80 ..\obj\tcp_out.o
                0x0800eb40                tcp_send_fin
 .text.tcp_create_segment
                0x0800ebc0      0x104 ..\obj\tcp_out.o
 .text.tcp_pbuf_prealloc
                0x0800ecc4       0xa4 ..\obj\tcp_out.o
 .text.tcp_write_checks
                0x0800ed68       0xac ..\obj\tcp_out.o
 .text.tcp_write
                0x0800ee14      0x454 ..\obj\tcp_out.o
                0x0800ee14                tcp_write
 .text.tcp_enqueue_flags
                0x0800f268      0x18c ..\obj\tcp_out.o
                0x0800f268                tcp_enqueue_flags
 .text.tcp_send_empty_ack
                0x0800f3f4       0x74 ..\obj\tcp_out.o
                0x0800f3f4                tcp_send_empty_ack
 .text.tcp_output
                0x0800f468      0x2a8 ..\obj\tcp_out.o
                0x0800f468                tcp_output
 .text.tcp_output_segment
                0x0800f710      0x14c ..\obj\tcp_out.o
 .text.tcp_rst  0x0800f85c       0xb8 ..\obj\tcp_out.o
                0x0800f85c                tcp_rst
 .text.tcp_rexmit_rto
                0x0800f914       0x60 ..\obj\tcp_out.o
                0x0800f914                tcp_rexmit_rto
 .text.tcp_rexmit
                0x0800f974       0x94 ..\obj\tcp_out.o
                0x0800f974                tcp_rexmit
 .text.tcp_rexmit_fast
                0x0800fa08       0xa4 ..\obj\tcp_out.o
                0x0800fa08                tcp_rexmit_fast
 .text.tcp_keepalive
                0x0800faac       0x58 ..\obj\tcp_out.o
                0x0800faac                tcp_keepalive
 .text.tcp_zero_window_probe
                0x0800fb04       0xf0 ..\obj\tcp_out.o
                0x0800fb04                tcp_zero_window_probe
 .text.raw_input
                0x0800fbf4       0xc0 ..\obj\raw.o
                0x0800fbf4                raw_input
 .text.raw_bind
                0x0800fcb4       0x2c ..\obj\raw.o
                0x0800fcb4                raw_bind
 .text.raw_recv
                0x0800fce0       0x24 ..\obj\raw.o
                0x0800fce0                raw_recv
 .text.raw_remove
                0x0800fd04       0x60 ..\obj\raw.o
                0x0800fd04                raw_remove
 .text.raw_new  0x0800fd64       0x4c ..\obj\raw.o
                0x0800fd64                raw_new
 .text.memcmp   0x0800fdb0       0x64 c:/program files/gnu tools arm embedded/4.9 2015q2/bin/../lib/gcc/arm-none-eabi/4.9.3/../../../../arm-none-eabi/lib/armv7e-m/softfp\libg.a(lib_a-memcmp.o)
                0x0800fdb0                memcmp
 .text          0x0800fe14      0x134 c:/program files/gnu tools arm embedded/4.9 2015q2/bin/../lib/gcc/arm-none-eabi/4.9.3/../../../../arm-none-eabi/lib/armv7e-m/softfp\libg.a(lib_a-memcpy.o)
                0x0800fe14                memcpy
 .text.memset   0x0800ff48       0x9c c:/program files/gnu tools arm embedded/4.9 2015q2/bin/../lib/gcc/arm-none-eabi/4.9.3/../../../../arm-none-eabi/lib/armv7e-m/softfp\libg.a(lib_a-memset.o)
                0x0800ff48                memset
 .text.printf   0x0800ffe4       0x28 c:/program files/gnu tools arm embedded/4.9 2015q2/bin/../lib/gcc/arm-none-eabi/4.9.3/../../../../arm-none-eabi/lib/armv7e-m/softfp\libg.a(lib_a-printf.o)
                0x0800ffe4                printf
 .text.snprintf
                0x0801000c       0x9c c:/program files/gnu tools arm embedded/4.9 2015q2/bin/../lib/gcc/arm-none-eabi/4.9.3/../../../../arm-none-eabi/lib/armv7e-m/softfp\libg.a(lib_a-snprintf.o)
                0x0801000c                snprintf
 .text.sprintf  0x080100a8       0x4c c:/program files/gnu tools arm embedded/4.9 2015q2/bin/../lib/gcc/arm-none-eabi/4.9.3/../../../../arm-none-eabi/lib/armv7e-m/softfp\libg.a(lib_a-sprintf.o)
                0x080100a8                sprintf
 .text.strlen   0x080100f4       0x5c c:/program files/gnu tools arm embedded/4.9 2015q2/bin/../lib/gcc/arm-none-eabi/4.9.3/../../../../arm-none-eabi/lib/armv7e-m/softfp\libg.a(lib_a-strlen.o)
                0x080100f4                strlen
 .text.strncmp  0x08010150       0x98 c:/program files/gnu tools arm embedded/4.9 2015q2/bin/../lib/gcc/arm-none-eabi/4.9.3/../../../../arm-none-eabi/lib/armv7e-m/softfp\libg.a(lib_a-strncmp.o)
                0x08010150                strncmp
 .text._svfprintf_r
                0x080101e8     0x14d0 c:/program files/gnu tools arm embedded/4.9 2015q2/bin/../lib/gcc/arm-none-eabi/4.9.3/../../../../arm-none-eabi/lib/armv7e-m/softfp\libg.a(lib_a-svfprintf.o)
                0x080101e8                _svfprintf_r
 .text._vfprintf_r
                0x080116b8     0x1428 c:/program files/gnu tools arm embedded/4.9 2015q2/bin/../lib/gcc/arm-none-eabi/4.9.3/../../../../arm-none-eabi/lib/armv7e-m/softfp\libg.a(lib_a-vfprintf.o)
                0x080116b8                _vfprintf_r
 .text.__sbprintf
                0x08012ae0       0x78 c:/program files/gnu tools arm embedded/4.9 2015q2/bin/../lib/gcc/arm-none-eabi/4.9.3/../../../../arm-none-eabi/lib/armv7e-m/softfp\libg.a(lib_a-vfprintf.o)
 .text.vprintf  0x08012b58       0x1c c:/program files/gnu tools arm embedded/4.9 2015q2/bin/../lib/gcc/arm-none-eabi/4.9.3/../../../../arm-none-eabi/lib/armv7e-m/softfp\libg.a(lib_a-vprintf.o)
                0x08012b58                vprintf
 .text.__swsetup_r
                0x08012b74       0xc4 c:/program files/gnu tools arm embedded/4.9 2015q2/bin/../lib/gcc/arm-none-eabi/4.9.3/../../../../arm-none-eabi/lib/armv7e-m/softfp\libg.a(lib_a-wsetup.o)
                0x08012b74                __swsetup_r
 .text.quorem   0x08012c38      0x12c c:/program files/gnu tools arm embedded/4.9 2015q2/bin/../lib/gcc/arm-none-eabi/4.9.3/../../../../arm-none-eabi/lib/armv7e-m/softfp\libg.a(lib_a-dtoa.o)
 *fill*         0x08012d64        0x4 
 .text._dtoa_r  0x08012d68      0xe90 c:/program files/gnu tools arm embedded/4.9 2015q2/bin/../lib/gcc/arm-none-eabi/4.9.3/../../../../arm-none-eabi/lib/armv7e-m/softfp\libg.a(lib_a-dtoa.o)
                0x08012d68                _dtoa_r
 .text.__sflush_r
                0x08013bf8      0x154 c:/program files/gnu tools arm embedded/4.9 2015q2/bin/../lib/gcc/arm-none-eabi/4.9.3/../../../../arm-none-eabi/lib/armv7e-m/softfp\libg.a(lib_a-fflush.o)
                0x08013bf8                __sflush_r
 .text._fflush_r
                0x08013d4c       0x2c c:/program files/gnu tools arm embedded/4.9 2015q2/bin/../lib/gcc/arm-none-eabi/4.9.3/../../../../arm-none-eabi/lib/armv7e-m/softfp\libg.a(lib_a-fflush.o)
                0x08013d4c                _fflush_r
 .text._cleanup_r
                0x08013d78        0xc c:/program files/gnu tools arm embedded/4.9 2015q2/bin/../lib/gcc/arm-none-eabi/4.9.3/../../../../arm-none-eabi/lib/armv7e-m/softfp\libg.a(lib_a-findfp.o)
                0x08013d78                _cleanup_r
 .text.__sinit.part.1
                0x08013d84       0xf0 c:/program files/gnu tools arm embedded/4.9 2015q2/bin/../lib/gcc/arm-none-eabi/4.9.3/../../../../arm-none-eabi/lib/armv7e-m/softfp\libg.a(lib_a-findfp.o)
 .text.__sinit  0x08013e74        0xc c:/program files/gnu tools arm embedded/4.9 2015q2/bin/../lib/gcc/arm-none-eabi/4.9.3/../../../../arm-none-eabi/lib/armv7e-m/softfp\libg.a(lib_a-findfp.o)
                0x08013e74                __sinit
 .text.__sfp_lock_acquire
                0x08013e80        0x4 c:/program files/gnu tools arm embedded/4.9 2015q2/bin/../lib/gcc/arm-none-eabi/4.9.3/../../../../arm-none-eabi/lib/armv7e-m/softfp\libg.a(lib_a-findfp.o)
                0x08013e80                __sfp_lock_acquire
 .text.__sfp_lock_release
                0x08013e84        0x4 c:/program files/gnu tools arm embedded/4.9 2015q2/bin/../lib/gcc/arm-none-eabi/4.9.3/../../../../arm-none-eabi/lib/armv7e-m/softfp\libg.a(lib_a-findfp.o)
                0x08013e84                __sfp_lock_release
 .text._malloc_trim_r
                0x08013e88       0x9c c:/program files/gnu tools arm embedded/4.9 2015q2/bin/../lib/gcc/arm-none-eabi/4.9.3/../../../../arm-none-eabi/lib/armv7e-m/softfp\libg.a(lib_a-freer.o)
                0x08013e88                _malloc_trim_r
 .text._free_r  0x08013f24      0x1b0 c:/program files/gnu tools arm embedded/4.9 2015q2/bin/../lib/gcc/arm-none-eabi/4.9.3/../../../../arm-none-eabi/lib/armv7e-m/softfp\libg.a(lib_a-freer.o)
                0x08013f24                _free_r
 .text._fwalk_reent
                0x080140d4       0x54 c:/program files/gnu tools arm embedded/4.9 2015q2/bin/../lib/gcc/arm-none-eabi/4.9.3/../../../../arm-none-eabi/lib/armv7e-m/softfp\libg.a(lib_a-fwalk.o)
                0x080140d4                _fwalk_reent
 .text.__locale_charset
                0x08014128        0x8 c:/program files/gnu tools arm embedded/4.9 2015q2/bin/../lib/gcc/arm-none-eabi/4.9.3/../../../../arm-none-eabi/lib/armv7e-m/softfp\libg.a(lib_a-locale.o)
                0x08014128                __locale_charset
 .text.__locale_mb_cur_max
                0x08014130        0xc c:/program files/gnu tools arm embedded/4.9 2015q2/bin/../lib/gcc/arm-none-eabi/4.9.3/../../../../arm-none-eabi/lib/armv7e-m/softfp\libg.a(lib_a-locale.o)
                0x08014130                __locale_mb_cur_max
 .text._localeconv_r
                0x0801413c        0x8 c:/program files/gnu tools arm embedded/4.9 2015q2/bin/../lib/gcc/arm-none-eabi/4.9.3/../../../../arm-none-eabi/lib/armv7e-m/softfp\libg.a(lib_a-locale.o)
                0x0801413c                _localeconv_r
 .text.__smakebuf_r
                0x08014144       0xe0 c:/program files/gnu tools arm embedded/4.9 2015q2/bin/../lib/gcc/arm-none-eabi/4.9.3/../../../../arm-none-eabi/lib/armv7e-m/softfp\libg.a(lib_a-makebuf.o)
                0x08014144                __smakebuf_r
 .text._malloc_r
                0x08014224      0x524 c:/program files/gnu tools arm embedded/4.9 2015q2/bin/../lib/gcc/arm-none-eabi/4.9.3/../../../../arm-none-eabi/lib/armv7e-m/softfp\libg.a(lib_a-mallocr.o)
                0x08014224                _malloc_r
 .text.memchr   0x08014748       0x94 c:/program files/gnu tools arm embedded/4.9 2015q2/bin/../lib/gcc/arm-none-eabi/4.9.3/../../../../arm-none-eabi/lib/armv7e-m/softfp\libg.a(lib_a-memchr.o)
                0x08014748                memchr
 .text.__malloc_lock
                0x080147dc        0x4 c:/program files/gnu tools arm embedded/4.9 2015q2/bin/../lib/gcc/arm-none-eabi/4.9.3/../../../../arm-none-eabi/lib/armv7e-m/softfp\libg.a(lib_a-mlock.o)
                0x080147dc                __malloc_lock
 .text.__malloc_unlock
                0x080147e0        0x4 c:/program files/gnu tools arm embedded/4.9 2015q2/bin/../lib/gcc/arm-none-eabi/4.9.3/../../../../arm-none-eabi/lib/armv7e-m/softfp\libg.a(lib_a-mlock.o)
                0x080147e0                __malloc_unlock
 .text._Balloc  0x080147e4       0x4c c:/program files/gnu tools arm embedded/4.9 2015q2/bin/../lib/gcc/arm-none-eabi/4.9.3/../../../../arm-none-eabi/lib/armv7e-m/softfp\libg.a(lib_a-mprec.o)
                0x080147e4                _Balloc
 .text._Bfree   0x08014830       0x14 c:/program files/gnu tools arm embedded/4.9 2015q2/bin/../lib/gcc/arm-none-eabi/4.9.3/../../../../arm-none-eabi/lib/armv7e-m/softfp\libg.a(lib_a-mprec.o)
                0x08014830                _Bfree
 .text.__multadd
                0x08014844       0x84 c:/program files/gnu tools arm embedded/4.9 2015q2/bin/../lib/gcc/arm-none-eabi/4.9.3/../../../../arm-none-eabi/lib/armv7e-m/softfp\libg.a(lib_a-mprec.o)
                0x08014844                __multadd
 .text.__hi0bits
                0x080148c8       0x40 c:/program files/gnu tools arm embedded/4.9 2015q2/bin/../lib/gcc/arm-none-eabi/4.9.3/../../../../arm-none-eabi/lib/armv7e-m/softfp\libg.a(lib_a-mprec.o)
                0x080148c8                __hi0bits
 .text.__lo0bits
                0x08014908       0x5c c:/program files/gnu tools arm embedded/4.9 2015q2/bin/../lib/gcc/arm-none-eabi/4.9.3/../../../../arm-none-eabi/lib/armv7e-m/softfp\libg.a(lib_a-mprec.o)
                0x08014908                __lo0bits
 .text.__i2b    0x08014964       0x14 c:/program files/gnu tools arm embedded/4.9 2015q2/bin/../lib/gcc/arm-none-eabi/4.9.3/../../../../arm-none-eabi/lib/armv7e-m/softfp\libg.a(lib_a-mprec.o)
                0x08014964                __i2b
 .text.__multiply
                0x08014978      0x134 c:/program files/gnu tools arm embedded/4.9 2015q2/bin/../lib/gcc/arm-none-eabi/4.9.3/../../../../arm-none-eabi/lib/armv7e-m/softfp\libg.a(lib_a-mprec.o)
                0x08014978                __multiply
 .text.__pow5mult
                0x08014aac       0xa0 c:/program files/gnu tools arm embedded/4.9 2015q2/bin/../lib/gcc/arm-none-eabi/4.9.3/../../../../arm-none-eabi/lib/armv7e-m/softfp\libg.a(lib_a-mprec.o)
                0x08014aac                __pow5mult
 .text.__lshift
                0x08014b4c       0xac c:/program files/gnu tools arm embedded/4.9 2015q2/bin/../lib/gcc/arm-none-eabi/4.9.3/../../../../arm-none-eabi/lib/armv7e-m/softfp\libg.a(lib_a-mprec.o)
                0x08014b4c                __lshift
 .text.__mcmp   0x08014bf8       0x48 c:/program files/gnu tools arm embedded/4.9 2015q2/bin/../lib/gcc/arm-none-eabi/4.9.3/../../../../arm-none-eabi/lib/armv7e-m/softfp\libg.a(lib_a-mprec.o)
                0x08014bf8                __mcmp
 .text.__mdiff  0x08014c40       0xd4 c:/program files/gnu tools arm embedded/4.9 2015q2/bin/../lib/gcc/arm-none-eabi/4.9.3/../../../../arm-none-eabi/lib/armv7e-m/softfp\libg.a(lib_a-mprec.o)
                0x08014c40                __mdiff
 .text.__d2b    0x08014d14       0xb8 c:/program files/gnu tools arm embedded/4.9 2015q2/bin/../lib/gcc/arm-none-eabi/4.9.3/../../../../arm-none-eabi/lib/armv7e-m/softfp\libg.a(lib_a-mprec.o)
                0x08014d14                __d2b
 .text.__fpclassifyd
                0x08014dcc       0x58 c:/program files/gnu tools arm embedded/4.9 2015q2/bin/../lib/gcc/arm-none-eabi/4.9.3/../../../../arm-none-eabi/lib/armv7e-m/softfp\libg.a(lib_a-s_fpclassify.o)
                0x08014dcc                __fpclassifyd
 .text._sbrk_r  0x08014e24       0x24 c:/program files/gnu tools arm embedded/4.9 2015q2/bin/../lib/gcc/arm-none-eabi/4.9.3/../../../../arm-none-eabi/lib/armv7e-m/softfp\libg.a(lib_a-sbrkr.o)
                0x08014e24                _sbrk_r
 .text.__sread  0x08014e48       0x24 c:/program files/gnu tools arm embedded/4.9 2015q2/bin/../lib/gcc/arm-none-eabi/4.9.3/../../../../arm-none-eabi/lib/armv7e-m/softfp\libg.a(lib_a-stdio.o)
                0x08014e48                __sread
 .text.__swrite
                0x08014e6c       0x38 c:/program files/gnu tools arm embedded/4.9 2015q2/bin/../lib/gcc/arm-none-eabi/4.9.3/../../../../arm-none-eabi/lib/armv7e-m/softfp\libg.a(lib_a-stdio.o)
                0x08014e6c                __swrite
 .text.__sseek  0x08014ea4       0x20 c:/program files/gnu tools arm embedded/4.9 2015q2/bin/../lib/gcc/arm-none-eabi/4.9.3/../../../../arm-none-eabi/lib/armv7e-m/softfp\libg.a(lib_a-stdio.o)
                0x08014ea4                __sseek
 .text.__sclose
                0x08014ec4        0x8 c:/program files/gnu tools arm embedded/4.9 2015q2/bin/../lib/gcc/arm-none-eabi/4.9.3/../../../../arm-none-eabi/lib/armv7e-m/softfp\libg.a(lib_a-stdio.o)
                0x08014ec4                __sclose
 .text.__ssprint_r
                0x08014ecc      0x104 c:/program files/gnu tools arm embedded/4.9 2015q2/bin/../lib/gcc/arm-none-eabi/4.9.3/../../../../arm-none-eabi/lib/armv7e-m/softfp\libg.a(lib_a-svfiprintf.o)
                0x08014ecc                __ssprint_r
 .text.__sprint_r.part.0
                0x08014fd0       0x78 c:/program files/gnu tools arm embedded/4.9 2015q2/bin/../lib/gcc/arm-none-eabi/4.9.3/../../../../arm-none-eabi/lib/armv7e-m/softfp\libg.a(lib_a-vfiprintf.o)
 .text.__sprint_r
                0x08015048       0x18 c:/program files/gnu tools arm embedded/4.9 2015q2/bin/../lib/gcc/arm-none-eabi/4.9.3/../../../../arm-none-eabi/lib/armv7e-m/softfp\libg.a(lib_a-vfiprintf.o)
                0x08015048                __sprint_r
 .text._write_r
                0x08015060       0x28 c:/program files/gnu tools arm embedded/4.9 2015q2/bin/../lib/gcc/arm-none-eabi/4.9.3/../../../../arm-none-eabi/lib/armv7e-m/softfp\libg.a(lib_a-writer.o)
                0x08015060                _write_r
 .text._calloc_r
                0x08015088       0x60 c:/program files/gnu tools arm embedded/4.9 2015q2/bin/../lib/gcc/arm-none-eabi/4.9.3/../../../../arm-none-eabi/lib/armv7e-m/softfp\libg.a(lib_a-callocr.o)
                0x08015088                _calloc_r
 .text._close_r
                0x080150e8       0x24 c:/program files/gnu tools arm embedded/4.9 2015q2/bin/../lib/gcc/arm-none-eabi/4.9.3/../../../../arm-none-eabi/lib/armv7e-m/softfp\libg.a(lib_a-closer.o)
                0x080150e8                _close_r
 .text._fclose_r
                0x0801510c       0x84 c:/program files/gnu tools arm embedded/4.9 2015q2/bin/../lib/gcc/arm-none-eabi/4.9.3/../../../../arm-none-eabi/lib/armv7e-m/softfp\libg.a(lib_a-fclose.o)
                0x0801510c                _fclose_r
 .text.__fputwc
                0x08015190       0xb0 c:/program files/gnu tools arm embedded/4.9 2015q2/bin/../lib/gcc/arm-none-eabi/4.9.3/../../../../arm-none-eabi/lib/armv7e-m/softfp\libg.a(lib_a-fputwc.o)
                0x08015190                __fputwc
 .text._fputwc_r
                0x08015240       0x24 c:/program files/gnu tools arm embedded/4.9 2015q2/bin/../lib/gcc/arm-none-eabi/4.9.3/../../../../arm-none-eabi/lib/armv7e-m/softfp\libg.a(lib_a-fputwc.o)
                0x08015240                _fputwc_r
 .text._fstat_r
                0x08015264       0x28 c:/program files/gnu tools arm embedded/4.9 2015q2/bin/../lib/gcc/arm-none-eabi/4.9.3/../../../../arm-none-eabi/lib/armv7e-m/softfp\libg.a(lib_a-fstatr.o)
                0x08015264                _fstat_r
 .text.__sfvwrite_r
                0x0801528c      0x318 c:/program files/gnu tools arm embedded/4.9 2015q2/bin/../lib/gcc/arm-none-eabi/4.9.3/../../../../arm-none-eabi/lib/armv7e-m/softfp\libg.a(lib_a-fvwrite.o)
                0x0801528c                __sfvwrite_r
 .text._isatty_r
                0x080155a4       0x24 c:/program files/gnu tools arm embedded/4.9 2015q2/bin/../lib/gcc/arm-none-eabi/4.9.3/../../../../arm-none-eabi/lib/armv7e-m/softfp\libg.a(lib_a-isattyr.o)
                0x080155a4                _isatty_r
 .text._lseek_r
                0x080155c8       0x28 c:/program files/gnu tools arm embedded/4.9 2015q2/bin/../lib/gcc/arm-none-eabi/4.9.3/../../../../arm-none-eabi/lib/armv7e-m/softfp\libg.a(lib_a-lseekr.o)
                0x080155c8                _lseek_r
 .text.memmove  0x080155f0       0xc8 c:/program files/gnu tools arm embedded/4.9 2015q2/bin/../lib/gcc/arm-none-eabi/4.9.3/../../../../arm-none-eabi/lib/armv7e-m/softfp\libg.a(lib_a-memmove.o)
                0x080155f0                memmove
 .text._read_r  0x080156b8       0x28 c:/program files/gnu tools arm embedded/4.9 2015q2/bin/../lib/gcc/arm-none-eabi/4.9.3/../../../../arm-none-eabi/lib/armv7e-m/softfp\libg.a(lib_a-readr.o)
                0x080156b8                _read_r
 .text._realloc_r
                0x080156e0      0x3ec c:/program files/gnu tools arm embedded/4.9 2015q2/bin/../lib/gcc/arm-none-eabi/4.9.3/../../../../arm-none-eabi/lib/armv7e-m/softfp\libg.a(lib_a-reallocr.o)
                0x080156e0                _realloc_r
 .text.__swbuf_r
                0x08015acc       0xa8 c:/program files/gnu tools arm embedded/4.9 2015q2/bin/../lib/gcc/arm-none-eabi/4.9.3/../../../../arm-none-eabi/lib/armv7e-m/softfp\libg.a(lib_a-wbuf.o)
                0x08015acc                __swbuf_r
 .text._wcrtomb_r
                0x08015b74       0x54 c:/program files/gnu tools arm embedded/4.9 2015q2/bin/../lib/gcc/arm-none-eabi/4.9.3/../../../../arm-none-eabi/lib/armv7e-m/softfp\libg.a(lib_a-wcrtomb.o)
                0x08015b74                _wcrtomb_r
 .text.__ascii_wctomb
                0x08015bc8       0x1c c:/program files/gnu tools arm embedded/4.9 2015q2/bin/../lib/gcc/arm-none-eabi/4.9.3/../../../../arm-none-eabi/lib/armv7e-m/softfp\libg.a(lib_a-wctomb_r.o)
                0x08015bc8                __ascii_wctomb
 .text          0x08015be4      0x370 c:/program files/gnu tools arm embedded/4.9 2015q2/bin/../lib/gcc/arm-none-eabi/4.9.3/armv7e-m/softfp\libgcc.a(_arm_addsubdf3.o)
                0x08015be4                __aeabi_drsub
                0x08015bec                __aeabi_dsub
                0x08015bec                __subdf3
                0x08015bf0                __aeabi_dadd
                0x08015bf0                __adddf3
                0x08015e68                __floatunsidf
                0x08015e68                __aeabi_ui2d
                0x08015e88                __floatsidf
                0x08015e88                __aeabi_i2d
                0x08015eac                __aeabi_f2d
                0x08015eac                __extendsfdf2
                0x08015ee8                __floatundidf
                0x08015ee8                __aeabi_ul2d
                0x08015ef8                __floatdidf
                0x08015ef8                __aeabi_l2d
 .text          0x08015f54      0x424 c:/program files/gnu tools arm embedded/4.9 2015q2/bin/../lib/gcc/arm-none-eabi/4.9.3/armv7e-m/softfp\libgcc.a(_arm_muldivdf3.o)
                0x08015f54                __aeabi_dmul
                0x08015f54                __muldf3
                0x080161a8                __divdf3
                0x080161a8                __aeabi_ddiv
 .text          0x08016378      0x110 c:/program files/gnu tools arm embedded/4.9 2015q2/bin/../lib/gcc/arm-none-eabi/4.9.3/armv7e-m/softfp\libgcc.a(_arm_cmpdf2.o)
                0x08016378                __gtdf2
                0x08016378                __gedf2
                0x08016380                __ltdf2
                0x08016380                __ledf2
                0x08016388                __nedf2
                0x08016388                __eqdf2
                0x08016388                __cmpdf2
                0x08016404                __aeabi_cdrcmple
                0x08016414                __aeabi_cdcmpeq
                0x08016414                __aeabi_cdcmple
                0x08016424                __aeabi_dcmpeq
                0x08016438                __aeabi_dcmplt
                0x0801644c                __aeabi_dcmple
                0x08016460                __aeabi_dcmpge
                0x08016474                __aeabi_dcmpgt
 .text          0x08016488       0x50 c:/program files/gnu tools arm embedded/4.9 2015q2/bin/../lib/gcc/arm-none-eabi/4.9.3/armv7e-m/softfp\libgcc.a(_arm_fixdfsi.o)
                0x08016488                __aeabi_d2iz
                0x08016488                __fixdfsi
 .text          0x080164d8       0x30 c:/program files/gnu tools arm embedded/4.9 2015q2/bin/../lib/gcc/arm-none-eabi/4.9.3/armv7e-m/softfp\libgcc.a(_aeabi_uldivmod.o)
                0x080164d8                __aeabi_uldivmod
 .text          0x08016508       0x60 c:/program files/gnu tools arm embedded/4.9 2015q2/bin/../lib/gcc/arm-none-eabi/4.9.3/armv7e-m/softfp\libgcc.a(bpabi.o)
                0x08016508                __gnu_ldivmod_helper
                0x08016538                __gnu_uldivmod_helper
 .text          0x08016568        0x4 c:/program files/gnu tools arm embedded/4.9 2015q2/bin/../lib/gcc/arm-none-eabi/4.9.3/armv7e-m/softfp\libgcc.a(_dvmd_tls.o)
                0x08016568                __aeabi_idiv0
                0x08016568                __aeabi_ldiv0
 .text          0x0801656c      0x29c c:/program files/gnu tools arm embedded/4.9 2015q2/bin/../lib/gcc/arm-none-eabi/4.9.3/armv7e-m/softfp\libgcc.a(_divdi3.o)
                0x0801656c                __divdi3
 .text          0x08016808      0x26c c:/program files/gnu tools arm embedded/4.9 2015q2/bin/../lib/gcc/arm-none-eabi/4.9.3/armv7e-m/softfp\libgcc.a(_udivdi3.o)
                0x08016808                __udivdi3
 *(.init)
 *(.fini)
 *crtbegin.o(.ctors)
 *crtbegin?.o(.ctors)
 *(EXCLUDE_FILE(*crtend.o *crtend?.o) .ctors)
 *(SORT(.ctors.*))
 *(.ctors)
 *crtbegin.o(.dtors)
 *crtbegin?.o(.dtors)
 *(EXCLUDE_FILE(*crtend.o *crtend?.o) .dtors)
 *(SORT(.dtors.*))
 *(.dtors)
 *(.rodata*)
 .rodata        0x08016a74       0xcc ..\obj\tcp.o
                0x08016aec                tcp_state_str
                0x08016b18                tcp_backoff
                0x08016b28                tcp_persist_backoff
                0x08016b30                tcp_pcb_lists
 .rodata        0x08016b40       0xf7 ..\obj\porttcp.o
 *fill*         0x08016c37        0x1 
 .rodata        0x08016c38       0x30 ..\obj\memp.o
 .rodata        0x08016c68        0xd ..\obj\tcpip.o
 *fill*         0x08016c75        0x3 
 .rodata        0x08016c78        0x8 ..\obj\ip_addr.o
                0x08016c78                ip_addr_any
                0x08016c7c                ip_addr_broadcast
 .rodata        0x08016c80        0x5 ..\obj\main.o
 *fill*         0x08016c85        0x3 
 .rodata        0x08016c88        0x7 ..\obj\ethernetif.o
 *fill*         0x08016c8f        0x1 
 .rodata        0x08016c90        0xe ..\obj\etharp.o
                0x08016c90                ethbroadcast
                0x08016c98                ethzero
 *fill*         0x08016c9e        0x2 
 .rodata        0x08016ca0        0x5 ..\obj\tasks.o
 *fill*         0x08016ca5        0x3 
 .rodata        0x08016ca8       0x86 ..\obj\portother.o
 *fill*         0x08016d2e        0x2 
 .rodata        0x08016d30        0xc ..\obj\mbinit.o
 .rodata        0x08016d3c        0x9 ..\obj\udp_send.o
 *fill*         0x08016d45        0x3 
 .rodata        0x08016d48       0x47 ..\obj\http_server.o
 *fill*         0x08016d8f        0x1 
 .rodata.zeroes.6911
                0x08016d90       0x10 c:/program files/gnu tools arm embedded/4.9 2015q2/bin/../lib/gcc/arm-none-eabi/4.9.3/../../../../arm-none-eabi/lib/armv7e-m/softfp\libg.a(lib_a-svfprintf.o)
 .rodata.blanks.6910
                0x08016da0       0x10 c:/program files/gnu tools arm embedded/4.9 2015q2/bin/../lib/gcc/arm-none-eabi/4.9.3/../../../../arm-none-eabi/lib/armv7e-m/softfp\libg.a(lib_a-svfprintf.o)
 .rodata.str1.4
                0x08016db0       0x42 c:/program files/gnu tools arm embedded/4.9 2015q2/bin/../lib/gcc/arm-none-eabi/4.9.3/../../../../arm-none-eabi/lib/armv7e-m/softfp\libg.a(lib_a-svfprintf.o)
 *fill*         0x08016df2        0x2 
 .rodata.zeroes.6926
                0x08016df4       0x10 c:/program files/gnu tools arm embedded/4.9 2015q2/bin/../lib/gcc/arm-none-eabi/4.9.3/../../../../arm-none-eabi/lib/armv7e-m/softfp\libg.a(lib_a-vfprintf.o)
 .rodata.str1.4
                0x00000000       0x42 c:/program files/gnu tools arm embedded/4.9 2015q2/bin/../lib/gcc/arm-none-eabi/4.9.3/../../../../arm-none-eabi/lib/armv7e-m/softfp\libg.a(lib_a-vfprintf.o)
 .rodata.blanks.6925
                0x08016e04       0x10 c:/program files/gnu tools arm embedded/4.9 2015q2/bin/../lib/gcc/arm-none-eabi/4.9.3/../../../../arm-none-eabi/lib/armv7e-m/softfp\libg.a(lib_a-vfprintf.o)
 .rodata.str1.4
                0x08016e14       0x10 c:/program files/gnu tools arm embedded/4.9 2015q2/bin/../lib/gcc/arm-none-eabi/4.9.3/../../../../arm-none-eabi/lib/armv7e-m/softfp\libg.a(lib_a-dtoa.o)
                                 0x12 (size before relaxing)
 .rodata.str1.4
                0x08016e24        0x2 c:/program files/gnu tools arm embedded/4.9 2015q2/bin/../lib/gcc/arm-none-eabi/4.9.3/../../../../arm-none-eabi/lib/armv7e-m/softfp\libg.a(lib_a-impure.o)
 *fill*         0x08016e26        0x2 
 .rodata.str1.4
                0x08016e28        0xc c:/program files/gnu tools arm embedded/4.9 2015q2/bin/../lib/gcc/arm-none-eabi/4.9.3/../../../../arm-none-eabi/lib/armv7e-m/softfp\libg.a(lib_a-locale.o)
                                 0x12 (size before relaxing)
 *fill*         0x08016e34        0x4 
 .rodata.__mprec_tens
                0x08016e38       0xc8 c:/program files/gnu tools arm embedded/4.9 2015q2/bin/../lib/gcc/arm-none-eabi/4.9.3/../../../../arm-none-eabi/lib/armv7e-m/softfp\libg.a(lib_a-mprec.o)
                0x08016e38                __mprec_tens
 .rodata.p05.5302
                0x08016f00        0xc c:/program files/gnu tools arm embedded/4.9 2015q2/bin/../lib/gcc/arm-none-eabi/4.9.3/../../../../arm-none-eabi/lib/armv7e-m/softfp\libg.a(lib_a-mprec.o)
 *fill*         0x08016f0c        0x4 
 .rodata.__mprec_bigtens
                0x08016f10       0x28 c:/program files/gnu tools arm embedded/4.9 2015q2/bin/../lib/gcc/arm-none-eabi/4.9.3/../../../../arm-none-eabi/lib/armv7e-m/softfp\libg.a(lib_a-mprec.o)
                0x08016f10                __mprec_bigtens
 *(.eh_fram e*)

.glue_7         0x08016f38        0x0
 .glue_7        0x00000000        0x0 linker stubs

.glue_7t        0x08016f38        0x0
 .glue_7t       0x00000000        0x0 linker stubs

.vfp11_veneer   0x08016f38        0x0
 .vfp11_veneer  0x00000000        0x0 linker stubs

.v4_bx          0x08016f38        0x0
 .v4_bx         0x00000000        0x0 linker stubs

.iplt           0x08016f38        0x0
 .iplt          0x00000000        0x0 ..\obj\stm32f4xx_syscfg.o

.ARM.extab
 *(.ARM.extab* .gnu.linkonce.armextab.*)
                0x08016f38                __exidx_start = .

.ARM.exidx      0x08016f38        0x8
 *(.ARM.exidx* .gnu.linkonce.armexidx.*)
 .ARM.exidx     0x08016f38        0x8 c:/program files/gnu tools arm embedded/4.9 2015q2/bin/../lib/gcc/arm-none-eabi/4.9.3/armv7e-m/softfp\libgcc.a(_divdi3.o)
 .ARM.exidx     0x08016f40        0x0 c:/program files/gnu tools arm embedded/4.9 2015q2/bin/../lib/gcc/arm-none-eabi/4.9.3/armv7e-m/softfp\libgcc.a(_udivdi3.o)
                                  0x8 (size before relaxing)
                0x08016f40                __exidx_end = .
                0x08016f40                __etext = .
                0x08016f40                _sidata = __etext

.rel.dyn        0x08016f40        0x0
 .rel.iplt      0x00000000        0x0 ..\obj\stm32f4xx_syscfg.o

.data           0x20000000      0x97c load address 0x08016f40
                0x20000000                __data_start__ = .
                0x20000000                _sdata = __data_start__
 *(vtable)
 *(.data*)
 .data          0x20000000       0x84 ..\obj\mb.o
 .data          0x20000084        0x8 ..\obj\tcp.o
 .data          0x2000008c       0x10 ..\obj\stm32f4xx_rcc.o
 .data          0x2000009c        0x4 ..\obj\tasks.o
 .data          0x200000a0       0x14 ..\obj\system_stm32f4xx.o
                0x200000a0                SystemCoreClock
                0x200000a4                AHBPrescTable
 .data          0x200000b4       0x10 ..\obj\portother.o
 .data          0x200000c4        0x4 ..\obj\port.o
 .data          0x200000c8        0x5 ..\obj\mbinit.o
 *fill*         0x200000cd        0x1 
 .data          0x200000ce        0x2 ..\obj\udp.o
 .data          0x200000d0        0x4 ..\obj\dhcp.o
 .data          0x200000d4        0x4 ..\obj\mbfunc.o
 .data          0x200000d8        0x4 ..\obj\heap_2.o
 *fill*         0x200000dc        0x4 
 .data.impure_data
                0x200000e0      0x428 c:/program files/gnu tools arm embedded/4.9 2015q2/bin/../lib/gcc/arm-none-eabi/4.9.3/../../../../arm-none-eabi/lib/armv7e-m/softfp\libg.a(lib_a-impure.o)
 .data._impure_ptr
                0x20000508        0x4 c:/program files/gnu tools arm embedded/4.9 2015q2/bin/../lib/gcc/arm-none-eabi/4.9.3/../../../../arm-none-eabi/lib/armv7e-m/softfp\libg.a(lib_a-impure.o)
                0x20000508                _impure_ptr
 .data.lconv    0x2000050c       0x38 c:/program files/gnu tools arm embedded/4.9 2015q2/bin/../lib/gcc/arm-none-eabi/4.9.3/../../../../arm-none-eabi/lib/armv7e-m/softfp\libg.a(lib_a-locale.o)
 .data.lc_ctype_charset
                0x20000544       0x20 c:/program files/gnu tools arm embedded/4.9 2015q2/bin/../lib/gcc/arm-none-eabi/4.9.3/../../../../arm-none-eabi/lib/armv7e-m/softfp\libg.a(lib_a-locale.o)
 .data.__mb_cur_max
                0x20000564        0x4 c:/program files/gnu tools arm embedded/4.9 2015q2/bin/../lib/gcc/arm-none-eabi/4.9.3/../../../../arm-none-eabi/lib/armv7e-m/softfp\libg.a(lib_a-locale.o)
                0x20000564                __mb_cur_max
 .data.__malloc_av_
                0x20000568      0x408 c:/program files/gnu tools arm embedded/4.9 2015q2/bin/../lib/gcc/arm-none-eabi/4.9.3/../../../../arm-none-eabi/lib/armv7e-m/softfp\libg.a(lib_a-mallocr.o)
                0x20000568                __malloc_av_
 .data.__malloc_trim_threshold
                0x20000970        0x4 c:/program files/gnu tools arm embedded/4.9 2015q2/bin/../lib/gcc/arm-none-eabi/4.9.3/../../../../arm-none-eabi/lib/armv7e-m/softfp\libg.a(lib_a-mallocr.o)
                0x20000970                __malloc_trim_threshold
 .data.__malloc_sbrk_base
                0x20000974        0x4 c:/program files/gnu tools arm embedded/4.9 2015q2/bin/../lib/gcc/arm-none-eabi/4.9.3/../../../../arm-none-eabi/lib/armv7e-m/softfp\libg.a(lib_a-mallocr.o)
                0x20000974                __malloc_sbrk_base
 .data.__wctomb
                0x20000978        0x4 c:/program files/gnu tools arm embedded/4.9 2015q2/bin/../lib/gcc/arm-none-eabi/4.9.3/../../../../arm-none-eabi/lib/armv7e-m/softfp\libg.a(lib_a-wctomb_r.o)
                0x20000978                __wctomb
                0x2000097c                . = ALIGN (0x4)
                0x2000097c                PROVIDE (__preinit_array_start, .)
 *(.preinit_array)
                0x2000097c                PROVIDE (__preinit_array_end, .)
                0x2000097c                . = ALIGN (0x4)
                0x2000097c                PROVIDE (__init_array_start, .)
 *(SORT(.init_array.*))
 *(.init_array)
                0x2000097c                PROVIDE (__init_array_end, .)
                0x2000097c                . = ALIGN (0x4)
                0x2000097c                PROVIDE (__fini_array_start, .)
 *(SORT(.fini_array.*))
 *(.fini_array)
                0x2000097c                PROVIDE (__fini_array_end, .)
 *(.jcr*)
                0x2000097c                . = ALIGN (0x4)
                0x2000097c                __data_end__ = .
                0x2000097c                _edata = __data_end__

.igot.plt       0x2000097c        0x0 load address 0x080178bc
 .igot.plt      0x00000000        0x0 ..\obj\stm32f4xx_syscfg.o

.bss            0x2000097c    0x18260 load address 0x080178bc
                0x2000097c                . = ALIGN (0x4)
                0x2000097c                __bss_start__ = .
                0x2000097c                _sbss = __bss_start__
 *(.bss*)
 .bss           0x2000097c       0x10 ..\obj\mem.o
 .bss           0x2000098c       0x24 ..\obj\mb.o
 .bss           0x200009b0        0x2 ..\obj\tcp.o
 *fill*         0x200009b2        0x2 
 .bss           0x200009b4        0x4 ..\obj\portevent.o
 .bss           0x200009b8      0x112 ..\obj\porttcp.o
 *fill*         0x20000aca        0x2 
 .bss           0x20000acc       0x22 ..\obj\mbfuncother.o
 *fill*         0x20000aee        0x2 
 .bss           0x20000af0       0x2c ..\obj\tcp_in.o
 .bss           0x20000b1c     0x2a97 ..\obj\memp.o
 *fill*         0x200035b3        0x1 
 .bss           0x200035b4        0xc ..\obj\tcpip.o
 .bss           0x200035c0        0x8 ..\obj\timers.o
 .bss           0x200035c8        0x4 ..\obj\stm32f4x7_eth_bsp.o
                0x200035c8                EthInitStatus
 .bss           0x200035cc        0xc ..\obj\ethernetif.o
                0x200035d0                s_xSemaphore
 .bss           0x200035d8       0xc9 ..\obj\etharp.o
 *fill*         0x200036a1        0x3 
 .bss           0x200036a4       0xfc ..\obj\tasks.o
                0x200036a4                pxCurrentTCB
 .bss           0x200037a0        0x8 ..\obj\adc_dcmi.o
                0x200037a0                ADC_buf_full_flag
 .bss           0x200037a8        0x1 ..\obj\netif.o
 *fill*         0x200037a9        0x3 
 .bss           0x200037ac        0x4 ..\obj\sys_arch.o
                0x200037ac                xInsideISR
 .bss           0x200037b0        0x4 ..\obj\syscalls.o
 .bss           0x200037b4      0x204 ..\obj\portother.o
 .bss           0x200039b8        0x8 ..\obj\port.o
 .bss           0x200039c0        0x2 ..\obj\ip.o
 *fill*         0x200039c2        0x2 
 .bss           0x200039c4        0x8 ..\obj\udp_send.o
                0x200039c4                adc_buf_offset
                0x200039c8                xUDP_Send_Semaphore
 .bss           0x200039cc       0x28 ..\obj\mbfunc.o
 .bss           0x200039f4     0x7814 ..\obj\heap_2.o
 .bss           0x2000b208        0x2 ..\obj\http_server.o
 *fill*         0x2000b20a        0x2 
 .bss           0x2000b20c        0x4 ..\obj\raw.o
 .bss.__malloc_max_total_mem
                0x2000b210        0x4 c:/program files/gnu tools arm embedded/4.9 2015q2/bin/../lib/gcc/arm-none-eabi/4.9.3/../../../../arm-none-eabi/lib/armv7e-m/softfp\libg.a(lib_a-mallocr.o)
                0x2000b210                __malloc_max_total_mem
 .bss.__malloc_max_sbrked_mem
                0x2000b214        0x4 c:/program files/gnu tools arm embedded/4.9 2015q2/bin/../lib/gcc/arm-none-eabi/4.9.3/../../../../arm-none-eabi/lib/armv7e-m/softfp\libg.a(lib_a-mallocr.o)
                0x2000b214                __malloc_max_sbrked_mem
 .bss.__malloc_top_pad
                0x2000b218        0x4 c:/program files/gnu tools arm embedded/4.9 2015q2/bin/../lib/gcc/arm-none-eabi/4.9.3/../../../../arm-none-eabi/lib/armv7e-m/softfp\libg.a(lib_a-mallocr.o)
                0x2000b218                __malloc_top_pad
 .bss.__malloc_current_mallinfo
                0x2000b21c       0x28 c:/program files/gnu tools arm embedded/4.9 2015q2/bin/../lib/gcc/arm-none-eabi/4.9.3/../../../../arm-none-eabi/lib/armv7e-m/softfp\libg.a(lib_a-mallocr.o)
                0x2000b21c                __malloc_current_mallinfo
 *(COMMON)
 COMMON         0x2000b244     0x1414 ..\obj\mem.o
                0x2000b244                ram_heap
 COMMON         0x2000c658       0x1c ..\obj\tcp.o
                0x2000c658                tcp_active_pcbs_changed
                0x2000c65c                tcp_active_pcbs
                0x2000c660                tcp_ticks
                0x2000c664                tcp_listen_pcbs
                0x2000c668                tcp_tmp_pcb
                0x2000c66c                tcp_bound_pcbs
                0x2000c670                tcp_tw_pcbs
 COMMON         0x2000c674        0x4 ..\obj\tcp_in.o
                0x2000c674                tcp_input_pcb
 COMMON         0x2000c678     0x3ce4 ..\obj\stm32f4x7_eth.o
                0x2000c678                RX_Frame_Descriptor
                0x2000c684                DMARxDescToGet
                0x2000c688                DMATxDescToSet
                0x2000c68c                DMATxDscrTab
                0x2000c72c                Rx_Buff
                0x2000e4f0                Frame_Rx_index
                0x2000e4f4                DMA_RX_FRAME_infos
                0x2000e4f8                DMARxDscrTab
                0x2000e598                Tx_Buff
 COMMON         0x2001035c       0x34 ..\obj\main.o
                0x2001035c                xnetif
 COMMON         0x20010390        0x4 ..\obj\tcp_send.o
                0x20010390                client_pcb
 COMMON         0x20010394     0x8014 ..\obj\adc_dcmi.o
                0x20010394                ADC_last_data
                0x200103a4                ADC_buf_pnt
                0x200103a8                DCMIAdcRxBuff
 COMMON         0x200183a8        0x8 ..\obj\netif.o
                0x200183a8                netif_list
                0x200183ac                netif_default
 COMMON         0x200183b0        0x4 ..\obj\udp.o
                0x200183b0                udp_pcbs
 COMMON         0x200183b4       0x10 ..\obj\ip.o
                0x200183b4                current_iphdr_src
                0x200183b8                current_netif
                0x200183bc                current_iphdr_dest
                0x200183c0                current_header
 COMMON         0x200183c4      0x411 ..\obj\udp_send.o
                0x200183c4                DestIPaddr
                0x200183c8                pb
                0x200183cc                UDPPacket
 *fill*         0x200187d5        0x3 
 COMMON         0x200187d8      0x400 ..\obj\http_server.o
                0x200187d8                data
 COMMON         0x20018bd8        0x4 c:/program files/gnu tools arm embedded/4.9 2015q2/bin/../lib/gcc/arm-none-eabi/4.9.3/../../../../arm-none-eabi/lib/armv7e-m/softfp\libg.a(lib_a-reent.o)
                0x20018bd8                errno
                0x20018bdc                . = ALIGN (0x4)
                0x20018bdc                __bss_end__ = .
                0x20018bdc                _ebss = __bss_end__

.heap           0x20018bdc        0x0
                0x20018bdc                __end__ = .
                0x20018bdc                _end = __end__
                0x20018bdc                end = __end__
 *(.heap*)
                0x20018bdc                __HeapLimit = .

.co_stack       0x20018bdc      0x804 load address 0x0802fb1c