Archive member included because of file (symbol)

c:/program files/gnu tools arm embedded/4.9 2015q2/bin/../lib/gcc/arm-none-eabi/4.9.3/../../../../arm-none-eabi/lib/armv7e-m/softfp\libg.a(lib_a-memcmp.o)
                              ..\obj\etharp.o (memcmp)
c:/program files/gnu tools arm embedded/4.9 2015q2/bin/../lib/gcc/arm-none-eabi/4.9.3/../../../../arm-none-eabi/lib/armv7e-m/softfp\libg.a(lib_a-memcpy.o)
                              ..\obj\porttcp.o (memcpy)
c:/program files/gnu tools arm embedded/4.9 2015q2/bin/../lib/gcc/arm-none-eabi/4.9.3/../../../../arm-none-eabi/lib/armv7e-m/softfp\libg.a(lib_a-memset.o)
                              ..\obj\mem.o (memset)
c:/program files/gnu tools arm embedded/4.9 2015q2/bin/../lib/gcc/arm-none-eabi/4.9.3/../../../../arm-none-eabi/lib/armv7e-m/softfp\libg.a(lib_a-printf.o)
                              ..\obj\portother.o (printf)
c:/program files/gnu tools arm embedded/4.9 2015q2/bin/../lib/gcc/arm-none-eabi/4.9.3/../../../../arm-none-eabi/lib/armv7e-m/softfp\libg.a(lib_a-snprintf.o)
                              ..\obj\portother.o (snprintf)
c:/program files/gnu tools arm embedded/4.9 2015q2/bin/../lib/gcc/arm-none-eabi/4.9.3/../../../../arm-none-eabi/lib/armv7e-m/softfp\libg.a(lib_a-sprintf.o)
                              ..\obj\http_server.o (sprintf)
c:/program files/gnu tools arm embedded/4.9 2015q2/bin/../lib/gcc/arm-none-eabi/4.9.3/../../../../arm-none-eabi/lib/armv7e-m/softfp\libg.a(lib_a-strlen.o)
                              ..\obj\pbuf.o (strlen)
c:/program files/gnu tools arm embedded/4.9 2015q2/bin/../lib/gcc/arm-none-eabi/4.9.3/../../../../arm-none-eabi/lib/armv7e-m/softfp\libg.a(lib_a-strncmp.o)
                              ..\obj\http_server.o (strncmp)
c:/program files/gnu tools arm embedded/4.9 2015q2/bin/../lib/gcc/arm-none-eabi/4.9.3/../../../../arm-none-eabi/lib/armv7e-m/softfp\libg.a(lib_a-svfprintf.o)
                              c:/program files/gnu tools arm embedded/4.9 2015q2/bin/../lib/gcc/arm-none-eabi/4.9.3/../../../../arm-none-eabi/lib/armv7e-m/softfp\libg.a(lib_a-snprintf.o) (_svfprintf_r)
c:/program files/gnu tools arm embedded/4.9 2015q2/bin/../lib/gcc/arm-none-eabi/4.9.3/../../../../arm-none-eabi/lib/armv7e-m/softfp\libg.a(lib_a-vfprintf.o)
                              c:/program files/gnu tools arm embedded/4.9 2015q2/bin/../lib/gcc/arm-none-eabi/4.9.3/../../../../arm-none-eabi/lib/armv7e-m/softfp\libg.a(lib_a-printf.o) (_vfprintf_r)
c:/program files/gnu tools arm embedded/4.9 2015q2/bin/../lib/gcc/arm-none-eabi/4.9.3/../../../../arm-none-eabi/lib/armv7e-m/softfp\libg.a(lib_a-vprintf.o)
                              ..\obj\portother.o (vprintf)
c:/program files/gnu tools arm embedded/4.9 2015q2/bin/../lib/gcc/arm-none-eabi/4.9.3/../../../../arm-none-eabi/lib/armv7e-m/softfp\libg.a(lib_a-wsetup.o)
                              c:/program files/gnu tools arm embedded/4.9 2015q2/bin/../lib/gcc/arm-none-eabi/4.9.3/../../../../arm-none-eabi/lib/armv7e-m/softfp\libg.a(lib_a-vfprintf.o) (__swsetup_r)
c:/program files/gnu tools arm embedded/4.9 2015q2/bin/../lib/gcc/arm-none-eabi/4.9.3/../../../../arm-none-eabi/lib/armv7e-m/softfp\libg.a(lib_a-dtoa.o)
                              c:/program files/gnu tools arm embedded/4.9 2015q2/bin/../lib/gcc/arm-none-eabi/4.9.3/../../../../arm-none-eabi/lib/armv7e-m/softfp\libg.a(lib_a-svfprintf.o) (_dtoa_r)
c:/program files/gnu tools arm embedded/4.9 2015q2/bin/../lib/gcc/arm-none-eabi/4.9.3/../../../../arm-none-eabi/lib/armv7e-m/softfp\libg.a(lib_a-fflush.o)
                              c:/program files/gnu tools arm embedded/4.9 2015q2/bin/../lib/gcc/arm-none-eabi/4.9.3/../../../../arm-none-eabi/lib/armv7e-m/softfp\libg.a(lib_a-vfprintf.o) (_fflush_r)
c:/program files/gnu tools arm embedded/4.9 2015q2/bin/../lib/gcc/arm-none-eabi/4.9.3/../../../../arm-none-eabi/lib/armv7e-m/softfp\libg.a(lib_a-findfp.o)
                              c:/program files/gnu tools arm embedded/4.9 2015q2/bin/../lib/gcc/arm-none-eabi/4.9.3/../../../../arm-none-eabi/lib/armv7e-m/softfp\libg.a(lib_a-vfprintf.o) (__sinit)
c:/program files/gnu tools arm embedded/4.9 2015q2/bin/../lib/gcc/arm-none-eabi/4.9.3/../../../../arm-none-eabi/lib/armv7e-m/softfp\libg.a(lib_a-freer.o)
                              c:/program files/gnu tools arm embedded/4.9 2015q2/bin/../lib/gcc/arm-none-eabi/4.9.3/../../../../arm-none-eabi/lib/armv7e-m/softfp\libg.a(lib_a-wsetup.o) (_free_r)
c:/program files/gnu tools arm embedded/4.9 2015q2/bin/../lib/gcc/arm-none-eabi/4.9.3/../../../../arm-none-eabi/lib/armv7e-m/softfp\libg.a(lib_a-fwalk.o)
                              c:/program files/gnu tools arm embedded/4.9 2015q2/bin/../lib/gcc/arm-none-eabi/4.9.3/../../../../arm-none-eabi/lib/armv7e-m/softfp\libg.a(lib_a-findfp.o) (_fwalk)
c:/program files/gnu tools arm embedded/4.9 2015q2/bin/../lib/gcc/arm-none-eabi/4.9.3/../../../../arm-none-eabi/lib/armv7e-m/softfp\libg.a(lib_a-impure.o)
[...]
Memory Configuration

Name             Origin             Length             Attributes
rom              0x08000000         0x00100000         xr
ram              0x20000000         0x00020000         xrw
ram1             0x10000000         0x00010000         xrw
*default*        0x00000000         0xffffffff

Linker script and memory map

                0x20020000                _eram = 0x20020000

.text           0x08000000    0x15f78
 *(.isr_vector)
 .isr_vector    0x08000000      0x188 ..\obj\startup_stm32f4xx.o
                0x08000000                g_pfnVectors
 *(.text*)
 .text.SYSCFG_ETH_MediaInterfaceConfig
                0x08000188       0x1c ..\obj\stm32f4xx_syscfg.o
                0x08000188                SYSCFG_ETH_MediaInterfaceConfig
 .text.plug_holes
                0x080001a4       0xbc ..\obj\mem.o
 .text.mem_init
                0x08000260       0x80 ..\obj\mem.o
                0x08000260                mem_init
 .text.mem_free
                0x080002e0       0x74 ..\obj\mem.o
                0x080002e0                mem_free
 .text.mem_trim
                0x08000354      0x188 ..\obj\mem.o
                0x08000354                mem_trim
 .text.mem_malloc
                0x080004dc      0x164 ..\obj\mem.o
                0x080004dc                mem_malloc
 .text.eMBTCPInit
                0x08000640       0xa4 ..\obj\mb.o
                0x08000640                eMBTCPInit
 .text.eMBEnable
                0x080006e4       0x38 ..\obj\mb.o
                0x080006e4                eMBEnable
 .text.eMBPoll  0x0800071c      0x170 ..\obj\mb.o
                0x0800071c                eMBPoll
 .text.eMBFuncReadDiscreteInputs
                0x0800088c      0x104 ..\obj\mbfuncdisc.o
                0x0800088c                eMBFuncReadDiscreteInputs
 .text.tcp_init
                0x08000990        0xc ..\obj\tcp.o
                0x08000990                tcp_init
 .text.tcp_tmr  0x0800099c       0x2c ..\obj\tcp.o
                0x0800099c                tcp_tmr
 .text.tcp_close_shutdown
                0x080009c8      0x250 ..\obj\tcp.o
 .text.tcp_close
                0x08000c18       0x30 ..\obj\tcp.o
                0x08000c18                tcp_close
 .text.tcp_shutdown
                0x08000c48       0x8c ..\obj\tcp.o
                0x08000c48                tcp_shutdown
 .text.tcp_abandon
                0x08000cd4       0xc0 ..\obj\tcp.o
                0x08000cd4                tcp_abandon
 .text.tcp_abort
                0x08000d94       0x18 ..\obj\tcp.o
                0x08000d94                tcp_abort
 .text.tcp_bind
                0x08000dac       0xdc ..\obj\tcp.o
                0x08000dac                tcp_bind
 .text.tcp_accept_null
                0x08000e88       0x20 ..\obj\tcp.o
 .text.tcp_listen_with_backlog
                0x08000ea8      0x114 ..\obj\tcp.o
                0x08000ea8                tcp_listen_with_backlog
 .text.tcp_update_rcv_ann_wnd
                0x08000fbc       0x84 ..\obj\tcp.o
                0x08000fbc                tcp_update_rcv_ann_wnd
 .text.tcp_recved
                0x08001040       0x5c ..\obj\tcp.o
                0x08001040                tcp_recved
 .text.tcp_new_port
                0x0800109c       0x8c ..\obj\tcp.o
 .text.tcp_slowtmr
                0x08001128      0x42c ..\obj\tcp.o
                0x08001128                tcp_slowtmr
 .text.tcp_fasttmr
                0x08001554       0xa0 ..\obj\tcp.o
                0x08001554                tcp_fasttmr
 .text.tcp_process_refused_data
                0x080015f4       0xc8 ..\obj\tcp.o
                0x080015f4                tcp_process_refused_data
 .text.tcp_segs_free
                0x080016bc       0x28 ..\obj\tcp.o
                0x080016bc                tcp_segs_free
 .text.tcp_seg_free
                0x080016e4       0x30 ..\obj\tcp.o
                0x080016e4                tcp_seg_free
 .text.tcp_recv_null
                0x08001714       0x48 ..\obj\tcp.o
                0x08001714                tcp_recv_null
 .text.tcp_kill_prio
                0x0800175c       0x80 ..\obj\tcp.o
 .text.tcp_kill_timewait
                0x080017dc       0x5c ..\obj\tcp.o
 .text.tcp_alloc
                0x08001838      0x114 ..\obj\tcp.o
                0x08001838                tcp_alloc
 .text.tcp_new  0x0800194c       0x10 ..\obj\tcp.o
                0x0800194c                tcp_new
 .text.tcp_arg  0x0800195c       0x1c ..\obj\tcp.o
                0x0800195c                tcp_arg
 .text.tcp_recv
                0x08001978       0x1c ..\obj\tcp.o
                0x08001978                tcp_recv
 .text.tcp_sent
                0x08001994       0x1c ..\obj\tcp.o
                0x08001994                tcp_sent
 .text.tcp_err  0x080019b0       0x1c ..\obj\tcp.o
                0x080019b0                tcp_err
 .text.tcp_accept
                0x080019cc       0x1c ..\obj\tcp.o
                0x080019cc                tcp_accept
 .text.tcp_poll
                0x080019e8       0x28 ..\obj\tcp.o
                0x080019e8                tcp_poll
 .text.tcp_pcb_purge
                0x08001a10       0x70 ..\obj\tcp.o
                0x08001a10                tcp_pcb_purge
 .text.tcp_pcb_remove
                0x08001a80       0xa8 ..\obj\tcp.o
                0x08001a80                tcp_pcb_remove
 .text.tcp_next_iss
                0x08001b28       0x28 ..\obj\tcp.o
                0x08001b28                tcp_next_iss
 .text.tcp_eff_send_mss
                0x08001b50       0x40 ..\obj\tcp.o
                0x08001b50                tcp_eff_send_mss
 .text.xMBPortEventInit
                0x08001b90       0x34 ..\obj\portevent.o
                0x08001b90                xMBPortEventInit
 .text.xMBPortEventPost
                0x08001bc4       0x4c ..\obj\portevent.o
                0x08001bc4                xMBPortEventPost
 .text.xMBPortEventGet
                0x08001c10       0x34 ..\obj\portevent.o
                0x08001c10                xMBPortEventGet
 .text.xMBTCPPortInit
                0x08001c44       0xac ..\obj\porttcp.o
                0x08001c44                xMBTCPPortInit
 .text.prvvMBPortReleaseClient
                0x08001cf0       0x8c ..\obj\porttcp.o
                0x08001cf0                prvvMBPortReleaseClient
 .text.vMBTCPPortDisable
                0x08001d7c       0x14 ..\obj\porttcp.o
                0x08001d7c                vMBTCPPortDisable
 .text.prvxMBTCPPortAccept
                0x08001d90       0xb0 ..\obj\porttcp.o
 .text.prvvMBTCPPortError
                0x08001e40       0x34 ..\obj\porttcp.o
 .text.prvxMBTCPPortReceive
                0x08001e74      0x10c ..\obj\porttcp.o
 .text.xMBTCPPortGetRequest
                0x08001f80       0x34 ..\obj\porttcp.o
                0x08001f80                xMBTCPPortGetRequest
 .text.xMBTCPPortSendResponse
                0x08001fb4       0x6c ..\obj\porttcp.o
                0x08001fb4                xMBTCPPortSendResponse
 .text.eMBSetSlaveID
                0x08002020       0x9c ..\obj\mbfuncother.o
                0x08002020                eMBSetSlaveID
 .text.eMBFuncReportSlaveID
                0x080020bc       0x3c ..\obj\mbfuncother.o
                0x080020bc                eMBFuncReportSlaveID
 .text.tcp_input
                0x080020f8      0x5f0 ..\obj\tcp_in.o
                0x080020f8                tcp_input
 .text.tcp_listen_input
                0x080026e8      0x194 ..\obj\tcp_in.o
 .text.tcp_timewait_input
                0x0800287c       0xd8 ..\obj\tcp_in.o
 .text.tcp_process
                0x08002954      0x6b8 ..\obj\tcp_in.o
 .text.tcp_receive
                0x0800300c      0x8e0 ..\obj\tcp_in.o
 .text.tcp_parseopt
                0x080038ec      0x104 ..\obj\tcp_in.o
 .text.memp_init
                0x080039f0       0x98 ..\obj\memp.o
                0x080039f0                memp_init
 .text.memp_malloc
                0x08003a88       0x44 ..\obj\memp.o
                0x08003a88                memp_malloc
 .text.memp_free
                0x08003acc       0x3c ..\obj\memp.o
                0x08003acc                memp_free
 .text.netbuf_delete
                0x08003b08       0x3c ..\obj\netbuf.o
                0x08003b08                netbuf_delete
 .text.netbuf_data
                0x08003b44       0x5c ..\obj\netbuf.o
                0x08003b44                netbuf_data
 .text.tcpip_thread
                0x08003ba0      0x114 ..\obj\tcpip.o
 .text.tcpip_input
                0x08003cb4       0x64 ..\obj\tcpip.o
                0x08003cb4                tcpip_input
 .text.tcpip_apimsg
                0x08003d18       0x48 ..\obj\tcpip.o
                0x08003d18                tcpip_apimsg
 .text.tcpip_init
                0x08003d60       0x50 ..\obj\tcpip.o
                0x08003d60                tcpip_init
 .text.prveMBError2Exception
                0x08003db0       0x40 ..\obj\mbutils.o
                0x08003db0                prveMBError2Exception
 .text.Default_Reset_Handler
                0x08003df0       0x6c ..\obj\startup_stm32f4xx.o
                0x08003df0                Default_Reset_Handler
                0x08003df0                Reset_Handler
 .text.Default_Handler
                0x08003e5c        0x8 ..\obj\startup_stm32f4xx.o
                0x08003e5c                RTC_Alarm_IRQHandler
                0x08003e5c                HASH_RNG_IRQHandler
                0x08003e5c                EXTI2_IRQHandler
                0x08003e5c                TIM8_CC_IRQHandler
                0x08003e5c                DMA2_Stream5_IRQHandler
                0x08003e5c                DMA1_Stream5_IRQHandler
                0x08003e5c                PVD_IRQHandler
                0x08003e5c                SDIO_IRQHandler
                0x08003e5c                TAMP_STAMP_IRQHandler
                0x08003e5c                CAN2_RX1_IRQHandler
                0x08003e5c                EXTI3_IRQHandler
                0x08003e5c                TIM8_TRG_COM_TIM14_IRQHandler
                0x08003e5c                TIM1_UP_TIM10_IRQHandler
                0x08003e5c                TIM8_UP_TIM13_IRQHandler
                0x08003e5c                I2C3_ER_IRQHandler
                0x08003e5c                EXTI0_IRQHandler
                0x08003e5c                I2C2_EV_IRQHandler
                0x08003e5c                DMA1_Stream2_IRQHandler
                0x08003e5c                CAN1_RX0_IRQHandler
                0x08003e5c                FPU_IRQHandler
                0x08003e5c                OTG_HS_WKUP_IRQHandler
                0x08003e5c                CAN2_SCE_IRQHandler
                0x08003e5c                DMA2_Stream2_IRQHandler
                0x08003e5c                SPI1_IRQHandler
                0x08003e5c                TIM6_DAC_IRQHandler
                0x08003e5c                TIM1_BRK_TIM9_IRQHandler
                0x08003e5c                DCMI_IRQHandler
                0x08003e5c                CAN2_RX0_IRQHandler
                0x08003e5c                USART6_IRQHandler
                0x08003e5c                USART3_IRQHandler
                0x08003e5c                CRYP_IRQHandler
                0x08003e5c                CAN1_RX1_IRQHandler
                0x08003e5c                UART5_IRQHandler
                0x08003e5c                TIM4_IRQHandler
                0x08003e5c                I2C1_EV_IRQHandler
                0x08003e5c                DMA1_Stream6_IRQHandler
                0x08003e5c                DMA1_Stream1_IRQHandler
                0x08003e5c                UART4_IRQHandler
                0x08003e5c                TIM3_IRQHandler
                0x08003e5c                RCC_IRQHandler
                0x08003e5c                TIM8_BRK_TIM12_IRQHandler
                0x08003e5c                EXTI15_10_IRQHandler
                0x08003e5c                ADC_IRQHandler
                0x08003e5c                DMA1_Stream7_IRQHandler
                0x08003e5c                TIM7_IRQHandler
                0x08003e5c                CAN2_TX_IRQHandler
                0x08003e5c                TIM5_IRQHandler
                0x08003e5c                DMA2_Stream7_IRQHandler
                0x08003e5c                I2C3_EV_IRQHandler
                0x08003e5c                EXTI9_5_IRQHandler
                0x08003e5c                RTC_WKUP_IRQHandler
                0x08003e5c                ETH_WKUP_IRQHandler
                0x08003e5c                SPI2_IRQHandler
                0x08003e5c                OTG_HS_EP1_IN_IRQHandler
                0x08003e5c                DMA1_Stream0_IRQHandler
                0x08003e5c                CAN1_TX_IRQHandler
                0x08003e5c                EXTI4_IRQHandler
                0x08003e5c                FSMC_IRQHandler
                0x08003e5c                OTG_HS_EP1_OUT_IRQHandler
                0x08003e5c                WWDG_IRQHandler
                0x08003e5c                TIM2_IRQHandler
                0x08003e5c                OTG_FS_WKUP_IRQHandler
                0x08003e5c                TIM1_TRG_COM_TIM11_IRQHandler
                0x08003e5c                OTG_HS_IRQHandler
                0x08003e5c                EXTI1_IRQHandler
                0x08003e5c                USART2_IRQHandler
                0x08003e5c                I2C2_ER_IRQHandler
                0x08003e5c                DMA2_Stream1_IRQHandler
                0x08003e5c                CAN1_SCE_IRQHandler
                0x08003e5c                FLASH_IRQHandler
                0x08003e5c                DMA2_Stream4_IRQHandler
                0x08003e5c                USART1_IRQHandler
                0x08003e5c                OTG_FS_IRQHandler
                0x08003e5c                SPI3_IRQHandler
                0x08003e5c                DMA1_Stream4_IRQHandler
                0x08003e5c                I2C1_ER_IRQHandler
                0x08003e5c                DMA2_Stream6_IRQHandler
                0x08003e5c                DMA1_Stream3_IRQHandler
 .text.ETH_Delay
                0x08003e64       0x28 ..\obj\stm32f4x7_eth.o
 .text.ETH_DeInit
                0x08003e8c       0x1c ..\obj\stm32f4x7_eth.o
                0x08003e8c                ETH_DeInit
 .text.ETH_StructInit
                0x08003ea8      0x15c ..\obj\stm32f4x7_eth.o
                0x08003ea8                ETH_StructInit
 .text.ETH_Init
                0x08004004      0x42c ..\obj\stm32f4x7_eth.o
                0x08004004                ETH_Init
 .text.ETH_Start
                0x08004430       0x24 ..\obj\stm32f4x7_eth.o
                0x08004430                ETH_Start
 .text.ETH_MACTransmissionCmd
                0x08004454       0x38 ..\obj\stm32f4x7_eth.o
                0x08004454                ETH_MACTransmissionCmd
 .text.ETH_MACReceptionCmd
                0x0800448c       0x38 ..\obj\stm32f4x7_eth.o
                0x0800448c                ETH_MACReceptionCmd
 .text.ETH_MACAddressConfig
                0x080044c4       0x6c ..\obj\stm32f4x7_eth.o
                0x080044c4                ETH_MACAddressConfig
 .text.ETH_Get_Received_Frame_interrupt
                0x08004530      0x144 ..\obj\stm32f4x7_eth.o
                0x08004530                ETH_Get_Received_Frame_interrupt
 .text.ETH_Prepare_Transmit_Descriptors
                0x08004674      0x16c ..\obj\stm32f4x7_eth.o
                0x08004674                ETH_Prepare_Transmit_Descriptors
 .text.ETH_DMARxDescChainInit
                0x080047e0       0xa8 ..\obj\stm32f4x7_eth.o
                0x080047e0                ETH_DMARxDescChainInit
 .text.ETH_DMATxDescChainInit
                0x08004888       0x90 ..\obj\stm32f4x7_eth.o
                0x08004888                ETH_DMATxDescChainInit
 .text.ETH_DMATxDescChecksumInsertionConfig
                0x08004918       0x20 ..\obj\stm32f4x7_eth.o
                0x08004918                ETH_DMATxDescChecksumInsertionConfig
 .text.ETH_DMARxDescReceiveITConfig
                0x08004938       0x38 ..\obj\stm32f4x7_eth.o
                0x08004938                ETH_DMARxDescReceiveITConfig
 .text.ETH_SoftwareReset
                0x08004970       0x24 ..\obj\stm32f4x7_eth.o
                0x08004970                ETH_SoftwareReset
 .text.ETH_GetSoftwareResetStatus
                0x08004994       0x38 ..\obj\stm32f4x7_eth.o
                0x08004994                ETH_GetSoftwareResetStatus
 .text.ETH_GetDMAFlagStatus
                0x080049cc       0x3c ..\obj\stm32f4x7_eth.o
                0x080049cc                ETH_GetDMAFlagStatus
 .text.ETH_DMAITConfig
                0x08004a08       0x54 ..\obj\stm32f4x7_eth.o
                0x08004a08                ETH_DMAITConfig
 .text.ETH_DMAClearITPendingBit
                0x08004a5c       0x24 ..\obj\stm32f4x7_eth.o
                0x08004a5c                ETH_DMAClearITPendingBit
 .text.ETH_FlushTransmitFIFO
                0x08004a80       0x28 ..\obj\stm32f4x7_eth.o
                0x08004a80                ETH_FlushTransmitFIFO
 .text.ETH_DMATransmissionCmd
                0x08004aa8       0x50 ..\obj\stm32f4x7_eth.o
                0x08004aa8                ETH_DMATransmissionCmd
 .text.ETH_DMAReceptionCmd
                0x08004af8       0x50 ..\obj\stm32f4x7_eth.o
                0x08004af8                ETH_DMAReceptionCmd
 .text.ETH_ReadPHYRegister
                0x08004b48       0xa0 ..\obj\stm32f4x7_eth.o
                0x08004b48                ETH_ReadPHYRegister
 .text.ETH_WritePHYRegister
                0x08004be8       0xa4 ..\obj\stm32f4x7_eth.o
                0x08004be8                ETH_WritePHYRegister
 .text.ip4_addr_isbroadcast
                0x08004c8c       0x78 ..\obj\ip_addr.o
                0x08004c8c                ip4_addr_isbroadcast
 .text.eMBFuncWriteHoldingRegister
                0x08004d04       0x70 ..\obj\mbfuncholding.o
                0x08004d04                eMBFuncWriteHoldingRegister
 .text.eMBFuncWriteMultipleHoldingRegister
                0x08004d74       0xbc ..\obj\mbfuncholding.o
                0x08004d74                eMBFuncWriteMultipleHoldingRegister
 .text.eMBFuncReadHoldingRegister
                0x08004e30       0xe4 ..\obj\mbfuncholding.o
                0x08004e30                eMBFuncReadHoldingRegister
 .text.eMBFuncReadWriteMultipleHoldingRegister
                0x08004f14      0x160 ..\obj\mbfuncholding.o
                0x08004f14                eMBFuncReadWriteMultipleHoldingRegister
 .text.lwip_standard_chksum
                0x08005074       0xbc ..\obj\inet_chksum.o
 .text.inet_chksum
                0x08005130       0x24 ..\obj\inet_chksum.o
                0x08005130                inet_chksum
 .text.inet_chksum_pbuf
                0x08005154       0x98 ..\obj\inet_chksum.o
                0x08005154                inet_chksum_pbuf
 .text.LwIP_Init
                0x080051ec       0x60 ..\obj\main.o
                0x080051ec                LwIP_Init
 .text.main     0x0800524c       0x44 ..\obj\main.o
                0x0800524c                main
 .text.RCC_GetClocksFreq
                0x08005290      0x154 ..\obj\stm32f4xx_rcc.o
                0x08005290                RCC_GetClocksFreq
 .text.RCC_AHB1PeriphClockCmd
                0x080053e4       0x3c ..\obj\stm32f4xx_rcc.o
                0x080053e4                RCC_AHB1PeriphClockCmd
 .text.RCC_APB2PeriphClockCmd
                0x08005420       0x3c ..\obj\stm32f4xx_rcc.o
                0x08005420                RCC_APB2PeriphClockCmd
 .text.RCC_AHB1PeriphResetCmd
                0x0800545c       0x3c ..\obj\stm32f4xx_rcc.o
                0x0800545c                RCC_AHB1PeriphResetCmd
 .text.NMI_Handler
                0x08005498        0xc ..\obj\stm32f4xx_it.o
                0x08005498                NMI_Handler
 .text.HardFault_Handler
                0x080054a4        0x8 ..\obj\stm32f4xx_it.o
                0x080054a4                HardFault_Handler
 .text.MemManage_Handler
                0x080054ac        0x8 ..\obj\stm32f4xx_it.o
                0x080054ac                MemManage_Handler
 .text.BusFault_Handler
                0x080054b4        0x8 ..\obj\stm32f4xx_it.o
                0x080054b4                BusFault_Handler
 .text.UsageFault_Handler
                0x080054bc        0x8 ..\obj\stm32f4xx_it.o
                0x080054bc                UsageFault_Handler
 .text.DebugMon_Handler
                0x080054c4        0xc ..\obj\stm32f4xx_it.o
                0x080054c4                DebugMon_Handler
 .text.ETH_IRQHandler
                0x080054d0       0x5c ..\obj\stm32f4xx_it.o
                0x080054d0                ETH_IRQHandler
 .text.tcpip_tcp_timer
                0x0800552c       0x44 ..\obj\timers.o
 .text.tcp_timer_needed
                0x08005570       0x40 ..\obj\timers.o
                0x08005570                tcp_timer_needed
 .text.arp_timer
                0x080055b0       0x24 ..\obj\timers.o
 .text.dhcp_timer_coarse
                0x080055d4       0x24 ..\obj\timers.o
 .text.dhcp_timer_fine
                0x080055f8       0x24 ..\obj\timers.o
 .text.sys_timeouts_init
                0x0800561c       0x38 ..\obj\timers.o
                0x0800561c                sys_timeouts_init
 .text.sys_timeout
                0x08005654       0xdc ..\obj\timers.o
                0x08005654                sys_timeout
 .text.sys_untimeout
                0x08005730       0x8c ..\obj\timers.o
                0x08005730                sys_untimeout
 .text.sys_timeouts_mbox_fetch
                0x080057bc       0xac ..\obj\timers.o
                0x080057bc                sys_timeouts_mbox_fetch
 .text.lwip_init
                0x08005868       0x24 ..\obj\init.o
                0x08005868                lwip_init
 .text.ETH_BSP_Config
                0x0800588c       0x20 ..\obj\stm32f4x7_eth_bsp.o
                0x0800588c                ETH_BSP_Config
 .text.ETH_MACDMA_Config
                0x080058ac       0xc8 ..\obj\stm32f4x7_eth_bsp.o
 .text.ETH_GPIO_Config
                0x08005974      0x130 ..\obj\stm32f4x7_eth_bsp.o
 .text.ETH_NVIC_Config
                0x08005aa4       0x2c ..\obj\stm32f4x7_eth_bsp.o
 .text.eMBFuncReadInputRegister
                0x08005ad0       0xe8 ..\obj\mbfuncinput.o
                0x08005ad0                eMBFuncReadInputRegister
 .text.lwip_htons
                0x08005bb8       0x2c ..\obj\def.o
                0x08005bb8                lwip_htons
 .text.lwip_ntohs
                0x08005be4       0x1c ..\obj\def.o
                0x08005be4                lwip_ntohs
 .text.lwip_htonl
                0x08005c00       0x34 ..\obj\def.o
                0x08005c00                lwip_htonl
 .text.lwip_ntohl
                0x08005c34       0x18 ..\obj\def.o
                0x08005c34                lwip_ntohl
 .text.low_level_init
                0x08005c4c      0x11c ..\obj\ethernetif.o
 .text.low_level_output
                0x08005d68       0xc0 ..\obj\ethernetif.o
 .text.low_level_input
                0x08005e28      0x100 ..\obj\ethernetif.o
 .text.ethernetif_input
                0x08005f28       0x54 ..\obj\ethernetif.o
 .text.ethernetif_init
                0x08005f7c       0x50 ..\obj\ethernetif.o
                0x08005f7c                ethernetif_init
 .text.arp_timer
                0x08005fcc       0x24 ..\obj\ethernetif.o
 .text.etharp_free_entry
                0x08005ff0       0x64 ..\obj\etharp.o
 .text.etharp_tmr
                0x08006054       0xdc ..\obj\etharp.o
                0x08006054                etharp_tmr
 .text.etharp_find_entry
                0x08006130      0x1fc ..\obj\etharp.o
 .text.etharp_send_ip
                0x0800632c       0x50 ..\obj\etharp.o
 .text.etharp_update_arp_entry
                0x0800637c      0x11c ..\obj\etharp.o
 .text.etharp_cleanup_netif
                0x08006498       0x60 ..\obj\etharp.o
                0x08006498                etharp_cleanup_netif
 .text.etharp_arp_input
                0x080064f8      0x18c ..\obj\etharp.o
 .text.etharp_output_to_arp_index
                0x08006684       0xa8 ..\obj\etharp.o
 .text.etharp_output
                0x0800672c      0x190 ..\obj\etharp.o
                0x0800672c                etharp_output
 .text.etharp_query
                0x080068bc      0x220 ..\obj\etharp.o
                0x080068bc                etharp_query
 .text.etharp_raw
                0x08006adc       0xf4 ..\obj\etharp.o
 .text.etharp_request
                0x08006bd0       0x48 ..\obj\etharp.o
                0x08006bd0                etharp_request
 .text.ethernet_input
                0x08006c18       0xfc ..\obj\etharp.o
                0x08006c18                ethernet_input
 .text.xTaskGenericCreate
                0x08006d14      0x1a4 ..\obj\tasks.o
                0x08006d14                xTaskGenericCreate
 .text.vTaskStartScheduler
                0x08006eb8       0x80 ..\obj\tasks.o
                0x08006eb8                vTaskStartScheduler
 .text.vTaskSuspendAll
                0x08006f38       0x1c ..\obj\tasks.o
                0x08006f38                vTaskSuspendAll
 .text.xTaskResumeAll
                0x08006f54      0x12c ..\obj\tasks.o
                0x08006f54                xTaskResumeAll
 .text.xTaskGetTickCount
                0x08007080       0x20 ..\obj\tasks.o
                0x08007080                xTaskGetTickCount
 .text.xTaskIncrementTick
                0x080070a0      0x180 ..\obj\tasks.o
                0x080070a0                xTaskIncrementTick
 .text.vTaskSwitchContext
                0x08007220       0xb4 ..\obj\tasks.o
                0x08007220                vTaskSwitchContext
 .text.vTaskPlaceOnEventList
                0x080072d4       0x9c ..\obj\tasks.o
                0x080072d4                vTaskPlaceOnEventList
 .text.xTaskRemoveFromEventList
                0x08007370       0xc8 ..\obj\tasks.o
                0x08007370                xTaskRemoveFromEventList
 .text.vTaskSetTimeOutState
                0x08007438       0x44 ..\obj\tasks.o
                0x08007438                vTaskSetTimeOutState
 .text.xTaskCheckForTimeOut
                0x0800747c       0xbc ..\obj\tasks.o
                0x0800747c                xTaskCheckForTimeOut
 .text.vTaskMissedYield
                0x08007538       0x18 ..\obj\tasks.o
                0x08007538                vTaskMissedYield
 .text.prvIdleTask
                0x08007550       0x30 ..\obj\tasks.o
 .text.prvInitialiseTCBVariables
                0x08007580       0xa4 ..\obj\tasks.o
 .text.prvInitialiseTaskLists
                0x08007624       0x7c ..\obj\tasks.o
 .text.prvCheckTasksWaitingTermination
                0x080076a0       0x74 ..\obj\tasks.o
 .text.prvAddCurrentTaskToDelayedList
                0x08007714       0x6c ..\obj\tasks.o
 .text.prvAllocateTCBAndStack
                0x08007780       0x70 ..\obj\tasks.o
 .text.prvDeleteTCB
                0x080077f0       0x20 ..\obj\tasks.o
 .text.prvResetNextTaskUnblockTime
                0x08007810       0x48 ..\obj\tasks.o
 .text.vTaskPriorityInherit
                0x08007858       0xf0 ..\obj\tasks.o
                0x08007858                vTaskPriorityInherit
 .text.xTaskPriorityDisinherit
                0x08007948       0xe8 ..\obj\tasks.o
                0x08007948                xTaskPriorityDisinherit
 .text.pvTaskIncrementMutexHeldCount
                0x08007a30       0x28 ..\obj\tasks.o
                0x08007a30                pvTaskIncrementMutexHeldCount
 .text.pbuf_alloc
                0x08007a58      0x1f4 ..\obj\pbuf.o
                0x08007a58                pbuf_alloc
 .text.pbuf_realloc
                0x08007c4c       0xc8 ..\obj\pbuf.o
                0x08007c4c                pbuf_realloc
 .text.pbuf_header
                0x08007d14       0xe0 ..\obj\pbuf.o
                0x08007d14                pbuf_header
 .text.pbuf_free
                0x08007df4       0xa0 ..\obj\pbuf.o
                0x08007df4                pbuf_free
 .text.pbuf_clen
                0x08007e94       0x30 ..\obj\pbuf.o
                0x08007e94                pbuf_clen
 .text.pbuf_ref
                0x08007ec4       0x24 ..\obj\pbuf.o
                0x08007ec4                pbuf_ref
 .text.pbuf_cat
                0x08007ee8       0x5c ..\obj\pbuf.o
                0x08007ee8                pbuf_cat
 .text.pbuf_chain
                0x08007f44       0x20 ..\obj\pbuf.o
                0x08007f44                pbuf_chain
 .text.pbuf_copy
                0x08007f64      0x110 ..\obj\pbuf.o
                0x08007f64                pbuf_copy
 .text.pbuf_copy_partial
                0x08008074       0xcc ..\obj\pbuf.o
                0x08008074                pbuf_copy_partial
 .text.netif_init
                0x08008140        0xc ..\obj\netif.o
                0x08008140                netif_init
 .text.netif_add
                0x0800814c       0x88 ..\obj\netif.o
                0x0800814c                netif_add
 .text.netif_set_addr
                0x080081d4       0x2c ..\obj\netif.o
                0x080081d4                netif_set_addr
 .text.netif_set_ipaddr
                0x08008200       0xb0 ..\obj\netif.o
                0x08008200                netif_set_ipaddr
 .text.netif_set_gw
                0x080082b0       0x28 ..\obj\netif.o
                0x080082b0                netif_set_gw
 .text.netif_set_netmask
                0x080082d8       0x28 ..\obj\netif.o
                0x080082d8                netif_set_netmask
 .text.netif_set_default
                0x08008300       0x1c ..\obj\netif.o
                0x08008300                netif_set_default
 .text.netif_set_up
                0x0800831c       0x58 ..\obj\netif.o
                0x0800831c                netif_set_up
 .text.netif_set_down
                0x08008374       0x44 ..\obj\netif.o
                0x08008374                netif_set_down
 .text.recv_raw
                0x080083b8       0xd0 ..\obj\api_msg.o
 .text.recv_udp
                0x08008488       0x9c ..\obj\api_msg.o
 .text.recv_tcp
                0x08008524       0x9c ..\obj\api_msg.o
 .text.poll_tcp
                0x080085c0       0x8c ..\obj\api_msg.o
 .text.sent_tcp
                0x0800864c       0x88 ..\obj\api_msg.o
 .text.err_tcp  0x080086d4       0xe4 ..\obj\api_msg.o
 .text.setup_tcp
                0x080087b8       0x50 ..\obj\api_msg.o
 .text.accept_function
                0x08008808       0xd0 ..\obj\api_msg.o
 .text.pcb_new  0x080088d8       0xe4 ..\obj\api_msg.o
 .text.do_newconn
                0x080089bc       0x30 ..\obj\api_msg.o
                0x080089bc                do_newconn
 .text.netconn_alloc
                0x080089ec       0xc8 ..\obj\api_msg.o
                0x080089ec                netconn_alloc
 .text.netconn_free
                0x08008ab4       0x28 ..\obj\api_msg.o
                0x08008ab4                netconn_free
 .text.netconn_drain
                0x08008adc       0xe0 ..\obj\api_msg.o
 .text.do_close_internal
                0x08008bbc      0x194 ..\obj\api_msg.o
 .text.do_delconn
                0x08008d50      0x110 ..\obj\api_msg.o
                0x08008d50                do_delconn
 .text.do_bind  0x08008e60       0xbc ..\obj\api_msg.o
                0x08008e60                do_bind
 .text.do_listen
                0x08008f1c      0x114 ..\obj\api_msg.o
                0x08008f1c                do_listen
 .text.do_recv  0x08009030       0x6c ..\obj\api_msg.o
                0x08009030                do_recv
 .text.do_writemore
                0x0800909c      0x1cc ..\obj\api_msg.o
 .text.do_write
                0x08009268       0x94 ..\obj\api_msg.o
                0x08009268                do_write
 .text.do_close
                0x080092fc       0xa4 ..\obj\api_msg.o
                0x080092fc                do_close
 .text.GPIO_Init
                0x080093a0      0x11c ..\obj\stm32f4xx_gpio.o
                0x080093a0                GPIO_Init
 .text.GPIO_SetBits
                0x080094bc       0x1c ..\obj\stm32f4xx_gpio.o
                0x080094bc                GPIO_SetBits
 .text.GPIO_ResetBits
                0x080094d8       0x1c ..\obj\stm32f4xx_gpio.o
                0x080094d8                GPIO_ResetBits
 .text.GPIO_PinAFConfig
                0x080094f4       0x90 ..\obj\stm32f4xx_gpio.o
                0x080094f4                GPIO_PinAFConfig
 .text.sys_mbox_new
                0x08009584       0x38 ..\obj\sys_arch.o
                0x08009584                sys_mbox_new
 .text.sys_mbox_free
                0x080095bc       0x40 ..\obj\sys_arch.o
                0x080095bc                sys_mbox_free
 .text.sys_mbox_post
                0x080095fc       0x2c ..\obj\sys_arch.o
                0x080095fc                sys_mbox_post
 .text.sys_mbox_trypost
                0x08009628       0x6c ..\obj\sys_arch.o
                0x08009628                sys_mbox_trypost
 .text.sys_arch_mbox_fetch
                0x08009694       0xbc ..\obj\sys_arch.o
                0x08009694                sys_arch_mbox_fetch
 .text.sys_arch_mbox_tryfetch
                0x08009750       0x6c ..\obj\sys_arch.o
                0x08009750                sys_arch_mbox_tryfetch
 .text.sys_sem_new
                0x080097bc       0x68 ..\obj\sys_arch.o
                0x080097bc                sys_sem_new
 .text.sys_arch_sem_wait
                0x08009824       0x88 ..\obj\sys_arch.o
                0x08009824                sys_arch_sem_wait
 .text.sys_mutex_new
                0x080098ac       0x30 ..\obj\sys_arch.o
                0x080098ac                sys_mutex_new
 .text.sys_mutex_lock
                0x080098dc       0x28 ..\obj\sys_arch.o
                0x080098dc                sys_mutex_lock
 .text.sys_mutex_unlock
                0x08009904       0x20 ..\obj\sys_arch.o
                0x08009904                sys_mutex_unlock
 .text.sys_sem_signal
                0x08009924       0x40 ..\obj\sys_arch.o
                0x08009924                sys_sem_signal
 .text.sys_sem_free
                0x08009964       0x18 ..\obj\sys_arch.o
                0x08009964                sys_sem_free
 .text.sys_init
                0x0800997c        0xc ..\obj\sys_arch.o
                0x0800997c                sys_init
 .text.sys_thread_new
                0x08009988       0x4c ..\obj\sys_arch.o
                0x08009988                sys_thread_new
 .text.vListInitialise
                0x080099d4       0x40 ..\obj\list.o
                0x080099d4                vListInitialise
 .text.vListInitialiseItem
                0x08009a14       0x18 ..\obj\list.o
                0x08009a14                vListInitialiseItem
 .text.vListInsertEnd
                0x08009a2c       0x48 ..\obj\list.o
                0x08009a2c                vListInsertEnd
 .text.vListInsert
                0x08009a74       0x70 ..\obj\list.o
                0x08009a74                vListInsert
 .text.uxListRemove
                0x08009ae4       0x54 ..\obj\list.o
                0x08009ae4                uxListRemove
 .text.DMA2_Stream0_IRQHandler
                0x08009b38       0x68 ..\obj\adc_ext.o
                0x08009b38                DMA2_Stream0_IRQHandler
 .text.DMA2_Stream3_IRQHandler
                0x08009ba0       0x24 ..\obj\adc_ext.o
                0x08009ba0                DMA2_Stream3_IRQHandler
 .text.TIM1_CC_IRQHandler
                0x08009bc4       0x44 ..\obj\adc_ext.o
                0x08009bc4                TIM1_CC_IRQHandler
 .text.SystemInit
                0x08009c08       0x68 ..\obj\system_stm32f4xx.o
                0x08009c08                SystemInit
 .text.SetSysClock
                0x08009c70       0xf4 ..\obj\system_stm32f4xx.o
 .text._sbrk    0x08009d64       0x40 ..\obj\syscalls.o
                0x08009d64                _sbrk
 .text._close   0x08009da4       0x18 ..\obj\syscalls.o
                0x08009da4                _close
 .text._fstat   0x08009dbc       0x20 ..\obj\syscalls.o
                0x08009dbc                _fstat
 .text._isatty  0x08009ddc       0x18 ..\obj\syscalls.o
                0x08009ddc                _isatty
 .text._lseek   0x08009df4       0x1c ..\obj\syscalls.o
                0x08009df4                _lseek
 .text._read    0x08009e10       0x1c ..\obj\syscalls.o
                0x08009e10                _read
 .text._write   0x08009e2c       0x1c ..\obj\syscalls.o
                0x08009e2c                _write
 .text.DMA_GetITStatus
                0x08009e48       0xb0 ..\obj\stm32f4xx_dma.o
                0x08009e48                DMA_GetITStatus
 .text.DMA_ClearITPendingBit
                0x08009ef8       0x5c ..\obj\stm32f4xx_dma.o
                0x08009ef8                DMA_ClearITPendingBit
 .text.prvvMBTCPLogFrame
                0x08009f54      0x18c ..\obj\portother.o
                0x08009f54                prvvMBTCPLogFrame
 .text.vMBPortLog
                0x0800a0e0       0x44 ..\obj\portother.o
                0x0800a0e0                vMBPortLog
 .text.bMBPortIsWithinException
                0x0800a124       0x18 ..\obj\portother.o
                0x0800a124                bMBPortIsWithinException
 .text.xQueueGenericReset
                0x0800a13c       0xd0 ..\obj\queue.o
                0x0800a13c                xQueueGenericReset
 .text.xQueueGenericCreate
                0x0800a20c       0xb8 ..\obj\queue.o
                0x0800a20c                xQueueGenericCreate
 .text.xQueueCreateMutex
                0x0800a2c4       0xa0 ..\obj\queue.o
                0x0800a2c4                xQueueCreateMutex
 .text.xQueueCreateCountingSemaphore
                0x0800a364       0x7c ..\obj\queue.o
                0x0800a364                xQueueCreateCountingSemaphore
 .text.xQueueGenericSend
                0x0800a3e0      0x1c0 ..\obj\queue.o
                0x0800a3e0                xQueueGenericSend
 .text.xQueueGenericSendFromISR
                0x0800a5a0      0x118 ..\obj\queue.o
                0x0800a5a0                xQueueGenericSendFromISR
 .text.xQueueGiveFromISR
                0x0800a6b8       0xd4 ..\obj\queue.o
                0x0800a6b8                xQueueGiveFromISR
 .text.xQueueGenericReceive
                0x0800a78c      0x1e0 ..\obj\queue.o
                0x0800a78c                xQueueGenericReceive
 .text.xQueueReceiveFromISR
                0x0800a96c       0xe8 ..\obj\queue.o
                0x0800a96c                xQueueReceiveFromISR
 .text.uxQueueMessagesWaiting
                0x0800aa54       0x3c ..\obj\queue.o
                0x0800aa54                uxQueueMessagesWaiting
 .text.vQueueDelete
                0x0800aa90       0x34 ..\obj\queue.o
                0x0800aa90                vQueueDelete
 .text.prvCopyDataToQueue
                0x0800aac4       0xdc ..\obj\queue.o
 .text.prvCopyDataFromQueue
                0x0800aba0       0x4c ..\obj\queue.o
 .text.prvUnlockQueue
                0x0800abec       0x98 ..\obj\queue.o
 .text.prvIsQueueEmpty
                0x0800ac84       0x2c ..\obj\queue.o
 .text.prvIsQueueFull
                0x0800acb0       0x30 ..\obj\queue.o
 .text.pxPortInitialiseStack
                0x0800ace0       0x64 ..\obj\port.o
                0x0800ace0                pxPortInitialiseStack
 .text.prvTaskExitError
                0x0800ad44       0x3c ..\obj\port.o
 .text.SVC_Handler
                0x0800ad80       0x20 ..\obj\port.o
                0x0800ad80                SVC_Handler
 .text.prvPortStartFirstTask
                0x0800ada0       0x20 ..\obj\port.o
 .text.xPortStartScheduler
                0x0800adc0      0x118 ..\obj\port.o
                0x0800adc0                xPortStartScheduler
 .text.vPortEnterCritical
                0x0800aed8       0x5c ..\obj\port.o
                0x0800aed8                vPortEnterCritical
 .text.vPortExitCritical
                0x0800af34       0x4c ..\obj\port.o
                0x0800af34                vPortExitCritical
 .text.PendSV_Handler
                0x0800af80       0x60 ..\obj\port.o
                0x0800af80                PendSV_Handler
 .text.SysTick_Handler
                0x0800afe0       0x44 ..\obj\port.o
                0x0800afe0                SysTick_Handler
 .text.vPortSetupTimerInterrupt
                0x0800b024       0x34 ..\obj\port.o
                0x0800b024                vPortSetupTimerInterrupt
 .text.vPortEnableVFP
                0x0800b058       0x14 ..\obj\port.o
 .text.vPortValidateInterruptPriority
                0x0800b06c       0x78 ..\obj\port.o
                0x0800b06c                vPortValidateInterruptPriority
 .text.MB_TCP_Init
                0x0800b0e4       0x4c ..\obj\mbinit.o
                0x0800b0e4                MB_TCP_Init
 .text.MB_TCP_Task
                0x0800b130       0x10 ..\obj\mbinit.o
                0x0800b130                MB_TCP_Task
 .text.udp_init
                0x0800b140        0xc ..\obj\udp.o
                0x0800b140                udp_init
 .text.udp_new_port
                0x0800b14c       0x74 ..\obj\udp.o
 .text.udp_input
                0x0800b1c0      0x27c ..\obj\udp.o
                0x0800b1c0                udp_input
 .text.udp_sendto_if
                0x0800b43c      0x130 ..\obj\udp.o
                0x0800b43c                udp_sendto_if
 .text.udp_bind
                0x0800b56c       0xc0 ..\obj\udp.o
                0x0800b56c                udp_bind
 .text.udp_recv
                0x0800b62c       0x24 ..\obj\udp.o
                0x0800b62c                udp_recv
 .text.udp_remove
                0x0800b650       0x60 ..\obj\udp.o
                0x0800b650                udp_remove
 .text.udp_new  0x0800b6b0       0x30 ..\obj\udp.o
                0x0800b6b0                udp_new
 .text.ip_route
                0x0800b6e0       0x78 ..\obj\ip.o
                0x0800b6e0                ip_route
 .text.ip_input
                0x0800b758      0x234 ..\obj\ip.o
                0x0800b758                ip_input
 .text.ip_output_if
                0x0800b98c       0xf4 ..\obj\ip.o
                0x0800b98c                ip_output_if
 .text.ip_output
                0x0800ba80       0x4c ..\obj\ip.o
                0x0800ba80                ip_output
 .text.eMBFuncReadCoils
                0x0800bacc      0x104 ..\obj\mbfunccoils.o
                0x0800bacc                eMBFuncReadCoils
 .text.eMBFuncWriteCoil
                0x0800bbd0       0xb0 ..\obj\mbfunccoils.o
                0x0800bbd0                eMBFuncWriteCoil
 .text.eMBFuncWriteMultipleCoils
                0x0800bc80       0xd8 ..\obj\mbfunccoils.o
                0x0800bc80                eMBFuncWriteMultipleCoils
 .text.icmp_input
                0x0800bd58      0x1ec ..\obj\icmp.o
                0x0800bd58                icmp_input
 .text.icmp_dest_unreach
                0x0800bf44       0x20 ..\obj\icmp.o
                0x0800bf44                icmp_dest_unreach
 .text.icmp_send_response
                0x0800bf64       0xac ..\obj\icmp.o
 .text.NVIC_PriorityGroupConfig
                0x0800c010       0x24 ..\obj\misc.o
                0x0800c010                NVIC_PriorityGroupConfig
 .text.NVIC_Init
                0x0800c034       0xc0 ..\obj\misc.o
                0x0800c034                NVIC_Init
 .text.netconn_new_with_proto_and_callback
                0x0800c0f4       0x6c ..\obj\api_lib.o
                0x0800c0f4                netconn_new_with_proto_and_callback
 .text.netconn_delete
                0x0800c160       0x3c ..\obj\api_lib.o
                0x0800c160                netconn_delete
 .text.netconn_bind
                0x0800c19c       0x60 ..\obj\api_lib.o
                0x0800c19c                netconn_bind
 .text.netconn_listen_with_backlog
                0x0800c1fc       0x54 ..\obj\api_lib.o
                0x0800c1fc                netconn_listen_with_backlog
 .text.netconn_accept
                0x0800c250       0x9c ..\obj\api_lib.o
                0x0800c250                netconn_accept
 .text.netconn_recv_data
                0x0800c2ec      0x108 ..\obj\api_lib.o
 .text.netconn_recv
                0x0800c3f4       0xc0 ..\obj\api_lib.o
                0x0800c3f4                netconn_recv
 .text.netconn_write_partly
                0x0800c4b4       0xd0 ..\obj\api_lib.o
                0x0800c4b4                netconn_write_partly
 .text.netconn_close_shutdown
                0x0800c584       0x58 ..\obj\api_lib.o
 .text.netconn_close
                0x0800c5dc       0x1c ..\obj\api_lib.o
                0x0800c5dc                netconn_close
 .text.eMBTCPDoInit
                0x0800c5f8       0x2c ..\obj\mbtcp.o
                0x0800c5f8                eMBTCPDoInit
 .text.eMBTCPStart
                0x0800c624        0xc ..\obj\mbtcp.o
                0x0800c624                eMBTCPStart
 .text.eMBTCPStop
                0x0800c630        0xc ..\obj\mbtcp.o
                0x0800c630                eMBTCPStop
 .text.eMBTCPReceive
                0x0800c63c       0x74 ..\obj\mbtcp.o
                0x0800c63c                eMBTCPReceive
 .text.eMBTCPSend
                0x0800c6b0       0x5c ..\obj\mbtcp.o
                0x0800c6b0                eMBTCPSend
 .text.dhcp_check
                0x0800c70c       0x5c ..\obj\dhcp.o
 .text.dhcp_select
                0x0800c768      0x138 ..\obj\dhcp.o
 .text.dhcp_coarse_tmr
                0x0800c8a0       0x5c ..\obj\dhcp.o
                0x0800c8a0                dhcp_coarse_tmr
 .text.dhcp_fine_tmr
                0x0800c8fc       0x60 ..\obj\dhcp.o
                0x0800c8fc                dhcp_fine_tmr
 .text.dhcp_timeout
                0x0800c95c       0xc8 ..\obj\dhcp.o
 .text.dhcp_t1_timeout
                0x0800ca24       0x34 ..\obj\dhcp.o
 .text.dhcp_t2_timeout
                0x0800ca58       0x34 ..\obj\dhcp.o
 .text.dhcp_arp_reply
                0x0800ca8c       0x40 ..\obj\dhcp.o
                0x0800ca8c                dhcp_arp_reply
 .text.dhcp_decline
                0x0800cacc       0xc4 ..\obj\dhcp.o
 .text.dhcp_discover
                0x0800cb90      0x104 ..\obj\dhcp.o
 .text.dhcp_bind
                0x0800cc94      0x148 ..\obj\dhcp.o
 .text.dhcp_renew
                0x0800cddc       0xd4 ..\obj\dhcp.o
                0x0800cddc                dhcp_renew
 .text.dhcp_rebind
                0x0800ceb0       0xd8 ..\obj\dhcp.o
 .text.dhcp_reboot
                0x0800cf88       0xf4 ..\obj\dhcp.o
 .text.dhcp_release
                0x0800d07c      0x10c ..\obj\dhcp.o
                0x0800d07c                dhcp_release
 .text.dhcp_set_state
                0x0800d188       0x34 ..\obj\dhcp.o
 .text.dhcp_option
                0x0800d1bc       0x4c ..\obj\dhcp.o
 .text.dhcp_option_byte
                0x0800d208       0x30 ..\obj\dhcp.o
 .text.dhcp_option_short
                0x0800d238       0x54 ..\obj\dhcp.o
 .text.dhcp_option_long
                0x0800d28c       0x98 ..\obj\dhcp.o
 .text.dhcp_create_msg
                0x0800d324      0x224 ..\obj\dhcp.o
 .text.dhcp_delete_msg
                0x0800d548       0x34 ..\obj\dhcp.o
 .text.dhcp_option_trailer
                0x0800d57c       0x68 ..\obj\dhcp.o
 .text.eMBRegInputCB
                0x0800d5e4       0xb8 ..\obj\mbfunc.o
                0x0800d5e4                eMBRegInputCB
 .text.eMBRegHoldingCB
                0x0800d69c       0xe8 ..\obj\mbfunc.o
                0x0800d69c                eMBRegHoldingCB
 .text.eMBRegCoilsCB
                0x0800d784       0x28 ..\obj\mbfunc.o
                0x0800d784                eMBRegCoilsCB
 .text.eMBRegDiscreteCB
                0x0800d7ac       0x20 ..\obj\mbfunc.o
                0x0800d7ac                eMBRegDiscreteCB
 .text.pvPortMalloc
                0x0800d7cc      0x11c ..\obj\heap_2.o
                0x0800d7cc                pvPortMalloc
 .text.vPortFree
                0x0800d8e8       0x70 ..\obj\heap_2.o
                0x0800d8e8                vPortFree
 .text.prvHeapInit
                0x0800d958       0x50 ..\obj\heap_2.o
 .text.http_server_serve
                0x0800d9a8       0xa0 ..\obj\http_server.o
                0x0800d9a8                http_server_serve
 .text.http_server_netconn_thread
                0x0800da48       0x74 ..\obj\http_server.o
                0x0800da48                http_server_netconn_thread
 .text.tcp_output_alloc_header
                0x0800dabc       0xd0 ..\obj\tcp_out.o
 .text.tcp_send_fin
                0x0800db8c       0x80 ..\obj\tcp_out.o
                0x0800db8c                tcp_send_fin
 .text.tcp_create_segment
                0x0800dc0c      0x104 ..\obj\tcp_out.o
 .text.tcp_pbuf_prealloc
                0x0800dd10       0xa4 ..\obj\tcp_out.o
 .text.tcp_write_checks
                0x0800ddb4       0xac ..\obj\tcp_out.o
 .text.tcp_write
                0x0800de60      0x454 ..\obj\tcp_out.o
                0x0800de60                tcp_write
 .text.tcp_enqueue_flags
                0x0800e2b4      0x18c ..\obj\tcp_out.o
                0x0800e2b4                tcp_enqueue_flags
 .text.tcp_send_empty_ack
                0x0800e440       0x74 ..\obj\tcp_out.o
                0x0800e440                tcp_send_empty_ack
 .text.tcp_output
                0x0800e4b4      0x2a8 ..\obj\tcp_out.o
                0x0800e4b4                tcp_output
 .text.tcp_output_segment
                0x0800e75c      0x14c ..\obj\tcp_out.o
 .text.tcp_rst  0x0800e8a8       0xb8 ..\obj\tcp_out.o
                0x0800e8a8                tcp_rst
 .text.tcp_rexmit_rto
                0x0800e960       0x60 ..\obj\tcp_out.o
                0x0800e960                tcp_rexmit_rto
 .text.tcp_rexmit
                0x0800e9c0       0x94 ..\obj\tcp_out.o
                0x0800e9c0                tcp_rexmit
 .text.tcp_rexmit_fast
                0x0800ea54       0xa4 ..\obj\tcp_out.o
                0x0800ea54                tcp_rexmit_fast
 .text.tcp_keepalive
                0x0800eaf8       0x58 ..\obj\tcp_out.o
                0x0800eaf8                tcp_keepalive
 .text.tcp_zero_window_probe
                0x0800eb50       0xf0 ..\obj\tcp_out.o
                0x0800eb50                tcp_zero_window_probe
 .text.raw_input
                0x0800ec40       0xc0 ..\obj\raw.o
                0x0800ec40                raw_input
 .text.raw_bind
                0x0800ed00       0x2c ..\obj\raw.o
                0x0800ed00                raw_bind
 .text.raw_recv
                0x0800ed2c       0x24 ..\obj\raw.o
                0x0800ed2c                raw_recv
 .text.raw_remove
                0x0800ed50       0x60 ..\obj\raw.o
                0x0800ed50                raw_remove
 .text.raw_new  0x0800edb0       0x4c ..\obj\raw.o
                0x0800edb0                raw_new
 .text.memcmp   0x0800edfc       0x64 c:/program files/gnu tools arm embedded/4.9 2015q2/bin/../lib/gcc/arm-none-eabi/4.9.3/../../../../arm-none-eabi/lib/armv7e-m/softfp\libg.a(lib_a-memcmp.o)
                0x0800edfc                memcmp
 .text          0x0800ee60      0x134 c:/program files/gnu tools arm embedded/4.9 2015q2/bin/../lib/gcc/arm-none-eabi/4.9.3/../../../../arm-none-eabi/lib/armv7e-m/softfp\libg.a(lib_a-memcpy.o)
                0x0800ee60                memcpy
 .text.memset   0x0800ef94       0x9c c:/program files/gnu tools arm embedded/4.9 2015q2/bin/../lib/gcc/arm-none-eabi/4.9.3/../../../../arm-none-eabi/lib/armv7e-m/softfp\libg.a(lib_a-memset.o)
                0x0800ef94                memset
 .text.printf   0x0800f030       0x28 c:/program files/gnu tools arm embedded/4.9 2015q2/bin/../lib/gcc/arm-none-eabi/4.9.3/../../../../arm-none-eabi/lib/armv7e-m/softfp\libg.a(lib_a-printf.o)
                0x0800f030                printf
 .text.snprintf
                0x0800f058       0x9c c:/program files/gnu tools arm embedded/4.9 2015q2/bin/../lib/gcc/arm-none-eabi/4.9.3/../../../../arm-none-eabi/lib/armv7e-m/softfp\libg.a(lib_a-snprintf.o)
                0x0800f058                snprintf
 .text.sprintf  0x0800f0f4       0x4c c:/program files/gnu tools arm embedded/4.9 2015q2/bin/../lib/gcc/arm-none-eabi/4.9.3/../../../../arm-none-eabi/lib/armv7e-m/softfp\libg.a(lib_a-sprintf.o)
                0x0800f0f4                sprintf
 .text.strlen   0x0800f140       0x5c c:/program files/gnu tools arm embedded/4.9 2015q2/bin/../lib/gcc/arm-none-eabi/4.9.3/../../../../arm-none-eabi/lib/armv7e-m/softfp\libg.a(lib_a-strlen.o)
                0x0800f140                strlen
 .text.strncmp  0x0800f19c       0x98 c:/program files/gnu tools arm embedded/4.9 2015q2/bin/../lib/gcc/arm-none-eabi/4.9.3/../../../../arm-none-eabi/lib/armv7e-m/softfp\libg.a(lib_a-strncmp.o)
                0x0800f19c                strncmp
 *fill*         0x0800f234        0x4 
 .text._svfprintf_r
                0x0800f238     0x14d0 c:/program files/gnu tools arm embedded/4.9 2015q2/bin/../lib/gcc/arm-none-eabi/4.9.3/../../../../arm-none-eabi/lib/armv7e-m/softfp\libg.a(lib_a-svfprintf.o)
                0x0800f238                _svfprintf_r
 .text._vfprintf_r
                0x08010708     0x1428 c:/program files/gnu tools arm embedded/4.9 2015q2/bin/../lib/gcc/arm-none-eabi/4.9.3/../../../../arm-none-eabi/lib/armv7e-m/softfp\libg.a(lib_a-vfprintf.o)
                0x08010708                _vfprintf_r
 .text.__sbprintf
                0x08011b30       0x78 c:/program files/gnu tools arm embedded/4.9 2015q2/bin/../lib/gcc/arm-none-eabi/4.9.3/../../../../arm-none-eabi/lib/armv7e-m/softfp\libg.a(lib_a-vfprintf.o)
 .text.vprintf  0x08011ba8       0x1c c:/program files/gnu tools arm embedded/4.9 2015q2/bin/../lib/gcc/arm-none-eabi/4.9.3/../../../../arm-none-eabi/lib/armv7e-m/softfp\libg.a(lib_a-vprintf.o)
                0x08011ba8                vprintf
 .text.__swsetup_r
                0x08011bc4       0xc4 c:/program files/gnu tools arm embedded/4.9 2015q2/bin/../lib/gcc/arm-none-eabi/4.9.3/../../../../arm-none-eabi/lib/armv7e-m/softfp\libg.a(lib_a-wsetup.o)
                0x08011bc4                __swsetup_r
 .text.quorem   0x08011c88      0x12c c:/program files/gnu tools arm embedded/4.9 2015q2/bin/../lib/gcc/arm-none-eabi/4.9.3/../../../../arm-none-eabi/lib/armv7e-m/softfp\libg.a(lib_a-dtoa.o)
 *fill*         0x08011db4        0x4 
 .text._dtoa_r  0x08011db8      0xe90 c:/program files/gnu tools arm embedded/4.9 2015q2/bin/../lib/gcc/arm-none-eabi/4.9.3/../../../../arm-none-eabi/lib/armv7e-m/softfp\libg.a(lib_a-dtoa.o)
                0x08011db8                _dtoa_r
 .text.__sflush_r
                0x08012c48      0x154 c:/program files/gnu tools arm embedded/4.9 2015q2/bin/../lib/gcc/arm-none-eabi/4.9.3/../../../../arm-none-eabi/lib/armv7e-m/softfp\libg.a(lib_a-fflush.o)
                0x08012c48                __sflush_r
 .text._fflush_r
                0x08012d9c       0x2c c:/program files/gnu tools arm embedded/4.9 2015q2/bin/../lib/gcc/arm-none-eabi/4.9.3/../../../../arm-none-eabi/lib/armv7e-m/softfp\libg.a(lib_a-fflush.o)
                0x08012d9c                _fflush_r
 .text._cleanup_r
                0x08012dc8        0xc c:/program files/gnu tools arm embedded/4.9 2015q2/bin/../lib/gcc/arm-none-eabi/4.9.3/../../../../arm-none-eabi/lib/armv7e-m/softfp\libg.a(lib_a-findfp.o)
                0x08012dc8                _cleanup_r
 .text.__sinit.part.1
                0x08012dd4       0xf0 c:/program files/gnu tools arm embedded/4.9 2015q2/bin/../lib/gcc/arm-none-eabi/4.9.3/../../../../arm-none-eabi/lib/armv7e-m/softfp\libg.a(lib_a-findfp.o)
 .text.__sinit  0x08012ec4        0xc c:/program files/gnu tools arm embedded/4.9 2015q2/bin/../lib/gcc/arm-none-eabi/4.9.3/../../../../arm-none-eabi/lib/armv7e-m/softfp\libg.a(lib_a-findfp.o)
                0x08012ec4                __sinit
 .text.__sfp_lock_acquire
                0x08012ed0        0x4 c:/program files/gnu tools arm embedded/4.9 2015q2/bin/../lib/gcc/arm-none-eabi/4.9.3/../../../../arm-none-eabi/lib/armv7e-m/softfp\libg.a(lib_a-findfp.o)
                0x08012ed0                __sfp_lock_acquire
 .text.__sfp_lock_release
                0x08012ed4        0x4 c:/program files/gnu tools arm embedded/4.9 2015q2/bin/../lib/gcc/arm-none-eabi/4.9.3/../../../../arm-none-eabi/lib/armv7e-m/softfp\libg.a(lib_a-findfp.o)
                0x08012ed4                __sfp_lock_release
 .text._malloc_trim_r
                0x08012ed8       0x9c c:/program files/gnu tools arm embedded/4.9 2015q2/bin/../lib/gcc/arm-none-eabi/4.9.3/../../../../arm-none-eabi/lib/armv7e-m/softfp\libg.a(lib_a-freer.o)
                0x08012ed8                _malloc_trim_r
 .text._free_r  0x08012f74      0x1b0 c:/program files/gnu tools arm embedded/4.9 2015q2/bin/../lib/gcc/arm-none-eabi/4.9.3/../../../../arm-none-eabi/lib/armv7e-m/softfp\libg.a(lib_a-freer.o)
                0x08012f74                _free_r
 .text._fwalk_reent
                0x08013124       0x54 c:/program files/gnu tools arm embedded/4.9 2015q2/bin/../lib/gcc/arm-none-eabi/4.9.3/../../../../arm-none-eabi/lib/armv7e-m/softfp\libg.a(lib_a-fwalk.o)
                0x08013124                _fwalk_reent
 .text.__locale_charset
                0x08013178        0x8 c:/program files/gnu tools arm embedded/4.9 2015q2/bin/../lib/gcc/arm-none-eabi/4.9.3/../../../../arm-none-eabi/lib/armv7e-m/softfp\libg.a(lib_a-locale.o)
                0x08013178                __locale_charset
 .text.__locale_mb_cur_max
                0x08013180        0xc c:/program files/gnu tools arm embedded/4.9 2015q2/bin/../lib/gcc/arm-none-eabi/4.9.3/../../../../arm-none-eabi/lib/armv7e-m/softfp\libg.a(lib_a-locale.o)
                0x08013180                __locale_mb_cur_max
 .text._localeconv_r
                0x0801318c        0x8 c:/program files/gnu tools arm embedded/4.9 2015q2/bin/../lib/gcc/arm-none-eabi/4.9.3/../../../../arm-none-eabi/lib/armv7e-m/softfp\libg.a(lib_a-locale.o)
                0x0801318c                _localeconv_r
 .text.__smakebuf_r
                0x08013194       0xe0 c:/program files/gnu tools arm embedded/4.9 2015q2/bin/../lib/gcc/arm-none-eabi/4.9.3/../../../../arm-none-eabi/lib/armv7e-m/softfp\libg.a(lib_a-makebuf.o)
                0x08013194                __smakebuf_r
 .text._malloc_r
                0x08013274      0x524 c:/program files/gnu tools arm embedded/4.9 2015q2/bin/../lib/gcc/arm-none-eabi/4.9.3/../../../../arm-none-eabi/lib/armv7e-m/softfp\libg.a(lib_a-mallocr.o)
                0x08013274                _malloc_r
 .text.memchr   0x08013798       0x94 c:/program files/gnu tools arm embedded/4.9 2015q2/bin/../lib/gcc/arm-none-eabi/4.9.3/../../../../arm-none-eabi/lib/armv7e-m/softfp\libg.a(lib_a-memchr.o)
                0x08013798                memchr
 .text.__malloc_lock
                0x0801382c        0x4 c:/program files/gnu tools arm embedded/4.9 2015q2/bin/../lib/gcc/arm-none-eabi/4.9.3/../../../../arm-none-eabi/lib/armv7e-m/softfp\libg.a(lib_a-mlock.o)
                0x0801382c                __malloc_lock
 .text.__malloc_unlock
                0x08013830        0x4 c:/program files/gnu tools arm embedded/4.9 2015q2/bin/../lib/gcc/arm-none-eabi/4.9.3/../../../../arm-none-eabi/lib/armv7e-m/softfp\libg.a(lib_a-mlock.o)
                0x08013830                __malloc_unlock
 .text._Balloc  0x08013834       0x4c c:/program files/gnu tools arm embedded/4.9 2015q2/bin/../lib/gcc/arm-none-eabi/4.9.3/../../../../arm-none-eabi/lib/armv7e-m/softfp\libg.a(lib_a-mprec.o)
                0x08013834                _Balloc
 .text._Bfree   0x08013880       0x14 c:/program files/gnu tools arm embedded/4.9 2015q2/bin/../lib/gcc/arm-none-eabi/4.9.3/../../../../arm-none-eabi/lib/armv7e-m/softfp\libg.a(lib_a-mprec.o)
                0x08013880                _Bfree
 .text.__multadd
                0x08013894       0x84 c:/program files/gnu tools arm embedded/4.9 2015q2/bin/../lib/gcc/arm-none-eabi/4.9.3/../../../../arm-none-eabi/lib/armv7e-m/softfp\libg.a(lib_a-mprec.o)
                0x08013894                __multadd
 .text.__hi0bits
                0x08013918       0x40 c:/program files/gnu tools arm embedded/4.9 2015q2/bin/../lib/gcc/arm-none-eabi/4.9.3/../../../../arm-none-eabi/lib/armv7e-m/softfp\libg.a(lib_a-mprec.o)
                0x08013918                __hi0bits
 .text.__lo0bits
                0x08013958       0x5c c:/program files/gnu tools arm embedded/4.9 2015q2/bin/../lib/gcc/arm-none-eabi/4.9.3/../../../../arm-none-eabi/lib/armv7e-m/softfp\libg.a(lib_a-mprec.o)
                0x08013958                __lo0bits
 .text.__i2b    0x080139b4       0x14 c:/program files/gnu tools arm embedded/4.9 2015q2/bin/../lib/gcc/arm-none-eabi/4.9.3/../../../../arm-none-eabi/lib/armv7e-m/softfp\libg.a(lib_a-mprec.o)
                0x080139b4                __i2b
 .text.__multiply
                0x080139c8      0x134 c:/program files/gnu tools arm embedded/4.9 2015q2/bin/../lib/gcc/arm-none-eabi/4.9.3/../../../../arm-none-eabi/lib/armv7e-m/softfp\libg.a(lib_a-mprec.o)
                0x080139c8                __multiply
 .text.__pow5mult
                0x08013afc       0xa0 c:/program files/gnu tools arm embedded/4.9 2015q2/bin/../lib/gcc/arm-none-eabi/4.9.3/../../../../arm-none-eabi/lib/armv7e-m/softfp\libg.a(lib_a-mprec.o)
                0x08013afc                __pow5mult
 .text.__lshift
                0x08013b9c       0xac c:/program files/gnu tools arm embedded/4.9 2015q2/bin/../lib/gcc/arm-none-eabi/4.9.3/../../../../arm-none-eabi/lib/armv7e-m/softfp\libg.a(lib_a-mprec.o)
                0x08013b9c                __lshift
 .text.__mcmp   0x08013c48       0x48 c:/program files/gnu tools arm embedded/4.9 2015q2/bin/../lib/gcc/arm-none-eabi/4.9.3/../../../../arm-none-eabi/lib/armv7e-m/softfp\libg.a(lib_a-mprec.o)
                0x08013c48                __mcmp
 .text.__mdiff  0x08013c90       0xd4 c:/program files/gnu tools arm embedded/4.9 2015q2/bin/../lib/gcc/arm-none-eabi/4.9.3/../../../../arm-none-eabi/lib/armv7e-m/softfp\libg.a(lib_a-mprec.o)
                0x08013c90                __mdiff
 .text.__d2b    0x08013d64       0xb8 c:/program files/gnu tools arm embedded/4.9 2015q2/bin/../lib/gcc/arm-none-eabi/4.9.3/../../../../arm-none-eabi/lib/armv7e-m/softfp\libg.a(lib_a-mprec.o)
                0x08013d64                __d2b
 .text.__fpclassifyd
                0x08013e1c       0x58 c:/program files/gnu tools arm embedded/4.9 2015q2/bin/../lib/gcc/arm-none-eabi/4.9.3/../../../../arm-none-eabi/lib/armv7e-m/softfp\libg.a(lib_a-s_fpclassify.o)
                0x08013e1c                __fpclassifyd
 .text._sbrk_r  0x08013e74       0x24 c:/program files/gnu tools arm embedded/4.9 2015q2/bin/../lib/gcc/arm-none-eabi/4.9.3/../../../../arm-none-eabi/lib/armv7e-m/softfp\libg.a(lib_a-sbrkr.o)
                0x08013e74                _sbrk_r
 .text.__sread  0x08013e98       0x24 c:/program files/gnu tools arm embedded/4.9 2015q2/bin/../lib/gcc/arm-none-eabi/4.9.3/../../../../arm-none-eabi/lib/armv7e-m/softfp\libg.a(lib_a-stdio.o)
                0x08013e98                __sread
 .text.__swrite
                0x08013ebc       0x38 c:/program files/gnu tools arm embedded/4.9 2015q2/bin/../lib/gcc/arm-none-eabi/4.9.3/../../../../arm-none-eabi/lib/armv7e-m/softfp\libg.a(lib_a-stdio.o)
                0x08013ebc                __swrite
 .text.__sseek  0x08013ef4       0x20 c:/program files/gnu tools arm embedded/4.9 2015q2/bin/../lib/gcc/arm-none-eabi/4.9.3/../../../../arm-none-eabi/lib/armv7e-m/softfp\libg.a(lib_a-stdio.o)
                0x08013ef4                __sseek
 .text.__sclose
                0x08013f14        0x8 c:/program files/gnu tools arm embedded/4.9 2015q2/bin/../lib/gcc/arm-none-eabi/4.9.3/../../../../arm-none-eabi/lib/armv7e-m/softfp\libg.a(lib_a-stdio.o)
                0x08013f14                __sclose
 .text.__ssprint_r
                0x08013f1c      0x104 c:/program files/gnu tools arm embedded/4.9 2015q2/bin/../lib/gcc/arm-none-eabi/4.9.3/../../../../arm-none-eabi/lib/armv7e-m/softfp\libg.a(lib_a-svfiprintf.o)
                0x08013f1c                __ssprint_r
 .text.__sprint_r.part.0
                0x08014020       0x78 c:/program files/gnu tools arm embedded/4.9 2015q2/bin/../lib/gcc/arm-none-eabi/4.9.3/../../../../arm-none-eabi/lib/armv7e-m/softfp\libg.a(lib_a-vfiprintf.o)
 .text.__sprint_r
                0x08014098       0x18 c:/program files/gnu tools arm embedded/4.9 2015q2/bin/../lib/gcc/arm-none-eabi/4.9.3/../../../../arm-none-eabi/lib/armv7e-m/softfp\libg.a(lib_a-vfiprintf.o)
                0x08014098                __sprint_r
 .text._write_r
                0x080140b0       0x28 c:/program files/gnu tools arm embedded/4.9 2015q2/bin/../lib/gcc/arm-none-eabi/4.9.3/../../../../arm-none-eabi/lib/armv7e-m/softfp\libg.a(lib_a-writer.o)
                0x080140b0                _write_r
 .text._calloc_r
                0x080140d8       0x60 c:/program files/gnu tools arm embedded/4.9 2015q2/bin/../lib/gcc/arm-none-eabi/4.9.3/../../../../arm-none-eabi/lib/armv7e-m/softfp\libg.a(lib_a-callocr.o)
                0x080140d8                _calloc_r
 .text._close_r
                0x08014138       0x24 c:/program files/gnu tools arm embedded/4.9 2015q2/bin/../lib/gcc/arm-none-eabi/4.9.3/../../../../arm-none-eabi/lib/armv7e-m/softfp\libg.a(lib_a-closer.o)
                0x08014138                _close_r
 .text._fclose_r
                0x0801415c       0x84 c:/program files/gnu tools arm embedded/4.9 2015q2/bin/../lib/gcc/arm-none-eabi/4.9.3/../../../../arm-none-eabi/lib/armv7e-m/softfp\libg.a(lib_a-fclose.o)
                0x0801415c                _fclose_r
 .text.__fputwc
                0x080141e0       0xb0 c:/program files/gnu tools arm embedded/4.9 2015q2/bin/../lib/gcc/arm-none-eabi/4.9.3/../../../../arm-none-eabi/lib/armv7e-m/softfp\libg.a(lib_a-fputwc.o)
                0x080141e0                __fputwc
 .text._fputwc_r
                0x08014290       0x24 c:/program files/gnu tools arm embedded/4.9 2015q2/bin/../lib/gcc/arm-none-eabi/4.9.3/../../../../arm-none-eabi/lib/armv7e-m/softfp\libg.a(lib_a-fputwc.o)
                0x08014290                _fputwc_r
 .text._fstat_r
                0x080142b4       0x28 c:/program files/gnu tools arm embedded/4.9 2015q2/bin/../lib/gcc/arm-none-eabi/4.9.3/../../../../arm-none-eabi/lib/armv7e-m/softfp\libg.a(lib_a-fstatr.o)
                0x080142b4                _fstat_r
 .text.__sfvwrite_r
                0x080142dc      0x318 c:/program files/gnu tools arm embedded/4.9 2015q2/bin/../lib/gcc/arm-none-eabi/4.9.3/../../../../arm-none-eabi/lib/armv7e-m/softfp\libg.a(lib_a-fvwrite.o)
                0x080142dc                __sfvwrite_r
 .text._isatty_r
                0x080145f4       0x24 c:/program files/gnu tools arm embedded/4.9 2015q2/bin/../lib/gcc/arm-none-eabi/4.9.3/../../../../arm-none-eabi/lib/armv7e-m/softfp\libg.a(lib_a-isattyr.o)
                0x080145f4                _isatty_r
 .text._lseek_r
                0x08014618       0x28 c:/program files/gnu tools arm embedded/4.9 2015q2/bin/../lib/gcc/arm-none-eabi/4.9.3/../../../../arm-none-eabi/lib/armv7e-m/softfp\libg.a(lib_a-lseekr.o)
                0x08014618                _lseek_r
 .text.memmove  0x08014640       0xc8 c:/program files/gnu tools arm embedded/4.9 2015q2/bin/../lib/gcc/arm-none-eabi/4.9.3/../../../../arm-none-eabi/lib/armv7e-m/softfp\libg.a(lib_a-memmove.o)
                0x08014640                memmove
 .text._read_r  0x08014708       0x28 c:/program files/gnu tools arm embedded/4.9 2015q2/bin/../lib/gcc/arm-none-eabi/4.9.3/../../../../arm-none-eabi/lib/armv7e-m/softfp\libg.a(lib_a-readr.o)
                0x08014708                _read_r
 .text._realloc_r
                0x08014730      0x3ec c:/program files/gnu tools arm embedded/4.9 2015q2/bin/../lib/gcc/arm-none-eabi/4.9.3/../../../../arm-none-eabi/lib/armv7e-m/softfp\libg.a(lib_a-reallocr.o)
                0x08014730                _realloc_r
 .text.__swbuf_r
                0x08014b1c       0xa8 c:/program files/gnu tools arm embedded/4.9 2015q2/bin/../lib/gcc/arm-none-eabi/4.9.3/../../../../arm-none-eabi/lib/armv7e-m/softfp\libg.a(lib_a-wbuf.o)
                0x08014b1c                __swbuf_r
 .text._wcrtomb_r
                0x08014bc4       0x54 c:/program files/gnu tools arm embedded/4.9 2015q2/bin/../lib/gcc/arm-none-eabi/4.9.3/../../../../arm-none-eabi/lib/armv7e-m/softfp\libg.a(lib_a-wcrtomb.o)
                0x08014bc4                _wcrtomb_r
 .text.__ascii_wctomb
                0x08014c18       0x1c c:/program files/gnu tools arm embedded/4.9 2015q2/bin/../lib/gcc/arm-none-eabi/4.9.3/../../../../arm-none-eabi/lib/armv7e-m/softfp\libg.a(lib_a-wctomb_r.o)
                0x08014c18                __ascii_wctomb
 .text          0x08014c34      0x370 c:/program files/gnu tools arm embedded/4.9 2015q2/bin/../lib/gcc/arm-none-eabi/4.9.3/armv7e-m/softfp\libgcc.a(_arm_addsubdf3.o)
                0x08014c34                __aeabi_drsub
                0x08014c3c                __aeabi_dsub
                0x08014c3c                __subdf3
                0x08014c40                __aeabi_dadd
                0x08014c40                __adddf3
                0x08014eb8                __floatunsidf
                0x08014eb8                __aeabi_ui2d
                0x08014ed8                __floatsidf
                0x08014ed8                __aeabi_i2d
                0x08014efc                __aeabi_f2d
                0x08014efc                __extendsfdf2
                0x08014f38                __floatundidf
                0x08014f38                __aeabi_ul2d
                0x08014f48                __floatdidf
                0x08014f48                __aeabi_l2d
 .text          0x08014fa4      0x424 c:/program files/gnu tools arm embedded/4.9 2015q2/bin/../lib/gcc/arm-none-eabi/4.9.3/armv7e-m/softfp\libgcc.a(_arm_muldivdf3.o)
                0x08014fa4                __aeabi_dmul
                0x08014fa4                __muldf3
                0x080151f8                __divdf3
                0x080151f8                __aeabi_ddiv
 .text          0x080153c8      0x110 c:/program files/gnu tools arm embedded/4.9 2015q2/bin/../lib/gcc/arm-none-eabi/4.9.3/armv7e-m/softfp\libgcc.a(_arm_cmpdf2.o)
                0x080153c8                __gtdf2
                0x080153c8                __gedf2
                0x080153d0                __ltdf2
                0x080153d0                __ledf2
                0x080153d8                __nedf2
                0x080153d8                __eqdf2
                0x080153d8                __cmpdf2
                0x08015454                __aeabi_cdrcmple
                0x08015464                __aeabi_cdcmpeq
                0x08015464                __aeabi_cdcmple
                0x08015474                __aeabi_dcmpeq
                0x08015488                __aeabi_dcmplt
                0x0801549c                __aeabi_dcmple
                0x080154b0                __aeabi_dcmpge
                0x080154c4                __aeabi_dcmpgt
 .text          0x080154d8       0x50 c:/program files/gnu tools arm embedded/4.9 2015q2/bin/../lib/gcc/arm-none-eabi/4.9.3/armv7e-m/softfp\libgcc.a(_arm_fixdfsi.o)
                0x080154d8                __aeabi_d2iz
                0x080154d8                __fixdfsi
 .text          0x08015528       0x30 c:/program files/gnu tools arm embedded/4.9 2015q2/bin/../lib/gcc/arm-none-eabi/4.9.3/armv7e-m/softfp\libgcc.a(_aeabi_uldivmod.o)
                0x08015528                __aeabi_uldivmod
 .text          0x08015558       0x60 c:/program files/gnu tools arm embedded/4.9 2015q2/bin/../lib/gcc/arm-none-eabi/4.9.3/armv7e-m/softfp\libgcc.a(bpabi.o)
                0x08015558                __gnu_ldivmod_helper
                0x08015588                __gnu_uldivmod_helper
 .text          0x080155b8        0x4 c:/program files/gnu tools arm embedded/4.9 2015q2/bin/../lib/gcc/arm-none-eabi/4.9.3/armv7e-m/softfp\libgcc.a(_dvmd_tls.o)
                0x080155b8                __aeabi_idiv0
                0x080155b8                __aeabi_ldiv0
 .text          0x080155bc      0x29c c:/program files/gnu tools arm embedded/4.9 2015q2/bin/../lib/gcc/arm-none-eabi/4.9.3/armv7e-m/softfp\libgcc.a(_divdi3.o)
                0x080155bc                __divdi3
 .text          0x08015858      0x26c c:/program files/gnu tools arm embedded/4.9 2015q2/bin/../lib/gcc/arm-none-eabi/4.9.3/armv7e-m/softfp\libgcc.a(_udivdi3.o)
                0x08015858                __udivdi3
 *(.init)
 *(.fini)
 *crtbegin.o(.ctors)
 *crtbegin?.o(.ctors)
 *(EXCLUDE_FILE(*crtend.o *crtend?.o) .ctors)
 *(SORT(.ctors.*))
 *(.ctors)
 *crtbegin.o(.dtors)
 *crtbegin?.o(.dtors)
 *(EXCLUDE_FILE(*crtend.o *crtend?.o) .dtors)
 *(SORT(.dtors.*))
 *(.dtors)
 *(.rodata*)
 .rodata        0x08015ac4       0xcc ..\obj\tcp.o
                0x08015b3c                tcp_state_str
                0x08015b68                tcp_backoff
                0x08015b78                tcp_persist_backoff
                0x08015b80                tcp_pcb_lists
 .rodata        0x08015b90       0xf7 ..\obj\porttcp.o
 *fill*         0x08015c87        0x1 
 .rodata        0x08015c88       0x30 ..\obj\memp.o
 .rodata        0x08015cb8        0xd ..\obj\tcpip.o
 *fill*         0x08015cc5        0x3 
 .rodata        0x08015cc8        0x8 ..\obj\ip_addr.o
                0x08015cc8                ip_addr_any
                0x08015ccc                ip_addr_broadcast
 .rodata        0x08015cd0        0x5 ..\obj\main.o
 *fill*         0x08015cd5        0x3 
 .rodata        0x08015cd8        0x7 ..\obj\ethernetif.o
 *fill*         0x08015cdf        0x1 
 .rodata        0x08015ce0        0xe ..\obj\etharp.o
                0x08015ce0                ethbroadcast
                0x08015ce8                ethzero
 *fill*         0x08015cee        0x2 
 .rodata        0x08015cf0        0x5 ..\obj\tasks.o
 *fill*         0x08015cf5        0x3 
 .rodata        0x08015cf8       0x86 ..\obj\portother.o
 *fill*         0x08015d7e        0x2 
 .rodata        0x08015d80        0xc ..\obj\mbinit.o
 .rodata        0x08015d8c       0x47 ..\obj\http_server.o
 *fill*         0x08015dd3        0x1 
 .rodata.zeroes.6911
                0x08015dd4       0x10 c:/program files/gnu tools arm embedded/4.9 2015q2/bin/../lib/gcc/arm-none-eabi/4.9.3/../../../../arm-none-eabi/lib/armv7e-m/softfp\libg.a(lib_a-svfprintf.o)
 .rodata.blanks.6910
                0x08015de4       0x10 c:/program files/gnu tools arm embedded/4.9 2015q2/bin/../lib/gcc/arm-none-eabi/4.9.3/../../../../arm-none-eabi/lib/armv7e-m/softfp\libg.a(lib_a-svfprintf.o)
 .rodata.str1.4
                0x08015df4       0x42 c:/program files/gnu tools arm embedded/4.9 2015q2/bin/../lib/gcc/arm-none-eabi/4.9.3/../../../../arm-none-eabi/lib/armv7e-m/softfp\libg.a(lib_a-svfprintf.o)
 *fill*         0x08015e36        0x2 
 .rodata.zeroes.6926
                0x08015e38       0x10 c:/program files/gnu tools arm embedded/4.9 2015q2/bin/../lib/gcc/arm-none-eabi/4.9.3/../../../../arm-none-eabi/lib/armv7e-m/softfp\libg.a(lib_a-vfprintf.o)
 .rodata.str1.4
                0x00000000       0x42 c:/program files/gnu tools arm embedded/4.9 2015q2/bin/../lib/gcc/arm-none-eabi/4.9.3/../../../../arm-none-eabi/lib/armv7e-m/softfp\libg.a(lib_a-vfprintf.o)
 .rodata.blanks.6925
                0x08015e48       0x10 c:/program files/gnu tools arm embedded/4.9 2015q2/bin/../lib/gcc/arm-none-eabi/4.9.3/../../../../arm-none-eabi/lib/armv7e-m/softfp\libg.a(lib_a-vfprintf.o)
 .rodata.str1.4
                0x08015e58       0x10 c:/program files/gnu tools arm embedded/4.9 2015q2/bin/../lib/gcc/arm-none-eabi/4.9.3/../../../../arm-none-eabi/lib/armv7e-m/softfp\libg.a(lib_a-dtoa.o)
                                 0x12 (size before relaxing)
 .rodata.str1.4
                0x08015e68        0x2 c:/program files/gnu tools arm embedded/4.9 2015q2/bin/../lib/gcc/arm-none-eabi/4.9.3/../../../../arm-none-eabi/lib/armv7e-m/softfp\libg.a(lib_a-impure.o)
 *fill*         0x08015e6a        0x2 
 .rodata.str1.4
                0x08015e6c        0xc c:/program files/gnu tools arm embedded/4.9 2015q2/bin/../lib/gcc/arm-none-eabi/4.9.3/../../../../arm-none-eabi/lib/armv7e-m/softfp\libg.a(lib_a-locale.o)
                                 0x12 (size before relaxing)
 .rodata.__mprec_tens
                0x08015e78       0xc8 c:/program files/gnu tools arm embedded/4.9 2015q2/bin/../lib/gcc/arm-none-eabi/4.9.3/../../../../arm-none-eabi/lib/armv7e-m/softfp\libg.a(lib_a-mprec.o)
                0x08015e78                __mprec_tens
 .rodata.p05.5302
                0x08015f40        0xc c:/program files/gnu tools arm embedded/4.9 2015q2/bin/../lib/gcc/arm-none-eabi/4.9.3/../../../../arm-none-eabi/lib/armv7e-m/softfp\libg.a(lib_a-mprec.o)
 *fill*         0x08015f4c        0x4 
 .rodata.__mprec_bigtens
                0x08015f50       0x28 c:/program files/gnu tools arm embedded/4.9 2015q2/bin/../lib/gcc/arm-none-eabi/4.9.3/../../../../arm-none-eabi/lib/armv7e-m/softfp\libg.a(lib_a-mprec.o)
                0x08015f50                __mprec_bigtens
 *(.eh_fram e*)

.glue_7         0x08015f78        0x0
 .glue_7        0x00000000        0x0 linker stubs

.glue_7t        0x08015f78        0x0
 .glue_7t       0x00000000        0x0 linker stubs

.vfp11_veneer   0x08015f78        0x0
 .vfp11_veneer  0x00000000        0x0 linker stubs

.v4_bx          0x08015f78        0x0
 .v4_bx         0x00000000        0x0 linker stubs

.iplt           0x08015f78        0x0
 .iplt          0x00000000        0x0 ..\obj\stm32f4xx_syscfg.o

.ARM.extab
 *(.ARM.extab* .gnu.linkonce.armextab.*)
                0x08015f78                __exidx_start = .

.ARM.exidx      0x08015f78        0x8
 *(.ARM.exidx* .gnu.linkonce.armexidx.*)
 .ARM.exidx     0x08015f78        0x8 c:/program files/gnu tools arm embedded/4.9 2015q2/bin/../lib/gcc/arm-none-eabi/4.9.3/armv7e-m/softfp\libgcc.a(_divdi3.o)
 .ARM.exidx     0x08015f80        0x0 c:/program files/gnu tools arm embedded/4.9 2015q2/bin/../lib/gcc/arm-none-eabi/4.9.3/armv7e-m/softfp\libgcc.a(_udivdi3.o)
                                  0x8 (size before relaxing)
                0x08015f80                __exidx_end = .
                0x08015f80                __etext = .
                0x08015f80                _sidata = __etext

.rel.dyn        0x08015f80        0x0
 .rel.iplt      0x00000000        0x0 ..\obj\stm32f4xx_syscfg.o

.data           0x20000000      0x97c load address 0x08015f80
                0x20000000                __data_start__ = .
                0x20000000                _sdata = __data_start__
 *(vtable)
 *(.data*)
 .data          0x20000000       0x84 ..\obj\mb.o
 .data          0x20000084        0x8 ..\obj\tcp.o
 .data          0x2000008c       0x10 ..\obj\stm32f4xx_rcc.o
 .data          0x2000009c        0x4 ..\obj\tasks.o
 .data          0x200000a0       0x14 ..\obj\system_stm32f4xx.o
                0x200000a0                SystemCoreClock
                0x200000a4                AHBPrescTable
 .data          0x200000b4       0x10 ..\obj\portother.o
 .data          0x200000c4        0x4 ..\obj\port.o
 .data          0x200000c8        0x5 ..\obj\mbinit.o
 *fill*         0x200000cd        0x1 
 .data          0x200000ce        0x2 ..\obj\udp.o
 .data          0x200000d0        0x4 ..\obj\dhcp.o
 .data          0x200000d4        0x4 ..\obj\mbfunc.o
 .data          0x200000d8        0x4 ..\obj\heap_2.o
 *fill*         0x200000dc        0x4 
 .data.impure_data
                0x200000e0      0x428 c:/program files/gnu tools arm embedded/4.9 2015q2/bin/../lib/gcc/arm-none-eabi/4.9.3/../../../../arm-none-eabi/lib/armv7e-m/softfp\libg.a(lib_a-impure.o)
 .data._impure_ptr
                0x20000508        0x4 c:/program files/gnu tools arm embedded/4.9 2015q2/bin/../lib/gcc/arm-none-eabi/4.9.3/../../../../arm-none-eabi/lib/armv7e-m/softfp\libg.a(lib_a-impure.o)
                0x20000508                _impure_ptr
 .data.lconv    0x2000050c       0x38 c:/program files/gnu tools arm embedded/4.9 2015q2/bin/../lib/gcc/arm-none-eabi/4.9.3/../../../../arm-none-eabi/lib/armv7e-m/softfp\libg.a(lib_a-locale.o)
 .data.lc_ctype_charset
                0x20000544       0x20 c:/program files/gnu tools arm embedded/4.9 2015q2/bin/../lib/gcc/arm-none-eabi/4.9.3/../../../../arm-none-eabi/lib/armv7e-m/softfp\libg.a(lib_a-locale.o)
 .data.__mb_cur_max
                0x20000564        0x4 c:/program files/gnu tools arm embedded/4.9 2015q2/bin/../lib/gcc/arm-none-eabi/4.9.3/../../../../arm-none-eabi/lib/armv7e-m/softfp\libg.a(lib_a-locale.o)
                0x20000564                __mb_cur_max
 .data.__malloc_av_
                0x20000568      0x408 c:/program files/gnu tools arm embedded/4.9 2015q2/bin/../lib/gcc/arm-none-eabi/4.9.3/../../../../arm-none-eabi/lib/armv7e-m/softfp\libg.a(lib_a-mallocr.o)
                0x20000568                __malloc_av_
 .data.__malloc_trim_threshold
                0x20000970        0x4 c:/program files/gnu tools arm embedded/4.9 2015q2/bin/../lib/gcc/arm-none-eabi/4.9.3/../../../../arm-none-eabi/lib/armv7e-m/softfp\libg.a(lib_a-mallocr.o)
                0x20000970                __malloc_trim_threshold
 .data.__malloc_sbrk_base
                0x20000974        0x4 c:/program files/gnu tools arm embedded/4.9 2015q2/bin/../lib/gcc/arm-none-eabi/4.9.3/../../../../arm-none-eabi/lib/armv7e-m/softfp\libg.a(lib_a-mallocr.o)
                0x20000974                __malloc_sbrk_base
 .data.__wctomb
                0x20000978        0x4 c:/program files/gnu tools arm embedded/4.9 2015q2/bin/../lib/gcc/arm-none-eabi/4.9.3/../../../../arm-none-eabi/lib/armv7e-m/softfp\libg.a(lib_a-wctomb_r.o)
                0x20000978                __wctomb
                0x2000097c                . = ALIGN (0x4)
                0x2000097c                PROVIDE (__preinit_array_start, .)
 *(.preinit_array)
                0x2000097c                PROVIDE (__preinit_array_end, .)
                0x2000097c                . = ALIGN (0x4)
                0x2000097c                PROVIDE (__init_array_start, .)
 *(SORT(.init_array.*))
 *(.init_array)
                0x2000097c                PROVIDE (__init_array_end, .)
                0x2000097c                . = ALIGN (0x4)
                0x2000097c                PROVIDE (__fini_array_start, .)
 *(SORT(.fini_array.*))
 *(.fini_array)
                0x2000097c                PROVIDE (__fini_array_end, .)
 *(.jcr*)
                0x2000097c                . = ALIGN (0x4)
                0x2000097c                __data_end__ = .
                0x2000097c                _edata = __data_end__

.igot.plt       0x2000097c        0x0 load address 0x080168fc
 .igot.plt      0x00000000        0x0 ..\obj\stm32f4xx_syscfg.o

.bss            0x2000097c    0x1003c load address 0x080168fc
                0x2000097c                . = ALIGN (0x4)
                0x2000097c                __bss_start__ = .
                0x2000097c                _sbss = __bss_start__
 *(.bss*)
 .bss           0x2000097c       0x10 ..\obj\mem.o
 .bss           0x2000098c       0x24 ..\obj\mb.o
 .bss           0x200009b0        0x2 ..\obj\tcp.o
 *fill*         0x200009b2        0x2 
 .bss           0x200009b4        0x4 ..\obj\portevent.o
 .bss           0x200009b8      0x112 ..\obj\porttcp.o
 *fill*         0x20000aca        0x2 
 .bss           0x20000acc       0x22 ..\obj\mbfuncother.o
 *fill*         0x20000aee        0x2 
 .bss           0x20000af0       0x2c ..\obj\tcp_in.o
 .bss           0x20000b1c     0x2a97 ..\obj\memp.o
 *fill*         0x200035b3        0x1 
 .bss           0x200035b4        0xc ..\obj\tcpip.o
 .bss           0x200035c0        0x8 ..\obj\timers.o
 .bss           0x200035c8        0x4 ..\obj\stm32f4x7_eth_bsp.o
                0x200035c8                EthInitStatus
 .bss           0x200035cc        0xc ..\obj\ethernetif.o
                0x200035d0                s_xSemaphore
 .bss           0x200035d8       0xc9 ..\obj\etharp.o
 *fill*         0x200036a1        0x3 
 .bss           0x200036a4       0xfc ..\obj\tasks.o
                0x200036a4                pxCurrentTCB
 .bss           0x200037a0        0x1 ..\obj\netif.o
 *fill*         0x200037a1        0x3 
 .bss           0x200037a4        0x4 ..\obj\sys_arch.o
                0x200037a4                xInsideISR
 .bss           0x200037a8        0x1 ..\obj\adc_ext.o
                0x200037a8                ADC_buf_full_flag
 *fill*         0x200037a9        0x3 
 .bss           0x200037ac        0x4 ..\obj\syscalls.o
 .bss           0x200037b0      0x204 ..\obj\portother.o
 .bss           0x200039b4        0x8 ..\obj\port.o
 .bss           0x200039bc        0x2 ..\obj\ip.o
 *fill*         0x200039be        0x2 
 .bss           0x200039c0       0x28 ..\obj\mbfunc.o
 .bss           0x200039e8     0x7814 ..\obj\heap_2.o
 .bss           0x2000b1fc        0x2 ..\obj\http_server.o
 *fill*         0x2000b1fe        0x2 
 .bss           0x2000b200        0x4 ..\obj\raw.o
 .bss.__malloc_max_total_mem
                0x2000b204        0x4 c:/program files/gnu tools arm embedded/4.9 2015q2/bin/../lib/gcc/arm-none-eabi/4.9.3/../../../../arm-none-eabi/lib/armv7e-m/softfp\libg.a(lib_a-mallocr.o)
                0x2000b204                __malloc_max_total_mem
 .bss.__malloc_max_sbrked_mem
                0x2000b208        0x4 c:/program files/gnu tools arm embedded/4.9 2015q2/bin/../lib/gcc/arm-none-eabi/4.9.3/../../../../arm-none-eabi/lib/armv7e-m/softfp\libg.a(lib_a-mallocr.o)
                0x2000b208                __malloc_max_sbrked_mem
 .bss.__malloc_top_pad
                0x2000b20c        0x4 c:/program files/gnu tools arm embedded/4.9 2015q2/bin/../lib/gcc/arm-none-eabi/4.9.3/../../../../arm-none-eabi/lib/armv7e-m/softfp\libg.a(lib_a-mallocr.o)
                0x2000b20c                __malloc_top_pad
 .bss.__malloc_current_mallinfo
                0x2000b210       0x28 c:/program files/gnu tools arm embedded/4.9 2015q2/bin/../lib/gcc/arm-none-eabi/4.9.3/../../../../arm-none-eabi/lib/armv7e-m/softfp\libg.a(lib_a-mallocr.o)
                0x2000b210                __malloc_current_mallinfo
 *(COMMON)
 COMMON         0x2000b238     0x1414 ..\obj\mem.o
                0x2000b238                ram_heap
 COMMON         0x2000c64c       0x1c ..\obj\tcp.o
                0x2000c64c                tcp_active_pcbs_changed
                0x2000c650                tcp_active_pcbs
                0x2000c654                tcp_ticks
                0x2000c658                tcp_listen_pcbs
                0x2000c65c                tcp_tmp_pcb
                0x2000c660                tcp_bound_pcbs
                0x2000c664                tcp_tw_pcbs
 COMMON         0x2000c668        0x4 ..\obj\tcp_in.o
                0x2000c668                tcp_input_pcb
 COMMON         0x2000c66c     0x3ce4 ..\obj\stm32f4x7_eth.o
                0x2000c66c                RX_Frame_Descriptor
                0x2000c678                DMARxDescToGet
                0x2000c67c                DMATxDescToSet
                0x2000c680                DMATxDscrTab
                0x2000c720                Rx_Buff
                0x2000e4e4                Frame_Rx_index
                0x2000e4e8                DMA_RX_FRAME_infos
                0x2000e4ec                DMARxDscrTab
                0x2000e58c                Tx_Buff
 COMMON         0x20010350       0x34 ..\obj\main.o
                0x20010350                xnetif
 COMMON         0x20010384        0x8 ..\obj\netif.o
                0x20010384                netif_list
                0x20010388                netif_default
 COMMON         0x2001038c      0x214 ..\obj\adc_ext.o
                0x2001038c                ADC_last_data
                0x20010394                ExtAdcTxBuff
                0x2001039c                ADC_buf_pnt
                0x200103a0                ExtAdcRxBuff
 COMMON         0x200105a0        0x4 ..\obj\udp.o
                0x200105a0                udp_pcbs
 COMMON         0x200105a4       0x10 ..\obj\ip.o
                0x200105a4                current_iphdr_src
                0x200105a8                current_netif
                0x200105ac                current_iphdr_dest
                0x200105b0                current_header
 COMMON         0x200105b4      0x400 ..\obj\http_server.o
                0x200105b4                data
 COMMON         0x200109b4        0x4 c:/program files/gnu tools arm embedded/4.9 2015q2/bin/../lib/gcc/arm-none-eabi/4.9.3/../../../../arm-none-eabi/lib/armv7e-m/softfp\libg.a(lib_a-reent.o)
                0x200109b4                errno
                0x200109b8                . = ALIGN (0x4)
                0x200109b8                __bss_end__ = .
                0x200109b8                _ebss = __bss_end__

.heap           0x200109b8        0x0
                0x200109b8                __end__ = .
                0x200109b8                _end = __end__
                0x200109b8                end = __end__
 *(.heap*)
                0x200109b8                __HeapLimit = .

.co_stack       0x200109b8      0x800 load address 0x08026938
                0x200109b8                . = ALIGN (0x8)
 *(.co_stack .co_stack.*)
 .co_stack      0x200109b8      0x800 ..\obj\startup_stm32f4xx.o
                0x200109b8                pulStack
                0x20020000                __StackTop = (ORIGIN (ram) + 0x20000)
                0x2001f800                __StackLimit = (__StackTop - SIZEOF (.co_stack))
                0x20020000                PROVIDE (__stack, __StackTop)
                0x00000001                ASSERT ((__StackLimit >= __HeapLimit), region ram  overflowed with stack)
LOAD ..\obj\stm32f4xx_syscfg.o
LOAD ..\obj\mem.o
LOAD ..\obj\stm32f4xx_sdio.o
LOAD ..\obj\mb.o
LOAD ..\obj\mbfuncdisc.o
LOAD ..\obj\tcp.o
LOAD ..\obj\err.o
LOAD ..\obj\portevent.o
LOAD ..\obj\porttcp.o
LOAD ..\obj\randm.o
LOAD ..\obj\mib_structs.o
LOAD ..\obj\mbfuncother.o
LOAD ..\obj\tcp_in.o
LOAD ..\obj\stm32f4xx_usart.o
LOAD ..\obj\stm32f4xx_pwr.o
LOAD ..\obj\slipif.o
LOAD ..\obj\memp.o
LOAD ..\obj\autoip.o
LOAD ..\obj\ip_frag.o
LOAD ..\obj\msg_out.o
LOAD ..\obj\netbuf.o
LOAD ..\obj\tcpip.o
LOAD ..\obj\mbutils.o
LOAD ..\obj\stm32f4xx_dac.o
LOAD ..\obj\asn1_dec.o
LOAD ..\obj\lcp.o
LOAD ..\obj\vj.o
LOAD ..\obj\startup_stm32f4xx.o
LOAD ..\obj\stm32f4x7_eth.o
LOAD ..\obj\sys.o
LOAD ..\obj\ip_addr.o
LOAD ..\obj\mbfuncholding.o
LOAD ..\obj\inet_chksum.o
LOAD ..\obj\main.o
LOAD ..\obj\mbcrc.o
LOAD ..\obj\stm32f4xx_rcc.o
LOAD ..\obj\mib2.o
LOAD ..\obj\stm32f4xx_it.o
LOAD ..\obj\netdb.o
LOAD ..\obj\timers.o
LOAD ..\obj\init.o
LOAD ..\obj\stm32f4xx_adc.o
LOAD ..\obj\stm32f4x7_eth_bsp.o
LOAD ..\obj\mbfuncinput.o
LOAD ..\obj\def.o
LOAD ..\obj\ethernetif.o
LOAD ..\obj\chpms.o
LOAD ..\obj\etharp.o
LOAD ..\obj\mbfuncdiag.o
LOAD ..\obj\tasks.o
LOAD ..\obj\magic.o
LOAD ..\obj\tcp_send.o
LOAD ..\obj\pbuf.o
LOAD ..\obj\stats.o
LOAD ..\obj\inet.o
LOAD ..\obj\msg_in.o
LOAD ..\obj\netif.o
LOAD ..\obj\asn1_enc.o
LOAD ..\obj\fsm.o
LOAD ..\obj\api_msg.o
LOAD ..\obj\chap.o
LOAD ..\obj\stm32f4xx_gpio.o
LOAD ..\obj\md5.o
LOAD ..\obj\sys_arch.o
LOAD ..\obj\list.o
LOAD ..\obj\mbrtu.o
LOAD ..\obj\adc_ext.o
LOAD ..\obj\system_stm32f4xx.o
LOAD ..\obj\syscalls.o
LOAD ..\obj\stm32f4xx_dma.o
LOAD ..\obj\portother.o
LOAD ..\obj\queue.o
LOAD ..\obj\port.o
LOAD ..\obj\sockets.o
LOAD ..\obj\igmp.o
LOAD ..\obj\pap.o
LOAD ..\obj\mbinit.o
LOAD ..\obj\croutine.o
LOAD ..\obj\udp.o
LOAD ..\obj\ip.o
LOAD ..\obj\stm32f4xx_spi.o
LOAD ..\obj\mbfunccoils.o
LOAD ..\obj\event_groups.o
LOAD ..\obj\auth.o
LOAD ..\obj\stm32f4xx_exti.o
LOAD ..\obj\icmp.o
LOAD ..\obj\ppp_oe.o
LOAD ..\obj\dns.o
LOAD ..\obj\netifapi.o
LOAD ..\obj\misc.o
LOAD ..\obj\api_lib.o
LOAD ..\obj\udp_send.o
LOAD ..\obj\mbtcp.o
LOAD ..\obj\dhcp.o
LOAD ..\obj\ppp.o
LOAD ..\obj\mbascii.o
LOAD ..\obj\mbfunc.o
LOAD ..\obj\heap_2.o
LOAD ..\obj\http_server.o
LOAD ..\obj\ipcp.o
LOAD ..\obj\stm32f4xx_tim.o
LOAD ..\obj\tcp_out.o
LOAD ..\obj\raw.o
START GROUP
LOAD c:/program files/gnu tools arm embedded/4.9 2015q2/bin/../lib/gcc/arm-none-eabi/4.9.3/armv7e-m/softfp\libgcc.a
LOAD c:/program files/gnu tools arm embedded/4.9 2015q2/bin/../lib/gcc/arm-none-eabi/4.9.3/../../../../arm-none-eabi/lib/armv7e-m/softfp\libg.a
LOAD c:/program files/gnu tools arm embedded/4.9 2015q2/bin/../lib/gcc/arm-none-eabi/4.9.3/../../../../arm-none-eabi/lib/armv7e-m/softfp\libc.a
END GROUP
OUTPUT(LAN8720.elf elf32-littlearm)

.debug_info     0x00000000    0x1a681
 .debug_info    0x00000000      0x26c ..\obj\stm32f4xx_syscfg.o
 .debug_info    0x0000026c      0x370 ..\obj\mem.o
 .debug_info    0x000005dc      0x5f7 ..\obj\mb.o
 .debug_info    0x00000bd3      0x1b2 ..\obj\mbfuncdisc.o
 .debug_info    0x00000d85     0x1372 ..\obj\tcp.o
 .debug_info    0x000020f7      0x197 ..\obj\portevent.o
 .debug_info    0x0000228e      0x859 ..\obj\porttcp.o
 .debug_info    0x00002ae7      0x215 ..\obj\mbfuncother.o
 .debug_info    0x00002cfc      0xc9a ..\obj\tcp_in.o
 .debug_info    0x00003996      0x261 ..\obj\memp.o
 .debug_info    0x00003bf7      0x3cf ..\obj\netbuf.o
 .debug_info    0x00003fc6      0xb4d ..\obj\tcpip.o
 .debug_info    0x00004b13      0x273 ..\obj\mbutils.o
 .debug_info    0x00004d86       0xed ..\obj\startup_stm32f4xx.o
 .debug_info    0x00004e73     0x190d ..\obj\stm32f4x7_eth.o
 .debug_info    0x00006780      0x540 ..\obj\ip_addr.o
 .debug_info    0x00006cc0      0x33b ..\obj\mbfuncholding.o
 .debug_info    0x00006ffb      0x39b ..\obj\inet_chksum.o
 .debug_info    0x00007396      0x62a ..\obj\main.o
 .debug_info    0x000079c0      0xc4d ..\obj\stm32f4xx_rcc.o
 .debug_info    0x0000860d      0x181 ..\obj\stm32f4xx_it.o
 .debug_info    0x0000878e      0x8ca ..\obj\timers.o
 .debug_info    0x00009058       0x88 ..\obj\init.o
 .debug_info    0x000090e0      0x817 ..\obj\stm32f4x7_eth_bsp.o
 .debug_info    0x000098f7      0x1a4 ..\obj\mbfuncinput.o
 .debug_info    0x00009a9b       0xfd ..\obj\def.o
 .debug_info    0x00009b98      0xb18 ..\obj\ethernetif.o
 .debug_info    0x0000a6b0      0xdea ..\obj\etharp.o
 .debug_info    0x0000b49a     0x1b85 ..\obj\tasks.o
 .debug_info    0x0000d01f      0x857 ..\obj\pbuf.o
 .debug_info    0x0000d876      0xe45 ..\obj\netif.o
 .debug_info    0x0000e6bb     0x12a4 ..\obj\api_msg.o
 .debug_info    0x0000f95f      0x602 ..\obj\stm32f4xx_gpio.o
 .debug_info    0x0000ff61      0x6c3 ..\obj\sys_arch.o
 .debug_info    0x00010624      0x299 ..\obj\list.o
 .debug_info    0x000108bd      0xc62 ..\obj\adc_ext.o
 .debug_info    0x0001151f      0x592 ..\obj\system_stm32f4xx.o
 .debug_info    0x00011ab1      0x3ee ..\obj\syscalls.o