Archive member included because of file (symbol)

c:/program files/gnu tools arm embedded/4.9 2015q2/bin/../lib/gcc/arm-none-eabi/4.9.3/armv7e-m\libgcc.a(_arm_addsubdf3.o)
                              ..\obj\httpd_cgi_ssi.o (__aeabi_ui2d)
c:/program files/gnu tools arm embedded/4.9 2015q2/bin/../lib/gcc/arm-none-eabi/4.9.3/armv7e-m\libgcc.a(_arm_muldivdf3.o)
                              ..\obj\httpd_cgi_ssi.o (__aeabi_dmul)
c:/program files/gnu tools arm embedded/4.9 2015q2/bin/../lib/gcc/arm-none-eabi/4.9.3/armv7e-m\libgcc.a(_arm_fixunsdfsi.o)
                              ..\obj\httpd_cgi_ssi.o (__aeabi_d2uiz)
c:/program files/gnu tools arm embedded/4.9 2015q2/bin/../lib/gcc/arm-none-eabi/4.9.3/../../../../arm-none-eabi/lib/armv7e-m\libg.a(lib_a-memcmp.o)
                              ..\obj\autoip.o (memcmp)
c:/program files/gnu tools arm embedded/4.9 2015q2/bin/../lib/gcc/arm-none-eabi/4.9.3/../../../../arm-none-eabi/lib/armv7e-m\libg.a(lib_a-memcpy.o)
                              ..\obj\porttcp.o (memcpy)
c:/program files/gnu tools arm embedded/4.9 2015q2/bin/../lib/gcc/arm-none-eabi/4.9.3/../../../../arm-none-eabi/lib/armv7e-m\libg.a(lib_a-memset.o)
                              ..\obj\mem.o (memset)
c:/program files/gnu tools arm embedded/4.9 2015q2/bin/../lib/gcc/arm-none-eabi/4.9.3/../../../../arm-none-eabi/lib/armv7e-m\libg.a(lib_a-printf.o)
                              ..\obj\portother.o (printf)
c:/program files/gnu tools arm embedded/4.9 2015q2/bin/../lib/gcc/arm-none-eabi/4.9.3/../../../../arm-none-eabi/lib/armv7e-m\libg.a(lib_a-snprintf.o)
                              ..\obj\portother.o (snprintf)
c:/program files/gnu tools arm embedded/4.9 2015q2/bin/../lib/gcc/arm-none-eabi/4.9.3/../../../../arm-none-eabi/lib/armv7e-m\libg.a(lib_a-strchr.o)
                              ..\obj\httpd.o (strchr)
c:/program files/gnu tools arm embedded/4.9 2015q2/bin/../lib/gcc/arm-none-eabi/4.9.3/../../../../arm-none-eabi/lib/armv7e-m\libg.a(lib_a-strcmp.o)
                              ..\obj\fs.o (strcmp)
c:/program files/gnu tools arm embedded/4.9 2015q2/bin/../lib/gcc/arm-none-eabi/4.9.3/../../../../arm-none-eabi/lib/armv7e-m\libg.a(lib_a-strlen.o)
                              ..\obj\httpd.o (strlen)
c:/program files/gnu tools arm embedded/4.9 2015q2/bin/../lib/gcc/arm-none-eabi/4.9.3/../../../../arm-none-eabi/lib/armv7e-m\libg.a(lib_a-strncmp.o)
                              ..\obj\httpd.o (strncmp)
c:/program files/gnu tools arm embedded/4.9 2015q2/bin/../lib/gcc/arm-none-eabi/4.9.3/../../../../arm-none-eabi/lib/armv7e-m\libg.a(lib_a-strstr.o)
                              ..\obj\httpd.o (strstr)
c:/program files/gnu tools arm embedded/4.9 2015q2/bin/../lib/gcc/arm-none-eabi/4.9.3/../../../../arm-none-eabi/lib/armv7e-m\libg.a(lib_a-svfprintf.o)
                              c:/program files/gnu tools arm embedded/4.9 2015q2/bin/../lib/gcc/arm-none-eabi/4.9.3/../../../../arm-none-eabi/lib/armv7e-m\libg.a(lib_a-snprintf.o) (_svfprintf_r)
c:/program files/gnu tools arm embedded/4.9 2015q2/bin/../lib/gcc/arm-none-eabi/4.9.3/../../../../arm-none-eabi/lib/armv7e-m\libg.a(lib_a-vfprintf.o)
                              c:/program files/gnu tools arm embedded/4.9 2015q2/bin/../lib/gcc/arm-none-eabi/4.9.3/../../../../arm-none-eabi/lib/armv7e-m\libg.a(lib_a-printf.o) (_vfprintf_r)
c:/program files/gnu tools arm embedded/4.9 2015q2/bin/../lib/gcc/arm-none-eabi/4.9.3/../../../../arm-none-eabi/lib/armv7e-m\libg.a(lib_a-vprintf.o)
                              ..\obj\portother.o (vprintf)
c:/program files/gnu tools arm embedded/4.9 2015q2/bin/../lib/gcc/arm-none-eabi/4.9.3/../../../../arm-none-eabi/lib/armv7e-m\libg.a(lib_a-wsetup.o)
                              c:/program files/gnu tools arm embedded/4.9 2015q2/bin/../lib/gcc/arm-none-eabi/4.9.3/../../../../arm-none-eabi/lib/armv7e-m\libg.a(lib_a-vfprintf.o) (__swsetup_r)
c:/program files/gnu tools arm embedded/4.9 2015q2/bin/../lib/gcc/arm-none-eabi/4.9.3/../../../../arm-none-eabi/lib/armv7e-m\libg.a(lib_a-dtoa.o)
                              c:/program files/gnu tools arm embedded/4.9 2015q2/bin/../lib/gcc/arm-none-eabi/4.9.3/../../../../arm-none-eabi/lib/armv7e-m\libg.a(lib_a-svfprintf.o) (_dtoa_r)
c:/program files/gnu tools arm embedded/4.9 2015q2/bin/../lib/gcc/arm-none-eabi/4.9.3/../../../../arm-none-eabi/lib/armv7e-m\libg.a(lib_a-fflush.o)
                              c:/program files/gnu tools arm embedded/4.9 2015q2/bin/../lib/gcc/arm-none-eabi/4.9.3/../../../../arm-none-eabi/lib/armv7e-m\libg.a(lib_a-vfprintf.o) (_fflush_r)
c:/program files/gnu tools arm embedded/4.9 2015q2/bin/../lib/gcc/arm-none-eabi/4.9.3/../../../../arm-none-eabi/lib/armv7e-m\libg.a(lib_a-findfp.o)
                              c:/program files/gnu tools arm embedded/4.9 2015q2/bin/../lib/gcc/arm-none-eabi/4.9.3/../../../../arm-none-eabi/lib/armv7e-m\libg.a(lib_a-vfprintf.o) (__sinit)
[...]
Memory Configuration

Name             Origin             Length             Attributes
rom              0x08000000         0x00100000         xr
ram              0x20000000         0x00020000         xrw
ram1             0x10000000         0x00010000         xrw
*default*        0x00000000         0xffffffff

Linker script and memory map

                0x20020000                _eram = 0x20020000

.text           0x08000000    0x121f8
 *(.isr_vector)
 .isr_vector    0x08000000      0x188 ..\obj\startup_stm32f4xx.o
                0x08000000                g_pfnVectors
 *(.text*)
 .text.SYSCFG_ETH_MediaInterfaceConfig
                0x08000188       0x1c ..\obj\stm32f4xx_syscfg.o
                0x08000188                SYSCFG_ETH_MediaInterfaceConfig
 .text.plug_holes
                0x080001a4       0xbc ..\obj\mem.o
 .text.mem_init
                0x08000260       0x84 ..\obj\mem.o
                0x08000260                mem_init
 .text.mem_free
                0x080002e4       0x5c ..\obj\mem.o
                0x080002e4                mem_free
 .text.mem_realloc
                0x08000340      0x174 ..\obj\mem.o
                0x08000340                mem_realloc
 .text.mem_malloc
                0x080004b4      0x144 ..\obj\mem.o
                0x080004b4                mem_malloc
 .text.eMBTCPInit
                0x080005f8       0xa4 ..\obj\mb.o
                0x080005f8                eMBTCPInit
 .text.eMBEnable
                0x0800069c       0x38 ..\obj\mb.o
                0x0800069c                eMBEnable
 .text.eMBPoll  0x080006d4      0x170 ..\obj\mb.o
                0x080006d4                eMBPoll
 .text.eMBFuncReadDiscreteInputs
                0x08000844      0x104 ..\obj\mbfuncdisc.o
                0x08000844                eMBFuncReadDiscreteInputs
 .text.tcp_tmr  0x08000948       0x2c ..\obj\tcp.o
                0x08000948                tcp_tmr
 .text.tcp_close
                0x08000974      0x164 ..\obj\tcp.o
                0x08000974                tcp_close
 .text.tcp_abandon
                0x08000ad8       0xe0 ..\obj\tcp.o
                0x08000ad8                tcp_abandon
 .text.tcp_bind
                0x08000bb8      0x17c ..\obj\tcp.o
                0x08000bb8                tcp_bind
 .text.tcp_accept_null
                0x08000d34       0x20 ..\obj\tcp.o
 .text.tcp_listen_with_backlog
                0x08000d54      0x10c ..\obj\tcp.o
                0x08000d54                tcp_listen_with_backlog
 .text.tcp_update_rcv_ann_wnd
                0x08000e60       0x84 ..\obj\tcp.o
                0x08000e60                tcp_update_rcv_ann_wnd
 .text.tcp_recved
                0x08000ee4       0x60 ..\obj\tcp.o
                0x08000ee4                tcp_recved
 .text.tcp_new_port
                0x08000f44       0xac ..\obj\tcp.o
 .text.tcp_slowtmr
                0x08000ff0      0x3d4 ..\obj\tcp.o
                0x08000ff0                tcp_slowtmr
 .text.tcp_fasttmr
                0x080013c4       0xc0 ..\obj\tcp.o
                0x080013c4                tcp_fasttmr
 .text.tcp_segs_free
                0x08001484       0x38 ..\obj\tcp.o
                0x08001484                tcp_segs_free
 .text.tcp_seg_free
                0x080014bc       0x3c ..\obj\tcp.o
                0x080014bc                tcp_seg_free
 .text.tcp_recv_null
                0x080014f8       0x48 ..\obj\tcp.o
                0x080014f8                tcp_recv_null
 .text.tcp_kill_prio
                0x08001540       0x80 ..\obj\tcp.o
 .text.tcp_kill_timewait
                0x080015c0       0x60 ..\obj\tcp.o
 .text.tcp_alloc
                0x08001620      0x10c ..\obj\tcp.o
                0x08001620                tcp_alloc
 .text.tcp_new  0x0800172c       0x10 ..\obj\tcp.o
                0x0800172c                tcp_new
 .text.tcp_arg  0x0800173c       0x1c ..\obj\tcp.o
                0x0800173c                tcp_arg
 .text.tcp_recv
                0x08001758       0x1c ..\obj\tcp.o
                0x08001758                tcp_recv
 .text.tcp_err  0x08001774       0x1c ..\obj\tcp.o
                0x08001774                tcp_err
 .text.tcp_accept
                0x08001790       0x1c ..\obj\tcp.o
                0x08001790                tcp_accept
 .text.tcp_pcb_purge
                0x080017ac       0x60 ..\obj\tcp.o
                0x080017ac                tcp_pcb_purge
 .text.tcp_pcb_remove
                0x0800180c       0xa8 ..\obj\tcp.o
                0x0800180c                tcp_pcb_remove
 .text.tcp_next_iss
                0x080018b4       0x28 ..\obj\tcp.o
                0x080018b4                tcp_next_iss
 .text.tcp_eff_send_mss
                0x080018dc       0x40 ..\obj\tcp.o
                0x080018dc                tcp_eff_send_mss
 .text.xMBPortEventInit
                0x0800191c       0x1c ..\obj\portevent.o
                0x0800191c                xMBPortEventInit
 .text.xMBPortEventPost
                0x08001938       0x2c ..\obj\portevent.o
                0x08001938                xMBPortEventPost
 .text.xMBPortEventGet
                0x08001964       0x3c ..\obj\portevent.o
                0x08001964                xMBPortEventGet
 .text.xMBTCPPortInit
                0x080019a0       0xac ..\obj\porttcp.o
                0x080019a0                xMBTCPPortInit
 .text.prvvMBPortReleaseClient
                0x08001a4c       0xb0 ..\obj\porttcp.o
                0x08001a4c                prvvMBPortReleaseClient
 .text.vMBTCPPortDisable
                0x08001afc       0x14 ..\obj\porttcp.o
                0x08001afc                vMBTCPPortDisable
 .text.prvxMBTCPPortAccept
                0x08001b10       0xd4 ..\obj\porttcp.o
 .text.prvvMBTCPPortError
                0x08001be4       0x34 ..\obj\porttcp.o
 .text.prvxMBTCPPortReceive
                0x08001c18      0x10c ..\obj\porttcp.o
 .text.xMBTCPPortGetRequest
                0x08001d24       0x34 ..\obj\porttcp.o
                0x08001d24                xMBTCPPortGetRequest
 .text.xMBTCPPortSendResponse
                0x08001d58       0x6c ..\obj\porttcp.o
                0x08001d58                xMBTCPPortSendResponse
 .text.eMBSetSlaveID
                0x08001dc4       0x9c ..\obj\mbfuncother.o
                0x08001dc4                eMBSetSlaveID
 .text.eMBFuncReportSlaveID
                0x08001e60       0x3c ..\obj\mbfuncother.o
                0x08001e60                eMBFuncReportSlaveID
 .text.tcp_input
                0x08001e9c      0x5d0 ..\obj\tcp_in.o
                0x08001e9c                tcp_input
 .text.tcp_listen_input
                0x0800246c      0x1a4 ..\obj\tcp_in.o
 .text.tcp_timewait_input
                0x08002610       0xe8 ..\obj\tcp_in.o
 .text.tcp_process
                0x080026f8      0x6cc ..\obj\tcp_in.o
 .text.tcp_receive
                0x08002dc4      0x890 ..\obj\tcp_in.o
 .text.tcp_parseopt
                0x08003654      0x104 ..\obj\tcp_in.o
 .text.memp_init
                0x08003758       0x98 ..\obj\memp.o
                0x08003758                memp_init
 .text.memp_malloc
                0x080037f0       0x44 ..\obj\memp.o
                0x080037f0                memp_malloc
 .text.memp_free
                0x08003834       0x3c ..\obj\memp.o
                0x08003834                memp_free
 .text.autoip_handle_arp_conflict
                0x08003870       0x40 ..\obj\autoip.o
 .text.autoip_create_addr
                0x080038b0       0x8c ..\obj\autoip.o
 .text.autoip_arp_announce
                0x0800393c       0x4c ..\obj\autoip.o
 .text.autoip_start
                0x08003988       0xac ..\obj\autoip.o
                0x08003988                autoip_start
 .text.autoip_start_probing
                0x08003a34       0x88 ..\obj\autoip.o
 .text.autoip_arp_reply
                0x08003abc       0xec ..\obj\autoip.o
                0x08003abc                autoip_arp_reply
 .text.ip_reass_free_complete_datagram
                0x08003ba8       0xb8 ..\obj\ip_frag.o
 .text.ip_reass_remove_oldest_datagram
                0x08003c60       0xb8 ..\obj\ip_frag.o
 .text.ip_reass_enqueue_new_datagram
                0x08003d18       0x74 ..\obj\ip_frag.o
 .text.ip_reass_dequeue_datagram
                0x08003d8c       0x38 ..\obj\ip_frag.o
 .text.ip_reass_chain_frag_into_datagram_and_validate
                0x08003dc4      0x1fc ..\obj\ip_frag.o
 .text.ip_reass
                0x08003fc0      0x268 ..\obj\ip_frag.o
                0x08003fc0                ip_reass
 .text.ip_frag  0x08004228      0x1a4 ..\obj\ip_frag.o
                0x08004228                ip_frag
 .text.prveMBError2Exception
                0x080043cc       0x40 ..\obj\mbutils.o
                0x080043cc                prveMBError2Exception
 .text.Default_Reset_Handler
                0x0800440c       0x5c ..\obj\startup_stm32f4xx.o
                0x0800440c                Default_Reset_Handler
                0x0800440c                Reset_Handler
 .text.Default_Handler
                0x08004468        0x8 ..\obj\startup_stm32f4xx.o
                0x08004468                RTC_Alarm_IRQHandler
                0x08004468                HASH_RNG_IRQHandler
                0x08004468                EXTI2_IRQHandler
                0x08004468                TIM8_CC_IRQHandler
                0x08004468                TIM1_CC_IRQHandler
                0x08004468                DMA2_Stream5_IRQHandler
                0x08004468                DMA1_Stream5_IRQHandler
                0x08004468                PVD_IRQHandler
                0x08004468                SDIO_IRQHandler
                0x08004468                TAMP_STAMP_IRQHandler
                0x08004468                CAN2_RX1_IRQHandler
                0x08004468                EXTI3_IRQHandler
                0x08004468                TIM8_TRG_COM_TIM14_IRQHandler
                0x08004468                TIM1_UP_TIM10_IRQHandler
                0x08004468                TIM8_UP_TIM13_IRQHandler
                0x08004468                I2C3_ER_IRQHandler
                0x08004468                EXTI0_IRQHandler
                0x08004468                I2C2_EV_IRQHandler
                0x08004468                DMA1_Stream2_IRQHandler
                0x08004468                CAN1_RX0_IRQHandler
                0x08004468                FPU_IRQHandler
                0x08004468                OTG_HS_WKUP_IRQHandler
                0x08004468                CAN2_SCE_IRQHandler
                0x08004468                DMA2_Stream2_IRQHandler
                0x08004468                SPI1_IRQHandler
                0x08004468                TIM6_DAC_IRQHandler
                0x08004468                TIM1_BRK_TIM9_IRQHandler
                0x08004468                DCMI_IRQHandler
                0x08004468                CAN2_RX0_IRQHandler
                0x08004468                DMA2_Stream3_IRQHandler
                0x08004468                USART6_IRQHandler
                0x08004468                USART3_IRQHandler
                0x08004468                CRYP_IRQHandler
                0x08004468                CAN1_RX1_IRQHandler
                0x08004468                UART5_IRQHandler
                0x08004468                TIM4_IRQHandler
                0x08004468                I2C1_EV_IRQHandler
                0x08004468                DMA1_Stream6_IRQHandler
                0x08004468                DMA1_Stream1_IRQHandler
                0x08004468                UART4_IRQHandler
                0x08004468                TIM3_IRQHandler
                0x08004468                RCC_IRQHandler
                0x08004468                TIM8_BRK_TIM12_IRQHandler
                0x08004468                EXTI15_10_IRQHandler
                0x08004468                ADC_IRQHandler
                0x08004468                DMA1_Stream7_IRQHandler
                0x08004468                TIM7_IRQHandler
                0x08004468                CAN2_TX_IRQHandler
                0x08004468                TIM5_IRQHandler
                0x08004468                DMA2_Stream7_IRQHandler
                0x08004468                I2C3_EV_IRQHandler
                0x08004468                EXTI9_5_IRQHandler
                0x08004468                RTC_WKUP_IRQHandler
                0x08004468                ETH_WKUP_IRQHandler
                0x08004468                SPI2_IRQHandler
                0x08004468                OTG_HS_EP1_IN_IRQHandler
                0x08004468                DMA1_Stream0_IRQHandler
                0x08004468                CAN1_TX_IRQHandler
                0x08004468                EXTI4_IRQHandler
                0x08004468                FSMC_IRQHandler
                0x08004468                ETH_IRQHandler
                0x08004468                OTG_HS_EP1_OUT_IRQHandler
                0x08004468                WWDG_IRQHandler
                0x08004468                TIM2_IRQHandler
                0x08004468                OTG_FS_WKUP_IRQHandler
                0x08004468                TIM1_TRG_COM_TIM11_IRQHandler
                0x08004468                OTG_HS_IRQHandler
                0x08004468                EXTI1_IRQHandler
                0x08004468                USART2_IRQHandler
                0x08004468                I2C2_ER_IRQHandler
                0x08004468                DMA2_Stream1_IRQHandler
                0x08004468                CAN1_SCE_IRQHandler
                0x08004468                FLASH_IRQHandler
                0x08004468                DMA2_Stream4_IRQHandler
                0x08004468                USART1_IRQHandler
                0x08004468                OTG_FS_IRQHandler
                0x08004468                SPI3_IRQHandler
                0x08004468                DMA1_Stream4_IRQHandler
                0x08004468                I2C1_ER_IRQHandler
                0x08004468                DMA2_Stream6_IRQHandler
                0x08004468                DMA1_Stream3_IRQHandler
 .text.ETH_Delay
                0x08004470       0x28 ..\obj\stm32f4x7_eth.o
 .text.ETH_DeInit
                0x08004498       0x1c ..\obj\stm32f4x7_eth.o
                0x08004498                ETH_DeInit
 .text.ETH_StructInit
                0x080044b4      0x15c ..\obj\stm32f4x7_eth.o
                0x080044b4                ETH_StructInit
 .text.ETH_Init
                0x08004610      0x434 ..\obj\stm32f4x7_eth.o
                0x08004610                ETH_Init
 .text.ETH_Start
                0x08004a44       0x24 ..\obj\stm32f4x7_eth.o
                0x08004a44                ETH_Start
 .text.ETH_MACTransmissionCmd
                0x08004a68       0x38 ..\obj\stm32f4x7_eth.o
                0x08004a68                ETH_MACTransmissionCmd
 .text.ETH_MACReceptionCmd
                0x08004aa0       0x38 ..\obj\stm32f4x7_eth.o
                0x08004aa0                ETH_MACReceptionCmd
 .text.ETH_MACAddressConfig
                0x08004ad8       0x6c ..\obj\stm32f4x7_eth.o
                0x08004ad8                ETH_MACAddressConfig
 .text.ETH_Get_Received_Frame
                0x08004b44       0x84 ..\obj\stm32f4x7_eth.o
                0x08004b44                ETH_Get_Received_Frame
 .text.ETH_Prepare_Transmit_Descriptors
                0x08004bc8      0x16c ..\obj\stm32f4x7_eth.o
                0x08004bc8                ETH_Prepare_Transmit_Descriptors
 .text.ETH_DMARxDescChainInit
                0x08004d34       0xa8 ..\obj\stm32f4x7_eth.o
                0x08004d34                ETH_DMARxDescChainInit
 .text.ETH_CheckFrameReceived
                0x08004ddc       0xd4 ..\obj\stm32f4x7_eth.o
                0x08004ddc                ETH_CheckFrameReceived
 .text.ETH_DMATxDescChainInit
                0x08004eb0       0x90 ..\obj\stm32f4x7_eth.o
                0x08004eb0                ETH_DMATxDescChainInit
 .text.ETH_DMATxDescChecksumInsertionConfig
                0x08004f40       0x20 ..\obj\stm32f4x7_eth.o
                0x08004f40                ETH_DMATxDescChecksumInsertionConfig
 .text.ETH_SoftwareReset
                0x08004f60       0x24 ..\obj\stm32f4x7_eth.o
                0x08004f60                ETH_SoftwareReset
 .text.ETH_GetSoftwareResetStatus
                0x08004f84       0x38 ..\obj\stm32f4x7_eth.o
                0x08004f84                ETH_GetSoftwareResetStatus
 .text.ETH_FlushTransmitFIFO
                0x08004fbc       0x28 ..\obj\stm32f4x7_eth.o
                0x08004fbc                ETH_FlushTransmitFIFO
 .text.ETH_DMATransmissionCmd
                0x08004fe4       0x50 ..\obj\stm32f4x7_eth.o
                0x08004fe4                ETH_DMATransmissionCmd
 .text.ETH_DMAReceptionCmd
                0x08005034       0x50 ..\obj\stm32f4x7_eth.o
                0x08005034                ETH_DMAReceptionCmd
 .text.ETH_ReadPHYRegister
                0x08005084       0xa0 ..\obj\stm32f4x7_eth.o
                0x08005084                ETH_ReadPHYRegister
 .text.ETH_WritePHYRegister
                0x08005124       0xa4 ..\obj\stm32f4x7_eth.o
                0x08005124                ETH_WritePHYRegister
 .text.ip_addr_isbroadcast
                0x080051c8       0x7c ..\obj\ip_addr.o
                0x080051c8                ip_addr_isbroadcast
 .text.eMBFuncWriteHoldingRegister
                0x08005244       0x70 ..\obj\mbfuncholding.o
                0x08005244                eMBFuncWriteHoldingRegister
 .text.eMBFuncWriteMultipleHoldingRegister
                0x080052b4       0xbc ..\obj\mbfuncholding.o
                0x080052b4                eMBFuncWriteMultipleHoldingRegister
 .text.eMBFuncReadHoldingRegister
                0x08005370       0xe4 ..\obj\mbfuncholding.o
                0x08005370                eMBFuncReadHoldingRegister
 .text.eMBFuncReadWriteMultipleHoldingRegister
                0x08005454      0x160 ..\obj\mbfuncholding.o
                0x08005454                eMBFuncReadWriteMultipleHoldingRegister
 .text.lwip_standard_chksum
                0x080055b4       0x9c ..\obj\inet_chksum.o
 .text.inet_chksum
                0x08005650       0x24 ..\obj\inet_chksum.o
                0x08005650                inet_chksum
 .text.inet_chksum_pbuf
                0x08005674       0x98 ..\obj\inet_chksum.o
                0x08005674                inet_chksum_pbuf
 .text.main     0x0800570c       0x70 ..\obj\main.o
                0x0800570c                main
 .text.Time_Update
                0x0800577c       0x1c ..\obj\main.o
                0x0800577c                Time_Update
 .text.eMBRegInputCB
                0x08005798       0xac ..\obj\main.o
                0x08005798                eMBRegInputCB
 .text.eMBRegHoldingCB
                0x08005844       0xe8 ..\obj\main.o
                0x08005844                eMBRegHoldingCB
 .text.eMBRegCoilsCB
                0x0800592c       0x28 ..\obj\main.o
                0x0800592c                eMBRegCoilsCB
 .text.eMBRegDiscreteCB
                0x08005954       0x20 ..\obj\main.o
                0x08005954                eMBRegDiscreteCB
 .text.RCC_GetClocksFreq
                0x08005974      0x154 ..\obj\stm32f4xx_rcc.o
                0x08005974                RCC_GetClocksFreq
 .text.RCC_AHB1PeriphClockCmd
                0x08005ac8       0x3c ..\obj\stm32f4xx_rcc.o
                0x08005ac8                RCC_AHB1PeriphClockCmd
 .text.RCC_APB1PeriphClockCmd
                0x08005b04       0x3c ..\obj\stm32f4xx_rcc.o
                0x08005b04                RCC_APB1PeriphClockCmd
 .text.RCC_APB2PeriphClockCmd
                0x08005b40       0x3c ..\obj\stm32f4xx_rcc.o
                0x08005b40                RCC_APB2PeriphClockCmd
 .text.RCC_AHB1PeriphResetCmd
                0x08005b7c       0x3c ..\obj\stm32f4xx_rcc.o
                0x08005b7c                RCC_AHB1PeriphResetCmd
 .text.LwIP_Init
                0x08005bb8       0x74 ..\obj\netconf.o
                0x08005bb8                LwIP_Init
 .text.LwIP_Pkt_Handle
                0x08005c2c       0x10 ..\obj\netconf.o
                0x08005c2c                LwIP_Pkt_Handle
 .text.LwIP_Periodic_Handle
                0x08005c3c       0x48 ..\obj\netconf.o
                0x08005c3c                LwIP_Periodic_Handle
 .text.NMI_Handler
                0x08005c84        0xc ..\obj\stm32f4xx_it.o
                0x08005c84                NMI_Handler
 .text.HardFault_Handler
                0x08005c90        0x8 ..\obj\stm32f4xx_it.o
                0x08005c90                HardFault_Handler
 .text.MemManage_Handler
                0x08005c98        0x8 ..\obj\stm32f4xx_it.o
                0x08005c98                MemManage_Handler
 .text.BusFault_Handler
                0x08005ca0        0x8 ..\obj\stm32f4xx_it.o
                0x08005ca0                BusFault_Handler
 .text.UsageFault_Handler
                0x08005ca8        0x8 ..\obj\stm32f4xx_it.o
                0x08005ca8                UsageFault_Handler
 .text.SVC_Handler
                0x08005cb0        0xc ..\obj\stm32f4xx_it.o
                0x08005cb0                SVC_Handler
 .text.DebugMon_Handler
                0x08005cbc        0xc ..\obj\stm32f4xx_it.o
                0x08005cbc                DebugMon_Handler
 .text.PendSV_Handler
                0x08005cc8        0xc ..\obj\stm32f4xx_it.o
                0x08005cc8                PendSV_Handler
 .text.SysTick_Handler
                0x08005cd4        0xc ..\obj\stm32f4xx_it.o
                0x08005cd4                SysTick_Handler
 .text.ADC_Init
                0x08005ce0       0xa8 ..\obj\stm32f4xx_adc.o
                0x08005ce0                ADC_Init
 .text.ADC_CommonInit
                0x08005d88       0x50 ..\obj\stm32f4xx_adc.o
                0x08005d88                ADC_CommonInit
 .text.ADC_Cmd  0x08005dd8       0x38 ..\obj\stm32f4xx_adc.o
                0x08005dd8                ADC_Cmd
 .text.ADC_RegularChannelConfig
                0x08005e10      0x194 ..\obj\stm32f4xx_adc.o
                0x08005e10                ADC_RegularChannelConfig
 .text.ADC_DMACmd
                0x08005fa4       0x38 ..\obj\stm32f4xx_adc.o
                0x08005fa4                ADC_DMACmd
 .text.ADC_DMARequestAfterLastTransferCmd
                0x08005fdc       0x38 ..\obj\stm32f4xx_adc.o
                0x08005fdc                ADC_DMARequestAfterLastTransferCmd
 .text.NVIC_SetPriority
                0x08006014       0x54 ..\obj\stm32f4x7_eth_bsp.o
 .text.SysTick_Config
                0x08006068       0x44 ..\obj\stm32f4x7_eth_bsp.o
 .text.ETH_BSP_Config
                0x080060ac       0x44 ..\obj\stm32f4x7_eth_bsp.o
                0x080060ac                ETH_BSP_Config
 .text.ETH_MACDMA_Config
                0x080060f0       0xbc ..\obj\stm32f4x7_eth_bsp.o
 .text.ETH_GPIO_Config
                0x080061ac      0x130 ..\obj\stm32f4x7_eth_bsp.o
 .text.eMBFuncReadInputRegister
                0x080062dc       0xe8 ..\obj\mbfuncinput.o
                0x080062dc                eMBFuncReadInputRegister
 .text.low_level_init
                0x080063c4       0xb0 ..\obj\ethernetif.o
 .text.low_level_output
                0x08006474       0x68 ..\obj\ethernetif.o
 .text.low_level_input
                0x080064dc       0xf4 ..\obj\ethernetif.o
 .text.ethernetif_input
                0x080065d0       0x48 ..\obj\ethernetif.o
                0x080065d0                ethernetif_input
 .text.ethernetif_init
                0x08006618       0x48 ..\obj\ethernetif.o
                0x08006618                ethernetif_init
 .text.free_etharp_q
                0x08006660       0x34 ..\obj\etharp.o
 .text.etharp_tmr
                0x08006694       0xfc ..\obj\etharp.o
                0x08006694                etharp_tmr
 .text.find_entry
                0x08006790      0x2c0 ..\obj\etharp.o
 .text.etharp_send_ip
                0x08006a50       0x68 ..\obj\etharp.o
 .text.update_arp_entry
                0x08006ab8      0x150 ..\obj\etharp.o
 .text.etharp_ip_input
                0x08006c08       0x50 ..\obj\etharp.o
                0x08006c08                etharp_ip_input
 .text.etharp_arp_input
                0x08006c58      0x1fc ..\obj\etharp.o
                0x08006c58                etharp_arp_input
 .text.etharp_output
                0x08006e54       0xf8 ..\obj\etharp.o
                0x08006e54                etharp_output
 .text.etharp_query
                0x08006f4c      0x220 ..\obj\etharp.o
                0x08006f4c                etharp_query
 .text.etharp_raw
                0x0800716c      0x148 ..\obj\etharp.o
                0x0800716c                etharp_raw
 .text.etharp_request
                0x080072b4       0x48 ..\obj\etharp.o
                0x080072b4                etharp_request
 .text.ethernet_input
                0x080072fc       0x88 ..\obj\etharp.o
                0x080072fc                ethernet_input
 .text.pbuf_alloc
                0x08007384      0x1f4 ..\obj\pbuf.o
                0x08007384                pbuf_alloc
 .text.pbuf_realloc
                0x08007578       0xb0 ..\obj\pbuf.o
                0x08007578                pbuf_realloc
 .text.pbuf_header
                0x08007628       0xe0 ..\obj\pbuf.o
                0x08007628                pbuf_header
 .text.pbuf_free
                0x08007708       0x88 ..\obj\pbuf.o
                0x08007708                pbuf_free
 .text.pbuf_clen
                0x08007790       0x30 ..\obj\pbuf.o
                0x08007790                pbuf_clen
 .text.pbuf_ref
                0x080077c0       0x24 ..\obj\pbuf.o
                0x080077c0                pbuf_ref
 .text.pbuf_cat
                0x080077e4       0x5c ..\obj\pbuf.o
                0x080077e4                pbuf_cat
 .text.pbuf_chain
                0x08007840       0x20 ..\obj\pbuf.o
                0x08007840                pbuf_chain
 .text.pbuf_copy
                0x08007860      0x100 ..\obj\pbuf.o
                0x08007860                pbuf_copy
 .text.pbuf_copy_partial
                0x08007960       0xcc ..\obj\pbuf.o
                0x08007960                pbuf_copy_partial
 .text.htons    0x08007a2c       0x2c ..\obj\inet.o
                0x08007a2c                htons
 .text.ntohs    0x08007a58       0x1c ..\obj\inet.o
                0x08007a58                ntohs
 .text.htonl    0x08007a74       0x34 ..\obj\inet.o
                0x08007a74                htonl
 .text.ntohl    0x08007aa8       0x18 ..\obj\inet.o
                0x08007aa8                ntohl
 .text.netif_add
                0x08007ac0       0x94 ..\obj\netif.o
                0x08007ac0                netif_add
 .text.netif_set_addr
                0x08007b54       0x2c ..\obj\netif.o
                0x08007b54                netif_set_addr
 .text.netif_set_ipaddr
                0x08007b80       0xac ..\obj\netif.o
                0x08007b80                netif_set_ipaddr
 .text.netif_set_gw
                0x08007c2c       0x28 ..\obj\netif.o
                0x08007c2c                netif_set_gw
 .text.netif_set_netmask
                0x08007c54       0x28 ..\obj\netif.o
                0x08007c54                netif_set_netmask
 .text.netif_set_default
                0x08007c7c       0x1c ..\obj\netif.o
                0x08007c7c                netif_set_default
 .text.netif_set_up
                0x08007c98       0x58 ..\obj\netif.o
                0x08007c98                netif_set_up
 .text.netif_set_down
                0x08007cf0       0x40 ..\obj\netif.o
                0x08007cf0                netif_set_down
 .text.netif_is_up
                0x08007d30       0x28 ..\obj\netif.o
                0x08007d30                netif_is_up
 .text.GPIO_Init
                0x08007d58      0x11c ..\obj\stm32f4xx_gpio.o
                0x08007d58                GPIO_Init
 .text.GPIO_SetBits
                0x08007e74       0x1c ..\obj\stm32f4xx_gpio.o
                0x08007e74                GPIO_SetBits
 .text.GPIO_ResetBits
                0x08007e90       0x1c ..\obj\stm32f4xx_gpio.o
                0x08007e90                GPIO_ResetBits
 .text.GPIO_PinAFConfig
                0x08007eac       0x90 ..\obj\stm32f4xx_gpio.o
                0x08007eac                GPIO_PinAFConfig
 .text.SystemInit
                0x08007f3c       0x58 ..\obj\system_stm32f4xx.o
                0x08007f3c                SystemInit
 .text.SetSysClock
                0x08007f94       0xf4 ..\obj\system_stm32f4xx.o
 .text._sbrk    0x08008088       0x40 ..\obj\syscalls.o
                0x08008088                _sbrk
 .text._close   0x080080c8       0x18 ..\obj\syscalls.o
                0x080080c8                _close
 .text._fstat   0x080080e0       0x20 ..\obj\syscalls.o
                0x080080e0                _fstat
 .text._isatty  0x08008100       0x18 ..\obj\syscalls.o
                0x08008100                _isatty
 .text._lseek   0x08008118       0x1c ..\obj\syscalls.o
                0x08008118                _lseek
 .text._read    0x08008134       0x1c ..\obj\syscalls.o
                0x08008134                _read
 .text._write   0x08008150       0x1c ..\obj\syscalls.o
                0x08008150                _write
 .text.DMA_DeInit
                0x0800816c      0x1a4 ..\obj\stm32f4xx_dma.o
                0x0800816c                DMA_DeInit
 .text.DMA_Init
                0x08008310       0xac ..\obj\stm32f4xx_dma.o
                0x08008310                DMA_Init
 .text.DMA_Cmd  0x080083bc       0x38 ..\obj\stm32f4xx_dma.o
                0x080083bc                DMA_Cmd
 .text.DMA_ClearFlag
                0x080083f4       0x5c ..\obj\stm32f4xx_dma.o
                0x080083f4                DMA_ClearFlag
 .text.DMA_ITConfig
                0x08008450       0x74 ..\obj\stm32f4xx_dma.o
                0x08008450                DMA_ITConfig
 .text.DMA_GetITStatus
                0x080084c4       0xb0 ..\obj\stm32f4xx_dma.o
                0x080084c4                DMA_GetITStatus
 .text.DMA_ClearITPendingBit
                0x08008574       0x5c ..\obj\stm32f4xx_dma.o
                0x08008574                DMA_ClearITPendingBit
 .text.prvvMBTCPLogFrame
                0x080085d0      0x18c ..\obj\portother.o
                0x080085d0                prvvMBTCPLogFrame
 .text.vMBPortLog
                0x0800875c       0x44 ..\obj\portother.o
                0x0800875c                vMBPortLog
 .text.ADC1_Init
                0x080087a0      0x208 ..\obj\adc.o
                0x080087a0                ADC1_Init
 .text.DMA2_Stream0_IRQHandler
                0x080089a8       0x68 ..\obj\adc.o
                0x080089a8                DMA2_Stream0_IRQHandler
 .text.udp_input
                0x08008a10      0x290 ..\obj\udp.o
                0x08008a10                udp_input
 .text.udp_sendto
                0x08008ca0       0x40 ..\obj\udp.o
                0x08008ca0                udp_sendto
 .text.udp_sendto_if
                0x08008ce0      0x128 ..\obj\udp.o
                0x08008ce0                udp_sendto_if
 .text.udp_bind
                0x08008e08       0xc0 ..\obj\udp.o
                0x08008e08                udp_bind
 .text.udp_new  0x08008ec8       0x30 ..\obj\udp.o
                0x08008ec8                udp_new
 .text.ip_route
                0x08008ef8       0x70 ..\obj\ip.o
                0x08008ef8                ip_route
 .text.ip_input
                0x08008f68      0x278 ..\obj\ip.o
                0x08008f68                ip_input
 .text.ip_output_if
                0x080091e0      0x194 ..\obj\ip.o
                0x080091e0                ip_output_if
 .text.ip_output
                0x08009374       0x4c ..\obj\ip.o
                0x08009374                ip_output
 .text.eMBFuncReadCoils
                0x080093c0      0x104 ..\obj\mbfunccoils.o
                0x080093c0                eMBFuncReadCoils
 .text.eMBFuncWriteCoil
                0x080094c4       0xb0 ..\obj\mbfunccoils.o
                0x080094c4                eMBFuncWriteCoil
 .text.eMBFuncWriteMultipleCoils
                0x08009574       0xd8 ..\obj\mbfunccoils.o
                0x08009574                eMBFuncWriteMultipleCoils
 .text.icmp_input
                0x0800964c      0x200 ..\obj\icmp.o
                0x0800964c                icmp_input
 .text.icmp_dest_unreach
                0x0800984c       0x20 ..\obj\icmp.o
                0x0800984c                icmp_dest_unreach
 .text.icmp_time_exceeded
                0x0800986c       0x20 ..\obj\icmp.o
                0x0800986c                icmp_time_exceeded
 .text.icmp_send_response
                0x0800988c       0xa8 ..\obj\icmp.o
 .text.NVIC_PriorityGroupConfig
                0x08009934       0x24 ..\obj\misc.o
                0x08009934                NVIC_PriorityGroupConfig
 .text.NVIC_Init
                0x08009958       0xc0 ..\obj\misc.o
                0x08009958                NVIC_Init
 .text.SysTick_CLKSourceConfig
                0x08009a18       0x38 ..\obj\misc.o
                0x08009a18                SysTick_CLKSourceConfig
 .text.udp_client_init
                0x08009a50       0x50 ..\obj\udp_send.o
                0x08009a50                udp_client_init
 .text.delay    0x08009aa0       0x20 ..\obj\udp_send.o
                0x08009aa0                delay
 .text.udp_client_send_buf
                0x08009ac0       0x80 ..\obj\udp_send.o
                0x08009ac0                udp_client_send_buf
 .text.eMBTCPDoInit
                0x08009b40       0x2c ..\obj\mbtcp.o
                0x08009b40                eMBTCPDoInit
 .text.eMBTCPStart
                0x08009b6c        0xc ..\obj\mbtcp.o
                0x08009b6c                eMBTCPStart
 .text.eMBTCPStop
                0x08009b78        0xc ..\obj\mbtcp.o
                0x08009b78                eMBTCPStop
 .text.eMBTCPReceive
                0x08009b84       0x74 ..\obj\mbtcp.o
                0x08009b84                eMBTCPReceive
 .text.eMBTCPSend
                0x08009bf8       0x5c ..\obj\mbtcp.o
                0x08009bf8                eMBTCPSend
 .text.dhcp_arp_reply
                0x08009c54       0x40 ..\obj\dhcp.o
                0x08009c54                dhcp_arp_reply
 .text.dhcp_decline
                0x08009c94       0xd4 ..\obj\dhcp.o
 .text.dhcp_set_state
                0x08009d68       0x2c ..\obj\dhcp.o
 .text.dhcp_option
                0x08009d94       0x4c ..\obj\dhcp.o
 .text.dhcp_option_byte
                0x08009de0       0x30 ..\obj\dhcp.o
 .text.dhcp_option_long
                0x08009e10       0x98 ..\obj\dhcp.o
 .text.dhcp_create_request
                0x08009ea8      0x1e8 ..\obj\dhcp.o
 .text.dhcp_delete_request
                0x0800a090       0x44 ..\obj\dhcp.o
 .text.dhcp_option_trailer
                0x0800a0d4       0x60 ..\obj\dhcp.o
 .text.TIM_TimeBaseInit
                0x0800a134       0xd4 ..\obj\stm32f4xx_tim.o
                0x0800a134                TIM_TimeBaseInit
 .text.TIM_TimeBaseStructInit
                0x0800a208       0x34 ..\obj\stm32f4xx_tim.o
                0x0800a208                TIM_TimeBaseStructInit
 .text.TIM_Cmd  0x0800a23c       0x40 ..\obj\stm32f4xx_tim.o
                0x0800a23c                TIM_Cmd
 .text.TIM_SelectOutputTrigger
                0x0800a27c       0x38 ..\obj\stm32f4xx_tim.o
                0x0800a27c                TIM_SelectOutputTrigger
 .text.tcp_output_set_header
                0x0800a2b4       0xec ..\obj\tcp_out.o
 .text.tcp_send_ctrl
                0x0800a3a0       0x2c ..\obj\tcp_out.o
                0x0800a3a0                tcp_send_ctrl
 .text.tcp_write
                0x0800a3cc       0x64 ..\obj\tcp_out.o
                0x0800a3cc                tcp_write
 .text.tcp_enqueue
                0x0800a430      0x570 ..\obj\tcp_out.o
                0x0800a430                tcp_enqueue
 .text.tcp_send_empty_ack
                0x0800a9a0       0x84 ..\obj\tcp_out.o
                0x0800a9a0                tcp_send_empty_ack
 .text.tcp_output
                0x0800aa24      0x2c8 ..\obj\tcp_out.o
                0x0800aa24                tcp_output
 .text.tcp_output_segment
                0x0800acec      0x144 ..\obj\tcp_out.o
 .text.tcp_rst  0x0800ae30       0xf0 ..\obj\tcp_out.o
                0x0800ae30                tcp_rst
 .text.tcp_rexmit_rto
                0x0800af20       0x60 ..\obj\tcp_out.o
                0x0800af20                tcp_rexmit_rto
 .text.tcp_rexmit
                0x0800af80       0x84 ..\obj\tcp_out.o
                0x0800af80                tcp_rexmit
 .text.tcp_rexmit_fast
                0x0800b004       0xac ..\obj\tcp_out.o
                0x0800b004                tcp_rexmit_fast
 .text.tcp_keepalive
                0x0800b0b0       0x5c ..\obj\tcp_out.o
                0x0800b0b0                tcp_keepalive
 .text.tcp_zero_window_probe
                0x0800b10c       0xe0 ..\obj\tcp_out.o
                0x0800b10c                tcp_zero_window_probe
 .text.raw_input
                0x0800b1ec       0xac ..\obj\raw.o
                0x0800b1ec                raw_input
 .text          0x0800b298      0x370 c:/program files/gnu tools arm embedded/4.9 2015q2/bin/../lib/gcc/arm-none-eabi/4.9.3/armv7e-m\libgcc.a(_arm_addsubdf3.o)
                0x0800b298                __aeabi_drsub
                0x0800b2a0                __aeabi_dsub
                0x0800b2a0                __subdf3
                0x0800b2a4                __aeabi_dadd
                0x0800b2a4                __adddf3
                0x0800b51c                __floatunsidf
                0x0800b51c                __aeabi_ui2d
                0x0800b53c                __floatsidf
                0x0800b53c                __aeabi_i2d
                0x0800b560                __aeabi_f2d
                0x0800b560                __extendsfdf2
                0x0800b59c                __floatundidf
                0x0800b59c                __aeabi_ul2d
                0x0800b5ac                __floatdidf
                0x0800b5ac                __aeabi_l2d
 .text          0x0800b608      0x424 c:/program files/gnu tools arm embedded/4.9 2015q2/bin/../lib/gcc/arm-none-eabi/4.9.3/armv7e-m\libgcc.a(_arm_muldivdf3.o)
                0x0800b608                __aeabi_dmul
                0x0800b608                __muldf3
                0x0800b85c                __divdf3
                0x0800b85c                __aeabi_ddiv
 .text.memcmp   0x0800ba2c       0x64 c:/program files/gnu tools arm embedded/4.9 2015q2/bin/../lib/gcc/arm-none-eabi/4.9.3/../../../../arm-none-eabi/lib/armv7e-m\libg.a(lib_a-memcmp.o)
                0x0800ba2c                memcmp
 .text          0x0800ba90      0x134 c:/program files/gnu tools arm embedded/4.9 2015q2/bin/../lib/gcc/arm-none-eabi/4.9.3/../../../../arm-none-eabi/lib/armv7e-m\libg.a(lib_a-memcpy.o)
                0x0800ba90                memcpy
 .text.memset   0x0800bbc4       0x9c c:/program files/gnu tools arm embedded/4.9 2015q2/bin/../lib/gcc/arm-none-eabi/4.9.3/../../../../arm-none-eabi/lib/armv7e-m\libg.a(lib_a-memset.o)
                0x0800bbc4                memset
 .text.printf   0x0800bc60       0x28 c:/program files/gnu tools arm embedded/4.9 2015q2/bin/../lib/gcc/arm-none-eabi/4.9.3/../../../../arm-none-eabi/lib/armv7e-m\libg.a(lib_a-printf.o)
                0x0800bc60                printf
 .text.snprintf
                0x0800bc88       0x9c c:/program files/gnu tools arm embedded/4.9 2015q2/bin/../lib/gcc/arm-none-eabi/4.9.3/../../../../arm-none-eabi/lib/armv7e-m\libg.a(lib_a-snprintf.o)
                0x0800bc88                snprintf
 .text.strlen   0x0800bd24       0x5c c:/program files/gnu tools arm embedded/4.9 2015q2/bin/../lib/gcc/arm-none-eabi/4.9.3/../../../../arm-none-eabi/lib/armv7e-m\libg.a(lib_a-strlen.o)
                0x0800bd24                strlen
 .text._svfprintf_r
                0x0800bd80     0x1494 c:/program files/gnu tools arm embedded/4.9 2015q2/bin/../lib/gcc/arm-none-eabi/4.9.3/../../../../arm-none-eabi/lib/armv7e-m\libg.a(lib_a-svfprintf.o)
                0x0800bd80                _svfprintf_r
 .text._vfprintf_r
                0x0800d214     0x13e8 c:/program files/gnu tools arm embedded/4.9 2015q2/bin/../lib/gcc/arm-none-eabi/4.9.3/../../../../arm-none-eabi/lib/armv7e-m\libg.a(lib_a-vfprintf.o)
                0x0800d214                _vfprintf_r
 .text.__sbprintf
                0x0800e5fc       0x78 c:/program files/gnu tools arm embedded/4.9 2015q2/bin/../lib/gcc/arm-none-eabi/4.9.3/../../../../arm-none-eabi/lib/armv7e-m\libg.a(lib_a-vfprintf.o)
 .text.vprintf  0x0800e674       0x1c c:/program files/gnu tools arm embedded/4.9 2015q2/bin/../lib/gcc/arm-none-eabi/4.9.3/../../../../arm-none-eabi/lib/armv7e-m\libg.a(lib_a-vprintf.o)
                0x0800e674                vprintf
 .text.__swsetup_r
                0x0800e690       0xc4 c:/program files/gnu tools arm embedded/4.9 2015q2/bin/../lib/gcc/arm-none-eabi/4.9.3/../../../../arm-none-eabi/lib/armv7e-m\libg.a(lib_a-wsetup.o)
                0x0800e690                __swsetup_r
 .text.quorem   0x0800e754      0x12c c:/program files/gnu tools arm embedded/4.9 2015q2/bin/../lib/gcc/arm-none-eabi/4.9.3/../../../../arm-none-eabi/lib/armv7e-m\libg.a(lib_a-dtoa.o)
 .text._dtoa_r  0x0800e880      0xe94 c:/program files/gnu tools arm embedded/4.9 2015q2/bin/../lib/gcc/arm-none-eabi/4.9.3/../../../../arm-none-eabi/lib/armv7e-m\libg.a(lib_a-dtoa.o)
                0x0800e880                _dtoa_r
 .text.__sflush_r
                0x0800f714      0x154 c:/program files/gnu tools arm embedded/4.9 2015q2/bin/../lib/gcc/arm-none-eabi/4.9.3/../../../../arm-none-eabi/lib/armv7e-m\libg.a(lib_a-fflush.o)
                0x0800f714                __sflush_r
 .text._fflush_r
                0x0800f868       0x2c c:/program files/gnu tools arm embedded/4.9 2015q2/bin/../lib/gcc/arm-none-eabi/4.9.3/../../../../arm-none-eabi/lib/armv7e-m\libg.a(lib_a-fflush.o)
                0x0800f868                _fflush_r
 .text._cleanup_r
                0x0800f894        0xc c:/program files/gnu tools arm embedded/4.9 2015q2/bin/../lib/gcc/arm-none-eabi/4.9.3/../../../../arm-none-eabi/lib/armv7e-m\libg.a(lib_a-findfp.o)
                0x0800f894                _cleanup_r
 .text.__sinit.part.1
                0x0800f8a0       0xf0 c:/program files/gnu tools arm embedded/4.9 2015q2/bin/../lib/gcc/arm-none-eabi/4.9.3/../../../../arm-none-eabi/lib/armv7e-m\libg.a(lib_a-findfp.o)
 .text.__sinit  0x0800f990        0xc c:/program files/gnu tools arm embedded/4.9 2015q2/bin/../lib/gcc/arm-none-eabi/4.9.3/../../../../arm-none-eabi/lib/armv7e-m\libg.a(lib_a-findfp.o)
                0x0800f990                __sinit
 .text.__sfp_lock_acquire
                0x0800f99c        0x4 c:/program files/gnu tools arm embedded/4.9 2015q2/bin/../lib/gcc/arm-none-eabi/4.9.3/../../../../arm-none-eabi/lib/armv7e-m\libg.a(lib_a-findfp.o)
                0x0800f99c                __sfp_lock_acquire
 .text.__sfp_lock_release
                0x0800f9a0        0x4 c:/program files/gnu tools arm embedded/4.9 2015q2/bin/../lib/gcc/arm-none-eabi/4.9.3/../../../../arm-none-eabi/lib/armv7e-m\libg.a(lib_a-findfp.o)
                0x0800f9a0                __sfp_lock_release
 .text._malloc_trim_r
                0x0800f9a4       0x9c c:/program files/gnu tools arm embedded/4.9 2015q2/bin/../lib/gcc/arm-none-eabi/4.9.3/../../../../arm-none-eabi/lib/armv7e-m\libg.a(lib_a-freer.o)
                0x0800f9a4                _malloc_trim_r
 .text._free_r  0x0800fa40      0x1b0 c:/program files/gnu tools arm embedded/4.9 2015q2/bin/../lib/gcc/arm-none-eabi/4.9.3/../../../../arm-none-eabi/lib/armv7e-m\libg.a(lib_a-freer.o)
                0x0800fa40                _free_r
 .text._fwalk_reent
                0x0800fbf0       0x54 c:/program files/gnu tools arm embedded/4.9 2015q2/bin/../lib/gcc/arm-none-eabi/4.9.3/../../../../arm-none-eabi/lib/armv7e-m\libg.a(lib_a-fwalk.o)
                0x0800fbf0                _fwalk_reent
 .text.__locale_charset
                0x0800fc44        0x8 c:/program files/gnu tools arm embedded/4.9 2015q2/bin/../lib/gcc/arm-none-eabi/4.9.3/../../../../arm-none-eabi/lib/armv7e-m\libg.a(lib_a-locale.o)
                0x0800fc44                __locale_charset
 .text.__locale_mb_cur_max
                0x0800fc4c        0xc c:/program files/gnu tools arm embedded/4.9 2015q2/bin/../lib/gcc/arm-none-eabi/4.9.3/../../../../arm-none-eabi/lib/armv7e-m\libg.a(lib_a-locale.o)
                0x0800fc4c                __locale_mb_cur_max
 .text._localeconv_r
                0x0800fc58        0x8 c:/program files/gnu tools arm embedded/4.9 2015q2/bin/../lib/gcc/arm-none-eabi/4.9.3/../../../../arm-none-eabi/lib/armv7e-m\libg.a(lib_a-locale.o)
                0x0800fc58                _localeconv_r
 .text.__smakebuf_r
                0x0800fc60       0xe0 c:/program files/gnu tools arm embedded/4.9 2015q2/bin/../lib/gcc/arm-none-eabi/4.9.3/../../../../arm-none-eabi/lib/armv7e-m\libg.a(lib_a-makebuf.o)
                0x0800fc60                __smakebuf_r
 .text._malloc_r
                0x0800fd40      0x524 c:/program files/gnu tools arm embedded/4.9 2015q2/bin/../lib/gcc/arm-none-eabi/4.9.3/../../../../arm-none-eabi/lib/armv7e-m\libg.a(lib_a-mallocr.o)
                0x0800fd40                _malloc_r
 .text.memchr   0x08010264       0x94 c:/program files/gnu tools arm embedded/4.9 2015q2/bin/../lib/gcc/arm-none-eabi/4.9.3/../../../../arm-none-eabi/lib/armv7e-m\libg.a(lib_a-memchr.o)
                0x08010264                memchr
 .text.__malloc_lock
                0x080102f8        0x4 c:/program files/gnu tools arm embedded/4.9 2015q2/bin/../lib/gcc/arm-none-eabi/4.9.3/../../../../arm-none-eabi/lib/armv7e-m\libg.a(lib_a-mlock.o)
                0x080102f8                __malloc_lock
 .text.__malloc_unlock
                0x080102fc        0x4 c:/program files/gnu tools arm embedded/4.9 2015q2/bin/../lib/gcc/arm-none-eabi/4.9.3/../../../../arm-none-eabi/lib/armv7e-m\libg.a(lib_a-mlock.o)
                0x080102fc                __malloc_unlock
 .text._Balloc  0x08010300       0x4c c:/program files/gnu tools arm embedded/4.9 2015q2/bin/../lib/gcc/arm-none-eabi/4.9.3/../../../../arm-none-eabi/lib/armv7e-m\libg.a(lib_a-mprec.o)
                0x08010300                _Balloc
 .text._Bfree   0x0801034c       0x14 c:/program files/gnu tools arm embedded/4.9 2015q2/bin/../lib/gcc/arm-none-eabi/4.9.3/../../../../arm-none-eabi/lib/armv7e-m\libg.a(lib_a-mprec.o)
                0x0801034c                _Bfree
 .text.__multadd
                0x08010360       0x84 c:/program files/gnu tools arm embedded/4.9 2015q2/bin/../lib/gcc/arm-none-eabi/4.9.3/../../../../arm-none-eabi/lib/armv7e-m\libg.a(lib_a-mprec.o)
                0x08010360                __multadd
 .text.__hi0bits
                0x080103e4       0x40 c:/program files/gnu tools arm embedded/4.9 2015q2/bin/../lib/gcc/arm-none-eabi/4.9.3/../../../../arm-none-eabi/lib/armv7e-m\libg.a(lib_a-mprec.o)
                0x080103e4                __hi0bits
 .text.__lo0bits
                0x08010424       0x5c c:/program files/gnu tools arm embedded/4.9 2015q2/bin/../lib/gcc/arm-none-eabi/4.9.3/../../../../arm-none-eabi/lib/armv7e-m\libg.a(lib_a-mprec.o)
                0x08010424                __lo0bits
 .text.__i2b    0x08010480       0x14 c:/program files/gnu tools arm embedded/4.9 2015q2/bin/../lib/gcc/arm-none-eabi/4.9.3/../../../../arm-none-eabi/lib/armv7e-m\libg.a(lib_a-mprec.o)
                0x08010480                __i2b
 .text.__multiply
                0x08010494      0x134 c:/program files/gnu tools arm embedded/4.9 2015q2/bin/../lib/gcc/arm-none-eabi/4.9.3/../../../../arm-none-eabi/lib/armv7e-m\libg.a(lib_a-mprec.o)
                0x08010494                __multiply
 .text.__pow5mult
                0x080105c8       0xa0 c:/program files/gnu tools arm embedded/4.9 2015q2/bin/../lib/gcc/arm-none-eabi/4.9.3/../../../../arm-none-eabi/lib/armv7e-m\libg.a(lib_a-mprec.o)
                0x080105c8                __pow5mult
 .text.__lshift
                0x08010668       0xac c:/program files/gnu tools arm embedded/4.9 2015q2/bin/../lib/gcc/arm-none-eabi/4.9.3/../../../../arm-none-eabi/lib/armv7e-m\libg.a(lib_a-mprec.o)
                0x08010668                __lshift
 .text.__mcmp   0x08010714       0x48 c:/program files/gnu tools arm embedded/4.9 2015q2/bin/../lib/gcc/arm-none-eabi/4.9.3/../../../../arm-none-eabi/lib/armv7e-m\libg.a(lib_a-mprec.o)
                0x08010714                __mcmp
 .text.__mdiff  0x0801075c       0xd4 c:/program files/gnu tools arm embedded/4.9 2015q2/bin/../lib/gcc/arm-none-eabi/4.9.3/../../../../arm-none-eabi/lib/armv7e-m\libg.a(lib_a-mprec.o)
                0x0801075c                __mdiff
 .text.__d2b    0x08010830       0xb8 c:/program files/gnu tools arm embedded/4.9 2015q2/bin/../lib/gcc/arm-none-eabi/4.9.3/../../../../arm-none-eabi/lib/armv7e-m\libg.a(lib_a-mprec.o)
                0x08010830                __d2b
 .text.__fpclassifyd
                0x080108e8       0x58 c:/program files/gnu tools arm embedded/4.9 2015q2/bin/../lib/gcc/arm-none-eabi/4.9.3/../../../../arm-none-eabi/lib/armv7e-m\libg.a(lib_a-s_fpclassify.o)
                0x080108e8                __fpclassifyd
 .text._sbrk_r  0x08010940       0x24 c:/program files/gnu tools arm embedded/4.9 2015q2/bin/../lib/gcc/arm-none-eabi/4.9.3/../../../../arm-none-eabi/lib/armv7e-m\libg.a(lib_a-sbrkr.o)
                0x08010940                _sbrk_r
 .text.__sread  0x08010964       0x24 c:/program files/gnu tools arm embedded/4.9 2015q2/bin/../lib/gcc/arm-none-eabi/4.9.3/../../../../arm-none-eabi/lib/armv7e-m\libg.a(lib_a-stdio.o)
                0x08010964                __sread
 .text.__swrite
                0x08010988       0x38 c:/program files/gnu tools arm embedded/4.9 2015q2/bin/../lib/gcc/arm-none-eabi/4.9.3/../../../../arm-none-eabi/lib/armv7e-m\libg.a(lib_a-stdio.o)
                0x08010988                __swrite
 .text.__sseek  0x080109c0       0x20 c:/program files/gnu tools arm embedded/4.9 2015q2/bin/../lib/gcc/arm-none-eabi/4.9.3/../../../../arm-none-eabi/lib/armv7e-m\libg.a(lib_a-stdio.o)
                0x080109c0                __sseek
 .text.__sclose
                0x080109e0        0x8 c:/program files/gnu tools arm embedded/4.9 2015q2/bin/../lib/gcc/arm-none-eabi/4.9.3/../../../../arm-none-eabi/lib/armv7e-m\libg.a(lib_a-stdio.o)
                0x080109e0                __sclose
 .text.__ssprint_r
                0x080109e8      0x104 c:/program files/gnu tools arm embedded/4.9 2015q2/bin/../lib/gcc/arm-none-eabi/4.9.3/../../../../arm-none-eabi/lib/armv7e-m\libg.a(lib_a-svfiprintf.o)
                0x080109e8                __ssprint_r
 .text.__sprint_r.part.0
                0x08010aec       0x78 c:/program files/gnu tools arm embedded/4.9 2015q2/bin/../lib/gcc/arm-none-eabi/4.9.3/../../../../arm-none-eabi/lib/armv7e-m\libg.a(lib_a-vfiprintf.o)
 .text.__sprint_r
                0x08010b64       0x18 c:/program files/gnu tools arm embedded/4.9 2015q2/bin/../lib/gcc/arm-none-eabi/4.9.3/../../../../arm-none-eabi/lib/armv7e-m\libg.a(lib_a-vfiprintf.o)
                0x08010b64                __sprint_r
 .text._write_r
                0x08010b7c       0x28 c:/program files/gnu tools arm embedded/4.9 2015q2/bin/../lib/gcc/arm-none-eabi/4.9.3/../../../../arm-none-eabi/lib/armv7e-m\libg.a(lib_a-writer.o)
                0x08010b7c                _write_r
 .text._calloc_r
                0x08010ba4       0x60 c:/program files/gnu tools arm embedded/4.9 2015q2/bin/../lib/gcc/arm-none-eabi/4.9.3/../../../../arm-none-eabi/lib/armv7e-m\libg.a(lib_a-callocr.o)
                0x08010ba4                _calloc_r
 .text._close_r
                0x08010c04       0x24 c:/program files/gnu tools arm embedded/4.9 2015q2/bin/../lib/gcc/arm-none-eabi/4.9.3/../../../../arm-none-eabi/lib/armv7e-m\libg.a(lib_a-closer.o)
                0x08010c04                _close_r
 .text._fclose_r
                0x08010c28       0x84 c:/program files/gnu tools arm embedded/4.9 2015q2/bin/../lib/gcc/arm-none-eabi/4.9.3/../../../../arm-none-eabi/lib/armv7e-m\libg.a(lib_a-fclose.o)
                0x08010c28                _fclose_r
 .text.__fputwc
                0x08010cac       0xb0 c:/program files/gnu tools arm embedded/4.9 2015q2/bin/../lib/gcc/arm-none-eabi/4.9.3/../../../../arm-none-eabi/lib/armv7e-m\libg.a(lib_a-fputwc.o)
                0x08010cac                __fputwc
 .text._fputwc_r
                0x08010d5c       0x24 c:/program files/gnu tools arm embedded/4.9 2015q2/bin/../lib/gcc/arm-none-eabi/4.9.3/../../../../arm-none-eabi/lib/armv7e-m\libg.a(lib_a-fputwc.o)
                0x08010d5c                _fputwc_r
 .text._fstat_r
                0x08010d80       0x28 c:/program files/gnu tools arm embedded/4.9 2015q2/bin/../lib/gcc/arm-none-eabi/4.9.3/../../../../arm-none-eabi/lib/armv7e-m\libg.a(lib_a-fstatr.o)
                0x08010d80                _fstat_r
 .text.__sfvwrite_r
                0x08010da8      0x318 c:/program files/gnu tools arm embedded/4.9 2015q2/bin/../lib/gcc/arm-none-eabi/4.9.3/../../../../arm-none-eabi/lib/armv7e-m\libg.a(lib_a-fvwrite.o)
                0x08010da8                __sfvwrite_r
 .text._isatty_r
                0x080110c0       0x24 c:/program files/gnu tools arm embedded/4.9 2015q2/bin/../lib/gcc/arm-none-eabi/4.9.3/../../../../arm-none-eabi/lib/armv7e-m\libg.a(lib_a-isattyr.o)
                0x080110c0                _isatty_r
 .text._lseek_r
                0x080110e4       0x28 c:/program files/gnu tools arm embedded/4.9 2015q2/bin/../lib/gcc/arm-none-eabi/4.9.3/../../../../arm-none-eabi/lib/armv7e-m\libg.a(lib_a-lseekr.o)
                0x080110e4                _lseek_r
 .text.memmove  0x0801110c       0xc8 c:/program files/gnu tools arm embedded/4.9 2015q2/bin/../lib/gcc/arm-none-eabi/4.9.3/../../../../arm-none-eabi/lib/armv7e-m\libg.a(lib_a-memmove.o)
                0x0801110c                memmove
 .text._read_r  0x080111d4       0x28 c:/program files/gnu tools arm embedded/4.9 2015q2/bin/../lib/gcc/arm-none-eabi/4.9.3/../../../../arm-none-eabi/lib/armv7e-m\libg.a(lib_a-readr.o)
                0x080111d4                _read_r
 .text._realloc_r
                0x080111fc      0x3ec c:/program files/gnu tools arm embedded/4.9 2015q2/bin/../lib/gcc/arm-none-eabi/4.9.3/../../../../arm-none-eabi/lib/armv7e-m\libg.a(lib_a-reallocr.o)
                0x080111fc                _realloc_r
 .text.__swbuf_r
                0x080115e8       0xa8 c:/program files/gnu tools arm embedded/4.9 2015q2/bin/../lib/gcc/arm-none-eabi/4.9.3/../../../../arm-none-eabi/lib/armv7e-m\libg.a(lib_a-wbuf.o)
                0x080115e8                __swbuf_r
 .text._wcrtomb_r
                0x08011690       0x54 c:/program files/gnu tools arm embedded/4.9 2015q2/bin/../lib/gcc/arm-none-eabi/4.9.3/../../../../arm-none-eabi/lib/armv7e-m\libg.a(lib_a-wcrtomb.o)
                0x08011690                _wcrtomb_r
 .text.__ascii_wctomb
                0x080116e4       0x1c c:/program files/gnu tools arm embedded/4.9 2015q2/bin/../lib/gcc/arm-none-eabi/4.9.3/../../../../arm-none-eabi/lib/armv7e-m\libg.a(lib_a-wctomb_r.o)
                0x080116e4                __ascii_wctomb
 .text          0x08011700      0x110 c:/program files/gnu tools arm embedded/4.9 2015q2/bin/../lib/gcc/arm-none-eabi/4.9.3/armv7e-m\libgcc.a(_arm_cmpdf2.o)
                0x08011700                __gtdf2
                0x08011700                __gedf2
                0x08011708                __ltdf2
                0x08011708                __ledf2
                0x08011710                __nedf2
                0x08011710                __eqdf2
                0x08011710                __cmpdf2
                0x0801178c                __aeabi_cdrcmple
                0x0801179c                __aeabi_cdcmpeq
                0x0801179c                __aeabi_cdcmple
                0x080117ac                __aeabi_dcmpeq
                0x080117c0                __aeabi_dcmplt
                0x080117d4                __aeabi_dcmple
                0x080117e8                __aeabi_dcmpge
                0x080117fc                __aeabi_dcmpgt
 .text          0x08011810       0x50 c:/program files/gnu tools arm embedded/4.9 2015q2/bin/../lib/gcc/arm-none-eabi/4.9.3/armv7e-m\libgcc.a(_arm_fixdfsi.o)
                0x08011810                __aeabi_d2iz
                0x08011810                __fixdfsi
 .text          0x08011860       0x30 c:/program files/gnu tools arm embedded/4.9 2015q2/bin/../lib/gcc/arm-none-eabi/4.9.3/armv7e-m\libgcc.a(_aeabi_uldivmod.o)
                0x08011860                __aeabi_uldivmod
 .text          0x08011890       0x60 c:/program files/gnu tools arm embedded/4.9 2015q2/bin/../lib/gcc/arm-none-eabi/4.9.3/armv7e-m\libgcc.a(bpabi.o)
                0x08011890                __gnu_ldivmod_helper
                0x080118c0                __gnu_uldivmod_helper
 .text          0x080118f0        0x4 c:/program files/gnu tools arm embedded/4.9 2015q2/bin/../lib/gcc/arm-none-eabi/4.9.3/armv7e-m\libgcc.a(_dvmd_tls.o)
                0x080118f0                __aeabi_idiv0
                0x080118f0                __aeabi_ldiv0
 .text          0x080118f4      0x29c c:/program files/gnu tools arm embedded/4.9 2015q2/bin/../lib/gcc/arm-none-eabi/4.9.3/armv7e-m\libgcc.a(_divdi3.o)
                0x080118f4                __divdi3
 .text          0x08011b90      0x26c c:/program files/gnu tools arm embedded/4.9 2015q2/bin/../lib/gcc/arm-none-eabi/4.9.3/armv7e-m\libgcc.a(_udivdi3.o)
                0x08011b90                __udivdi3
 *(.init)
 *(.fini)
 *crtbegin.o(.ctors)
 *crtbegin?.o(.ctors)
 *(EXCLUDE_FILE(*crtend.o *crtend?.o) .ctors)
 *(SORT(.ctors.*))
 *(.ctors)
 *crtbegin.o(.dtors)
 *crtbegin?.o(.dtors)
 *(EXCLUDE_FILE(*crtend.o *crtend?.o) .dtors)
 *(SORT(.dtors.*))
 *(.dtors)
 *(.rodata*)
 .rodata        0x08011dfc       0x8f ..\obj\tcp.o
                0x08011e74                tcp_backoff
                0x08011e84                tcp_persist_backoff
 *fill*         0x08011e8b        0x1 
 .rodata        0x08011e8c       0xf7 ..\obj\porttcp.o
 *fill*         0x08011f83        0x1 
 .rodata        0x08011f84       0x26 ..\obj\memp.o
 *fill*         0x08011faa        0x2 
 .rodata        0x08011fac        0x8 ..\obj\ip_addr.o
                0x08011fac                ip_addr_any
                0x08011fb0                ip_addr_broadcast
 .rodata        0x08011fb4        0x6 ..\obj\ethernetif.o
 *fill*         0x08011fba        0x2 
 .rodata        0x08011fbc        0xe ..\obj\etharp.o
                0x08011fbc                ethbroadcast
                0x08011fc4                ethzero
 *fill*         0x08011fca        0x2 
 .rodata        0x08011fcc       0x86 ..\obj\portother.o
 *fill*         0x08012052        0x2 
 .rodata.zeroes.6911
                0x08012054       0x10 c:/program files/gnu tools arm embedded/4.9 2015q2/bin/../lib/gcc/arm-none-eabi/4.9.3/../../../../arm-none-eabi/lib/armv7e-m\libg.a(lib_a-svfprintf.o)
 .rodata.blanks.6910
                0x08012064       0x10 c:/program files/gnu tools arm embedded/4.9 2015q2/bin/../lib/gcc/arm-none-eabi/4.9.3/../../../../arm-none-eabi/lib/armv7e-m\libg.a(lib_a-svfprintf.o)
 .rodata.str1.4
                0x08012074       0x42 c:/program files/gnu tools arm embedded/4.9 2015q2/bin/../lib/gcc/arm-none-eabi/4.9.3/../../../../arm-none-eabi/lib/armv7e-m\libg.a(lib_a-svfprintf.o)
 *fill*         0x080120b6        0x2 
 .rodata.zeroes.6926
                0x080120b8       0x10 c:/program files/gnu tools arm embedded/4.9 2015q2/bin/../lib/gcc/arm-none-eabi/4.9.3/../../../../arm-none-eabi/lib/armv7e-m\libg.a(lib_a-vfprintf.o)
 .rodata.str1.4
                0x00000000       0x42 c:/program files/gnu tools arm embedded/4.9 2015q2/bin/../lib/gcc/arm-none-eabi/4.9.3/../../../../arm-none-eabi/lib/armv7e-m\libg.a(lib_a-vfprintf.o)
 .rodata.blanks.6925
                0x080120c8       0x10 c:/program files/gnu tools arm embedded/4.9 2015q2/bin/../lib/gcc/arm-none-eabi/4.9.3/../../../../arm-none-eabi/lib/armv7e-m\libg.a(lib_a-vfprintf.o)
 .rodata.str1.4
                0x080120d8       0x10 c:/program files/gnu tools arm embedded/4.9 2015q2/bin/../lib/gcc/arm-none-eabi/4.9.3/../../../../arm-none-eabi/lib/armv7e-m\libg.a(lib_a-dtoa.o)
                                 0x12 (size before relaxing)
 .rodata.str1.4
                0x080120e8        0x2 c:/program files/gnu tools arm embedded/4.9 2015q2/bin/../lib/gcc/arm-none-eabi/4.9.3/../../../../arm-none-eabi/lib/armv7e-m\libg.a(lib_a-impure.o)
 *fill*         0x080120ea        0x2 
 .rodata.str1.4
                0x080120ec        0xc c:/program files/gnu tools arm embedded/4.9 2015q2/bin/../lib/gcc/arm-none-eabi/4.9.3/../../../../arm-none-eabi/lib/armv7e-m\libg.a(lib_a-locale.o)
                                 0x12 (size before relaxing)
 .rodata.__mprec_tens
                0x080120f8       0xc8 c:/program files/gnu tools arm embedded/4.9 2015q2/bin/../lib/gcc/arm-none-eabi/4.9.3/../../../../arm-none-eabi/lib/armv7e-m\libg.a(lib_a-mprec.o)
                0x080120f8                __mprec_tens
 .rodata.p05.5302
                0x080121c0        0xc c:/program files/gnu tools arm embedded/4.9 2015q2/bin/../lib/gcc/arm-none-eabi/4.9.3/../../../../arm-none-eabi/lib/armv7e-m\libg.a(lib_a-mprec.o)
 *fill*         0x080121cc        0x4 
 .rodata.__mprec_bigtens
                0x080121d0       0x28 c:/program files/gnu tools arm embedded/4.9 2015q2/bin/../lib/gcc/arm-none-eabi/4.9.3/../../../../arm-none-eabi/lib/armv7e-m\libg.a(lib_a-mprec.o)
                0x080121d0                __mprec_bigtens
 *(.eh_fram e*)

.glue_7         0x080121f8        0x0
 .glue_7        0x00000000        0x0 linker stubs

.glue_7t        0x080121f8        0x0
 .glue_7t       0x00000000        0x0 linker stubs

.vfp11_veneer   0x080121f8        0x0
 .vfp11_veneer  0x00000000        0x0 linker stubs

.v4_bx          0x080121f8        0x0
 .v4_bx         0x00000000        0x0 linker stubs

.iplt           0x080121f8        0x0
 .iplt          0x00000000        0x0 ..\obj\stm32f4xx_syscfg.o

.ARM.extab
 *(.ARM.extab* .gnu.linkonce.armextab.*)
                0x080121f8                __exidx_start = .

.ARM.exidx      0x080121f8        0x8
 *(.ARM.exidx* .gnu.linkonce.armexidx.*)
 .ARM.exidx     0x080121f8        0x8 c:/program files/gnu tools arm embedded/4.9 2015q2/bin/../lib/gcc/arm-none-eabi/4.9.3/armv7e-m\libgcc.a(_divdi3.o)
 .ARM.exidx     0x08012200        0x0 c:/program files/gnu tools arm embedded/4.9 2015q2/bin/../lib/gcc/arm-none-eabi/4.9.3/armv7e-m\libgcc.a(_udivdi3.o)
                                  0x8 (size before relaxing)
                0x08012200                __exidx_end = .
                0x08012200                __etext = .
                0x08012200                _sidata = __etext

.rel.dyn        0x08012200        0x0
 .rel.iplt      0x00000000        0x0 ..\obj\stm32f4xx_syscfg.o

.data           0x20000000      0x994 load address 0x08012200
                0x20000000                __data_start__ = .
                0x20000000                _sdata = __data_start__
 *(vtable)
 *(.data*)
 .data          0x20000000       0x84 ..\obj\mb.o
 .data          0x20000084       0x34 ..\obj\tcp.o
                0x20000084                tcp_state_str
 .data          0x200000b8       0x12 ..\obj\main.o
 *fill*         0x200000ca        0x2 
 .data          0x200000cc       0x10 ..\obj\stm32f4xx_rcc.o
 .data          0x200000dc       0x10 ..\obj\portother.o
 .data          0x200000ec        0x2 ..\obj\udp_send.o
                0x200000ec                DestPort
 *fill*         0x200000ee        0x2 
 .data          0x200000f0        0x4 ..\obj\dhcp.o
 *fill*         0x200000f4        0x4 
 .data.impure_data
                0x200000f8      0x428 c:/program files/gnu tools arm embedded/4.9 2015q2/bin/../lib/gcc/arm-none-eabi/4.9.3/../../../../arm-none-eabi/lib/armv7e-m\libg.a(lib_a-impure.o)
 .data._impure_ptr
                0x20000520        0x4 c:/program files/gnu tools arm embedded/4.9 2015q2/bin/../lib/gcc/arm-none-eabi/4.9.3/../../../../arm-none-eabi/lib/armv7e-m\libg.a(lib_a-impure.o)
                0x20000520                _impure_ptr
 .data.lconv    0x20000524       0x38 c:/program files/gnu tools arm embedded/4.9 2015q2/bin/../lib/gcc/arm-none-eabi/4.9.3/../../../../arm-none-eabi/lib/armv7e-m\libg.a(lib_a-locale.o)
 .data.lc_ctype_charset
                0x2000055c       0x20 c:/program files/gnu tools arm embedded/4.9 2015q2/bin/../lib/gcc/arm-none-eabi/4.9.3/../../../../arm-none-eabi/lib/armv7e-m\libg.a(lib_a-locale.o)
 .data.__mb_cur_max
                0x2000057c        0x4 c:/program files/gnu tools arm embedded/4.9 2015q2/bin/../lib/gcc/arm-none-eabi/4.9.3/../../../../arm-none-eabi/lib/armv7e-m\libg.a(lib_a-locale.o)
                0x2000057c                __mb_cur_max
 .data.__malloc_av_
                0x20000580      0x408 c:/program files/gnu tools arm embedded/4.9 2015q2/bin/../lib/gcc/arm-none-eabi/4.9.3/../../../../arm-none-eabi/lib/armv7e-m\libg.a(lib_a-mallocr.o)
                0x20000580                __malloc_av_
 .data.__malloc_trim_threshold
                0x20000988        0x4 c:/program files/gnu tools arm embedded/4.9 2015q2/bin/../lib/gcc/arm-none-eabi/4.9.3/../../../../arm-none-eabi/lib/armv7e-m\libg.a(lib_a-mallocr.o)
                0x20000988                __malloc_trim_threshold
 .data.__malloc_sbrk_base
                0x2000098c        0x4 c:/program files/gnu tools arm embedded/4.9 2015q2/bin/../lib/gcc/arm-none-eabi/4.9.3/../../../../arm-none-eabi/lib/armv7e-m\libg.a(lib_a-mallocr.o)
                0x2000098c                __malloc_sbrk_base
 .data.__wctomb
                0x20000990        0x4 c:/program files/gnu tools arm embedded/4.9 2015q2/bin/../lib/gcc/arm-none-eabi/4.9.3/../../../../arm-none-eabi/lib/armv7e-m\libg.a(lib_a-wctomb_r.o)
                0x20000990                __wctomb
                0x20000994                . = ALIGN (0x4)
                0x20000994                PROVIDE (__preinit_array_start, .)
 *(.preinit_array)
                0x20000994                PROVIDE (__preinit_array_end, .)
                0x20000994                . = ALIGN (0x4)
                0x20000994                PROVIDE (__init_array_start, .)
 *(SORT(.init_array.*))
 *(.init_array)
                0x20000994                PROVIDE (__init_array_end, .)
                0x20000994                . = ALIGN (0x4)
                0x20000994                PROVIDE (__fini_array_start, .)
 *(SORT(.fini_array.*))
 *(.fini_array)
                0x20000994                PROVIDE (__fini_array_end, .)
 *(.jcr*)
                0x20000994                . = ALIGN (0x4)
                0x20000994                __data_end__ = .
                0x20000994                _edata = __data_end__

.igot.plt       0x20000994        0x0 load address 0x08012b94
 .igot.plt      0x00000000        0x0 ..\obj\stm32f4xx_syscfg.o

.bss            0x20000994    0x16480 load address 0x08012b94
                0x20000994                . = ALIGN (0x4)
                0x20000994                __bss_start__ = .
                0x20000994                _sbss = __bss_start__
 *(.bss*)
 .bss           0x20000994      0x821 ..\obj\mem.o
 *fill*         0x200011b5        0x3 
 .bss           0x200011b8       0x24 ..\obj\mb.o
 .bss           0x200011dc        0x1 ..\obj\tcp.o
 .bss           0x200011dd        0x2 ..\obj\portevent.o
 *fill*         0x200011df        0x1 
 .bss           0x200011e0      0x112 ..\obj\porttcp.o
 *fill*         0x200012f2        0x2 
 .bss           0x200012f4       0x22 ..\obj\mbfuncother.o
 *fill*         0x20001316        0x2 
 .bss           0x20001318       0x30 ..\obj\tcp_in.o
 .bss           0x20001348     0x1337 ..\obj\memp.o
 *fill*         0x2000267f        0x1 
 .bss           0x20002680      0x5e8 ..\obj\ip_frag.o
 .bss           0x20002c68      0x11c ..\obj\main.o
                0x20002d74                LocalTime
                0x20002d78                buf_transmit_flag
                0x20002d7c                loc_time_buf
 .bss           0x20002d84        0xc ..\obj\netconf.o
                0x20002d84                TCPTimer
                0x20002d88                ARPTimer
                0x20002d8c                IPaddress
 .bss           0x20002d90        0x5 ..\obj\stm32f4x7_eth_bsp.o
                0x20002d90                EthInitStatus
                0x20002d94                EthLinkStatus
 *fill*         0x20002d95        0x3 
 .bss           0x20002d98       0xc9 ..\obj\etharp.o
 .bss           0x20002e61        0x1 ..\obj\netif.o
 *fill*         0x20002e62        0x2 
 .bss           0x20002e64        0x4 ..\obj\syscalls.o
 .bss           0x20002e68      0x200 ..\obj\portother.o
 .bss           0x20003068        0x1 ..\obj\adc.o
                0x20003068                ADC_buf_full_flag
 *fill*         0x20003069        0x1 
 .bss           0x2000306a        0x2 ..\obj\ip.o
 .bss           0x2000306c        0x2 ..\obj\udp_send.o
                0x2000306c                adc_buf_offset
 *fill*         0x2000306e        0x2 
 .bss           0x20003070        0x4 ..\obj\raw.o
 .bss.__malloc_max_total_mem
                0x20003074        0x4 c:/program files/gnu tools arm embedded/4.9 2015q2/bin/../lib/gcc/arm-none-eabi/4.9.3/../../../../arm-none-eabi/lib/armv7e-m\libg.a(lib_a-mallocr.o)
                0x20003074                __malloc_max_total_mem
 .bss.__malloc_max_sbrked_mem
                0x20003078        0x4 c:/program files/gnu tools arm embedded/4.9 2015q2/bin/../lib/gcc/arm-none-eabi/4.9.3/../../../../arm-none-eabi/lib/armv7e-m\libg.a(lib_a-mallocr.o)
                0x20003078                __malloc_max_sbrked_mem
 .bss.__malloc_top_pad
                0x2000307c        0x4 c:/program files/gnu tools arm embedded/4.9 2015q2/bin/../lib/gcc/arm-none-eabi/4.9.3/../../../../arm-none-eabi/lib/armv7e-m\libg.a(lib_a-mallocr.o)
                0x2000307c                __malloc_top_pad
 .bss.__malloc_current_mallinfo
                0x20003080       0x28 c:/program files/gnu tools arm embedded/4.9 2015q2/bin/../lib/gcc/arm-none-eabi/4.9.3/../../../../arm-none-eabi/lib/armv7e-m\libg.a(lib_a-mallocr.o)
                0x20003080                __malloc_current_mallinfo
 *(COMMON)
 COMMON         0x200030a8       0x18 ..\obj\tcp.o
                0x200030a8                tcp_active_pcbs
                0x200030ac                tcp_ticks
                0x200030b0                tcp_listen_pcbs
                0x200030b4                tcp_tmp_pcb
                0x200030b8                tcp_bound_pcbs
                0x200030bc                tcp_tw_pcbs
 COMMON         0x200030c0        0x4 ..\obj\tcp_in.o
                0x200030c0                tcp_input_pcb
 COMMON         0x200030c4     0x3ce4 ..\obj\stm32f4x7_eth.o
                0x200030c4                RX_Frame_Descriptor
                0x200030d0                DMARxDescToGet
                0x200030d4                DMATxDescToSet
                0x200030d8                DMATxDscrTab
                0x20003178                Rx_Buff
                0x20004f3c                Frame_Rx_index
                0x20004f40                DMA_RX_FRAME_infos
                0x20004f44                DMARxDscrTab
                0x20004fe4                Tx_Buff
 COMMON         0x20006da8       0x44 ..\obj\netconf.o
                0x20006da8                netif
 COMMON         0x20006dec        0x4 ..\obj\tcp_send.o
                0x20006dec                client_pcb
 COMMON         0x20006df0        0x8 ..\obj\netif.o
                0x20006df0                netif_list
                0x20006df4                netif_default
 COMMON         0x20006df8    0x10004 ..\obj\adc.o
                0x20006df8                ADC_buf_pnt
                0x20006dfc                ADC_Buf
 COMMON         0x20016dfc        0x4 ..\obj\udp.o
                0x20016dfc                udp_pcbs
 COMMON         0x20016e00        0x8 ..\obj\ip.o
                0x20016e00                current_netif
                0x20016e04                current_header
 COMMON         0x20016e08        0x8 ..\obj\udp_send.o
                0x20016e08                DestIPaddr
                0x20016e0c                pb
 COMMON         0x20016e10        0x4 c:/program files/gnu tools arm embedded/4.9 2015q2/bin/../lib/gcc/arm-none-eabi/4.9.3/../../../../arm-none-eabi/lib/armv7e-m\libg.a(lib_a-reent.o)
                0x20016e10                errno
                0x20016e14                . = ALIGN (0x4)
                0x20016e14                __bss_end__ = .
                0x20016e14                _ebss = __bss_end__

.heap           0x20016e14        0x0
                0x20016e14                __end__ = .
                0x20016e14                _end = __end__
                0x20016e14                end = __end__
 *(.heap*)
                0x20016e14                __HeapLimit = .

.co_stack       0x20016e14      0x804 load address 0x08029014
                0x20016e18                . = ALIGN (0x8)
 *fill*         0x20016e14        0x4 
 *(.co_stack .co_stack.*)
 .co_stack      0x20016e18      0x800 ..\obj\startup_stm32f4xx.o
                0x20016e18                pulStack
                0x20020000                __StackTop = (ORIGIN (ram) + 0x20000)
                0x2001f7fc                __StackLimit = (__StackTop - SIZEOF (.co_stack))
                0x20020000                PROVIDE (__stack, __StackTop)
                0x00000001                ASSERT ((__StackLimit >= __HeapLimit), region ram  overflowed with stack)
LOAD ..\obj\stm32f4xx_syscfg.o
LOAD ..\obj\mem.o
LOAD ..\obj\stm32f4xx_sdio.o
LOAD ..\obj\mb.o
LOAD ..\obj\mbfuncdisc.o
LOAD ..\obj\tcp.o
LOAD ..\obj\err.o
LOAD ..\obj\portevent.o
LOAD ..\obj\porttcp.o
LOAD ..\obj\mbfuncother.o
LOAD ..\obj\tcp_in.o
LOAD ..\obj\stm32f4xx_usart.o
LOAD ..\obj\stm32f4xx_pwr.o
LOAD ..\obj\slipif.o
LOAD ..\obj\memp.o
LOAD ..\obj\autoip.o
LOAD ..\obj\ip_frag.o
LOAD ..\obj\netbuf.o
LOAD ..\obj\tcpip.o
LOAD ..\obj\mbutils.o
LOAD ..\obj\stm32f4xx_dac.o
LOAD ..\obj\fs.o
LOAD ..\obj\startup_stm32f4xx.o
LOAD ..\obj\stm32f4_discovery.o
LOAD ..\obj\stm32f4x7_eth.o
LOAD ..\obj\sys.o
LOAD ..\obj\ip_addr.o
LOAD ..\obj\mbfuncholding.o
LOAD ..\obj\inet_chksum.o
LOAD ..\obj\main.o
LOAD ..\obj\mbcrc.o
LOAD ..\obj\stm32f4xx_rcc.o
LOAD ..\obj\netconf.o
LOAD ..\obj\stm32f4xx_it.o
LOAD ..\obj\netdb.o
LOAD ..\obj\init.o
LOAD ..\obj\stm32f4xx_adc.o
LOAD ..\obj\stm32f4x7_eth_bsp.o
LOAD ..\obj\mbfuncinput.o
LOAD ..\obj\ethernetif.o
LOAD ..\obj\etharp.o
LOAD ..\obj\mbfuncdiag.o
LOAD ..\obj\httpd.o
LOAD ..\obj\tcp_send.o
LOAD ..\obj\httpd_cgi_ssi.o
LOAD ..\obj\pbuf.o
LOAD ..\obj\stats.o
LOAD ..\obj\inet.o
LOAD ..\obj\netif.o
LOAD ..\obj\api_msg.o
LOAD ..\obj\stm32f4xx_gpio.o
LOAD ..\obj\mbrtu.o
LOAD ..\obj\system_stm32f4xx.o
LOAD ..\obj\syscalls.o
LOAD ..\obj\stm32f4xx_dma.o
LOAD ..\obj\portother.o
LOAD ..\obj\adc.o
LOAD ..\obj\sockets.o
LOAD ..\obj\igmp.o
LOAD ..\obj\udp.o
LOAD ..\obj\ip.o
LOAD ..\obj\mbfunccoils.o
LOAD ..\obj\stm32f4xx_exti.o
LOAD ..\obj\icmp.o
LOAD ..\obj\dns.o
LOAD ..\obj\netifapi.o
LOAD ..\obj\misc.o
LOAD ..\obj\api_lib.o
LOAD ..\obj\udp_send.o
LOAD ..\obj\mbtcp.o
LOAD ..\obj\dhcp.o
LOAD ..\obj\mbascii.o
LOAD ..\obj\stm32f4xx_tim.o
LOAD ..\obj\tcp_out.o
LOAD ..\obj\loopif.o
LOAD ..\obj\raw.o
START GROUP
LOAD c:/program files/gnu tools arm embedded/4.9 2015q2/bin/../lib/gcc/arm-none-eabi/4.9.3/armv7e-m\libgcc.a
LOAD c:/program files/gnu tools arm embedded/4.9 2015q2/bin/../lib/gcc/arm-none-eabi/4.9.3/../../../../arm-none-eabi/lib/armv7e-m\libg.a
LOAD c:/program files/gnu tools arm embedded/4.9 2015q2/bin/../lib/gcc/arm-none-eabi/4.9.3/../../../../arm-none-eabi/lib/armv7e-m\libc.a
END GROUP
OUTPUT(LAN8720.elf elf32-littlearm)

.debug_info     0x00000000    0x16556
 .debug_info    0x00000000      0x26c ..\obj\stm32f4xx_syscfg.o
 .debug_info    0x0000026c      0x345 ..\obj\mem.o
 .debug_info    0x000005b1      0x5fb ..\obj\mb.o
 .debug_info    0x00000bac      0x1b6 ..\obj\mbfuncdisc.o
 .debug_info    0x00000d62     0x1172 ..\obj\tcp.o
 .debug_info    0x00001ed4      0x14c ..\obj\portevent.o
 .debug_info    0x00002020      0x8de ..\obj\porttcp.o
 .debug_info    0x000028fe      0x219 ..\obj\mbfuncother.o
 .debug_info    0x00002b17      0xc1a ..\obj\tcp_in.o
 .debug_info    0x00003731      0x253 ..\obj\memp.o
 .debug_info    0x00003984      0x682 ..\obj\autoip.o
 .debug_info    0x00004006      0x8d8 ..\obj\ip_frag.o
 .debug_info    0x000048de      0x26c ..\obj\mbutils.o
 .debug_info    0x00004b4a       0xed ..\obj\startup_stm32f4xx.o
 .debug_info    0x00004c37     0x190f ..\obj\stm32f4x7_eth.o
 .debug_info    0x00006546      0x32e ..\obj\ip_addr.o
 .debug_info    0x00006874      0x33f ..\obj\mbfuncholding.o
 .debug_info    0x00006bb3      0x2a0 ..\obj\inet_chksum.o
 .debug_info    0x00006e53      0x40e ..\obj\main.o
 .debug_info    0x00007261      0xc4d ..\obj\stm32f4xx_rcc.o
 .debug_info    0x00007eae      0x70a ..\obj\netconf.o
 .debug_info    0x000085b8      0x12f ..\obj\stm32f4xx_it.o
 .debug_info    0x000086e7      0xc38 ..\obj\stm32f4xx_adc.o
 .debug_info    0x0000931f      0xb7a ..\obj\stm32f4x7_eth_bsp.o
 .debug_info    0x00009e99      0x1a8 ..\obj\mbfuncinput.o
 .debug_info    0x0000a041      0xaa1 ..\obj\ethernetif.o
 .debug_info    0x0000aae2      0xf20 ..\obj\etharp.o
 .debug_info    0x0000ba02      0x72a ..\obj\tcp_send.o
 .debug_info    0x0000c12c      0x658 ..\obj\pbuf.o
 .debug_info    0x0000c784      0x2e1 ..\obj\inet.o
 .debug_info    0x0000ca65      0xf10 ..\obj\netif.o
 .debug_info    0x0000d975      0x602 ..\obj\stm32f4xx_gpio.o
 .debug_info    0x0000df77      0x592 ..\obj\system_stm32f4xx.o
 .debug_info    0x0000e509      0x3ee ..\obj\syscalls.o
 .debug_info    0x0000e8f7      0x739 ..\obj\stm32f4xx_dma.o
 .debug_info    0x0000f030      0x221 ..\obj\portother.o
 .debug_info    0x0000f251      0xb0f ..\obj\adc.o
 .debug_info    0x0000fd60      0xaea ..\obj\udp.o
 .debug_info    0x0001084a      0x8e9 ..\obj\ip.o
 .debug_info    0x00011133      0x2d3 ..\obj\mbfunccoils.o
 .debug_info    0x00011406      0x5c0 ..\obj\icmp.o
 .debug_info    0x000119c6      0x53d ..\obj\misc.o
 .debug_info    0x00011f03      0x35e ..\obj\udp_send.o
 .debug_info    0x00012261      0x22f ..\obj\mbtcp.o
 .debug_info    0x00012490     0x10b7 ..\obj\dhcp.o
 .debug_info    0x00013547     0x1c61 ..\obj\stm32f4xx_tim.o
 .debug_info    0x000151a8      0xcef ..\obj\tcp_out.o
 .debug_info    0x00015e97      0x6bf ..\obj\raw.o

.debug_abbrev   0x00000000     0x441d
 .debug_abbrev  0x00000000      0x131 ..\obj\stm32f4xx_syscfg.o
 .debug_abbrev  0x00000131      0x15e ..\obj\mem.o
 .debug_abbrev  0x0000028f      0x173 ..\obj\mb.o
 .debug_abbrev  0x00000402       0x8e ..\obj\mbfuncdisc.o
 .debug_abbrev  0x00000490      0x2c4 ..\obj\tcp.o
 .debug_abbrev  0x00000754       0xaa ..\obj\portevent.o
 .debug_abbrev  0x000007fe      0x22f ..\obj\porttcp.o
 .debug_abbrev  0x00000a2d       0xa9 ..\obj\mbfuncother.o
 .debug_abbrev  0x00000ad6      0x1e9 ..\obj\tcp_in.o
 .debug_abbrev  0x00000cbf      0x11e ..\obj\memp.o
 .debug_abbrev  0x00000ddd      0x1ae ..\obj\autoip.o
 .debug_abbrev  0x00000f8b      0x1e8 ..\obj\ip_frag.o
 .debug_abbrev  0x00001173       0xc4 ..\obj\mbutils.o
 .debug_abbrev  0x00001237       0xb0 ..\obj\startup_stm32f4xx.o
 .debug_abbrev  0x000012e7      0x240 ..\obj\stm32f4x7_eth.o
 .debug_abbrev  0x00001527       0xfc ..\obj\ip_addr.o
 .debug_abbrev  0x00001623       0xaa ..\obj\mbfuncholding.o
 .debug_abbrev  0x000016cd      0x13c ..\obj\inet_chksum.o
 .debug_abbrev  0x00001809      0x15e ..\obj\main.o
 .debug_abbrev  0x00001967      0x1e3 ..\obj\stm32f4xx_rcc.o
 .debug_abbrev  0x00001b4a      0x141 ..\obj\netconf.o
 .debug_abbrev  0x00001c8b       0x7d ..\obj\stm32f4xx_it.o
 .debug_abbrev  0x00001d08      0x196 ..\obj\stm32f4xx_adc.o
 .debug_abbrev  0x00001e9e      0x1cb ..\obj\stm32f4x7_eth_bsp.o
 .debug_abbrev  0x00002069       0x8e ..\obj\mbfuncinput.o
 .debug_abbrev  0x000020f7      0x21c ..\obj\ethernetif.o
 .debug_abbrev  0x00002313      0x20a ..\obj\etharp.o
 .debug_abbrev  0x0000251d      0x187 ..\obj\tcp_send.o
 .debug_abbrev  0x000026a4      0x1a3 ..\obj\pbuf.o
 .debug_abbrev  0x00002847      0x130 ..\obj\inet.o
 .debug_abbrev  0x00002977      0x256 ..\obj\netif.o
 .debug_abbrev  0x00002bcd      0x1a3 ..\obj\stm32f4xx_gpio.o
 .debug_abbrev  0x00002d70      0x136 ..\obj\system_stm32f4xx.o
 .debug_abbrev  0x00002ea6       0xe2 ..\obj\syscalls.o
 .debug_abbrev  0x00002f88      0x155 ..\obj\stm32f4xx_dma.o
 .debug_abbrev  0x000030dd       0xee ..\obj\portother.o
 .debug_abbrev  0x000031cb      0x149 ..\obj\adc.o
 .debug_abbrev  0x00003314      0x20c ..\obj\udp.o
 .debug_abbrev  0x00003520      0x195 ..\obj\ip.o
 .debug_abbrev  0x000036b5       0xbc ..\obj\mbfunccoils.o
 .debug_abbrev  0x00003771      0x1a3 ..\obj\icmp.o
 .debug_abbrev  0x00003914      0x145 ..\obj\misc.o
 .debug_abbrev  0x00003a59      0x14f ..\obj\udp_send.o
 .debug_abbrev  0x00003ba8       0xe1 ..\obj\mbtcp.o
 .debug_abbrev  0x00003c89      0x229 ..\obj\dhcp.o
 .debug_abbrev  0x00003eb2      0x187 ..\obj\stm32f4xx_tim.o
 .debug_abbrev  0x00004039      0x224 ..\obj\tcp_out.o
 .debug_abbrev  0x0000425d      0x1c0 ..\obj\raw.o

.debug_aranges  0x00000000     0x16e8
 .debug_aranges
                0x00000000       0x48 ..\obj\stm32f4xx_syscfg.o
 .debug_aranges
                0x00000048       0x48 ..\obj\mem.o
 .debug_aranges
                0x00000090       0x50 ..\obj\mb.o
 .debug_aranges
                0x000000e0       0x20 ..\obj\mbfuncdisc.o
 .debug_aranges
                0x00000100      0x110 ..\obj\tcp.o
 .debug_aranges
                0x00000210       0x30 ..\obj\portevent.o
 .debug_aranges
                0x00000240       0x60 ..\obj\porttcp.o
 .debug_aranges
                0x000002a0       0x28 ..\obj\mbfuncother.o
 .debug_aranges
                0x000002c8       0x48 ..\obj\tcp_in.o
 .debug_aranges
                0x00000310       0x30 ..\obj\memp.o
 .debug_aranges
                0x00000340       0x78 ..\obj\autoip.o
 .debug_aranges
                0x000003b8       0x58 ..\obj\ip_frag.o
 .debug_aranges
                0x00000410       0x30 ..\obj\mbutils.o
 .debug_aranges
                0x00000440       0x28 ..\obj\startup_stm32f4xx.o
 .debug_aranges
                0x00000468      0x2b8 ..\obj\stm32f4x7_eth.o
 .debug_aranges
                0x00000720       0x20 ..\obj\ip_addr.o
 .debug_aranges
                0x00000740       0x38 ..\obj\mbfuncholding.o
 .debug_aranges
                0x00000778       0x38 ..\obj\inet_chksum.o
 .debug_aranges
                0x000007b0       0x50 ..\obj\main.o
 .debug_aranges
                0x00000800      0x178 ..\obj\stm32f4xx_rcc.o
 .debug_aranges
                0x00000978       0x30 ..\obj\netconf.o
 .debug_aranges
                0x000009a8       0x60 ..\obj\stm32f4xx_it.o
 .debug_aranges
                0x00000a08      0x148 ..\obj\stm32f4xx_adc.o
 .debug_aranges
                0x00000b50       0x40 ..\obj\stm32f4x7_eth_bsp.o
 .debug_aranges
                0x00000b90       0x20 ..\obj\mbfuncinput.o
 .debug_aranges
                0x00000bb0       0x40 ..\obj\ethernetif.o
 .debug_aranges
                0x00000bf0       0x80 ..\obj\etharp.o
 .debug_aranges
                0x00000c70       0x40 ..\obj\tcp_send.o
 .debug_aranges
                0x00000cb0       0x80 ..\obj\pbuf.o
 .debug_aranges
                0x00000d30       0x50 ..\obj\inet.o
 .debug_aranges
                0x00000d80       0x90 ..\obj\netif.o
 .debug_aranges
                0x00000e10       0x88 ..\obj\stm32f4xx_gpio.o
 .debug_aranges
                0x00000e98       0x30 ..\obj\system_stm32f4xx.o
 .debug_aranges
                0x00000ec8       0x60 ..\obj\syscalls.o
 .debug_aranges
                0x00000f28       0xb0 ..\obj\stm32f4xx_dma.o
 .debug_aranges
                0x00000fd8       0x28 ..\obj\portother.o
 .debug_aranges
                0x00001000       0x28 ..\obj\adc.o
 .debug_aranges
                0x00001028       0x68 ..\obj\udp.o
 .debug_aranges
                0x00001090       0x38 ..\obj\ip.o
 .debug_aranges
                0x000010c8       0x30 ..\obj\mbfunccoils.o
 .debug_aranges
                0x000010f8       0x38 ..\obj\icmp.o
 .debug_aranges
                0x00001130       0x40 ..\obj\misc.o
 .debug_aranges
                0x00001170       0x30 ..\obj\udp_send.o
 .debug_aranges
                0x000011a0       0x40 ..\obj\mbtcp.o
 .debug_aranges
                0x000011e0      0x138 ..\obj\dhcp.o
 .debug_aranges
                0x00001318      0x2f8 ..\obj\stm32f4xx_tim.o
 .debug_aranges
                0x00001610       0x80 ..\obj\tcp_out.o
 .debug_aranges
                0x00001690       0x58 ..\obj\raw.o

.debug_ranges   0x00000000     0x13e8
 .debug_ranges  0x00000000       0x38 ..\obj\stm32f4xx_syscfg.o
 .debug_ranges  0x00000038       0x38 ..\obj\mem.o
 .debug_ranges  0x00000070       0x40 ..\obj\mb.o
 .debug_ranges  0x000000b0       0x10 ..\obj\mbfuncdisc.o
 .debug_ranges  0x000000c0      0x100 ..\obj\tcp.o
 .debug_ranges  0x000001c0       0x20 ..\obj\portevent.o
 .debug_ranges  0x000001e0       0x50 ..\obj\porttcp.o
 .debug_ranges  0x00000230       0x18 ..\obj\mbfuncother.o
 .debug_ranges  0x00000248       0x38 ..\obj\tcp_in.o
 .debug_ranges  0x00000280       0x20 ..\obj\memp.o
 .debug_ranges  0x000002a0       0x68 ..\obj\autoip.o
 .debug_ranges  0x00000308       0x48 ..\obj\ip_frag.o
 .debug_ranges  0x00000350       0x20 ..\obj\mbutils.o
 .debug_ranges  0x00000370       0x18 ..\obj\startup_stm32f4xx.o
 .debug_ranges  0x00000388      0x2a8 ..\obj\stm32f4x7_eth.o
 .debug_ranges  0x00000630       0x10 ..\obj\ip_addr.o
 .debug_ranges  0x00000640       0x28 ..\obj\mbfuncholding.o
 .debug_ranges  0x00000668       0x28 ..\obj\inet_chksum.o
 .debug_ranges  0x00000690       0x40 ..\obj\main.o
 .debug_ranges  0x000006d0      0x168 ..\obj\stm32f4xx_rcc.o
 .debug_ranges  0x00000838       0x20 ..\obj\netconf.o
 .debug_ranges  0x00000858       0x50 ..\obj\stm32f4xx_it.o
 .debug_ranges  0x000008a8      0x138 ..\obj\stm32f4xx_adc.o
 .debug_ranges  0x000009e0       0x30 ..\obj\stm32f4x7_eth_bsp.o
 .debug_ranges  0x00000a10       0x10 ..\obj\mbfuncinput.o
 .debug_ranges  0x00000a20       0x30 ..\obj\ethernetif.o
 .debug_ranges  0x00000a50       0x70 ..\obj\etharp.o
 .debug_ranges  0x00000ac0       0x30 ..\obj\tcp_send.o
 .debug_ranges  0x00000af0       0x70 ..\obj\pbuf.o
 .debug_ranges  0x00000b60       0x40 ..\obj\inet.o
 .debug_ranges  0x00000ba0       0x80 ..\obj\netif.o
 .debug_ranges  0x00000c20       0x78 ..\obj\stm32f4xx_gpio.o
 .debug_ranges  0x00000c98       0x20 ..\obj\system_stm32f4xx.o
 .debug_ranges  0x00000cb8       0x50 ..\obj\syscalls.o
 .debug_ranges  0x00000d08       0xa0 ..\obj\stm32f4xx_dma.o
 .debug_ranges  0x00000da8       0x18 ..\obj\portother.o
 .debug_ranges  0x00000dc0       0x18 ..\obj\adc.o
 .debug_ranges  0x00000dd8       0x58 ..\obj\udp.o
 .debug_ranges  0x00000e30       0x28 ..\obj\ip.o
 .debug_ranges  0x00000e58       0x20 ..\obj\mbfunccoils.o
 .debug_ranges  0x00000e78       0x28 ..\obj\icmp.o
 .debug_ranges  0x00000ea0       0x30 ..\obj\misc.o
 .debug_ranges  0x00000ed0       0x20 ..\obj\udp_send.o
 .debug_ranges  0x00000ef0       0x30 ..\obj\mbtcp.o
 .debug_ranges  0x00000f20      0x128 ..\obj\dhcp.o
 .debug_ranges  0x00001048      0x2e8 ..\obj\stm32f4xx_tim.o
 .debug_ranges  0x00001330       0x70 ..\obj\tcp_out.o
 .debug_ranges  0x000013a0       0x48 ..\obj\raw.o

.debug_line     0x00000000     0x9fa7
 .debug_line    0x00000000      0x243 ..\obj\stm32f4xx_syscfg.o
 .debug_line    0x00000243      0x228 ..\obj\mem.o
 .debug_line    0x0000046b      0x250 ..\obj\mb.o
 .debug_line    0x000006bb      0x144 ..\obj\mbfuncdisc.o
 .debug_line    0x000007ff      0x795 ..\obj\tcp.o
 .debug_line    0x00000f94       0xf9 ..\obj\portevent.o
 .debug_line    0x0000108d      0x2c9 ..\obj\porttcp.o
 .debug_line    0x00001356      0x1b4 ..\obj\mbfuncother.o
 .debug_line    0x0000150a      0x6d8 ..\obj\tcp_in.o
 .debug_line    0x00001be2      0x185 ..\obj\memp.o
 .debug_line    0x00001d67      0x37e ..\obj\autoip.o
 .debug_line    0x000020e5      0x3a1 ..\obj\ip_frag.o
 .debug_line    0x00002486      0x159 ..\obj\mbutils.o
 .debug_line    0x000025df       0xae ..\obj\startup_stm32f4xx.o
 .debug_line    0x0000268d      0xb35 ..\obj\stm32f4x7_eth.o
 .debug_line    0x000031c2      0x19f ..\obj\ip_addr.o
 .debug_line    0x00003361      0x1d7 ..\obj\mbfuncholding.o
 .debug_line    0x00003538      0x201 ..\obj\inet_chksum.o
 .debug_line    0x00003739      0x2c8 ..\obj\main.o
 .debug_line    0x00003a01      0x5d9 ..\obj\stm32f4xx_rcc.o
 .debug_line    0x00003fda      0x2d9 ..\obj\netconf.o
 .debug_line    0x000042b3      0x236 ..\obj\stm32f4xx_it.o
 .debug_line    0x000044e9      0x58a ..\obj\stm32f4xx_adc.o
 .debug_line    0x00004a73      0x380 ..\obj\stm32f4x7_eth_bsp.o
 .debug_line    0x00004df3      0x13a ..\obj\mbfuncinput.o
 .debug_line    0x00004f2d      0x3d3 ..\obj\ethernetif.o
 .debug_line    0x00005300      0x4e4 ..\obj\etharp.o
 .debug_line    0x000057e4      0x2dd ..\obj\tcp_send.o
 .debug_line    0x00005ac1      0x3c1 ..\obj\pbuf.o
 .debug_line    0x00005e82      0x26d ..\obj\inet.o
 .debug_line    0x000060ef      0x3b0 ..\obj\netif.o
 .debug_line    0x0000649f      0x37b ..\obj\stm32f4xx_gpio.o
 .debug_line    0x0000681a      0x20e ..\obj\system_stm32f4xx.o
 .debug_line    0x00006a28      0x179 ..\obj\syscalls.o
 .debug_line    0x00006ba1      0x414 ..\obj\stm32f4xx_dma.o
 .debug_line    0x00006fb5      0x149 ..\obj\portother.o
 .debug_line    0x000070fe      0x2c1 ..\obj\adc.o
 .debug_line    0x000073bf      0x3e0 ..\obj\udp.o
 .debug_line    0x0000779f      0x2fc ..\obj\ip.o
 .debug_line    0x00007a9b      0x1a9 ..\obj\mbfunccoils.o
 .debug_line    0x00007c44      0x223 ..\obj\icmp.o
 .debug_line    0x00007e67      0x27d ..\obj\misc.o
 .debug_line    0x000080e4      0x2b4 ..\obj\udp_send.o
 .debug_line    0x00008398      0x162 ..\obj\mbtcp.o
 .debug_line    0x000084fa      0x83d ..\obj\dhcp.o
 .debug_line    0x00008d37      0xaa2 ..\obj\stm32f4xx_tim.o
 .debug_line    0x000097d9      0x522 ..\obj\tcp_out.o
 .debug_line    0x00009cfb      0x2ac ..\obj\raw.o

.debug_str      0x00000000     0x6fb9
 .debug_str     0x00000000      0x2a2 ..\obj\stm32f4xx_syscfg.o
                                0x300 (size before relaxing)
 .debug_str     0x000002a2      0x142 ..\obj\mem.o
                                0x265 (size before relaxing)
 .debug_str     0x000003e4      0x4ae ..\obj\mb.o
                                0x638 (size before relaxing)
 .debug_str     0x00000892       0xad ..\obj\mbfuncdisc.o
                                0x36f (size before relaxing)
 .debug_str     0x0000093f      0x5b3 ..\obj\tcp.o
                                0x82b (size before relaxing)
 .debug_str     0x00000ef2       0xa1 ..\obj\portevent.o
                                0x242 (size before relaxing)
 .debug_str     0x00000f93      0x1d9 ..\obj\porttcp.o
                                0x626 (size before relaxing)
 .debug_str     0x0000116c       0xc4 ..\obj\mbfuncother.o
                                0x398 (size before relaxing)
 .debug_str     0x00001230      0x151 ..\obj\tcp_in.o
                                0x6c2 (size before relaxing)
 .debug_str     0x00001381       0x9e ..\obj\memp.o
                                0x29f (size before relaxing)
 .debug_str     0x0000141f      0x1da ..\obj\autoip.o
                                0x414 (size before relaxing)
 .debug_str     0x000015f9      0x27f ..\obj\ip_frag.o
                                0x583 (size before relaxing)
 .debug_str     0x00001878       0xe5 ..\obj\mbutils.o
                                0x39e (size before relaxing)
 .debug_str     0x0000195d       0xbc ..\obj\startup_stm32f4xx.o
                                0x153 (size before relaxing)
 .debug_str     0x00001a19     0x127d ..\obj\stm32f4x7_eth.o
                               0x1472 (size before relaxing)
 .debug_str     0x00002c96       0x81 ..\obj\ip_addr.o
                                0x295 (size before relaxing)
 .debug_str     0x00002d17      0x161 ..\obj\mbfuncholding.o
                                0x44d (size before relaxing)
 .debug_str     0x00002e78       0xb5 ..\obj\inet_chksum.o
                                0x25f (size before relaxing)
 .debug_str     0x00002f2d      0x17c ..\obj\main.o
                                0x3cc (size before relaxing)
 .debug_str     0x000030a9      0x5e9 ..\obj\stm32f4xx_rcc.o
                                0x85c (size before relaxing)
 .debug_str     0x00003692      0x1fb ..\obj\netconf.o
                                0x4b1 (size before relaxing)
 .debug_str     0x0000388d       0xf5 ..\obj\stm32f4xx_it.o
                                0x21d (size before relaxing)
 .debug_str     0x00003982      0x640 ..\obj\stm32f4xx_adc.o
                                0x810 (size before relaxing)
 .debug_str     0x00003fc2      0x82a ..\obj\stm32f4x7_eth_bsp.o
                                0xe31 (size before relaxing)
 .debug_str     0x000047ec       0x6c ..\obj\mbfuncinput.o
                                0x363 (size before relaxing)
 .debug_str     0x00004858       0xaa ..\obj\ethernetif.o
                                0x6cd (size before relaxing)
 .debug_str     0x00004902      0x278 ..\obj\etharp.o
                                0x806 (size before relaxing)
 .debug_str     0x00004b7a       0xd8 ..\obj\tcp_send.o
                                0x51f (size before relaxing)
 .debug_str     0x00004c52      0x188 ..\obj\pbuf.o
                                0x431 (size before relaxing)
 .debug_str     0x00004dda       0x97 ..\obj\inet.o
                                0x208 (size before relaxing)
 .debug_str     0x00004e71      0x154 ..\obj\netif.o
                                0x7b5 (size before relaxing)
 .debug_str     0x00004fc5      0x1a9 ..\obj\stm32f4xx_gpio.o
                                0x4af (size before relaxing)
 .debug_str     0x0000516e       0xd0 ..\obj\system_stm32f4xx.o
                                0x3b6 (size before relaxing)
 .debug_str     0x0000523e      0x157 ..\obj\syscalls.o
                                0x2ea (size before relaxing)
 .debug_str     0x00005395      0x380 ..\obj\stm32f4xx_dma.o
                                0x54e (size before relaxing)
 .debug_str     0x00005715       0xe6 ..\obj\portother.o
                                0x296 (size before relaxing)