Archive member included because of file (symbol)

c:/program files/gnu tools arm embedded/4.9 2015q2/bin/../lib/gcc/arm-none-eabi/4.9.3/../../../../arm-none-eabi/lib/armv7e-m/softfp\libg.a(lib_a-memcmp.o)
                              ..\obj\etharp.o (memcmp)
c:/program files/gnu tools arm embedded/4.9 2015q2/bin/../lib/gcc/arm-none-eabi/4.9.3/../../../../arm-none-eabi/lib/armv7e-m/softfp\libg.a(lib_a-memcpy.o)
                              ..\obj\porttcp.o (memcpy)
c:/program files/gnu tools arm embedded/4.9 2015q2/bin/../lib/gcc/arm-none-eabi/4.9.3/../../../../arm-none-eabi/lib/armv7e-m/softfp\libg.a(lib_a-memset.o)
                              ..\obj\mem.o (memset)
c:/program files/gnu tools arm embedded/4.9 2015q2/bin/../lib/gcc/arm-none-eabi/4.9.3/../../../../arm-none-eabi/lib/armv7e-m/softfp\libg.a(lib_a-printf.o)
                              ..\obj\portother.o (printf)
c:/program files/gnu tools arm embedded/4.9 2015q2/bin/../lib/gcc/arm-none-eabi/4.9.3/../../../../arm-none-eabi/lib/armv7e-m/softfp\libg.a(lib_a-snprintf.o)
                              ..\obj\portother.o (snprintf)
c:/program files/gnu tools arm embedded/4.9 2015q2/bin/../lib/gcc/arm-none-eabi/4.9.3/../../../../arm-none-eabi/lib/armv7e-m/softfp\libg.a(lib_a-sprintf.o)
                              ..\obj\http_server.o (sprintf)
c:/program files/gnu tools arm embedded/4.9 2015q2/bin/../lib/gcc/arm-none-eabi/4.9.3/../../../../arm-none-eabi/lib/armv7e-m/softfp\libg.a(lib_a-strcmp.o)
                              ..\obj\cfg_info.o (strcmp)
c:/program files/gnu tools arm embedded/4.9 2015q2/bin/../lib/gcc/arm-none-eabi/4.9.3/../../../../arm-none-eabi/lib/armv7e-m/softfp\libg.a(lib_a-strlen.o)
                              ..\obj\pbuf.o (strlen)
c:/program files/gnu tools arm embedded/4.9 2015q2/bin/../lib/gcc/arm-none-eabi/4.9.3/../../../../arm-none-eabi/lib/armv7e-m/softfp\libg.a(lib_a-strncmp.o)
                              ..\obj\http_server.o (strncmp)
c:/program files/gnu tools arm embedded/4.9 2015q2/bin/../lib/gcc/arm-none-eabi/4.9.3/../../../../arm-none-eabi/lib/armv7e-m/softfp\libg.a(lib_a-svfprintf.o)
                              c:/program files/gnu tools arm embedded/4.9 2015q2/bin/../lib/gcc/arm-none-eabi/4.9.3/../../../../arm-none-eabi/lib/armv7e-m/softfp\libg.a(lib_a-snprintf.o) (_svfprintf_r)
c:/program files/gnu tools arm embedded/4.9 2015q2/bin/../lib/gcc/arm-none-eabi/4.9.3/../../../../arm-none-eabi/lib/armv7e-m/softfp\libg.a(lib_a-vfprintf.o)
                              c:/program files/gnu tools arm embedded/4.9 2015q2/bin/../lib/gcc/arm-none-eabi/4.9.3/../../../../arm-none-eabi/lib/armv7e-m/softfp\libg.a(lib_a-printf.o) (_vfprintf_r)
c:/program files/gnu tools arm embedded/4.9 2015q2/bin/../lib/gcc/arm-none-eabi/4.9.3/../../../../arm-none-eabi/lib/armv7e-m/softfp\libg.a(lib_a-vprintf.o)
                              ..\obj\portother.o (vprintf)
c:/program files/gnu tools arm embedded/4.9 2015q2/bin/../lib/gcc/arm-none-eabi/4.9.3/../../../../arm-none-eabi/lib/armv7e-m/softfp\libg.a(lib_a-wsetup.o)
                              c:/program files/gnu tools arm embedded/4.9 2015q2/bin/../lib/gcc/arm-none-eabi/4.9.3/../../../../arm-none-eabi/lib/armv7e-m/softfp\libg.a(lib_a-vfprintf.o) (__swsetup_r)
c:/program files/gnu tools arm embedded/4.9 2015q2/bin/../lib/gcc/arm-none-eabi/4.9.3/../../../../arm-none-eabi/lib/armv7e-m/softfp\libg.a(lib_a-dtoa.o)
                              c:/program files/gnu tools arm embedded/4.9 2015q2/bin/../lib/gcc/arm-none-eabi/4.9.3/../../../../arm-none-eabi/lib/armv7e-m/softfp\libg.a(lib_a-svfprintf.o) (_dtoa_r)
c:/program files/gnu tools arm embedded/4.9 2015q2/bin/../lib/gcc/arm-none-eabi/4.9.3/../../../../arm-none-eabi/lib/armv7e-m/softfp\libg.a(lib_a-fflush.o)
                              c:/program files/gnu tools arm embedded/4.9 2015q2/bin/../lib/gcc/arm-none-eabi/4.9.3/../../../../arm-none-eabi/lib/armv7e-m/softfp\libg.a(lib_a-vfprintf.o) (_fflush_r)
c:/program files/gnu tools arm embedded/4.9 2015q2/bin/../lib/gcc/arm-none-eabi/4.9.3/../../../../arm-none-eabi/lib/armv7e-m/softfp\libg.a(lib_a-findfp.o)
                              c:/program files/gnu tools arm embedded/4.9 2015q2/bin/../lib/gcc/arm-none-eabi/4.9.3/../../../../arm-none-eabi/lib/armv7e-m/softfp\libg.a(lib_a-vfprintf.o) (__sinit)
c:/program files/gnu tools arm embedded/4.9 2015q2/bin/../lib/gcc/arm-none-eabi/4.9.3/../../../../arm-none-eabi/lib/armv7e-m/softfp\libg.a(lib_a-freer.o)
                              c:/program files/gnu tools arm embedded/4.9 2015q2/bin/../lib/gcc/arm-none-eabi/4.9.3/../../../../arm-none-eabi/lib/armv7e-m/softfp\libg.a(lib_a-wsetup.o) (_free_r)
c:/program files/gnu tools arm embedded/4.9 2015q2/bin/../lib/gcc/arm-none-eabi/4.9.3/../../../../arm-none-eabi/lib/armv7e-m/softfp\libg.a(lib_a-fwalk.o)
[...]
Memory Configuration

Name             Origin             Length             Attributes
vector           0x08000000         0x00004000         xr
flash_1          0x08004000         0x00004000         r
flash_2          0x08008000         0x00004000         r
rom              0x0800c000         0x000f4000         xr
ram              0x20000000         0x00020000         xrw
ram1             0x10000000         0x00010000         xrw
*default*        0x00000000         0xffffffff

Linker script and memory map

                0x20020000                _eram = 0x20020000

.isr_vector     0x08000000      0x188
                0x08000000                . = ALIGN (0x4)
 *(.isr_vector)
 .isr_vector    0x08000000      0x188 ..\obj\startup_stm32f4xx.o
                0x08000000                g_pfnVectors
                0x08000188                . = ALIGN (0x4)

.flash_cfg1     0x08004000       0x1c
                0x08004000                . = ALIGN (0x4)
                0x08004000                _flash_cfg1_start = .
 *(.flash_cfg1)
 .flash_cfg1    0x08004000       0x1c ..\obj\cfg_info.o
                0x0800401c                . = ALIGN (0x4)

.flash_cfg2     0x08008000       0x1c
                0x08008000                . = ALIGN (0x4)
                0x08008000                _flash_cfg2_start = .
 *(.flash_cfg2)
 .flash_cfg2    0x08008000       0x1c ..\obj\cfg_info.o
                0x0800801c                . = ALIGN (0x4)

.text           0x0800c000    0x17748
                0x0800c000                . = ALIGN (0x4)
 *(.text*)
 .text.SYSCFG_ETH_MediaInterfaceConfig
                0x0800c000       0x1c ..\obj\stm32f4xx_syscfg.o
                0x0800c000                SYSCFG_ETH_MediaInterfaceConfig
 .text.plug_holes
                0x0800c01c       0xbc ..\obj\mem.o
 .text.mem_init
                0x0800c0d8       0x80 ..\obj\mem.o
                0x0800c0d8                mem_init
 .text.mem_free
                0x0800c158       0x74 ..\obj\mem.o
                0x0800c158                mem_free
 .text.mem_trim
                0x0800c1cc      0x188 ..\obj\mem.o
                0x0800c1cc                mem_trim
 .text.mem_malloc
                0x0800c354      0x164 ..\obj\mem.o
                0x0800c354                mem_malloc
 .text.eMBTCPInit
                0x0800c4b8       0xa4 ..\obj\mb.o
                0x0800c4b8                eMBTCPInit
 .text.eMBEnable
                0x0800c55c       0x38 ..\obj\mb.o
                0x0800c55c                eMBEnable
 .text.eMBPoll  0x0800c594      0x170 ..\obj\mb.o
                0x0800c594                eMBPoll
 .text.eMBFuncReadDiscreteInputs
                0x0800c704      0x104 ..\obj\mbfuncdisc.o
                0x0800c704                eMBFuncReadDiscreteInputs
 .text.tcp_init
                0x0800c808        0xc ..\obj\tcp.o
                0x0800c808                tcp_init
 .text.tcp_tmr  0x0800c814       0x2c ..\obj\tcp.o
                0x0800c814                tcp_tmr
 .text.tcp_close_shutdown
                0x0800c840      0x250 ..\obj\tcp.o
 .text.tcp_close
                0x0800ca90       0x30 ..\obj\tcp.o
                0x0800ca90                tcp_close
 .text.tcp_shutdown
                0x0800cac0       0x8c ..\obj\tcp.o
                0x0800cac0                tcp_shutdown
 .text.tcp_abandon
                0x0800cb4c       0xc0 ..\obj\tcp.o
                0x0800cb4c                tcp_abandon
 .text.tcp_abort
                0x0800cc0c       0x18 ..\obj\tcp.o
                0x0800cc0c                tcp_abort
 .text.tcp_bind
                0x0800cc24       0xdc ..\obj\tcp.o
                0x0800cc24                tcp_bind
 .text.tcp_accept_null
                0x0800cd00       0x20 ..\obj\tcp.o
 .text.tcp_listen_with_backlog
                0x0800cd20      0x114 ..\obj\tcp.o
                0x0800cd20                tcp_listen_with_backlog
 .text.tcp_update_rcv_ann_wnd
                0x0800ce34       0x84 ..\obj\tcp.o
                0x0800ce34                tcp_update_rcv_ann_wnd
 .text.tcp_recved
                0x0800ceb8       0x5c ..\obj\tcp.o
                0x0800ceb8                tcp_recved
 .text.tcp_new_port
                0x0800cf14       0x8c ..\obj\tcp.o
 .text.tcp_slowtmr
                0x0800cfa0      0x42c ..\obj\tcp.o
                0x0800cfa0                tcp_slowtmr
 .text.tcp_fasttmr
                0x0800d3cc       0xa0 ..\obj\tcp.o
                0x0800d3cc                tcp_fasttmr
 .text.tcp_process_refused_data
                0x0800d46c       0xc8 ..\obj\tcp.o
                0x0800d46c                tcp_process_refused_data
 .text.tcp_segs_free
                0x0800d534       0x28 ..\obj\tcp.o
                0x0800d534                tcp_segs_free
 .text.tcp_seg_free
                0x0800d55c       0x30 ..\obj\tcp.o
                0x0800d55c                tcp_seg_free
 .text.tcp_recv_null
                0x0800d58c       0x48 ..\obj\tcp.o
                0x0800d58c                tcp_recv_null
 .text.tcp_kill_prio
                0x0800d5d4       0x80 ..\obj\tcp.o
 .text.tcp_kill_timewait
                0x0800d654       0x5c ..\obj\tcp.o
 .text.tcp_alloc
                0x0800d6b0      0x114 ..\obj\tcp.o
                0x0800d6b0                tcp_alloc
 .text.tcp_new  0x0800d7c4       0x10 ..\obj\tcp.o
                0x0800d7c4                tcp_new
 .text.tcp_arg  0x0800d7d4       0x1c ..\obj\tcp.o
                0x0800d7d4                tcp_arg
 .text.tcp_recv
                0x0800d7f0       0x1c ..\obj\tcp.o
                0x0800d7f0                tcp_recv
 .text.tcp_sent
                0x0800d80c       0x1c ..\obj\tcp.o
                0x0800d80c                tcp_sent
 .text.tcp_err  0x0800d828       0x1c ..\obj\tcp.o
                0x0800d828                tcp_err
 .text.tcp_accept
                0x0800d844       0x1c ..\obj\tcp.o
                0x0800d844                tcp_accept
 .text.tcp_poll
                0x0800d860       0x28 ..\obj\tcp.o
                0x0800d860                tcp_poll
 .text.tcp_pcb_purge
                0x0800d888       0x70 ..\obj\tcp.o
                0x0800d888                tcp_pcb_purge
 .text.tcp_pcb_remove
                0x0800d8f8       0xa8 ..\obj\tcp.o
                0x0800d8f8                tcp_pcb_remove
 .text.tcp_next_iss
                0x0800d9a0       0x28 ..\obj\tcp.o
                0x0800d9a0                tcp_next_iss
 .text.tcp_eff_send_mss
                0x0800d9c8       0x40 ..\obj\tcp.o
                0x0800d9c8                tcp_eff_send_mss
 .text.xMBPortEventInit
                0x0800da08       0x34 ..\obj\portevent.o
                0x0800da08                xMBPortEventInit
 .text.xMBPortEventPost
                0x0800da3c       0x4c ..\obj\portevent.o
                0x0800da3c                xMBPortEventPost
 .text.xMBPortEventGet
                0x0800da88       0x34 ..\obj\portevent.o
                0x0800da88                xMBPortEventGet
 .text.xMBTCPPortInit
                0x0800dabc       0xac ..\obj\porttcp.o
                0x0800dabc                xMBTCPPortInit
 .text.prvvMBPortReleaseClient
                0x0800db68       0x8c ..\obj\porttcp.o
                0x0800db68                prvvMBPortReleaseClient
 .text.vMBTCPPortDisable
                0x0800dbf4       0x14 ..\obj\porttcp.o
                0x0800dbf4                vMBTCPPortDisable
 .text.prvxMBTCPPortAccept
                0x0800dc08       0xb0 ..\obj\porttcp.o
 .text.prvvMBTCPPortError
                0x0800dcb8       0x34 ..\obj\porttcp.o
 .text.prvxMBTCPPortReceive
                0x0800dcec      0x10c ..\obj\porttcp.o
 .text.xMBTCPPortGetRequest
                0x0800ddf8       0x34 ..\obj\porttcp.o
                0x0800ddf8                xMBTCPPortGetRequest
 .text.xMBTCPPortSendResponse
                0x0800de2c       0x6c ..\obj\porttcp.o
                0x0800de2c                xMBTCPPortSendResponse
 .text.eMBSetSlaveID
                0x0800de98       0x9c ..\obj\mbfuncother.o
                0x0800de98                eMBSetSlaveID
 .text.eMBFuncReportSlaveID
                0x0800df34       0x3c ..\obj\mbfuncother.o
                0x0800df34                eMBFuncReportSlaveID
 .text.tcp_input
                0x0800df70      0x5f0 ..\obj\tcp_in.o
                0x0800df70                tcp_input
 .text.tcp_listen_input
                0x0800e560      0x194 ..\obj\tcp_in.o
 .text.tcp_timewait_input
                0x0800e6f4       0xd8 ..\obj\tcp_in.o
 .text.tcp_process
                0x0800e7cc      0x6b8 ..\obj\tcp_in.o
 .text.tcp_receive
                0x0800ee84      0x8e0 ..\obj\tcp_in.o
 .text.tcp_parseopt
                0x0800f764      0x104 ..\obj\tcp_in.o
 .text.memp_init
                0x0800f868       0x98 ..\obj\memp.o
                0x0800f868                memp_init
 .text.memp_malloc
                0x0800f900       0x44 ..\obj\memp.o
                0x0800f900                memp_malloc
 .text.memp_free
                0x0800f944       0x3c ..\obj\memp.o
                0x0800f944                memp_free
 .text.netbuf_delete
                0x0800f980       0x3c ..\obj\netbuf.o
                0x0800f980                netbuf_delete
 .text.netbuf_data
                0x0800f9bc       0x5c ..\obj\netbuf.o
                0x0800f9bc                netbuf_data
 .text.tcpip_thread
                0x0800fa18      0x114 ..\obj\tcpip.o
 .text.tcpip_input
                0x0800fb2c       0x64 ..\obj\tcpip.o
                0x0800fb2c                tcpip_input
 .text.tcpip_apimsg
                0x0800fb90       0x48 ..\obj\tcpip.o
                0x0800fb90                tcpip_apimsg
 .text.tcpip_init
                0x0800fbd8       0x50 ..\obj\tcpip.o
                0x0800fbd8                tcpip_init
 .text.prveMBError2Exception
                0x0800fc28       0x40 ..\obj\mbutils.o
                0x0800fc28                prveMBError2Exception
 .text.Default_Reset_Handler
                0x0800fc68       0x6c ..\obj\startup_stm32f4xx.o
                0x0800fc68                Default_Reset_Handler
                0x0800fc68                Reset_Handler
 .text.Default_Handler
                0x0800fcd4        0x8 ..\obj\startup_stm32f4xx.o
                0x0800fcd4                RTC_Alarm_IRQHandler
                0x0800fcd4                HASH_RNG_IRQHandler
                0x0800fcd4                EXTI2_IRQHandler
                0x0800fcd4                TIM8_CC_IRQHandler
                0x0800fcd4                TIM1_CC_IRQHandler
                0x0800fcd4                DMA2_Stream5_IRQHandler
                0x0800fcd4                DMA1_Stream5_IRQHandler
                0x0800fcd4                PVD_IRQHandler
                0x0800fcd4                SDIO_IRQHandler
                0x0800fcd4                TAMP_STAMP_IRQHandler
                0x0800fcd4                CAN2_RX1_IRQHandler
                0x0800fcd4                EXTI3_IRQHandler
                0x0800fcd4                TIM8_TRG_COM_TIM14_IRQHandler
                0x0800fcd4                TIM1_UP_TIM10_IRQHandler
                0x0800fcd4                TIM8_UP_TIM13_IRQHandler
                0x0800fcd4                I2C3_ER_IRQHandler
                0x0800fcd4                EXTI0_IRQHandler
                0x0800fcd4                I2C2_EV_IRQHandler
                0x0800fcd4                DMA1_Stream2_IRQHandler
                0x0800fcd4                CAN1_RX0_IRQHandler
                0x0800fcd4                FPU_IRQHandler
                0x0800fcd4                OTG_HS_WKUP_IRQHandler
                0x0800fcd4                CAN2_SCE_IRQHandler
                0x0800fcd4                DMA2_Stream2_IRQHandler
                0x0800fcd4                SPI1_IRQHandler
                0x0800fcd4                TIM6_DAC_IRQHandler
                0x0800fcd4                TIM1_BRK_TIM9_IRQHandler
                0x0800fcd4                DCMI_IRQHandler
                0x0800fcd4                CAN2_RX0_IRQHandler
                0x0800fcd4                DMA2_Stream3_IRQHandler
                0x0800fcd4                USART6_IRQHandler
                0x0800fcd4                USART3_IRQHandler
                0x0800fcd4                CRYP_IRQHandler
                0x0800fcd4                CAN1_RX1_IRQHandler
                0x0800fcd4                UART5_IRQHandler
                0x0800fcd4                DMA2_Stream0_IRQHandler
                0x0800fcd4                TIM4_IRQHandler
                0x0800fcd4                I2C1_EV_IRQHandler
                0x0800fcd4                DMA1_Stream6_IRQHandler
                0x0800fcd4                DMA1_Stream1_IRQHandler
                0x0800fcd4                UART4_IRQHandler
                0x0800fcd4                TIM3_IRQHandler
                0x0800fcd4                RCC_IRQHandler
                0x0800fcd4                TIM8_BRK_TIM12_IRQHandler
                0x0800fcd4                EXTI15_10_IRQHandler
                0x0800fcd4                ADC_IRQHandler
                0x0800fcd4                DMA1_Stream7_IRQHandler
                0x0800fcd4                TIM7_IRQHandler
                0x0800fcd4                CAN2_TX_IRQHandler
                0x0800fcd4                TIM5_IRQHandler
                0x0800fcd4                DMA2_Stream7_IRQHandler
                0x0800fcd4                I2C3_EV_IRQHandler
                0x0800fcd4                EXTI9_5_IRQHandler
                0x0800fcd4                RTC_WKUP_IRQHandler
                0x0800fcd4                ETH_WKUP_IRQHandler
                0x0800fcd4                SPI2_IRQHandler
                0x0800fcd4                OTG_HS_EP1_IN_IRQHandler
                0x0800fcd4                DMA1_Stream0_IRQHandler
                0x0800fcd4                CAN1_TX_IRQHandler
                0x0800fcd4                EXTI4_IRQHandler
                0x0800fcd4                FSMC_IRQHandler
                0x0800fcd4                OTG_HS_EP1_OUT_IRQHandler
                0x0800fcd4                WWDG_IRQHandler
                0x0800fcd4                TIM2_IRQHandler
                0x0800fcd4                OTG_FS_WKUP_IRQHandler
                0x0800fcd4                TIM1_TRG_COM_TIM11_IRQHandler
                0x0800fcd4                OTG_HS_IRQHandler
                0x0800fcd4                EXTI1_IRQHandler
                0x0800fcd4                USART2_IRQHandler
                0x0800fcd4                I2C2_ER_IRQHandler
                0x0800fcd4                CAN1_SCE_IRQHandler
                0x0800fcd4                FLASH_IRQHandler
                0x0800fcd4                DMA2_Stream4_IRQHandler
                0x0800fcd4                USART1_IRQHandler
                0x0800fcd4                OTG_FS_IRQHandler
                0x0800fcd4                SPI3_IRQHandler
                0x0800fcd4                DMA1_Stream4_IRQHandler
                0x0800fcd4                I2C1_ER_IRQHandler
                0x0800fcd4                DMA2_Stream6_IRQHandler
                0x0800fcd4                DMA1_Stream3_IRQHandler
 .text.ETH_Delay
                0x0800fcdc       0x28 ..\obj\stm32f4x7_eth.o
 .text.ETH_DeInit
                0x0800fd04       0x1c ..\obj\stm32f4x7_eth.o
                0x0800fd04                ETH_DeInit
 .text.ETH_StructInit
                0x0800fd20      0x15c ..\obj\stm32f4x7_eth.o
                0x0800fd20                ETH_StructInit
 .text.ETH_Init
                0x0800fe7c      0x42c ..\obj\stm32f4x7_eth.o
                0x0800fe7c                ETH_Init
 .text.ETH_Start
                0x080102a8       0x24 ..\obj\stm32f4x7_eth.o
                0x080102a8                ETH_Start
 .text.ETH_MACTransmissionCmd
                0x080102cc       0x38 ..\obj\stm32f4x7_eth.o
                0x080102cc                ETH_MACTransmissionCmd
 .text.ETH_MACReceptionCmd
                0x08010304       0x38 ..\obj\stm32f4x7_eth.o
                0x08010304                ETH_MACReceptionCmd
 .text.ETH_MACAddressConfig
                0x0801033c       0x6c ..\obj\stm32f4x7_eth.o
                0x0801033c                ETH_MACAddressConfig
 .text.ETH_Get_Received_Frame_interrupt
                0x080103a8      0x144 ..\obj\stm32f4x7_eth.o
                0x080103a8                ETH_Get_Received_Frame_interrupt
 .text.ETH_Prepare_Transmit_Descriptors
                0x080104ec      0x16c ..\obj\stm32f4x7_eth.o
                0x080104ec                ETH_Prepare_Transmit_Descriptors
 .text.ETH_DMARxDescChainInit
                0x08010658       0xa8 ..\obj\stm32f4x7_eth.o
                0x08010658                ETH_DMARxDescChainInit
 .text.ETH_DMATxDescChainInit
                0x08010700       0x90 ..\obj\stm32f4x7_eth.o
                0x08010700                ETH_DMATxDescChainInit
 .text.ETH_DMATxDescChecksumInsertionConfig
                0x08010790       0x20 ..\obj\stm32f4x7_eth.o
                0x08010790                ETH_DMATxDescChecksumInsertionConfig
 .text.ETH_DMARxDescReceiveITConfig
                0x080107b0       0x38 ..\obj\stm32f4x7_eth.o
                0x080107b0                ETH_DMARxDescReceiveITConfig
 .text.ETH_SoftwareReset
                0x080107e8       0x24 ..\obj\stm32f4x7_eth.o
                0x080107e8                ETH_SoftwareReset
 .text.ETH_GetSoftwareResetStatus
                0x0801080c       0x38 ..\obj\stm32f4x7_eth.o
                0x0801080c                ETH_GetSoftwareResetStatus
 .text.ETH_GetDMAFlagStatus
                0x08010844       0x3c ..\obj\stm32f4x7_eth.o
                0x08010844                ETH_GetDMAFlagStatus
 .text.ETH_DMAITConfig
                0x08010880       0x54 ..\obj\stm32f4x7_eth.o
                0x08010880                ETH_DMAITConfig
 .text.ETH_DMAClearITPendingBit
                0x080108d4       0x24 ..\obj\stm32f4x7_eth.o
                0x080108d4                ETH_DMAClearITPendingBit
 .text.ETH_FlushTransmitFIFO
                0x080108f8       0x28 ..\obj\stm32f4x7_eth.o
                0x080108f8                ETH_FlushTransmitFIFO
 .text.ETH_DMATransmissionCmd
                0x08010920       0x50 ..\obj\stm32f4x7_eth.o
                0x08010920                ETH_DMATransmissionCmd
 .text.ETH_DMAReceptionCmd
                0x08010970       0x50 ..\obj\stm32f4x7_eth.o
                0x08010970                ETH_DMAReceptionCmd
 .text.ETH_ReadPHYRegister
                0x080109c0       0xa0 ..\obj\stm32f4x7_eth.o
                0x080109c0                ETH_ReadPHYRegister
 .text.ETH_WritePHYRegister
                0x08010a60       0xa4 ..\obj\stm32f4x7_eth.o
                0x08010a60                ETH_WritePHYRegister
 .text.ip4_addr_isbroadcast
                0x08010b04       0x78 ..\obj\ip_addr.o
                0x08010b04                ip4_addr_isbroadcast
 .text.eMBFuncWriteHoldingRegister
                0x08010b7c       0x70 ..\obj\mbfuncholding.o
                0x08010b7c                eMBFuncWriteHoldingRegister
 .text.eMBFuncWriteMultipleHoldingRegister
                0x08010bec       0xbc ..\obj\mbfuncholding.o
                0x08010bec                eMBFuncWriteMultipleHoldingRegister
 .text.eMBFuncReadHoldingRegister
                0x08010ca8       0xe4 ..\obj\mbfuncholding.o
                0x08010ca8                eMBFuncReadHoldingRegister
 .text.eMBFuncReadWriteMultipleHoldingRegister
                0x08010d8c      0x160 ..\obj\mbfuncholding.o
                0x08010d8c                eMBFuncReadWriteMultipleHoldingRegister
 .text.lwip_standard_chksum
                0x08010eec       0xbc ..\obj\inet_chksum.o
 .text.inet_chksum
                0x08010fa8       0x24 ..\obj\inet_chksum.o
                0x08010fa8                inet_chksum
 .text.inet_chksum_pbuf
                0x08010fcc       0x98 ..\obj\inet_chksum.o
                0x08010fcc                inet_chksum_pbuf
 .text.LwIP_Init
                0x08011064       0x68 ..\obj\main.o
                0x08011064                LwIP_Init
 .text.Init_Task
                0x080110cc       0x48 ..\obj\main.o
                0x080110cc                Init_Task
 .text.main     0x08011114       0x38 ..\obj\main.o
                0x08011114                main
 .text.RCC_MCO1Config
                0x0801114c       0x3c ..\obj\stm32f4xx_rcc.o
                0x0801114c                RCC_MCO1Config
 .text.RCC_GetClocksFreq
                0x08011188      0x154 ..\obj\stm32f4xx_rcc.o
                0x08011188                RCC_GetClocksFreq
 .text.RCC_AHB1PeriphClockCmd
                0x080112dc       0x3c ..\obj\stm32f4xx_rcc.o
                0x080112dc                RCC_AHB1PeriphClockCmd
 .text.RCC_AHB2PeriphClockCmd
                0x08011318       0x3c ..\obj\stm32f4xx_rcc.o
                0x08011318                RCC_AHB2PeriphClockCmd
 .text.RCC_APB1PeriphClockCmd
                0x08011354       0x3c ..\obj\stm32f4xx_rcc.o
                0x08011354                RCC_APB1PeriphClockCmd
 .text.RCC_APB2PeriphClockCmd
                0x08011390       0x3c ..\obj\stm32f4xx_rcc.o
                0x08011390                RCC_APB2PeriphClockCmd
 .text.RCC_AHB1PeriphResetCmd
                0x080113cc       0x3c ..\obj\stm32f4xx_rcc.o
                0x080113cc                RCC_AHB1PeriphResetCmd
 .text.NMI_Handler
                0x08011408        0xc ..\obj\stm32f4xx_it.o
                0x08011408                NMI_Handler
 .text.HardFault_Handler
                0x08011414        0x8 ..\obj\stm32f4xx_it.o
                0x08011414                HardFault_Handler
 .text.MemManage_Handler
                0x0801141c        0x8 ..\obj\stm32f4xx_it.o
                0x0801141c                MemManage_Handler
 .text.BusFault_Handler
                0x08011424        0x8 ..\obj\stm32f4xx_it.o
                0x08011424                BusFault_Handler
 .text.UsageFault_Handler
                0x0801142c        0x8 ..\obj\stm32f4xx_it.o
                0x0801142c                UsageFault_Handler
 .text.DebugMon_Handler
                0x08011434        0xc ..\obj\stm32f4xx_it.o
                0x08011434                DebugMon_Handler
 .text.ETH_IRQHandler
                0x08011440       0x5c ..\obj\stm32f4xx_it.o
                0x08011440                ETH_IRQHandler
 .text.tcpip_tcp_timer
                0x0801149c       0x44 ..\obj\timers.o
 .text.tcp_timer_needed
                0x080114e0       0x40 ..\obj\timers.o
                0x080114e0                tcp_timer_needed
 .text.arp_timer
                0x08011520       0x24 ..\obj\timers.o
 .text.dhcp_timer_coarse
                0x08011544       0x24 ..\obj\timers.o
 .text.dhcp_timer_fine
                0x08011568       0x24 ..\obj\timers.o
 .text.sys_timeouts_init
                0x0801158c       0x38 ..\obj\timers.o
                0x0801158c                sys_timeouts_init
 .text.sys_timeout
                0x080115c4       0xdc ..\obj\timers.o
                0x080115c4                sys_timeout
 .text.sys_untimeout
                0x080116a0       0x8c ..\obj\timers.o
                0x080116a0                sys_untimeout
 .text.sys_timeouts_mbox_fetch
                0x0801172c       0xac ..\obj\timers.o
                0x0801172c                sys_timeouts_mbox_fetch
 .text.lwip_init
                0x080117d8       0x24 ..\obj\init.o
                0x080117d8                lwip_init
 .text.ETH_BSP_Config
                0x080117fc       0x20 ..\obj\stm32f4x7_eth_bsp.o
                0x080117fc                ETH_BSP_Config
 .text.ETH_MACDMA_Config
                0x0801181c       0xc8 ..\obj\stm32f4x7_eth_bsp.o
 .text.ETH_GPIO_Config
                0x080118e4      0x130 ..\obj\stm32f4x7_eth_bsp.o
 .text.ETH_NVIC_Config
                0x08011a14       0x2c ..\obj\stm32f4x7_eth_bsp.o
 .text.eMBFuncReadInputRegister
                0x08011a40       0xe8 ..\obj\mbfuncinput.o
                0x08011a40                eMBFuncReadInputRegister
 .text.lwip_htons
                0x08011b28       0x2c ..\obj\def.o
                0x08011b28                lwip_htons
 .text.lwip_ntohs
                0x08011b54       0x1c ..\obj\def.o
                0x08011b54                lwip_ntohs
 .text.lwip_htonl
                0x08011b70       0x34 ..\obj\def.o
                0x08011b70                lwip_htonl
 .text.lwip_ntohl
                0x08011ba4       0x18 ..\obj\def.o
                0x08011ba4                lwip_ntohl
 .text.low_level_init
                0x08011bbc      0x11c ..\obj\ethernetif.o
 .text.low_level_output
                0x08011cd8       0xc0 ..\obj\ethernetif.o
 .text.low_level_input
                0x08011d98      0x100 ..\obj\ethernetif.o
 .text.ethernetif_input
                0x08011e98       0x54 ..\obj\ethernetif.o
 .text.ethernetif_init
                0x08011eec       0x50 ..\obj\ethernetif.o
                0x08011eec                ethernetif_init
 .text.arp_timer
                0x08011f3c       0x24 ..\obj\ethernetif.o
 .text.DCMI_DeInit
                0x08011f60       0x3c ..\obj\stm32f4xx_dcmi.o
                0x08011f60                DCMI_DeInit
 .text.DCMI_Init
                0x08011f9c       0x80 ..\obj\stm32f4xx_dcmi.o
                0x08011f9c                DCMI_Init
 .text.DCMI_JPEGCmd
                0x0801201c       0x38 ..\obj\stm32f4xx_dcmi.o
                0x0801201c                DCMI_JPEGCmd
 .text.DCMI_Cmd
                0x08012054       0x38 ..\obj\stm32f4xx_dcmi.o
                0x08012054                DCMI_Cmd
 .text.DCMI_CaptureCmd
                0x0801208c       0x38 ..\obj\stm32f4xx_dcmi.o
                0x0801208c                DCMI_CaptureCmd
 .text.etharp_free_entry
                0x080120c4       0x64 ..\obj\etharp.o
 .text.etharp_tmr
                0x08012128       0xdc ..\obj\etharp.o
                0x08012128                etharp_tmr
 .text.etharp_find_entry
                0x08012204      0x1fc ..\obj\etharp.o
 .text.etharp_send_ip
                0x08012400       0x50 ..\obj\etharp.o
 .text.etharp_update_arp_entry
                0x08012450      0x11c ..\obj\etharp.o
 .text.etharp_cleanup_netif
                0x0801256c       0x60 ..\obj\etharp.o
                0x0801256c                etharp_cleanup_netif
 .text.etharp_arp_input
                0x080125cc      0x18c ..\obj\etharp.o
 .text.etharp_output_to_arp_index
                0x08012758       0xa8 ..\obj\etharp.o
 .text.etharp_output
                0x08012800      0x190 ..\obj\etharp.o
                0x08012800                etharp_output
 .text.etharp_query
                0x08012990      0x220 ..\obj\etharp.o
                0x08012990                etharp_query
 .text.etharp_raw
                0x08012bb0       0xf4 ..\obj\etharp.o
 .text.etharp_request
                0x08012ca4       0x48 ..\obj\etharp.o
                0x08012ca4                etharp_request
 .text.ethernet_input
                0x08012cec       0xfc ..\obj\etharp.o
                0x08012cec                ethernet_input
 .text.xTaskGenericCreate
                0x08012de8      0x1a4 ..\obj\tasks.o
                0x08012de8                xTaskGenericCreate
 .text.vTaskDelete
                0x08012f8c      0x104 ..\obj\tasks.o
                0x08012f8c                vTaskDelete
 .text.vTaskStartScheduler
                0x08013090       0x80 ..\obj\tasks.o
                0x08013090                vTaskStartScheduler
 .text.vTaskSuspendAll
                0x08013110       0x1c ..\obj\tasks.o
                0x08013110                vTaskSuspendAll
 .text.xTaskResumeAll
                0x0801312c      0x12c ..\obj\tasks.o
                0x0801312c                xTaskResumeAll
 .text.xTaskGetTickCount
                0x08013258       0x20 ..\obj\tasks.o
                0x08013258                xTaskGetTickCount
 .text.xTaskIncrementTick
                0x08013278      0x180 ..\obj\tasks.o
                0x08013278                xTaskIncrementTick
 .text.vTaskSwitchContext
                0x080133f8       0xb4 ..\obj\tasks.o
                0x080133f8                vTaskSwitchContext
 .text.vTaskPlaceOnEventList
                0x080134ac       0x9c ..\obj\tasks.o
                0x080134ac                vTaskPlaceOnEventList
 .text.xTaskRemoveFromEventList
                0x08013548       0xc8 ..\obj\tasks.o
                0x08013548                xTaskRemoveFromEventList
 .text.vTaskSetTimeOutState
                0x08013610       0x44 ..\obj\tasks.o
                0x08013610                vTaskSetTimeOutState
 .text.xTaskCheckForTimeOut
                0x08013654       0xbc ..\obj\tasks.o
                0x08013654                xTaskCheckForTimeOut
 .text.vTaskMissedYield
                0x08013710       0x18 ..\obj\tasks.o
                0x08013710                vTaskMissedYield
 .text.prvIdleTask
                0x08013728       0x30 ..\obj\tasks.o
 .text.prvInitialiseTCBVariables
                0x08013758       0xa4 ..\obj\tasks.o
 .text.prvInitialiseTaskLists
                0x080137fc       0x7c ..\obj\tasks.o
 .text.prvCheckTasksWaitingTermination
                0x08013878       0x74 ..\obj\tasks.o
 .text.prvAddCurrentTaskToDelayedList
                0x080138ec       0x6c ..\obj\tasks.o
 .text.prvAllocateTCBAndStack
                0x08013958       0x70 ..\obj\tasks.o
 .text.prvDeleteTCB
                0x080139c8       0x20 ..\obj\tasks.o
 .text.prvResetNextTaskUnblockTime
                0x080139e8       0x48 ..\obj\tasks.o
 .text.vTaskPriorityInherit
                0x08013a30       0xf0 ..\obj\tasks.o
                0x08013a30                vTaskPriorityInherit
 .text.xTaskPriorityDisinherit
                0x08013b20       0xe8 ..\obj\tasks.o
                0x08013b20                xTaskPriorityDisinherit
 .text.pvTaskIncrementMutexHeldCount
                0x08013c08       0x28 ..\obj\tasks.o
                0x08013c08                pvTaskIncrementMutexHeldCount
 .text.pbuf_alloc
                0x08013c30      0x1f4 ..\obj\pbuf.o
                0x08013c30                pbuf_alloc
 .text.pbuf_realloc
                0x08013e24       0xc8 ..\obj\pbuf.o
                0x08013e24                pbuf_realloc
 .text.pbuf_header
                0x08013eec       0xe0 ..\obj\pbuf.o
                0x08013eec                pbuf_header
 .text.pbuf_free
                0x08013fcc       0xa0 ..\obj\pbuf.o
                0x08013fcc                pbuf_free
 .text.pbuf_clen
                0x0801406c       0x30 ..\obj\pbuf.o
                0x0801406c                pbuf_clen
 .text.pbuf_ref
                0x0801409c       0x24 ..\obj\pbuf.o
                0x0801409c                pbuf_ref
 .text.pbuf_cat
                0x080140c0       0x5c ..\obj\pbuf.o
                0x080140c0                pbuf_cat
 .text.pbuf_chain
                0x0801411c       0x20 ..\obj\pbuf.o
                0x0801411c                pbuf_chain
 .text.pbuf_copy
                0x0801413c      0x110 ..\obj\pbuf.o
                0x0801413c                pbuf_copy
 .text.pbuf_copy_partial
                0x0801424c       0xcc ..\obj\pbuf.o
                0x0801424c                pbuf_copy_partial
 .text.ADC_Ext_Init
                0x08014318       0x54 ..\obj\adc_dcmi.o
                0x08014318                ADC_Ext_Init
 .text.Timestamp_Init
                0x0801436c       0xb8 ..\obj\adc_dcmi.o
                0x0801436c                Timestamp_Init
 .text.ADC_GetLastTimestamp
                0x08014424       0x1c ..\obj\adc_dcmi.o
                0x08014424                ADC_GetLastTimestamp
 .text.ADC_GetLastVal
                0x08014440      0x124 ..\obj\adc_dcmi.o
                0x08014440                ADC_GetLastVal
 .text.ADC_DCMI_Tim_Init
                0x08014564      0x160 ..\obj\adc_dcmi.o
                0x08014564                ADC_DCMI_Tim_Init
 .text.ADC_DCMI_Core_Init
                0x080146c4      0x1cc ..\obj\adc_dcmi.o
                0x080146c4                ADC_DCMI_Core_Init
 .text.DMA2_Stream1_IRQHandler
                0x08014890       0xe0 ..\obj\adc_dcmi.o
                0x08014890                DMA2_Stream1_IRQHandler
 .text.netif_init
                0x08014970        0xc ..\obj\netif.o
                0x08014970                netif_init
 .text.netif_add
                0x0801497c       0x88 ..\obj\netif.o
                0x0801497c                netif_add
 .text.netif_set_addr
                0x08014a04       0x2c ..\obj\netif.o
                0x08014a04                netif_set_addr
 .text.netif_set_ipaddr
                0x08014a30       0xb0 ..\obj\netif.o
                0x08014a30                netif_set_ipaddr
 .text.netif_set_gw
                0x08014ae0       0x28 ..\obj\netif.o
                0x08014ae0                netif_set_gw
 .text.netif_set_netmask
                0x08014b08       0x28 ..\obj\netif.o
                0x08014b08                netif_set_netmask
 .text.netif_set_default
                0x08014b30       0x1c ..\obj\netif.o
                0x08014b30                netif_set_default
 .text.netif_set_up
                0x08014b4c       0x58 ..\obj\netif.o
                0x08014b4c                netif_set_up
 .text.netif_set_down
                0x08014ba4       0x44 ..\obj\netif.o
                0x08014ba4                netif_set_down
 .text.recv_raw
                0x08014be8       0xd0 ..\obj\api_msg.o
 .text.recv_udp
                0x08014cb8       0x9c ..\obj\api_msg.o
 .text.recv_tcp
                0x08014d54       0x9c ..\obj\api_msg.o
 .text.poll_tcp
                0x08014df0       0x8c ..\obj\api_msg.o
 .text.sent_tcp
                0x08014e7c       0x88 ..\obj\api_msg.o
 .text.err_tcp  0x08014f04       0xe4 ..\obj\api_msg.o
 .text.setup_tcp
                0x08014fe8       0x50 ..\obj\api_msg.o
 .text.accept_function
                0x08015038       0xd0 ..\obj\api_msg.o
 .text.pcb_new  0x08015108       0xe4 ..\obj\api_msg.o
 .text.do_newconn
                0x080151ec       0x30 ..\obj\api_msg.o
                0x080151ec                do_newconn
 .text.netconn_alloc
                0x0801521c       0xc8 ..\obj\api_msg.o
                0x0801521c                netconn_alloc
 .text.netconn_free
                0x080152e4       0x28 ..\obj\api_msg.o
                0x080152e4                netconn_free
 .text.netconn_drain
                0x0801530c       0xe0 ..\obj\api_msg.o
 .text.do_close_internal
                0x080153ec      0x194 ..\obj\api_msg.o
 .text.do_delconn
                0x08015580      0x110 ..\obj\api_msg.o
                0x08015580                do_delconn
 .text.do_bind  0x08015690       0xbc ..\obj\api_msg.o
                0x08015690                do_bind
 .text.do_listen
                0x0801574c      0x114 ..\obj\api_msg.o
                0x0801574c                do_listen
 .text.do_recv  0x08015860       0x6c ..\obj\api_msg.o
                0x08015860                do_recv
 .text.do_writemore
                0x080158cc      0x1cc ..\obj\api_msg.o
 .text.do_write
                0x08015a98       0x94 ..\obj\api_msg.o
                0x08015a98                do_write
 .text.do_close
                0x08015b2c       0xa4 ..\obj\api_msg.o
                0x08015b2c                do_close
 .text.GPIO_Init
                0x08015bd0      0x11c ..\obj\stm32f4xx_gpio.o
                0x08015bd0                GPIO_Init
 .text.GPIO_SetBits
                0x08015cec       0x1c ..\obj\stm32f4xx_gpio.o
                0x08015cec                GPIO_SetBits
 .text.GPIO_ResetBits
                0x08015d08       0x1c ..\obj\stm32f4xx_gpio.o
                0x08015d08                GPIO_ResetBits
 .text.GPIO_ToggleBits
                0x08015d24       0x24 ..\obj\stm32f4xx_gpio.o
                0x08015d24                GPIO_ToggleBits
 .text.GPIO_PinAFConfig
                0x08015d48       0x90 ..\obj\stm32f4xx_gpio.o
                0x08015d48                GPIO_PinAFConfig
 .text.FLASH_Unlock
                0x08015dd8       0x2c ..\obj\stm32f4xx_flash.o
                0x08015dd8                FLASH_Unlock
 .text.FLASH_Lock
                0x08015e04       0x1c ..\obj\stm32f4xx_flash.o
                0x08015e04                FLASH_Lock
 .text.FLASH_EraseSector
                0x08015e20       0xc0 ..\obj\stm32f4xx_flash.o
                0x08015e20                FLASH_EraseSector
 .text.FLASH_ProgramWord
                0x08015ee0       0x68 ..\obj\stm32f4xx_flash.o
                0x08015ee0                FLASH_ProgramWord
 .text.FLASH_ClearFlag
                0x08015f48       0x1c ..\obj\stm32f4xx_flash.o
                0x08015f48                FLASH_ClearFlag
 .text.FLASH_GetStatus
                0x08015f64       0x68 ..\obj\stm32f4xx_flash.o
                0x08015f64                FLASH_GetStatus
 .text.FLASH_WaitForLastOperation
                0x08015fcc       0x44 ..\obj\stm32f4xx_flash.o
                0x08015fcc                FLASH_WaitForLastOperation
 .text.sys_mbox_new
                0x08016010       0x38 ..\obj\sys_arch.o
                0x08016010                sys_mbox_new
 .text.sys_mbox_free
                0x08016048       0x40 ..\obj\sys_arch.o
                0x08016048                sys_mbox_free
 .text.sys_mbox_post
                0x08016088       0x2c ..\obj\sys_arch.o
                0x08016088                sys_mbox_post
 .text.sys_mbox_trypost
                0x080160b4       0x6c ..\obj\sys_arch.o
                0x080160b4                sys_mbox_trypost
 .text.sys_arch_mbox_fetch
                0x08016120       0xbc ..\obj\sys_arch.o
                0x08016120                sys_arch_mbox_fetch
 .text.sys_arch_mbox_tryfetch
                0x080161dc       0x6c ..\obj\sys_arch.o
                0x080161dc                sys_arch_mbox_tryfetch
 .text.sys_sem_new
                0x08016248       0x68 ..\obj\sys_arch.o
                0x08016248                sys_sem_new
 .text.sys_arch_sem_wait
                0x080162b0       0x88 ..\obj\sys_arch.o
                0x080162b0                sys_arch_sem_wait
 .text.sys_mutex_new
                0x08016338       0x30 ..\obj\sys_arch.o
                0x08016338                sys_mutex_new
 .text.sys_mutex_lock
                0x08016368       0x28 ..\obj\sys_arch.o
                0x08016368                sys_mutex_lock
 .text.sys_mutex_unlock
                0x08016390       0x20 ..\obj\sys_arch.o
                0x08016390                sys_mutex_unlock
 .text.sys_sem_signal
                0x080163b0       0x40 ..\obj\sys_arch.o
                0x080163b0                sys_sem_signal
 .text.sys_sem_free
                0x080163f0       0x18 ..\obj\sys_arch.o
                0x080163f0                sys_sem_free
 .text.sys_init
                0x08016408        0xc ..\obj\sys_arch.o
                0x08016408                sys_init
 .text.sys_thread_new
                0x08016414       0x4c ..\obj\sys_arch.o
                0x08016414                sys_thread_new
 .text.vListInitialise
                0x08016460       0x40 ..\obj\list.o
                0x08016460                vListInitialise
 .text.vListInitialiseItem
                0x080164a0       0x18 ..\obj\list.o
                0x080164a0                vListInitialiseItem
 .text.vListInsertEnd
                0x080164b8       0x48 ..\obj\list.o
                0x080164b8                vListInsertEnd
 .text.vListInsert
                0x08016500       0x70 ..\obj\list.o
                0x08016500                vListInsert
 .text.uxListRemove
                0x08016570       0x54 ..\obj\list.o
                0x08016570                uxListRemove
 .text.SystemInit
                0x080165c4       0x68 ..\obj\system_stm32f4xx.o
                0x080165c4                SystemInit
 .text.SetSysClock
                0x0801662c       0xf4 ..\obj\system_stm32f4xx.o
 .text._sbrk    0x08016720       0x40 ..\obj\syscalls.o
                0x08016720                _sbrk
 .text._close   0x08016760       0x18 ..\obj\syscalls.o
                0x08016760                _close
 .text._fstat   0x08016778       0x20 ..\obj\syscalls.o
                0x08016778                _fstat
 .text._isatty  0x08016798       0x18 ..\obj\syscalls.o
                0x08016798                _isatty
 .text._lseek   0x080167b0       0x1c ..\obj\syscalls.o
                0x080167b0                _lseek
 .text._read    0x080167cc       0x1c ..\obj\syscalls.o
                0x080167cc                _read
 .text._write   0x080167e8       0x1c ..\obj\syscalls.o
                0x080167e8                _write
 .text.DMA_Init
                0x08016804       0xac ..\obj\stm32f4xx_dma.o
                0x08016804                DMA_Init
 .text.DMA_Cmd  0x080168b0       0x38 ..\obj\stm32f4xx_dma.o
                0x080168b0                DMA_Cmd
 .text.DMA_ITConfig
                0x080168e8       0x74 ..\obj\stm32f4xx_dma.o
                0x080168e8                DMA_ITConfig
 .text.DMA_GetITStatus
                0x0801695c       0xb0 ..\obj\stm32f4xx_dma.o
                0x0801695c                DMA_GetITStatus
 .text.DMA_ClearITPendingBit
                0x08016a0c       0x5c ..\obj\stm32f4xx_dma.o
                0x08016a0c                DMA_ClearITPendingBit
 .text.prvvMBTCPLogFrame
                0x08016a68      0x18c ..\obj\portother.o
                0x08016a68                prvvMBTCPLogFrame
 .text.vMBPortLog
                0x08016bf4       0x44 ..\obj\portother.o
                0x08016bf4                vMBPortLog
 .text.bMBPortIsWithinException
                0x08016c38       0x18 ..\obj\portother.o
                0x08016c38                bMBPortIsWithinException
 .text.xQueueGenericReset
                0x08016c50       0xd0 ..\obj\queue.o
                0x08016c50                xQueueGenericReset
 .text.xQueueGenericCreate
                0x08016d20       0xb8 ..\obj\queue.o
                0x08016d20                xQueueGenericCreate
 .text.xQueueCreateMutex
                0x08016dd8       0xa0 ..\obj\queue.o
                0x08016dd8                xQueueCreateMutex
 .text.xQueueCreateCountingSemaphore
                0x08016e78       0x7c ..\obj\queue.o
                0x08016e78                xQueueCreateCountingSemaphore
 .text.xQueueGenericSend
                0x08016ef4      0x1c0 ..\obj\queue.o
                0x08016ef4                xQueueGenericSend
 .text.xQueueGenericSendFromISR
                0x080170b4      0x118 ..\obj\queue.o
                0x080170b4                xQueueGenericSendFromISR
 .text.xQueueGiveFromISR
                0x080171cc       0xd4 ..\obj\queue.o
                0x080171cc                xQueueGiveFromISR
 .text.xQueueGenericReceive
                0x080172a0      0x1e0 ..\obj\queue.o
                0x080172a0                xQueueGenericReceive
 .text.xQueueReceiveFromISR
                0x08017480       0xe8 ..\obj\queue.o
                0x08017480                xQueueReceiveFromISR
 .text.uxQueueMessagesWaiting
                0x08017568       0x3c ..\obj\queue.o
                0x08017568                uxQueueMessagesWaiting
 .text.vQueueDelete
                0x080175a4       0x34 ..\obj\queue.o
                0x080175a4                vQueueDelete
 .text.prvCopyDataToQueue
                0x080175d8       0xdc ..\obj\queue.o
 .text.prvCopyDataFromQueue
                0x080176b4       0x4c ..\obj\queue.o
 .text.prvUnlockQueue
                0x08017700       0x98 ..\obj\queue.o
 .text.prvIsQueueEmpty
                0x08017798       0x2c ..\obj\queue.o
 .text.prvIsQueueFull
                0x080177c4       0x30 ..\obj\queue.o
 .text.pxPortInitialiseStack
                0x080177f4       0x64 ..\obj\port.o
                0x080177f4                pxPortInitialiseStack
 .text.prvTaskExitError
                0x08017858       0x3c ..\obj\port.o
 .text.SVC_Handler
                0x08017894       0x20 ..\obj\port.o
                0x08017894                SVC_Handler
 .text.prvPortStartFirstTask
                0x080178b4       0x20 ..\obj\port.o
 .text.xPortStartScheduler
                0x080178d4      0x118 ..\obj\port.o
                0x080178d4                xPortStartScheduler
 .text.vPortEnterCritical
                0x080179ec       0x5c ..\obj\port.o
                0x080179ec                vPortEnterCritical
 .text.vPortExitCritical
                0x08017a48       0x4c ..\obj\port.o
                0x08017a48                vPortExitCritical
 .text.PendSV_Handler
                0x08017a94       0x60 ..\obj\port.o
                0x08017a94                PendSV_Handler
 .text.SysTick_Handler
                0x08017af4       0x44 ..\obj\port.o
                0x08017af4                SysTick_Handler
 .text.vPortSetupTimerInterrupt
                0x08017b38       0x34 ..\obj\port.o
                0x08017b38                vPortSetupTimerInterrupt
 .text.vPortEnableVFP
                0x08017b6c       0x14 ..\obj\port.o
 .text.vPortValidateInterruptPriority
                0x08017b80       0x78 ..\obj\port.o
                0x08017b80                vPortValidateInterruptPriority
 .text.MB_TCP_Init
                0x08017bf8       0x4c ..\obj\mbinit.o
                0x08017bf8                MB_TCP_Init
 .text.MB_TCP_Task
                0x08017c44       0x10 ..\obj\mbinit.o
                0x08017c44                MB_TCP_Task
 .text.FLASH_ErasePage
                0x08017c54       0x48 ..\obj\cfg_info.o
 .text.FlashWrite_32
                0x08017c9c       0x7c ..\obj\cfg_info.o
 .text.ConfigInfoRead
                0x08017d18       0x8c ..\obj\cfg_info.o
                0x08017d18                ConfigInfoRead
 .text.ConfigInfoWrite
                0x08017da4       0x68 ..\obj\cfg_info.o
                0x08017da4                ConfigInfoWrite
 .text.StartConfigInfoWrite
                0x08017e0c       0x30 ..\obj\cfg_info.o
                0x08017e0c                StartConfigInfoWrite
 .text.Flash_Write_Task
                0x08017e3c       0x18 ..\obj\cfg_info.o
                0x08017e3c                Flash_Write_Task
 .text.udp_init
                0x08017e54        0xc ..\obj\udp.o
                0x08017e54                udp_init
 .text.udp_new_port
                0x08017e60       0x74 ..\obj\udp.o
 .text.udp_input
                0x08017ed4      0x27c ..\obj\udp.o
                0x08017ed4                udp_input
 .text.udp_sendto
                0x08018150       0x40 ..\obj\udp.o
                0x08018150                udp_sendto
 .text.udp_sendto_if
                0x08018190      0x130 ..\obj\udp.o
                0x08018190                udp_sendto_if
 .text.udp_bind
                0x080182c0       0xc0 ..\obj\udp.o
                0x080182c0                udp_bind
 .text.udp_recv
                0x08018380       0x24 ..\obj\udp.o
                0x08018380                udp_recv
 .text.udp_remove
                0x080183a4       0x60 ..\obj\udp.o
                0x080183a4                udp_remove
 .text.udp_new  0x08018404       0x30 ..\obj\udp.o
                0x08018404                udp_new
 .text.ip_route
                0x08018434       0x78 ..\obj\ip.o
                0x08018434                ip_route
 .text.ip_input
                0x080184ac      0x234 ..\obj\ip.o
                0x080184ac                ip_input
 .text.ip_output_if
                0x080186e0       0xf4 ..\obj\ip.o
                0x080186e0                ip_output_if
 .text.ip_output
                0x080187d4       0x4c ..\obj\ip.o
                0x080187d4                ip_output
 .text.eMBFuncReadCoils
                0x08018820      0x104 ..\obj\mbfunccoils.o
                0x08018820                eMBFuncReadCoils
 .text.eMBFuncWriteCoil
                0x08018924       0xb0 ..\obj\mbfunccoils.o
                0x08018924                eMBFuncWriteCoil
 .text.eMBFuncWriteMultipleCoils
                0x080189d4       0xd8 ..\obj\mbfunccoils.o
                0x080189d4                eMBFuncWriteMultipleCoils
 .text.icmp_input
                0x08018aac      0x1ec ..\obj\icmp.o
                0x08018aac                icmp_input
 .text.icmp_dest_unreach
                0x08018c98       0x20 ..\obj\icmp.o
                0x08018c98                icmp_dest_unreach
 .text.icmp_send_response
                0x08018cb8       0xac ..\obj\icmp.o
 .text.NVIC_PriorityGroupConfig
                0x08018d64       0x24 ..\obj\misc.o
                0x08018d64                NVIC_PriorityGroupConfig
 .text.NVIC_Init
                0x08018d88       0xc0 ..\obj\misc.o
                0x08018d88                NVIC_Init
 .text.netconn_new_with_proto_and_callback
                0x08018e48       0x6c ..\obj\api_lib.o
                0x08018e48                netconn_new_with_proto_and_callback
 .text.netconn_delete
                0x08018eb4       0x3c ..\obj\api_lib.o
                0x08018eb4                netconn_delete
 .text.netconn_bind
                0x08018ef0       0x60 ..\obj\api_lib.o
                0x08018ef0                netconn_bind
 .text.netconn_listen_with_backlog
                0x08018f50       0x54 ..\obj\api_lib.o
                0x08018f50                netconn_listen_with_backlog
 .text.netconn_accept
                0x08018fa4       0x9c ..\obj\api_lib.o
                0x08018fa4                netconn_accept
 .text.netconn_recv_data
                0x08019040      0x108 ..\obj\api_lib.o
 .text.netconn_recv
                0x08019148       0xc0 ..\obj\api_lib.o
                0x08019148                netconn_recv
 .text.netconn_write_partly
                0x08019208       0xd0 ..\obj\api_lib.o
                0x08019208                netconn_write_partly
 .text.netconn_close_shutdown
                0x080192d8       0x58 ..\obj\api_lib.o
 .text.netconn_close
                0x08019330       0x1c ..\obj\api_lib.o
                0x08019330                netconn_close
 .text.udp_client_init
                0x0801934c       0x9c ..\obj\udp_send.o
                0x0801934c                udp_client_init
 .text.delay    0x080193e8       0x20 ..\obj\udp_send.o
                0x080193e8                delay
 .text.udp_client_send_buf
                0x08019408       0xb0 ..\obj\udp_send.o
                0x08019408                udp_client_send_buf
 .text.UDP_Send_Task
                0x080194b8       0x28 ..\obj\udp_send.o
                0x080194b8                UDP_Send_Task
 .text.eMBTCPDoInit
                0x080194e0       0x2c ..\obj\mbtcp.o
                0x080194e0                eMBTCPDoInit
 .text.eMBTCPStart
                0x0801950c        0xc ..\obj\mbtcp.o
                0x0801950c                eMBTCPStart
 .text.eMBTCPStop
                0x08019518        0xc ..\obj\mbtcp.o
                0x08019518                eMBTCPStop
 .text.eMBTCPReceive
                0x08019524       0x74 ..\obj\mbtcp.o
                0x08019524                eMBTCPReceive
 .text.eMBTCPSend
                0x08019598       0x5c ..\obj\mbtcp.o
                0x08019598                eMBTCPSend
 .text.dhcp_check
                0x080195f4       0x5c ..\obj\dhcp.o
 .text.dhcp_select
                0x08019650      0x138 ..\obj\dhcp.o
 .text.dhcp_coarse_tmr
                0x08019788       0x5c ..\obj\dhcp.o
                0x08019788                dhcp_coarse_tmr
 .text.dhcp_fine_tmr
                0x080197e4       0x60 ..\obj\dhcp.o
                0x080197e4                dhcp_fine_tmr
 .text.dhcp_timeout
                0x08019844       0xc8 ..\obj\dhcp.o
 .text.dhcp_t1_timeout
                0x0801990c       0x34 ..\obj\dhcp.o
 .text.dhcp_t2_timeout
                0x08019940       0x34 ..\obj\dhcp.o
 .text.dhcp_arp_reply
                0x08019974       0x40 ..\obj\dhcp.o
                0x08019974                dhcp_arp_reply
 .text.dhcp_decline
                0x080199b4       0xc4 ..\obj\dhcp.o
 .text.dhcp_discover
                0x08019a78      0x104 ..\obj\dhcp.o
 .text.dhcp_bind
                0x08019b7c      0x148 ..\obj\dhcp.o
 .text.dhcp_renew
                0x08019cc4       0xd4 ..\obj\dhcp.o
                0x08019cc4                dhcp_renew
 .text.dhcp_rebind
                0x08019d98       0xd8 ..\obj\dhcp.o
 .text.dhcp_reboot
                0x08019e70       0xf4 ..\obj\dhcp.o
 .text.dhcp_release
                0x08019f64      0x10c ..\obj\dhcp.o
                0x08019f64                dhcp_release
 .text.dhcp_set_state
                0x0801a070       0x34 ..\obj\dhcp.o
 .text.dhcp_option
                0x0801a0a4       0x4c ..\obj\dhcp.o
 .text.dhcp_option_byte
                0x0801a0f0       0x30 ..\obj\dhcp.o
 .text.dhcp_option_short
                0x0801a120       0x54 ..\obj\dhcp.o
 .text.dhcp_option_long
                0x0801a174       0x98 ..\obj\dhcp.o
 .text.dhcp_create_msg
                0x0801a20c      0x224 ..\obj\dhcp.o
 .text.dhcp_delete_msg
                0x0801a430       0x34 ..\obj\dhcp.o
 .text.dhcp_option_trailer
                0x0801a464       0x68 ..\obj\dhcp.o
 .text.eMBRegInputCB
                0x0801a4cc       0xa0 ..\obj\mbfunc.o
                0x0801a4cc                eMBRegInputCB
 .text.eMBRegHoldingCB
                0x0801a56c      0x1a4 ..\obj\mbfunc.o
                0x0801a56c                eMBRegHoldingCB
 .text.eMBRegCoilsCB
                0x0801a710       0x28 ..\obj\mbfunc.o
                0x0801a710                eMBRegCoilsCB
 .text.eMBRegDiscreteCB
                0x0801a738       0x20 ..\obj\mbfunc.o
                0x0801a738                eMBRegDiscreteCB
 .text.pvPortMalloc
                0x0801a758      0x11c ..\obj\heap_2.o
                0x0801a758                pvPortMalloc
 .text.vPortFree
                0x0801a874       0x70 ..\obj\heap_2.o
                0x0801a874                vPortFree
 .text.prvHeapInit
                0x0801a8e4       0x50 ..\obj\heap_2.o
 .text.http_server_init
                0x0801a934       0x30 ..\obj\http_server.o
                0x0801a934                http_server_init
 .text.http_server_serve
                0x0801a964       0xa0 ..\obj\http_server.o
                0x0801a964                http_server_serve
 .text.http_server_netconn_thread
                0x0801aa04       0x74 ..\obj\http_server.o
                0x0801aa04                http_server_netconn_thread
 .text.TIM_TimeBaseInit
                0x0801aa78       0xd4 ..\obj\stm32f4xx_tim.o
                0x0801aa78                TIM_TimeBaseInit
 .text.TIM_TimeBaseStructInit
                0x0801ab4c       0x34 ..\obj\stm32f4xx_tim.o
                0x0801ab4c                TIM_TimeBaseStructInit
 .text.TIM_SetCounter
                0x0801ab80       0x1c ..\obj\stm32f4xx_tim.o
                0x0801ab80                TIM_SetCounter
 .text.TIM_ARRPreloadConfig
                0x0801ab9c       0x40 ..\obj\stm32f4xx_tim.o
                0x0801ab9c                TIM_ARRPreloadConfig
 .text.TIM_Cmd  0x0801abdc       0x40 ..\obj\stm32f4xx_tim.o
                0x0801abdc                TIM_Cmd
 .text.TIM_OC1Init
                0x0801ac1c       0xf4 ..\obj\stm32f4xx_tim.o
                0x0801ac1c                TIM_OC1Init
 .text.TIM_OCStructInit
                0x0801ad10       0x44 ..\obj\stm32f4xx_tim.o
                0x0801ad10                TIM_OCStructInit
 .text.TIM_OC1PreloadConfig
                0x0801ad54       0x38 ..\obj\stm32f4xx_tim.o
                0x0801ad54                TIM_OC1PreloadConfig
 .text.TIM_CtrlPWMOutputs
                0x0801ad8c       0x4c ..\obj\stm32f4xx_tim.o
                0x0801ad8c                TIM_CtrlPWMOutputs
 .text.TIM_ETRClockMode2Config
                0x0801add8       0x3c ..\obj\stm32f4xx_tim.o
                0x0801add8                TIM_ETRClockMode2Config
 .text.TIM_SelectInputTrigger
                0x0801ae14       0x38 ..\obj\stm32f4xx_tim.o
                0x0801ae14                TIM_SelectInputTrigger
 .text.TIM_SelectOutputTrigger
                0x0801ae4c       0x38 ..\obj\stm32f4xx_tim.o
                0x0801ae4c                TIM_SelectOutputTrigger
 .text.TIM_SelectSlaveMode
                0x0801ae84       0x38 ..\obj\stm32f4xx_tim.o
                0x0801ae84                TIM_SelectSlaveMode
 .text.TIM_SelectMasterSlaveMode
                0x0801aebc       0x38 ..\obj\stm32f4xx_tim.o
                0x0801aebc                TIM_SelectMasterSlaveMode
 .text.TIM_ETRConfig
                0x0801aef4       0x54 ..\obj\stm32f4xx_tim.o
                0x0801aef4                TIM_ETRConfig
 .text.tcp_output_alloc_header
                0x0801af48       0xd0 ..\obj\tcp_out.o
 .text.tcp_send_fin
                0x0801b018       0x80 ..\obj\tcp_out.o
                0x0801b018                tcp_send_fin
 .text.tcp_create_segment
                0x0801b098      0x104 ..\obj\tcp_out.o
 .text.tcp_pbuf_prealloc
                0x0801b19c       0xa4 ..\obj\tcp_out.o
 .text.tcp_write_checks
                0x0801b240       0xac ..\obj\tcp_out.o
 .text.tcp_write
                0x0801b2ec      0x454 ..\obj\tcp_out.o
                0x0801b2ec                tcp_write
 .text.tcp_enqueue_flags
                0x0801b740      0x18c ..\obj\tcp_out.o
                0x0801b740                tcp_enqueue_flags
 .text.tcp_send_empty_ack
                0x0801b8cc       0x74 ..\obj\tcp_out.o
                0x0801b8cc                tcp_send_empty_ack
 .text.tcp_output
                0x0801b940      0x2a8 ..\obj\tcp_out.o
                0x0801b940                tcp_output
 .text.tcp_output_segment
                0x0801bbe8      0x14c ..\obj\tcp_out.o
 .text.tcp_rst  0x0801bd34       0xb8 ..\obj\tcp_out.o
                0x0801bd34                tcp_rst
 .text.tcp_rexmit_rto
                0x0801bdec       0x60 ..\obj\tcp_out.o
                0x0801bdec                tcp_rexmit_rto
 .text.tcp_rexmit
                0x0801be4c       0x94 ..\obj\tcp_out.o
                0x0801be4c                tcp_rexmit
 .text.tcp_rexmit_fast
                0x0801bee0       0xa4 ..\obj\tcp_out.o
                0x0801bee0                tcp_rexmit_fast
 .text.tcp_keepalive
                0x0801bf84       0x58 ..\obj\tcp_out.o
                0x0801bf84                tcp_keepalive
 .text.tcp_zero_window_probe
                0x0801bfdc       0xf0 ..\obj\tcp_out.o
                0x0801bfdc                tcp_zero_window_probe
 .text.raw_input
                0x0801c0cc       0xc0 ..\obj\raw.o
                0x0801c0cc                raw_input
 .text.raw_bind
                0x0801c18c       0x2c ..\obj\raw.o
                0x0801c18c                raw_bind
 .text.raw_recv
                0x0801c1b8       0x24 ..\obj\raw.o
                0x0801c1b8                raw_recv
 .text.raw_remove
                0x0801c1dc       0x60 ..\obj\raw.o
                0x0801c1dc                raw_remove
 .text.raw_new  0x0801c23c       0x4c ..\obj\raw.o
                0x0801c23c                raw_new
 .text.memcmp   0x0801c288       0x64 c:/program files/gnu tools arm embedded/4.9 2015q2/bin/../lib/gcc/arm-none-eabi/4.9.3/../../../../arm-none-eabi/lib/armv7e-m/softfp\libg.a(lib_a-memcmp.o)
                0x0801c288                memcmp
 .text          0x0801c2ec      0x134 c:/program files/gnu tools arm embedded/4.9 2015q2/bin/../lib/gcc/arm-none-eabi/4.9.3/../../../../arm-none-eabi/lib/armv7e-m/softfp\libg.a(lib_a-memcpy.o)
                0x0801c2ec                memcpy
 .text.memset   0x0801c420       0x9c c:/program files/gnu tools arm embedded/4.9 2015q2/bin/../lib/gcc/arm-none-eabi/4.9.3/../../../../arm-none-eabi/lib/armv7e-m/softfp\libg.a(lib_a-memset.o)
                0x0801c420                memset
 .text.printf   0x0801c4bc       0x28 c:/program files/gnu tools arm embedded/4.9 2015q2/bin/../lib/gcc/arm-none-eabi/4.9.3/../../../../arm-none-eabi/lib/armv7e-m/softfp\libg.a(lib_a-printf.o)
                0x0801c4bc                printf
 .text.snprintf
                0x0801c4e4       0x9c c:/program files/gnu tools arm embedded/4.9 2015q2/bin/../lib/gcc/arm-none-eabi/4.9.3/../../../../arm-none-eabi/lib/armv7e-m/softfp\libg.a(lib_a-snprintf.o)
                0x0801c4e4                snprintf
 .text.sprintf  0x0801c580       0x4c c:/program files/gnu tools arm embedded/4.9 2015q2/bin/../lib/gcc/arm-none-eabi/4.9.3/../../../../arm-none-eabi/lib/armv7e-m/softfp\libg.a(lib_a-sprintf.o)
                0x0801c580                sprintf
 *fill*         0x0801c5cc       0x14 
 .text          0x0801c5e0      0x2dc c:/program files/gnu tools arm embedded/4.9 2015q2/bin/../lib/gcc/arm-none-eabi/4.9.3/../../../../arm-none-eabi/lib/armv7e-m/softfp\libg.a(lib_a-strcmp.o)
                0x0801c5e8                strcmp
 .text.strlen   0x0801c8bc       0x5c c:/program files/gnu tools arm embedded/4.9 2015q2/bin/../lib/gcc/arm-none-eabi/4.9.3/../../../../arm-none-eabi/lib/armv7e-m/softfp\libg.a(lib_a-strlen.o)
                0x0801c8bc                strlen
 .text.strncmp  0x0801c918       0x98 c:/program files/gnu tools arm embedded/4.9 2015q2/bin/../lib/gcc/arm-none-eabi/4.9.3/../../../../arm-none-eabi/lib/armv7e-m/softfp\libg.a(lib_a-strncmp.o)
                0x0801c918                strncmp
 .text._svfprintf_r
                0x0801c9b0     0x14d0 c:/program files/gnu tools arm embedded/4.9 2015q2/bin/../lib/gcc/arm-none-eabi/4.9.3/../../../../arm-none-eabi/lib/armv7e-m/softfp\libg.a(lib_a-svfprintf.o)
                0x0801c9b0                _svfprintf_r
 .text._vfprintf_r
                0x0801de80     0x1428 c:/program files/gnu tools arm embedded/4.9 2015q2/bin/../lib/gcc/arm-none-eabi/4.9.3/../../../../arm-none-eabi/lib/armv7e-m/softfp\libg.a(lib_a-vfprintf.o)
                0x0801de80                _vfprintf_r
 .text.__sbprintf
                0x0801f2a8       0x78 c:/program files/gnu tools arm embedded/4.9 2015q2/bin/../lib/gcc/arm-none-eabi/4.9.3/../../../../arm-none-eabi/lib/armv7e-m/softfp\libg.a(lib_a-vfprintf.o)
 .text.vprintf  0x0801f320       0x1c c:/program files/gnu tools arm embedded/4.9 2015q2/bin/../lib/gcc/arm-none-eabi/4.9.3/../../../../arm-none-eabi/lib/armv7e-m/softfp\libg.a(lib_a-vprintf.o)
                0x0801f320                vprintf
 .text.__swsetup_r
                0x0801f33c       0xc4 c:/program files/gnu tools arm embedded/4.9 2015q2/bin/../lib/gcc/arm-none-eabi/4.9.3/../../../../arm-none-eabi/lib/armv7e-m/softfp\libg.a(lib_a-wsetup.o)
                0x0801f33c                __swsetup_r
 .text.quorem   0x0801f400      0x12c c:/program files/gnu tools arm embedded/4.9 2015q2/bin/../lib/gcc/arm-none-eabi/4.9.3/../../../../arm-none-eabi/lib/armv7e-m/softfp\libg.a(lib_a-dtoa.o)
 *fill*         0x0801f52c        0x4 
 .text._dtoa_r  0x0801f530      0xe90 c:/program files/gnu tools arm embedded/4.9 2015q2/bin/../lib/gcc/arm-none-eabi/4.9.3/../../../../arm-none-eabi/lib/armv7e-m/softfp\libg.a(lib_a-dtoa.o)
                0x0801f530                _dtoa_r
 .text.__sflush_r
                0x080203c0      0x154 c:/program files/gnu tools arm embedded/4.9 2015q2/bin/../lib/gcc/arm-none-eabi/4.9.3/../../../../arm-none-eabi/lib/armv7e-m/softfp\libg.a(lib_a-fflush.o)
                0x080203c0                __sflush_r
 .text._fflush_r
                0x08020514       0x2c c:/program files/gnu tools arm embedded/4.9 2015q2/bin/../lib/gcc/arm-none-eabi/4.9.3/../../../../arm-none-eabi/lib/armv7e-m/softfp\libg.a(lib_a-fflush.o)
                0x08020514                _fflush_r
 .text._cleanup_r
                0x08020540        0xc c:/program files/gnu tools arm embedded/4.9 2015q2/bin/../lib/gcc/arm-none-eabi/4.9.3/../../../../arm-none-eabi/lib/armv7e-m/softfp\libg.a(lib_a-findfp.o)
                0x08020540                _cleanup_r
 .text.__sinit.part.1
                0x0802054c       0xf0 c:/program files/gnu tools arm embedded/4.9 2015q2/bin/../lib/gcc/arm-none-eabi/4.9.3/../../../../arm-none-eabi/lib/armv7e-m/softfp\libg.a(lib_a-findfp.o)
 .text.__sinit  0x0802063c        0xc c:/program files/gnu tools arm embedded/4.9 2015q2/bin/../lib/gcc/arm-none-eabi/4.9.3/../../../../arm-none-eabi/lib/armv7e-m/softfp\libg.a(lib_a-findfp.o)
                0x0802063c                __sinit
 .text.__sfp_lock_acquire
                0x08020648        0x4 c:/program files/gnu tools arm embedded/4.9 2015q2/bin/../lib/gcc/arm-none-eabi/4.9.3/../../../../arm-none-eabi/lib/armv7e-m/softfp\libg.a(lib_a-findfp.o)
                0x08020648                __sfp_lock_acquire
 .text.__sfp_lock_release
                0x0802064c        0x4 c:/program files/gnu tools arm embedded/4.9 2015q2/bin/../lib/gcc/arm-none-eabi/4.9.3/../../../../arm-none-eabi/lib/armv7e-m/softfp\libg.a(lib_a-findfp.o)
                0x0802064c                __sfp_lock_release
 .text._malloc_trim_r
                0x08020650       0x9c c:/program files/gnu tools arm embedded/4.9 2015q2/bin/../lib/gcc/arm-none-eabi/4.9.3/../../../../arm-none-eabi/lib/armv7e-m/softfp\libg.a(lib_a-freer.o)
                0x08020650                _malloc_trim_r
 .text._free_r  0x080206ec      0x1b0 c:/program files/gnu tools arm embedded/4.9 2015q2/bin/../lib/gcc/arm-none-eabi/4.9.3/../../../../arm-none-eabi/lib/armv7e-m/softfp\libg.a(lib_a-freer.o)
                0x080206ec                _free_r
 .text._fwalk_reent
                0x0802089c       0x54 c:/program files/gnu tools arm embedded/4.9 2015q2/bin/../lib/gcc/arm-none-eabi/4.9.3/../../../../arm-none-eabi/lib/armv7e-m/softfp\libg.a(lib_a-fwalk.o)
                0x0802089c                _fwalk_reent
 .text.__locale_charset
                0x080208f0        0x8 c:/program files/gnu tools arm embedded/4.9 2015q2/bin/../lib/gcc/arm-none-eabi/4.9.3/../../../../arm-none-eabi/lib/armv7e-m/softfp\libg.a(lib_a-locale.o)
                0x080208f0                __locale_charset
 .text.__locale_mb_cur_max
                0x080208f8        0xc c:/program files/gnu tools arm embedded/4.9 2015q2/bin/../lib/gcc/arm-none-eabi/4.9.3/../../../../arm-none-eabi/lib/armv7e-m/softfp\libg.a(lib_a-locale.o)
                0x080208f8                __locale_mb_cur_max
 .text._localeconv_r
                0x08020904        0x8 c:/program files/gnu tools arm embedded/4.9 2015q2/bin/../lib/gcc/arm-none-eabi/4.9.3/../../../../arm-none-eabi/lib/armv7e-m/softfp\libg.a(lib_a-locale.o)
                0x08020904                _localeconv_r
 .text.__smakebuf_r
                0x0802090c       0xe0 c:/program files/gnu tools arm embedded/4.9 2015q2/bin/../lib/gcc/arm-none-eabi/4.9.3/../../../../arm-none-eabi/lib/armv7e-m/softfp\libg.a(lib_a-makebuf.o)
                0x0802090c                __smakebuf_r
 .text._malloc_r
                0x080209ec      0x524 c:/program files/gnu tools arm embedded/4.9 2015q2/bin/../lib/gcc/arm-none-eabi/4.9.3/../../../../arm-none-eabi/lib/armv7e-m/softfp\libg.a(lib_a-mallocr.o)
                0x080209ec                _malloc_r
 .text.memchr   0x08020f10       0x94 c:/program files/gnu tools arm embedded/4.9 2015q2/bin/../lib/gcc/arm-none-eabi/4.9.3/../../../../arm-none-eabi/lib/armv7e-m/softfp\libg.a(lib_a-memchr.o)
                0x08020f10                memchr
 .text.__malloc_lock
                0x08020fa4        0x4 c:/program files/gnu tools arm embedded/4.9 2015q2/bin/../lib/gcc/arm-none-eabi/4.9.3/../../../../arm-none-eabi/lib/armv7e-m/softfp\libg.a(lib_a-mlock.o)
                0x08020fa4                __malloc_lock
 .text.__malloc_unlock
                0x08020fa8        0x4 c:/program files/gnu tools arm embedded/4.9 2015q2/bin/../lib/gcc/arm-none-eabi/4.9.3/../../../../arm-none-eabi/lib/armv7e-m/softfp\libg.a(lib_a-mlock.o)
                0x08020fa8                __malloc_unlock
 .text._Balloc  0x08020fac       0x4c c:/program files/gnu tools arm embedded/4.9 2015q2/bin/../lib/gcc/arm-none-eabi/4.9.3/../../../../arm-none-eabi/lib/armv7e-m/softfp\libg.a(lib_a-mprec.o)
                0x08020fac                _Balloc
 .text._Bfree   0x08020ff8       0x14 c:/program files/gnu tools arm embedded/4.9 2015q2/bin/../lib/gcc/arm-none-eabi/4.9.3/../../../../arm-none-eabi/lib/armv7e-m/softfp\libg.a(lib_a-mprec.o)
                0x08020ff8                _Bfree
 .text.__multadd
                0x0802100c       0x84 c:/program files/gnu tools arm embedded/4.9 2015q2/bin/../lib/gcc/arm-none-eabi/4.9.3/../../../../arm-none-eabi/lib/armv7e-m/softfp\libg.a(lib_a-mprec.o)
                0x0802100c                __multadd
 .text.__hi0bits
                0x08021090       0x40 c:/program files/gnu tools arm embedded/4.9 2015q2/bin/../lib/gcc/arm-none-eabi/4.9.3/../../../../arm-none-eabi/lib/armv7e-m/softfp\libg.a(lib_a-mprec.o)
                0x08021090                __hi0bits
 .text.__lo0bits
                0x080210d0       0x5c c:/program files/gnu tools arm embedded/4.9 2015q2/bin/../lib/gcc/arm-none-eabi/4.9.3/../../../../arm-none-eabi/lib/armv7e-m/softfp\libg.a(lib_a-mprec.o)
                0x080210d0                __lo0bits
 .text.__i2b    0x0802112c       0x14 c:/program files/gnu tools arm embedded/4.9 2015q2/bin/../lib/gcc/arm-none-eabi/4.9.3/../../../../arm-none-eabi/lib/armv7e-m/softfp\libg.a(lib_a-mprec.o)
                0x0802112c                __i2b
 .text.__multiply
                0x08021140      0x134 c:/program files/gnu tools arm embedded/4.9 2015q2/bin/../lib/gcc/arm-none-eabi/4.9.3/../../../../arm-none-eabi/lib/armv7e-m/softfp\libg.a(lib_a-mprec.o)
                0x08021140                __multiply
 .text.__pow5mult
                0x08021274       0xa0 c:/program files/gnu tools arm embedded/4.9 2015q2/bin/../lib/gcc/arm-none-eabi/4.9.3/../../../../arm-none-eabi/lib/armv7e-m/softfp\libg.a(lib_a-mprec.o)
                0x08021274                __pow5mult
 .text.__lshift
                0x08021314       0xac c:/program files/gnu tools arm embedded/4.9 2015q2/bin/../lib/gcc/arm-none-eabi/4.9.3/../../../../arm-none-eabi/lib/armv7e-m/softfp\libg.a(lib_a-mprec.o)
                0x08021314                __lshift
 .text.__mcmp   0x080213c0       0x48 c:/program files/gnu tools arm embedded/4.9 2015q2/bin/../lib/gcc/arm-none-eabi/4.9.3/../../../../arm-none-eabi/lib/armv7e-m/softfp\libg.a(lib_a-mprec.o)
                0x080213c0                __mcmp
 .text.__mdiff  0x08021408       0xd4 c:/program files/gnu tools arm embedded/4.9 2015q2/bin/../lib/gcc/arm-none-eabi/4.9.3/../../../../arm-none-eabi/lib/armv7e-m/softfp\libg.a(lib_a-mprec.o)
                0x08021408                __mdiff
 .text.__d2b    0x080214dc       0xb8 c:/program files/gnu tools arm embedded/4.9 2015q2/bin/../lib/gcc/arm-none-eabi/4.9.3/../../../../arm-none-eabi/lib/armv7e-m/softfp\libg.a(lib_a-mprec.o)
                0x080214dc                __d2b
 .text.__fpclassifyd
                0x08021594       0x58 c:/program files/gnu tools arm embedded/4.9 2015q2/bin/../lib/gcc/arm-none-eabi/4.9.3/../../../../arm-none-eabi/lib/armv7e-m/softfp\libg.a(lib_a-s_fpclassify.o)
                0x08021594                __fpclassifyd
 .text._sbrk_r  0x080215ec       0x24 c:/program files/gnu tools arm embedded/4.9 2015q2/bin/../lib/gcc/arm-none-eabi/4.9.3/../../../../arm-none-eabi/lib/armv7e-m/softfp\libg.a(lib_a-sbrkr.o)
                0x080215ec                _sbrk_r
 .text.__sread  0x08021610       0x24 c:/program files/gnu tools arm embedded/4.9 2015q2/bin/../lib/gcc/arm-none-eabi/4.9.3/../../../../arm-none-eabi/lib/armv7e-m/softfp\libg.a(lib_a-stdio.o)
                0x08021610                __sread
 .text.__swrite
                0x08021634       0x38 c:/program files/gnu tools arm embedded/4.9 2015q2/bin/../lib/gcc/arm-none-eabi/4.9.3/../../../../arm-none-eabi/lib/armv7e-m/softfp\libg.a(lib_a-stdio.o)
                0x08021634                __swrite
 .text.__sseek  0x0802166c       0x20 c:/program files/gnu tools arm embedded/4.9 2015q2/bin/../lib/gcc/arm-none-eabi/4.9.3/../../../../arm-none-eabi/lib/armv7e-m/softfp\libg.a(lib_a-stdio.o)
                0x0802166c                __sseek
 .text.__sclose
                0x0802168c        0x8 c:/program files/gnu tools arm embedded/4.9 2015q2/bin/../lib/gcc/arm-none-eabi/4.9.3/../../../../arm-none-eabi/lib/armv7e-m/softfp\libg.a(lib_a-stdio.o)
                0x0802168c                __sclose
 .text.__ssprint_r
                0x08021694      0x104 c:/program files/gnu tools arm embedded/4.9 2015q2/bin/../lib/gcc/arm-none-eabi/4.9.3/../../../../arm-none-eabi/lib/armv7e-m/softfp\libg.a(lib_a-svfiprintf.o)
                0x08021694                __ssprint_r
 .text.__sprint_r.part.0
                0x08021798       0x78 c:/program files/gnu tools arm embedded/4.9 2015q2/bin/../lib/gcc/arm-none-eabi/4.9.3/../../../../arm-none-eabi/lib/armv7e-m/softfp\libg.a(lib_a-vfiprintf.o)
 .text.__sprint_r
                0x08021810       0x18 c:/program files/gnu tools arm embedded/4.9 2015q2/bin/../lib/gcc/arm-none-eabi/4.9.3/../../../../arm-none-eabi/lib/armv7e-m/softfp\libg.a(lib_a-vfiprintf.o)
                0x08021810                __sprint_r
 .text._write_r
                0x08021828       0x28 c:/program files/gnu tools arm embedded/4.9 2015q2/bin/../lib/gcc/arm-none-eabi/4.9.3/../../../../arm-none-eabi/lib/armv7e-m/softfp\libg.a(lib_a-writer.o)
                0x08021828                _write_r
 .text._calloc_r
                0x08021850       0x60 c:/program files/gnu tools arm embedded/4.9 2015q2/bin/../lib/gcc/arm-none-eabi/4.9.3/../../../../arm-none-eabi/lib/armv7e-m/softfp\libg.a(lib_a-callocr.o)
                0x08021850                _calloc_r
 .text._close_r
                0x080218b0       0x24 c:/program files/gnu tools arm embedded/4.9 2015q2/bin/../lib/gcc/arm-none-eabi/4.9.3/../../../../arm-none-eabi/lib/armv7e-m/softfp\libg.a(lib_a-closer.o)
                0x080218b0                _close_r
 .text._fclose_r
                0x080218d4       0x84 c:/program files/gnu tools arm embedded/4.9 2015q2/bin/../lib/gcc/arm-none-eabi/4.9.3/../../../../arm-none-eabi/lib/armv7e-m/softfp\libg.a(lib_a-fclose.o)
                0x080218d4                _fclose_r
 .text.__fputwc
                0x08021958       0xb0 c:/program files/gnu tools arm embedded/4.9 2015q2/bin/../lib/gcc/arm-none-eabi/4.9.3/../../../../arm-none-eabi/lib/armv7e-m/softfp\libg.a(lib_a-fputwc.o)
                0x08021958                __fputwc
 .text._fputwc_r
                0x08021a08       0x24 c:/program files/gnu tools arm embedded/4.9 2015q2/bin/../lib/gcc/arm-none-eabi/4.9.3/../../../../arm-none-eabi/lib/armv7e-m/softfp\libg.a(lib_a-fputwc.o)
                0x08021a08                _fputwc_r
 .text._fstat_r
                0x08021a2c       0x28 c:/program files/gnu tools arm embedded/4.9 2015q2/bin/../lib/gcc/arm-none-eabi/4.9.3/../../../../arm-none-eabi/lib/armv7e-m/softfp\libg.a(lib_a-fstatr.o)
                0x08021a2c                _fstat_r
 .text.__sfvwrite_r
                0x08021a54      0x318 c:/program files/gnu tools arm embedded/4.9 2015q2/bin/../lib/gcc/arm-none-eabi/4.9.3/../../../../arm-none-eabi/lib/armv7e-m/softfp\libg.a(lib_a-fvwrite.o)
                0x08021a54                __sfvwrite_r
 .text._isatty_r
                0x08021d6c       0x24 c:/program files/gnu tools arm embedded/4.9 2015q2/bin/../lib/gcc/arm-none-eabi/4.9.3/../../../../arm-none-eabi/lib/armv7e-m/softfp\libg.a(lib_a-isattyr.o)
                0x08021d6c                _isatty_r
 .text._lseek_r
                0x08021d90       0x28 c:/program files/gnu tools arm embedded/4.9 2015q2/bin/../lib/gcc/arm-none-eabi/4.9.3/../../../../arm-none-eabi/lib/armv7e-m/softfp\libg.a(lib_a-lseekr.o)
                0x08021d90                _lseek_r
 .text.memmove  0x08021db8       0xc8 c:/program files/gnu tools arm embedded/4.9 2015q2/bin/../lib/gcc/arm-none-eabi/4.9.3/../../../../arm-none-eabi/lib/armv7e-m/softfp\libg.a(lib_a-memmove.o)
                0x08021db8                memmove
 .text._read_r  0x08021e80       0x28 c:/program files/gnu tools arm embedded/4.9 2015q2/bin/../lib/gcc/arm-none-eabi/4.9.3/../../../../arm-none-eabi/lib/armv7e-m/softfp\libg.a(lib_a-readr.o)
                0x08021e80                _read_r
 .text._realloc_r
                0x08021ea8      0x3ec c:/program files/gnu tools arm embedded/4.9 2015q2/bin/../lib/gcc/arm-none-eabi/4.9.3/../../../../arm-none-eabi/lib/armv7e-m/softfp\libg.a(lib_a-reallocr.o)
                0x08021ea8                _realloc_r
 .text.__swbuf_r
                0x08022294       0xa8 c:/program files/gnu tools arm embedded/4.9 2015q2/bin/../lib/gcc/arm-none-eabi/4.9.3/../../../../arm-none-eabi/lib/armv7e-m/softfp\libg.a(lib_a-wbuf.o)
                0x08022294                __swbuf_r
 .text._wcrtomb_r
                0x0802233c       0x54 c:/program files/gnu tools arm embedded/4.9 2015q2/bin/../lib/gcc/arm-none-eabi/4.9.3/../../../../arm-none-eabi/lib/armv7e-m/softfp\libg.a(lib_a-wcrtomb.o)
                0x0802233c                _wcrtomb_r
 .text.__ascii_wctomb
                0x08022390       0x1c c:/program files/gnu tools arm embedded/4.9 2015q2/bin/../lib/gcc/arm-none-eabi/4.9.3/../../../../arm-none-eabi/lib/armv7e-m/softfp\libg.a(lib_a-wctomb_r.o)
                0x08022390                __ascii_wctomb
 .text          0x080223ac      0x370 c:/program files/gnu tools arm embedded/4.9 2015q2/bin/../lib/gcc/arm-none-eabi/4.9.3/armv7e-m/softfp\libgcc.a(_arm_addsubdf3.o)
                0x080223ac                __aeabi_drsub
                0x080223b4                __aeabi_dsub
                0x080223b4                __subdf3
                0x080223b8                __aeabi_dadd
                0x080223b8                __adddf3
                0x08022630                __floatunsidf
                0x08022630                __aeabi_ui2d
                0x08022650                __floatsidf
                0x08022650                __aeabi_i2d
                0x08022674                __aeabi_f2d
                0x08022674                __extendsfdf2
                0x080226b0                __floatundidf
                0x080226b0                __aeabi_ul2d
                0x080226c0                __floatdidf
                0x080226c0                __aeabi_l2d
 .text          0x0802271c      0x424 c:/program files/gnu tools arm embedded/4.9 2015q2/bin/../lib/gcc/arm-none-eabi/4.9.3/armv7e-m/softfp\libgcc.a(_arm_muldivdf3.o)
                0x0802271c                __aeabi_dmul
                0x0802271c                __muldf3
                0x08022970                __divdf3
                0x08022970                __aeabi_ddiv
 .text          0x08022b40      0x110 c:/program files/gnu tools arm embedded/4.9 2015q2/bin/../lib/gcc/arm-none-eabi/4.9.3/armv7e-m/softfp\libgcc.a(_arm_cmpdf2.o)
                0x08022b40                __gtdf2
                0x08022b40                __gedf2
                0x08022b48                __ltdf2
                0x08022b48                __ledf2
                0x08022b50                __nedf2
                0x08022b50                __eqdf2
                0x08022b50                __cmpdf2
                0x08022bcc                __aeabi_cdrcmple
                0x08022bdc                __aeabi_cdcmpeq
                0x08022bdc                __aeabi_cdcmple
                0x08022bec                __aeabi_dcmpeq
                0x08022c00                __aeabi_dcmplt
                0x08022c14                __aeabi_dcmple
                0x08022c28                __aeabi_dcmpge
                0x08022c3c                __aeabi_dcmpgt
 .text          0x08022c50       0x50 c:/program files/gnu tools arm embedded/4.9 2015q2/bin/../lib/gcc/arm-none-eabi/4.9.3/armv7e-m/softfp\libgcc.a(_arm_fixdfsi.o)
                0x08022c50                __aeabi_d2iz
                0x08022c50                __fixdfsi
 .text          0x08022ca0       0x30 c:/program files/gnu tools arm embedded/4.9 2015q2/bin/../lib/gcc/arm-none-eabi/4.9.3/armv7e-m/softfp\libgcc.a(_aeabi_uldivmod.o)
                0x08022ca0                __aeabi_uldivmod
 .text          0x08022cd0       0x60 c:/program files/gnu tools arm embedded/4.9 2015q2/bin/../lib/gcc/arm-none-eabi/4.9.3/armv7e-m/softfp\libgcc.a(bpabi.o)
                0x08022cd0                __gnu_ldivmod_helper
                0x08022d00                __gnu_uldivmod_helper
 .text          0x08022d30        0x4 c:/program files/gnu tools arm embedded/4.9 2015q2/bin/../lib/gcc/arm-none-eabi/4.9.3/armv7e-m/softfp\libgcc.a(_dvmd_tls.o)
                0x08022d30                __aeabi_idiv0
                0x08022d30                __aeabi_ldiv0
 .text          0x08022d34      0x29c c:/program files/gnu tools arm embedded/4.9 2015q2/bin/../lib/gcc/arm-none-eabi/4.9.3/armv7e-m/softfp\libgcc.a(_divdi3.o)
                0x08022d34                __divdi3
 .text          0x08022fd0      0x26c c:/program files/gnu tools arm embedded/4.9 2015q2/bin/../lib/gcc/arm-none-eabi/4.9.3/armv7e-m/softfp\libgcc.a(_udivdi3.o)
                0x08022fd0                __udivdi3
 *(.init)
 *(.fini)
 *crtbegin.o(.ctors)
 *crtbegin?.o(.ctors)
 *(EXCLUDE_FILE(*crtend.o *crtend?.o) .ctors)
 *(SORT(.ctors.*))
 *(.ctors)
 *crtbegin.o(.dtors)
 *crtbegin?.o(.dtors)
 *(EXCLUDE_FILE(*crtend.o *crtend?.o) .dtors)
 *(SORT(.dtors.*))
 *(.dtors)
 *(.rodata*)
 .rodata        0x0802323c       0xcc ..\obj\tcp.o
                0x080232b4                tcp_state_str
                0x080232e0                tcp_backoff
                0x080232f0                tcp_persist_backoff
                0x080232f8                tcp_pcb_lists
 .rodata        0x08023308       0xf7 ..\obj\porttcp.o
 *fill*         0x080233ff        0x1 
 .rodata        0x08023400       0x30 ..\obj\memp.o
 .rodata        0x08023430        0xd ..\obj\tcpip.o
 *fill*         0x0802343d        0x3 
 .rodata        0x08023440        0x8 ..\obj\ip_addr.o
                0x08023440                ip_addr_any
                0x08023444                ip_addr_broadcast
 .rodata        0x08023448        0xa ..\obj\main.o
 *fill*         0x08023452        0x2 
 .rodata        0x08023454        0x7 ..\obj\ethernetif.o
 *fill*         0x0802345b        0x1 
 .rodata        0x0802345c        0xe ..\obj\etharp.o
                0x0802345c                ethbroadcast
                0x08023464                ethzero
 *fill*         0x0802346a        0x2 
 .rodata        0x0802346c        0x5 ..\obj\tasks.o
 *fill*         0x08023471        0x3 
 .rodata        0x08023474       0x86 ..\obj\portother.o
 *fill*         0x080234fa        0x2 
 .rodata        0x080234fc        0xc ..\obj\mbinit.o
 .rodata        0x08023508       0x39 ..\obj\cfg_info.o
                0x08023508                configInfoHard
 *fill*         0x08023541        0x3 
 .rodata        0x08023544        0x9 ..\obj\udp_send.o
 *fill*         0x0802354d        0x3 
 .rodata        0x08023550       0x4f ..\obj\http_server.o
 *fill*         0x0802359f        0x1 
 .rodata.zeroes.6911
                0x080235a0       0x10 c:/program files/gnu tools arm embedded/4.9 2015q2/bin/../lib/gcc/arm-none-eabi/4.9.3/../../../../arm-none-eabi/lib/armv7e-m/softfp\libg.a(lib_a-svfprintf.o)
 .rodata.blanks.6910
                0x080235b0       0x10 c:/program files/gnu tools arm embedded/4.9 2015q2/bin/../lib/gcc/arm-none-eabi/4.9.3/../../../../arm-none-eabi/lib/armv7e-m/softfp\libg.a(lib_a-svfprintf.o)
 .rodata.str1.4
                0x080235c0       0x42 c:/program files/gnu tools arm embedded/4.9 2015q2/bin/../lib/gcc/arm-none-eabi/4.9.3/../../../../arm-none-eabi/lib/armv7e-m/softfp\libg.a(lib_a-svfprintf.o)
 *fill*         0x08023602        0x2 
 .rodata.zeroes.6926
                0x08023604       0x10 c:/program files/gnu tools arm embedded/4.9 2015q2/bin/../lib/gcc/arm-none-eabi/4.9.3/../../../../arm-none-eabi/lib/armv7e-m/softfp\libg.a(lib_a-vfprintf.o)
 .rodata.str1.4
                0x00000000       0x42 c:/program files/gnu tools arm embedded/4.9 2015q2/bin/../lib/gcc/arm-none-eabi/4.9.3/../../../../arm-none-eabi/lib/armv7e-m/softfp\libg.a(lib_a-vfprintf.o)
 .rodata.blanks.6925
                0x08023614       0x10 c:/program files/gnu tools arm embedded/4.9 2015q2/bin/../lib/gcc/arm-none-eabi/4.9.3/../../../../arm-none-eabi/lib/armv7e-m/softfp\libg.a(lib_a-vfprintf.o)
 .rodata.str1.4
                0x08023624       0x10 c:/program files/gnu tools arm embedded/4.9 2015q2/bin/../lib/gcc/arm-none-eabi/4.9.3/../../../../arm-none-eabi/lib/armv7e-m/softfp\libg.a(lib_a-dtoa.o)
                                 0x12 (size before relaxing)
 .rodata.str1.4
                0x08023634        0x2 c:/program files/gnu tools arm embedded/4.9 2015q2/bin/../lib/gcc/arm-none-eabi/4.9.3/../../../../arm-none-eabi/lib/armv7e-m/softfp\libg.a(lib_a-impure.o)
 *fill*         0x08023636        0x2 
 .rodata.str1.4
                0x08023638        0xc c:/program files/gnu tools arm embedded/4.9 2015q2/bin/../lib/gcc/arm-none-eabi/4.9.3/../../../../arm-none-eabi/lib/armv7e-m/softfp\libg.a(lib_a-locale.o)
                                 0x12 (size before relaxing)
 *fill*         0x08023644        0x4 
 .rodata.__mprec_tens
                0x08023648       0xc8 c:/program files/gnu tools arm embedded/4.9 2015q2/bin/../lib/gcc/arm-none-eabi/4.9.3/../../../../arm-none-eabi/lib/armv7e-m/softfp\libg.a(lib_a-mprec.o)
                0x08023648                __mprec_tens
 .rodata.p05.5302
                0x08023710        0xc c:/program files/gnu tools arm embedded/4.9 2015q2/bin/../lib/gcc/arm-none-eabi/4.9.3/../../../../arm-none-eabi/lib/armv7e-m/softfp\libg.a(lib_a-mprec.o)
 *fill*         0x0802371c        0x4 
 .rodata.__mprec_bigtens
                0x08023720       0x28 c:/program files/gnu tools arm embedded/4.9 2015q2/bin/../lib/gcc/arm-none-eabi/4.9.3/../../../../arm-none-eabi/lib/armv7e-m/softfp\libg.a(lib_a-mprec.o)
                0x08023720                __mprec_bigtens
 *(.eh_fram e*)
                0x08023748                . = ALIGN (0x4)
                0x08023748                _param_start = .
 *(.param)
 *(.param.*)
                0x08023748                _param_stop = .

.glue_7         0x08023748        0x0
 .glue_7        0x00000000        0x0 linker stubs

.glue_7t        0x08023748        0x0
 .glue_7t       0x00000000        0x0 linker stubs

.vfp11_veneer   0x08023748        0x0
 .vfp11_veneer  0x00000000        0x0 linker stubs

.v4_bx          0x08023748        0x0
 .v4_bx         0x00000000        0x0 linker stubs

.iplt           0x08023748        0x0
 .iplt          0x00000000        0x0 ..\obj\stm32f4xx_syscfg.o

.ARM.extab
 *(.ARM.extab* .gnu.linkonce.armextab.*)
                0x08023748                __exidx_start = .

.ARM.exidx      0x08023748        0x8
 *(.ARM.exidx* .gnu.linkonce.armexidx.*)
 .ARM.exidx     0x08023748        0x8 c:/program files/gnu tools arm embedded/4.9 2015q2/bin/../lib/gcc/arm-none-eabi/4.9.3/armv7e-m/softfp\libgcc.a(_divdi3.o)
 .ARM.exidx     0x08023750        0x0 c:/program files/gnu tools arm embedded/4.9 2015q2/bin/../lib/gcc/arm-none-eabi/4.9.3/armv7e-m/softfp\libgcc.a(_udivdi3.o)
                                  0x8 (size before relaxing)
                0x08023750                __exidx_end = .
                0x08023750                __etext = .
                0x08023750                _sidata = __etext

.rel.dyn        0x08023750        0x0
 .rel.iplt      0x00000000        0x0 ..\obj\stm32f4xx_syscfg.o

.data           0x20000000      0x97c load address 0x08023750
                0x20000000                __data_start__ = .
                0x20000000                _sdata = __data_start__
 *(vtable)
 *(.data*)
 .data          0x20000000       0x84 ..\obj\mb.o
 .data          0x20000084        0x8 ..\obj\tcp.o
 .data          0x2000008c       0x10 ..\obj\stm32f4xx_rcc.o
 .data          0x2000009c        0x4 ..\obj\tasks.o
 .data          0x200000a0       0x14 ..\obj\system_stm32f4xx.o
                0x200000a0                SystemCoreClock
                0x200000a4                AHBPrescTable
 .data          0x200000b4       0x10 ..\obj\portother.o
 .data          0x200000c4        0x4 ..\obj\port.o
 .data          0x200000c8        0x5 ..\obj\mbinit.o
 *fill*         0x200000cd        0x1 
 .data          0x200000ce        0x2 ..\obj\udp.o
 .data          0x200000d0        0x4 ..\obj\dhcp.o
 .data          0x200000d4        0x4 ..\obj\mbfunc.o
 .data          0x200000d8        0x4 ..\obj\heap_2.o
 *fill*         0x200000dc        0x4 
 .data.impure_data
                0x200000e0      0x428 c:/program files/gnu tools arm embedded/4.9 2015q2/bin/../lib/gcc/arm-none-eabi/4.9.3/../../../../arm-none-eabi/lib/armv7e-m/softfp\libg.a(lib_a-impure.o)
 .data._impure_ptr
                0x20000508        0x4 c:/program files/gnu tools arm embedded/4.9 2015q2/bin/../lib/gcc/arm-none-eabi/4.9.3/../../../../arm-none-eabi/lib/armv7e-m/softfp\libg.a(lib_a-impure.o)
                0x20000508                _impure_ptr
 .data.lconv    0x2000050c       0x38 c:/program files/gnu tools arm embedded/4.9 2015q2/bin/../lib/gcc/arm-none-eabi/4.9.3/../../../../arm-none-eabi/lib/armv7e-m/softfp\libg.a(lib_a-locale.o)
 .data.lc_ctype_charset
                0x20000544       0x20 c:/program files/gnu tools arm embedded/4.9 2015q2/bin/../lib/gcc/arm-none-eabi/4.9.3/../../../../arm-none-eabi/lib/armv7e-m/softfp\libg.a(lib_a-locale.o)
 .data.__mb_cur_max
                0x20000564        0x4 c:/program files/gnu tools arm embedded/4.9 2015q2/bin/../lib/gcc/arm-none-eabi/4.9.3/../../../../arm-none-eabi/lib/armv7e-m/softfp\libg.a(lib_a-locale.o)
                0x20000564                __mb_cur_max
 .data.__malloc_av_
                0x20000568      0x408 c:/program files/gnu tools arm embedded/4.9 2015q2/bin/../lib/gcc/arm-none-eabi/4.9.3/../../../../arm-none-eabi/lib/armv7e-m/softfp\libg.a(lib_a-mallocr.o)
                0x20000568                __malloc_av_
 .data.__malloc_trim_threshold
                0x20000970        0x4 c:/program files/gnu tools arm embedded/4.9 2015q2/bin/../lib/gcc/arm-none-eabi/4.9.3/../../../../arm-none-eabi/lib/armv7e-m/softfp\libg.a(lib_a-mallocr.o)
                0x20000970                __malloc_trim_threshold
 .data.__malloc_sbrk_base
                0x20000974        0x4 c:/program files/gnu tools arm embedded/4.9 2015q2/bin/../lib/gcc/arm-none-eabi/4.9.3/../../../../arm-none-eabi/lib/armv7e-m/softfp\libg.a(lib_a-mallocr.o)
                0x20000974                __malloc_sbrk_base
 .data.__wctomb
                0x20000978        0x4 c:/program files/gnu tools arm embedded/4.9 2015q2/bin/../lib/gcc/arm-none-eabi/4.9.3/../../../../arm-none-eabi/lib/armv7e-m/softfp\libg.a(lib_a-wctomb_r.o)
                0x20000978                __wctomb
                0x2000097c                . = ALIGN (0x4)
                0x2000097c                PROVIDE (__preinit_array_start, .)
 *(.preinit_array)
                0x2000097c                PROVIDE (__preinit_array_end, .)
                0x2000097c                . = ALIGN (0x4)
                0x2000097c                PROVIDE (__init_array_start, .)
 *(SORT(.init_array.*))
 *(.init_array)
                0x2000097c                PROVIDE (__init_array_end, .)
                0x2000097c                . = ALIGN (0x4)
                0x2000097c                PROVIDE (__fini_array_start, .)
 *(SORT(.fini_array.*))
 *(.fini_array)
                0x2000097c                PROVIDE (__fini_array_end, .)
 *(.jcr*)
                0x2000097c                . = ALIGN (0x4)
                0x2000097c                __data_end__ = .
                0x2000097c                _edata = __data_end__

.igot.plt       0x2000097c        0x0 load address 0x080240cc
 .igot.plt      0x00000000        0x0 ..\obj\stm32f4xx_syscfg.o

.bss            0x20000980    0x1d288 load address 0x080240d0
                0x20000980                . = ALIGN (0x4)
                0x20000980                __bss_start__ = .
                0x20000980                _sbss = __bss_start__
 *(.bss*)
 .bss           0x20000980       0x10 ..\obj\mem.o
 .bss           0x20000990       0x24 ..\obj\mb.o
 .bss           0x200009b4        0x2 ..\obj\tcp.o
 *fill*         0x200009b6        0x2 
 .bss           0x200009b8        0x4 ..\obj\portevent.o
 .bss           0x200009bc      0x112 ..\obj\porttcp.o
 *fill*         0x20000ace        0x2 
 .bss           0x20000ad0       0x22 ..\obj\mbfuncother.o
 *fill*         0x20000af2        0x2 
 .bss           0x20000af4       0x2c ..\obj\tcp_in.o
 .bss           0x20000b20     0x2a97 ..\obj\memp.o
 *fill*         0x200035b7        0x1 
 .bss           0x200035b8        0xc ..\obj\tcpip.o
 .bss           0x200035c4        0x8 ..\obj\timers.o
 .bss           0x200035cc        0x4 ..\obj\stm32f4x7_eth_bsp.o
                0x200035cc                EthInitStatus
 .bss           0x200035d0        0xc ..\obj\ethernetif.o
                0x200035d4                s_xSemaphore
 .bss           0x200035dc       0xc9 ..\obj\etharp.o
 *fill*         0x200036a5        0x3 
 .bss           0x200036a8       0xfc ..\obj\tasks.o
                0x200036a8                pxCurrentTCB
 *fill*         0x200037a4        0x4 
 .bss           0x200037a8       0x10 ..\obj\adc_dcmi.o
                0x200037a8                timestamp
                0x200037b0                xAdcBuf_Send_Semaphore
 .bss           0x200037b8        0x1 ..\obj\netif.o
 *fill*         0x200037b9        0x3 
 .bss           0x200037bc        0x4 ..\obj\sys_arch.o
                0x200037bc                xInsideISR
 .bss           0x200037c0        0x4 ..\obj\syscalls.o
 .bss           0x200037c4      0x204 ..\obj\portother.o
 .bss           0x200039c8        0x8 ..\obj\port.o
 .bss           0x200039d0        0x4 ..\obj\cfg_info.o
 .bss           0x200039d4        0x2 ..\obj\ip.o
 .bss           0x200039d6        0x2 ..\obj\udp_send.o
                0x200039d6                adc_buf_offset
 .bss           0x200039d8       0x28 ..\obj\mbfunc.o
 .bss           0x20003a00     0xc814 ..\obj\heap_2.o
 .bss           0x20010214        0x2 ..\obj\http_server.o
 *fill*         0x20010216        0x2 
 .bss           0x20010218        0x4 ..\obj\raw.o
 .bss.__malloc_max_total_mem
                0x2001021c        0x4 c:/program files/gnu tools arm embedded/4.9 2015q2/bin/../lib/gcc/arm-none-eabi/4.9.3/../../../../arm-none-eabi/lib/armv7e-m/softfp\libg.a(lib_a-mallocr.o)
                0x2001021c                __malloc_max_total_mem
 .bss.__malloc_max_sbrked_mem
                0x20010220        0x4 c:/program files/gnu tools arm embedded/4.9 2015q2/bin/../lib/gcc/arm-none-eabi/4.9.3/../../../../arm-none-eabi/lib/armv7e-m/softfp\libg.a(lib_a-mallocr.o)