Archive member included because of file (symbol)

c:/program files/gnu tools arm embedded/4.9 2015q2/bin/../lib/gcc/arm-none-eabi/4.9.3/../../../../arm-none-eabi/lib/armv7e-m/softfp\libg.a(lib_a-memcmp.o)
                              ..\obj\etharp.o (memcmp)
c:/program files/gnu tools arm embedded/4.9 2015q2/bin/../lib/gcc/arm-none-eabi/4.9.3/../../../../arm-none-eabi/lib/armv7e-m/softfp\libg.a(lib_a-memcpy.o)
                              ..\obj\porttcp.o (memcpy)
c:/program files/gnu tools arm embedded/4.9 2015q2/bin/../lib/gcc/arm-none-eabi/4.9.3/../../../../arm-none-eabi/lib/armv7e-m/softfp\libg.a(lib_a-memset.o)
                              ..\obj\mem.o (memset)
c:/program files/gnu tools arm embedded/4.9 2015q2/bin/../lib/gcc/arm-none-eabi/4.9.3/../../../../arm-none-eabi/lib/armv7e-m/softfp\libg.a(lib_a-printf.o)
                              ..\obj\portother.o (printf)
c:/program files/gnu tools arm embedded/4.9 2015q2/bin/../lib/gcc/arm-none-eabi/4.9.3/../../../../arm-none-eabi/lib/armv7e-m/softfp\libg.a(lib_a-snprintf.o)
                              ..\obj\portother.o (snprintf)
c:/program files/gnu tools arm embedded/4.9 2015q2/bin/../lib/gcc/arm-none-eabi/4.9.3/../../../../arm-none-eabi/lib/armv7e-m/softfp\libg.a(lib_a-sprintf.o)
                              ..\obj\http_server.o (sprintf)
c:/program files/gnu tools arm embedded/4.9 2015q2/bin/../lib/gcc/arm-none-eabi/4.9.3/../../../../arm-none-eabi/lib/armv7e-m/softfp\libg.a(lib_a-strlen.o)
                              ..\obj\pbuf.o (strlen)
c:/program files/gnu tools arm embedded/4.9 2015q2/bin/../lib/gcc/arm-none-eabi/4.9.3/../../../../arm-none-eabi/lib/armv7e-m/softfp\libg.a(lib_a-strncmp.o)
                              ..\obj\http_server.o (strncmp)
c:/program files/gnu tools arm embedded/4.9 2015q2/bin/../lib/gcc/arm-none-eabi/4.9.3/../../../../arm-none-eabi/lib/armv7e-m/softfp\libg.a(lib_a-svfprintf.o)
                              c:/program files/gnu tools arm embedded/4.9 2015q2/bin/../lib/gcc/arm-none-eabi/4.9.3/../../../../arm-none-eabi/lib/armv7e-m/softfp\libg.a(lib_a-snprintf.o) (_svfprintf_r)
c:/program files/gnu tools arm embedded/4.9 2015q2/bin/../lib/gcc/arm-none-eabi/4.9.3/../../../../arm-none-eabi/lib/armv7e-m/softfp\libg.a(lib_a-vfprintf.o)
                              c:/program files/gnu tools arm embedded/4.9 2015q2/bin/../lib/gcc/arm-none-eabi/4.9.3/../../../../arm-none-eabi/lib/armv7e-m/softfp\libg.a(lib_a-printf.o) (_vfprintf_r)
c:/program files/gnu tools arm embedded/4.9 2015q2/bin/../lib/gcc/arm-none-eabi/4.9.3/../../../../arm-none-eabi/lib/armv7e-m/softfp\libg.a(lib_a-vprintf.o)
                              ..\obj\portother.o (vprintf)
c:/program files/gnu tools arm embedded/4.9 2015q2/bin/../lib/gcc/arm-none-eabi/4.9.3/../../../../arm-none-eabi/lib/armv7e-m/softfp\libg.a(lib_a-wsetup.o)
                              c:/program files/gnu tools arm embedded/4.9 2015q2/bin/../lib/gcc/arm-none-eabi/4.9.3/../../../../arm-none-eabi/lib/armv7e-m/softfp\libg.a(lib_a-vfprintf.o) (__swsetup_r)
c:/program files/gnu tools arm embedded/4.9 2015q2/bin/../lib/gcc/arm-none-eabi/4.9.3/../../../../arm-none-eabi/lib/armv7e-m/softfp\libg.a(lib_a-dtoa.o)
                              c:/program files/gnu tools arm embedded/4.9 2015q2/bin/../lib/gcc/arm-none-eabi/4.9.3/../../../../arm-none-eabi/lib/armv7e-m/softfp\libg.a(lib_a-svfprintf.o) (_dtoa_r)
c:/program files/gnu tools arm embedded/4.9 2015q2/bin/../lib/gcc/arm-none-eabi/4.9.3/../../../../arm-none-eabi/lib/armv7e-m/softfp\libg.a(lib_a-fflush.o)
                              c:/program files/gnu tools arm embedded/4.9 2015q2/bin/../lib/gcc/arm-none-eabi/4.9.3/../../../../arm-none-eabi/lib/armv7e-m/softfp\libg.a(lib_a-vfprintf.o) (_fflush_r)
c:/program files/gnu tools arm embedded/4.9 2015q2/bin/../lib/gcc/arm-none-eabi/4.9.3/../../../../arm-none-eabi/lib/armv7e-m/softfp\libg.a(lib_a-findfp.o)
                              c:/program files/gnu tools arm embedded/4.9 2015q2/bin/../lib/gcc/arm-none-eabi/4.9.3/../../../../arm-none-eabi/lib/armv7e-m/softfp\libg.a(lib_a-vfprintf.o) (__sinit)
c:/program files/gnu tools arm embedded/4.9 2015q2/bin/../lib/gcc/arm-none-eabi/4.9.3/../../../../arm-none-eabi/lib/armv7e-m/softfp\libg.a(lib_a-freer.o)
                              c:/program files/gnu tools arm embedded/4.9 2015q2/bin/../lib/gcc/arm-none-eabi/4.9.3/../../../../arm-none-eabi/lib/armv7e-m/softfp\libg.a(lib_a-wsetup.o) (_free_r)
c:/program files/gnu tools arm embedded/4.9 2015q2/bin/../lib/gcc/arm-none-eabi/4.9.3/../../../../arm-none-eabi/lib/armv7e-m/softfp\libg.a(lib_a-fwalk.o)
                              c:/program files/gnu tools arm embedded/4.9 2015q2/bin/../lib/gcc/arm-none-eabi/4.9.3/../../../../arm-none-eabi/lib/armv7e-m/softfp\libg.a(lib_a-findfp.o) (_fwalk)
c:/program files/gnu tools arm embedded/4.9 2015q2/bin/../lib/gcc/arm-none-eabi/4.9.3/../../../../arm-none-eabi/lib/armv7e-m/softfp\libg.a(lib_a-impure.o)
[...]
Memory Configuration

Name             Origin             Length             Attributes
rom              0x08000000         0x00100000         xr
ram              0x20000000         0x00020000         xrw
ram1             0x10000000         0x00010000         xrw
*default*        0x00000000         0xffffffff

Linker script and memory map

                0x20020000                _eram = 0x20020000

.text           0x08000000     0x28f5
 *(.isr_vector)
 .isr_vector    0x08000000      0x188 ..\obj\startup_stm32f4xx.o
                0x08000000                g_pfnVectors
 *(.text*)
 .text.Default_Reset_Handler
                0x08000188       0x6c ..\obj\startup_stm32f4xx.o
                0x08000188                Default_Reset_Handler
                0x08000188                Reset_Handler
 .text.Default_Handler
                0x080001f4        0x8 ..\obj\startup_stm32f4xx.o
                0x080001f4                RTC_Alarm_IRQHandler
                0x080001f4                HASH_RNG_IRQHandler
                0x080001f4                EXTI2_IRQHandler
                0x080001f4                TIM8_CC_IRQHandler
                0x080001f4                TIM1_CC_IRQHandler
                0x080001f4                DMA2_Stream5_IRQHandler
                0x080001f4                DMA1_Stream5_IRQHandler
                0x080001f4                PVD_IRQHandler
                0x080001f4                SDIO_IRQHandler
                0x080001f4                TAMP_STAMP_IRQHandler
                0x080001f4                CAN2_RX1_IRQHandler
                0x080001f4                EXTI3_IRQHandler
                0x080001f4                TIM8_TRG_COM_TIM14_IRQHandler
                0x080001f4                TIM1_UP_TIM10_IRQHandler
                0x080001f4                TIM8_UP_TIM13_IRQHandler
                0x080001f4                I2C3_ER_IRQHandler
                0x080001f4                EXTI0_IRQHandler
                0x080001f4                I2C2_EV_IRQHandler
                0x080001f4                DMA1_Stream2_IRQHandler
                0x080001f4                CAN1_RX0_IRQHandler
                0x080001f4                FPU_IRQHandler
                0x080001f4                OTG_HS_WKUP_IRQHandler
                0x080001f4                CAN2_SCE_IRQHandler
                0x080001f4                DMA2_Stream2_IRQHandler
                0x080001f4                SPI1_IRQHandler
                0x080001f4                TIM6_DAC_IRQHandler
                0x080001f4                TIM1_BRK_TIM9_IRQHandler
                0x080001f4                CAN2_RX0_IRQHandler
                0x080001f4                DMA2_Stream3_IRQHandler
                0x080001f4                USART6_IRQHandler
                0x080001f4                USART3_IRQHandler
                0x080001f4                CRYP_IRQHandler
                0x080001f4                CAN1_RX1_IRQHandler
                0x080001f4                UART5_IRQHandler
                0x080001f4                DMA2_Stream0_IRQHandler
                0x080001f4                TIM4_IRQHandler
                0x080001f4                I2C1_EV_IRQHandler
                0x080001f4                DMA1_Stream6_IRQHandler
                0x080001f4                DMA1_Stream1_IRQHandler
                0x080001f4                UART4_IRQHandler
                0x080001f4                TIM3_IRQHandler
                0x080001f4                RCC_IRQHandler
                0x080001f4                TIM8_BRK_TIM12_IRQHandler
                0x080001f4                EXTI15_10_IRQHandler
                0x080001f4                ADC_IRQHandler
                0x080001f4                DMA1_Stream7_IRQHandler
                0x080001f4                TIM7_IRQHandler
                0x080001f4                CAN2_TX_IRQHandler
                0x080001f4                TIM5_IRQHandler
                0x080001f4                DMA2_Stream7_IRQHandler
                0x080001f4                I2C3_EV_IRQHandler
                0x080001f4                EXTI9_5_IRQHandler
                0x080001f4                RTC_WKUP_IRQHandler
                0x080001f4                ETH_WKUP_IRQHandler
                0x080001f4                SPI2_IRQHandler
                0x080001f4                OTG_HS_EP1_IN_IRQHandler
                0x080001f4                DMA1_Stream0_IRQHandler
                0x080001f4                CAN1_TX_IRQHandler
                0x080001f4                EXTI4_IRQHandler
                0x080001f4                FSMC_IRQHandler
                0x080001f4                OTG_HS_EP1_OUT_IRQHandler
                0x080001f4                WWDG_IRQHandler
                0x080001f4                TIM2_IRQHandler
                0x080001f4                OTG_FS_WKUP_IRQHandler
                0x080001f4                TIM1_TRG_COM_TIM11_IRQHandler
                0x080001f4                OTG_HS_IRQHandler
                0x080001f4                EXTI1_IRQHandler
                0x080001f4                USART2_IRQHandler
                0x080001f4                I2C2_ER_IRQHandler
                0x080001f4                CAN1_SCE_IRQHandler
                0x080001f4                FLASH_IRQHandler
                0x080001f4                DMA2_Stream4_IRQHandler
                0x080001f4                USART1_IRQHandler
                0x080001f4                OTG_FS_IRQHandler
                0x080001f4                SPI3_IRQHandler
                0x080001f4                DMA1_Stream4_IRQHandler
                0x080001f4                I2C1_ER_IRQHandler
                0x080001f4                DMA2_Stream6_IRQHandler
                0x080001f4                DMA1_Stream3_IRQHandler
 .text.ETH_GetDMAFlagStatus
                0x080001fc       0x3c ..\obj\stm32f4x7_eth.o
                0x080001fc                ETH_GetDMAFlagStatus
 .text.ETH_DMAClearITPendingBit
                0x08000238       0x24 ..\obj\stm32f4x7_eth.o
                0x08000238                ETH_DMAClearITPendingBit
 .text.main     0x0800025c       0x14 ..\obj\main.o
                0x0800025c                main
 .text.RCC_MCO1Config
                0x08000270       0x3c ..\obj\stm32f4xx_rcc.o
                0x08000270                RCC_MCO1Config
 .text.RCC_AHB1PeriphClockCmd
                0x080002ac       0x3c ..\obj\stm32f4xx_rcc.o
                0x080002ac                RCC_AHB1PeriphClockCmd
 .text.RCC_AHB2PeriphClockCmd
                0x080002e8       0x3c ..\obj\stm32f4xx_rcc.o
                0x080002e8                RCC_AHB2PeriphClockCmd
 .text.RCC_APB1PeriphClockCmd
                0x08000324       0x3c ..\obj\stm32f4xx_rcc.o
                0x08000324                RCC_APB1PeriphClockCmd
 .text.RCC_APB2PeriphClockCmd
                0x08000360       0x3c ..\obj\stm32f4xx_rcc.o
                0x08000360                RCC_APB2PeriphClockCmd
 .text.NMI_Handler
                0x0800039c        0xc ..\obj\stm32f4xx_it.o
                0x0800039c                NMI_Handler
 .text.HardFault_Handler
                0x080003a8        0x8 ..\obj\stm32f4xx_it.o
                0x080003a8                HardFault_Handler
 .text.MemManage_Handler
                0x080003b0        0x8 ..\obj\stm32f4xx_it.o
                0x080003b0                MemManage_Handler
 .text.BusFault_Handler
                0x080003b8        0x8 ..\obj\stm32f4xx_it.o
                0x080003b8                BusFault_Handler
 .text.UsageFault_Handler
                0x080003c0        0x8 ..\obj\stm32f4xx_it.o
                0x080003c0                UsageFault_Handler
 .text.DebugMon_Handler
                0x080003c8        0xc ..\obj\stm32f4xx_it.o
                0x080003c8                DebugMon_Handler
 .text.ETH_IRQHandler
                0x080003d4       0x5c ..\obj\stm32f4xx_it.o
                0x080003d4                ETH_IRQHandler
 .text.DCMI_DeInit
                0x08000430       0x3c ..\obj\stm32f4xx_dcmi.o
                0x08000430                DCMI_DeInit
 .text.DCMI_Init
                0x0800046c       0x80 ..\obj\stm32f4xx_dcmi.o
                0x0800046c                DCMI_Init
 .text.DCMI_Cmd
                0x080004ec       0x38 ..\obj\stm32f4xx_dcmi.o
                0x080004ec                DCMI_Cmd
 .text.DCMI_CaptureCmd
                0x08000524       0x38 ..\obj\stm32f4xx_dcmi.o
                0x08000524                DCMI_CaptureCmd
 .text.DCMI_ITConfig
                0x0800055c       0x44 ..\obj\stm32f4xx_dcmi.o
                0x0800055c                DCMI_ITConfig
 .text.DCMI_GetFlagStatus
                0x080005a0       0x64 ..\obj\stm32f4xx_dcmi.o
                0x080005a0                DCMI_GetFlagStatus
 .text.DCMI_ClearFlag
                0x08000604       0x20 ..\obj\stm32f4xx_dcmi.o
                0x08000604                DCMI_ClearFlag
 .text.xTaskGenericCreate
                0x08000624      0x1a4 ..\obj\tasks.o
                0x08000624                xTaskGenericCreate
 .text.vTaskStartScheduler
                0x080007c8       0x80 ..\obj\tasks.o
                0x080007c8                vTaskStartScheduler
 .text.vTaskSuspendAll
                0x08000848       0x1c ..\obj\tasks.o
                0x08000848                vTaskSuspendAll
 .text.xTaskResumeAll
                0x08000864      0x12c ..\obj\tasks.o
                0x08000864                xTaskResumeAll
 .text.xTaskIncrementTick
                0x08000990      0x180 ..\obj\tasks.o
                0x08000990                xTaskIncrementTick
 .text.vTaskSwitchContext
                0x08000b10       0xb4 ..\obj\tasks.o
                0x08000b10                vTaskSwitchContext
 .text.xTaskRemoveFromEventList
                0x08000bc4       0xc8 ..\obj\tasks.o
                0x08000bc4                xTaskRemoveFromEventList
 .text.prvIdleTask
                0x08000c8c       0x30 ..\obj\tasks.o
 .text.prvInitialiseTCBVariables
                0x08000cbc       0xa4 ..\obj\tasks.o
 .text.prvInitialiseTaskLists
                0x08000d60       0x7c ..\obj\tasks.o
 .text.prvCheckTasksWaitingTermination
                0x08000ddc       0x74 ..\obj\tasks.o
 .text.prvAllocateTCBAndStack
                0x08000e50       0x70 ..\obj\tasks.o
 .text.prvDeleteTCB
                0x08000ec0       0x20 ..\obj\tasks.o
 .text.prvResetNextTaskUnblockTime
                0x08000ee0       0x48 ..\obj\tasks.o
 .text.ADC_Ext_Init
                0x08000f28       0x10 ..\obj\adc_dcmi.o
                0x08000f28                ADC_Ext_Init
 .text.ADC_DCMI_Tim_Init
                0x08000f38      0x20c ..\obj\adc_dcmi.o
                0x08000f38                ADC_DCMI_Tim_Init
 .text.ADC_DCMI_Core_Init
                0x08001144      0x248 ..\obj\adc_dcmi.o
                0x08001144                ADC_DCMI_Core_Init
 .text.DMA2_Stream1_IRQHandler
                0x0800138c       0x68 ..\obj\adc_dcmi.o
                0x0800138c                DMA2_Stream1_IRQHandler
 .text.DCMI_IRQHandler
                0x080013f4       0x68 ..\obj\adc_dcmi.o
                0x080013f4                DCMI_IRQHandler
 .text.GPIO_Init
                0x0800145c      0x11c ..\obj\stm32f4xx_gpio.o
                0x0800145c                GPIO_Init
 .text.GPIO_PinAFConfig
                0x08001578       0x90 ..\obj\stm32f4xx_gpio.o
                0x08001578                GPIO_PinAFConfig
 .text.vListInitialise
                0x08001608       0x40 ..\obj\list.o
                0x08001608                vListInitialise
 .text.vListInitialiseItem
                0x08001648       0x18 ..\obj\list.o
                0x08001648                vListInitialiseItem
 .text.vListInsertEnd
                0x08001660       0x48 ..\obj\list.o
                0x08001660                vListInsertEnd
 .text.uxListRemove
                0x080016a8       0x54 ..\obj\list.o
                0x080016a8                uxListRemove
 .text.SystemInit
                0x080016fc       0x68 ..\obj\system_stm32f4xx.o
                0x080016fc                SystemInit
 .text.SetSysClock
                0x08001764       0xf4 ..\obj\system_stm32f4xx.o
 .text.DMA_Init
                0x08001858       0xac ..\obj\stm32f4xx_dma.o
                0x08001858                DMA_Init
 .text.DMA_Cmd  0x08001904       0x38 ..\obj\stm32f4xx_dma.o
                0x08001904                DMA_Cmd
 .text.DMA_ITConfig
                0x0800193c       0x74 ..\obj\stm32f4xx_dma.o
                0x0800193c                DMA_ITConfig
 .text.DMA_GetITStatus
                0x080019b0       0xb0 ..\obj\stm32f4xx_dma.o
                0x080019b0                DMA_GetITStatus
 .text.DMA_ClearITPendingBit
                0x08001a60       0x5c ..\obj\stm32f4xx_dma.o
                0x08001a60                DMA_ClearITPendingBit
 .text.xQueueGiveFromISR
                0x08001abc       0xd4 ..\obj\queue.o
                0x08001abc                xQueueGiveFromISR
 .text.pxPortInitialiseStack
                0x08001b90       0x64 ..\obj\port.o
                0x08001b90                pxPortInitialiseStack
 .text.prvTaskExitError
                0x08001bf4       0x3c ..\obj\port.o
 .text.SVC_Handler
                0x08001c30       0x20 ..\obj\port.o
                0x08001c30                SVC_Handler
 .text.prvPortStartFirstTask
                0x08001c50       0x20 ..\obj\port.o
 .text.xPortStartScheduler
                0x08001c70      0x118 ..\obj\port.o
                0x08001c70                xPortStartScheduler
 .text.vPortEnterCritical
                0x08001d88       0x5c ..\obj\port.o
                0x08001d88                vPortEnterCritical
 .text.vPortExitCritical
                0x08001de4       0x4c ..\obj\port.o
                0x08001de4                vPortExitCritical
 .text.PendSV_Handler
                0x08001e30       0x60 ..\obj\port.o
                0x08001e30                PendSV_Handler
 .text.SysTick_Handler
                0x08001e90       0x44 ..\obj\port.o
                0x08001e90                SysTick_Handler
 .text.vPortSetupTimerInterrupt
                0x08001ed4       0x34 ..\obj\port.o
                0x08001ed4                vPortSetupTimerInterrupt
 .text.vPortEnableVFP
                0x08001f08       0x14 ..\obj\port.o
 .text.vPortValidateInterruptPriority
                0x08001f1c       0x78 ..\obj\port.o
                0x08001f1c                vPortValidateInterruptPriority
 .text.NVIC_PriorityGroupConfig
                0x08001f94       0x24 ..\obj\misc.o
                0x08001f94                NVIC_PriorityGroupConfig
 .text.NVIC_Init
                0x08001fb8       0xc0 ..\obj\misc.o
                0x08001fb8                NVIC_Init
 .text.pvPortMalloc
                0x08002078      0x11c ..\obj\heap_2.o
                0x08002078                pvPortMalloc
 .text.vPortFree
                0x08002194       0x70 ..\obj\heap_2.o
                0x08002194                vPortFree
 .text.prvHeapInit
                0x08002204       0x50 ..\obj\heap_2.o
 .text.TIM_TimeBaseInit
                0x08002254       0xd4 ..\obj\stm32f4xx_tim.o
                0x08002254                TIM_TimeBaseInit
 .text.TIM_TimeBaseStructInit
                0x08002328       0x34 ..\obj\stm32f4xx_tim.o
                0x08002328                TIM_TimeBaseStructInit
 .text.TIM_ARRPreloadConfig
                0x0800235c       0x40 ..\obj\stm32f4xx_tim.o
                0x0800235c                TIM_ARRPreloadConfig
 .text.TIM_Cmd  0x0800239c       0x40 ..\obj\stm32f4xx_tim.o
                0x0800239c                TIM_Cmd
 .text.TIM_OC1Init
                0x080023dc       0xf4 ..\obj\stm32f4xx_tim.o
                0x080023dc                TIM_OC1Init
 .text.TIM_OC2Init
                0x080024d0      0x110 ..\obj\stm32f4xx_tim.o
                0x080024d0                TIM_OC2Init
 .text.TIM_OCStructInit
                0x080025e0       0x44 ..\obj\stm32f4xx_tim.o
                0x080025e0                TIM_OCStructInit
 .text.TIM_OC1PreloadConfig
                0x08002624       0x38 ..\obj\stm32f4xx_tim.o
                0x08002624                TIM_OC1PreloadConfig
 .text.TIM_OC2PreloadConfig
                0x0800265c       0x3c ..\obj\stm32f4xx_tim.o
                0x0800265c                TIM_OC2PreloadConfig
 .text.TIM_CtrlPWMOutputs
                0x08002698       0x4c ..\obj\stm32f4xx_tim.o
                0x08002698                TIM_CtrlPWMOutputs
 .text.TIM_ETRClockMode2Config
                0x080026e4       0x3c ..\obj\stm32f4xx_tim.o
                0x080026e4                TIM_ETRClockMode2Config
 .text.TIM_SelectInputTrigger
                0x08002720       0x38 ..\obj\stm32f4xx_tim.o
                0x08002720                TIM_SelectInputTrigger
 .text.TIM_SelectOutputTrigger
                0x08002758       0x38 ..\obj\stm32f4xx_tim.o
                0x08002758                TIM_SelectOutputTrigger
 .text.TIM_SelectSlaveMode
                0x08002790       0x38 ..\obj\stm32f4xx_tim.o
                0x08002790                TIM_SelectSlaveMode
 .text.TIM_SelectMasterSlaveMode
                0x080027c8       0x38 ..\obj\stm32f4xx_tim.o
                0x080027c8                TIM_SelectMasterSlaveMode
 .text.TIM_ETRConfig
                0x08002800       0x54 ..\obj\stm32f4xx_tim.o
                0x08002800                TIM_ETRConfig
 .text.memset   0x08002854       0x9c c:/program files/gnu tools arm embedded/4.9 2015q2/bin/../lib/gcc/arm-none-eabi/4.9.3/../../../../arm-none-eabi/lib/armv7e-m/softfp\libg.a(lib_a-memset.o)
                0x08002854                memset
 *(.init)
 *(.fini)
 *crtbegin.o(.ctors)
 *crtbegin?.o(.ctors)
 *(EXCLUDE_FILE(*crtend.o *crtend?.o) .ctors)
 *(SORT(.ctors.*))
 *(.ctors)
 *crtbegin.o(.dtors)
 *crtbegin?.o(.dtors)
 *(EXCLUDE_FILE(*crtend.o *crtend?.o) .dtors)
 *(SORT(.dtors.*))
 *(.dtors)
 *(.rodata*)
 .rodata        0x080028f0        0x5 ..\obj\tasks.o
 *(.eh_fram e*)

.glue_7         0x080028f8        0x0
 .glue_7        0x00000000        0x0 linker stubs

.glue_7t        0x080028f8        0x0
 .glue_7t       0x00000000        0x0 linker stubs

.vfp11_veneer   0x080028f8        0x0
 .vfp11_veneer  0x00000000        0x0 linker stubs

.v4_bx          0x080028f8        0x0
 .v4_bx         0x00000000        0x0 linker stubs

.iplt           0x080028f8        0x0
 .iplt          0x00000000        0x0 ..\obj\stm32f4xx_syscfg.o

.rel.dyn        0x080028f8        0x0
 .rel.iplt      0x00000000        0x0 ..\obj\stm32f4xx_syscfg.o

.ARM.extab
 *(.ARM.extab* .gnu.linkonce.armextab.*)
                0x080028f8                __exidx_start = .

.ARM.exidx
 *(.ARM.exidx* .gnu.linkonce.armexidx.*)
                0x080028f8                __exidx_end = .
                0x080028f8                __etext = .
                0x080028f5                _sidata = __etext

.data           0x20000000       0x20 load address 0x080028f5
                0x20000000                __data_start__ = .
                0x20000000                _sdata = __data_start__
 *(vtable)
 *(.data*)
 .data          0x20000000        0x4 ..\obj\tasks.o
 .data          0x20000004       0x14 ..\obj\system_stm32f4xx.o
                0x20000004                SystemCoreClock
                0x20000008                AHBPrescTable
 .data          0x20000018        0x4 ..\obj\port.o
 .data          0x2000001c        0x4 ..\obj\heap_2.o
                0x20000020                . = ALIGN (0x4)
                0x20000020                PROVIDE (__preinit_array_start, .)
 *(.preinit_array)
                0x20000020                PROVIDE (__preinit_array_end, .)
                0x20000020                . = ALIGN (0x4)
                0x20000020                PROVIDE (__init_array_start, .)
 *(SORT(.init_array.*))
 *(.init_array)
                0x20000020                PROVIDE (__init_array_end, .)
                0x20000020                . = ALIGN (0x4)
                0x20000020                PROVIDE (__fini_array_start, .)
 *(SORT(.fini_array.*))
 *(.fini_array)
                0x20000020                PROVIDE (__fini_array_end, .)
 *(.jcr*)
                0x20000020                . = ALIGN (0x4)
                0x20000020                __data_end__ = .
                0x20000020                _edata = __data_end__

.igot.plt       0x20000020        0x0 load address 0x08002918
 .igot.plt      0x00000000        0x0 ..\obj\stm32f4xx_syscfg.o

.bss            0x20000020     0x7a34 load address 0x08002918
                0x20000020                . = ALIGN (0x4)
                0x20000020                __bss_start__ = .
                0x20000020                _sbss = __bss_start__
 *(.bss*)
 .bss           0x20000020        0xc ..\obj\ethernetif.o
                0x20000024                s_xSemaphore
 .bss           0x2000002c       0xfc ..\obj\tasks.o
                0x2000002c                pxCurrentTCB
 .bss           0x20000128        0x1 ..\obj\adc_dcmi.o
                0x20000128                ADC_buf_full_flag
 *fill*         0x20000129        0x3 
 .bss           0x2000012c        0x8 ..\obj\port.o
 .bss           0x20000134     0x7814 ..\obj\heap_2.o
 *(COMMON)
 COMMON         0x20007948      0x10c ..\obj\adc_dcmi.o
                0x20007948                ADC_last_data
                0x20007950                ADC_buf_pnt
                0x20007954                DCMIAdcRxBuff
                0x20007a54                . = ALIGN (0x4)
                0x20007a54                __bss_end__ = .
                0x20007a54                _ebss = __bss_end__

.heap           0x20007a54        0x0
                0x20007a54                __end__ = .
                0x20007a54                _end = __end__
                0x20007a54                end = __end__
 *(.heap*)
                0x20007a54                __HeapLimit = .

.co_stack       0x20007a54      0x804 load address 0x0800a34c
                0x20007a58                . = ALIGN (0x8)
 *fill*         0x20007a54        0x4 
 *(.co_stack .co_stack.*)
 .co_stack      0x20007a58      0x800 ..\obj\startup_stm32f4xx.o
                0x20007a58                pulStack
                0x20020000                __StackTop = (ORIGIN (ram) + 0x20000)
                0x2001f7fc                __StackLimit = (__StackTop - SIZEOF (.co_stack))
                0x20020000                PROVIDE (__stack, __StackTop)
                0x00000001                ASSERT ((__StackLimit >= __HeapLimit), region ram  overflowed with stack)
LOAD ..\obj\stm32f4xx_syscfg.o
LOAD ..\obj\mem.o
LOAD ..\obj\stm32f4xx_sdio.o
LOAD ..\obj\mb.o
LOAD ..\obj\mbfuncdisc.o
LOAD ..\obj\tcp.o
LOAD ..\obj\err.o
LOAD ..\obj\portevent.o
LOAD ..\obj\porttcp.o
LOAD ..\obj\randm.o
LOAD ..\obj\mib_structs.o
LOAD ..\obj\mbfuncother.o
LOAD ..\obj\tcp_in.o
LOAD ..\obj\stm32f4xx_usart.o
LOAD ..\obj\stm32f4xx_pwr.o
LOAD ..\obj\slipif.o
LOAD ..\obj\memp.o
LOAD ..\obj\autoip.o
LOAD ..\obj\ip_frag.o
LOAD ..\obj\msg_out.o
LOAD ..\obj\netbuf.o
LOAD ..\obj\tcpip.o
LOAD ..\obj\mbutils.o
LOAD ..\obj\stm32f4xx_dac.o
LOAD ..\obj\asn1_dec.o
LOAD ..\obj\lcp.o
LOAD ..\obj\vj.o
LOAD ..\obj\startup_stm32f4xx.o
LOAD ..\obj\stm32f4x7_eth.o
LOAD ..\obj\sys.o
LOAD ..\obj\ip_addr.o
LOAD ..\obj\mbfuncholding.o
LOAD ..\obj\inet_chksum.o
LOAD ..\obj\main.o
LOAD ..\obj\mbcrc.o
LOAD ..\obj\stm32f4xx_rcc.o
LOAD ..\obj\mib2.o
LOAD ..\obj\stm32f4xx_it.o
LOAD ..\obj\netdb.o
LOAD ..\obj\timers.o
LOAD ..\obj\init.o
LOAD ..\obj\stm32f4xx_adc.o
LOAD ..\obj\stm32f4x7_eth_bsp.o
LOAD ..\obj\mbfuncinput.o
LOAD ..\obj\def.o
LOAD ..\obj\ethernetif.o
LOAD ..\obj\stm32f4xx_dcmi.o
LOAD ..\obj\chpms.o
LOAD ..\obj\etharp.o
LOAD ..\obj\mbfuncdiag.o
LOAD ..\obj\tasks.o
LOAD ..\obj\magic.o
LOAD ..\obj\tcp_send.o
LOAD ..\obj\pbuf.o
LOAD ..\obj\stats.o
LOAD ..\obj\inet.o
LOAD ..\obj\adc_dcmi.o
LOAD ..\obj\msg_in.o
LOAD ..\obj\netif.o
LOAD ..\obj\asn1_enc.o
LOAD ..\obj\fsm.o
LOAD ..\obj\api_msg.o
LOAD ..\obj\chap.o
LOAD ..\obj\stm32f4xx_gpio.o
LOAD ..\obj\md5.o
LOAD ..\obj\sys_arch.o
LOAD ..\obj\list.o
LOAD ..\obj\mbrtu.o
LOAD ..\obj\system_stm32f4xx.o
LOAD ..\obj\syscalls.o
LOAD ..\obj\stm32f4xx_dma.o
LOAD ..\obj\portother.o
LOAD ..\obj\queue.o
LOAD ..\obj\port.o
LOAD ..\obj\sockets.o
LOAD ..\obj\igmp.o
LOAD ..\obj\pap.o
LOAD ..\obj\mbinit.o
LOAD ..\obj\croutine.o
LOAD ..\obj\udp.o
LOAD ..\obj\ip.o
LOAD ..\obj\stm32f4xx_spi.o
LOAD ..\obj\mbfunccoils.o
LOAD ..\obj\event_groups.o
LOAD ..\obj\auth.o
LOAD ..\obj\stm32f4xx_exti.o
LOAD ..\obj\icmp.o
LOAD ..\obj\ppp_oe.o
LOAD ..\obj\dns.o
LOAD ..\obj\netifapi.o
LOAD ..\obj\misc.o
LOAD ..\obj\api_lib.o
LOAD ..\obj\udp_send.o
LOAD ..\obj\mbtcp.o
LOAD ..\obj\dhcp.o
LOAD ..\obj\ppp.o
LOAD ..\obj\mbascii.o
LOAD ..\obj\mbfunc.o
LOAD ..\obj\heap_2.o
LOAD ..\obj\http_server.o
LOAD ..\obj\ipcp.o
LOAD ..\obj\stm32f4xx_tim.o
LOAD ..\obj\tcp_out.o
LOAD ..\obj\raw.o
START GROUP
LOAD c:/program files/gnu tools arm embedded/4.9 2015q2/bin/../lib/gcc/arm-none-eabi/4.9.3/armv7e-m/softfp\libgcc.a
LOAD c:/program files/gnu tools arm embedded/4.9 2015q2/bin/../lib/gcc/arm-none-eabi/4.9.3/../../../../arm-none-eabi/lib/armv7e-m/softfp\libg.a
LOAD c:/program files/gnu tools arm embedded/4.9 2015q2/bin/../lib/gcc/arm-none-eabi/4.9.3/../../../../arm-none-eabi/lib/armv7e-m/softfp\libc.a
END GROUP
OUTPUT(LAN8720.elf elf32-littlearm)

.debug_info     0x00000000     0xb50d
 .debug_info    0x00000000       0xed ..\obj\startup_stm32f4xx.o
 .debug_info    0x000000ed     0x190d ..\obj\stm32f4x7_eth.o
 .debug_info    0x000019fa      0x61f ..\obj\main.o
 .debug_info    0x00002019      0xc4d ..\obj\stm32f4xx_rcc.o
 .debug_info    0x00002c66      0x181 ..\obj\stm32f4xx_it.o
 .debug_info    0x00002de7      0xb18 ..\obj\ethernetif.o
 .debug_info    0x000038ff      0x54c ..\obj\stm32f4xx_dcmi.o
 .debug_info    0x00003e4b     0x1b85 ..\obj\tasks.o
 .debug_info    0x000059d0      0xb4a ..\obj\adc_dcmi.o
 .debug_info    0x0000651a      0x602 ..\obj\stm32f4xx_gpio.o
 .debug_info    0x00006b1c      0x299 ..\obj\list.o
 .debug_info    0x00006db5      0x592 ..\obj\system_stm32f4xx.o
 .debug_info    0x00007347      0x739 ..\obj\stm32f4xx_dma.o
 .debug_info    0x00007a80     0x10ec ..\obj\queue.o
 .debug_info    0x00008b6c      0x52b ..\obj\port.o
 .debug_info    0x00009097      0x53d ..\obj\misc.o
 .debug_info    0x000095d4      0x2d8 ..\obj\heap_2.o
 .debug_info    0x000098ac     0x1c61 ..\obj\stm32f4xx_tim.o

.debug_abbrev   0x00000000     0x1b21
 .debug_abbrev  0x00000000       0xb0 ..\obj\startup_stm32f4xx.o
 .debug_abbrev  0x000000b0      0x240 ..\obj\stm32f4x7_eth.o
 .debug_abbrev  0x000002f0      0x129 ..\obj\main.o
 .debug_abbrev  0x00000419      0x1e3 ..\obj\stm32f4xx_rcc.o
 .debug_abbrev  0x000005fc       0xc5 ..\obj\stm32f4xx_it.o
 .debug_abbrev  0x000006c1      0x23c ..\obj\ethernetif.o
 .debug_abbrev  0x000008fd      0x187 ..\obj\stm32f4xx_dcmi.o
 .debug_abbrev  0x00000a84      0x27c ..\obj\tasks.o
 .debug_abbrev  0x00000d00      0x161 ..\obj\adc_dcmi.o
 .debug_abbrev  0x00000e61      0x1a3 ..\obj\stm32f4xx_gpio.o
 .debug_abbrev  0x00001004       0xbc ..\obj\list.o
 .debug_abbrev  0x000010c0      0x136 ..\obj\system_stm32f4xx.o
 .debug_abbrev  0x000011f6      0x155 ..\obj\stm32f4xx_dma.o
 .debug_abbrev  0x0000134b      0x1ee ..\obj\queue.o
 .debug_abbrev  0x00001539      0x1cc ..\obj\port.o
 .debug_abbrev  0x00001705      0x145 ..\obj\misc.o
 .debug_abbrev  0x0000184a      0x150 ..\obj\heap_2.o
 .debug_abbrev  0x0000199a      0x187 ..\obj\stm32f4xx_tim.o

.debug_aranges  0x00000000      0xe18
 .debug_aranges
                0x00000000       0x28 ..\obj\startup_stm32f4xx.o
 .debug_aranges
                0x00000028      0x2b8 ..\obj\stm32f4x7_eth.o
 .debug_aranges
                0x000002e0       0x28 ..\obj\main.o
 .debug_aranges
                0x00000308      0x178 ..\obj\stm32f4xx_rcc.o
 .debug_aranges
                0x00000480       0x50 ..\obj\stm32f4xx_it.o
 .debug_aranges
                0x000004d0       0x48 ..\obj\ethernetif.o
 .debug_aranges
                0x00000518       0x90 ..\obj\stm32f4xx_dcmi.o
 .debug_aranges
                0x000005a8      0x1a8 ..\obj\tasks.o
 .debug_aranges
                0x00000750       0x40 ..\obj\adc_dcmi.o
 .debug_aranges
                0x00000790       0x88 ..\obj\stm32f4xx_gpio.o
 .debug_aranges
                0x00000818       0x40 ..\obj\list.o
 .debug_aranges
                0x00000858       0x30 ..\obj\system_stm32f4xx.o
 .debug_aranges
                0x00000888       0xb0 ..\obj\stm32f4xx_dma.o
 .debug_aranges
                0x00000938       0xe8 ..\obj\queue.o
 .debug_aranges
                0x00000a20       0x80 ..\obj\port.o
 .debug_aranges
                0x00000aa0       0x40 ..\obj\misc.o
 .debug_aranges
                0x00000ae0       0x40 ..\obj\heap_2.o
 .debug_aranges
                0x00000b20      0x2f8 ..\obj\stm32f4xx_tim.o

.debug_ranges   0x00000000      0xcf8
 .debug_ranges  0x00000000       0x18 ..\obj\startup_stm32f4xx.o
 .debug_ranges  0x00000018      0x2a8 ..\obj\stm32f4x7_eth.o
 .debug_ranges  0x000002c0       0x18 ..\obj\main.o
 .debug_ranges  0x000002d8      0x168 ..\obj\stm32f4xx_rcc.o
 .debug_ranges  0x00000440       0x40 ..\obj\stm32f4xx_it.o
 .debug_ranges  0x00000480       0x38 ..\obj\ethernetif.o
 .debug_ranges  0x000004b8       0x80 ..\obj\stm32f4xx_dcmi.o
 .debug_ranges  0x00000538      0x198 ..\obj\tasks.o
 .debug_ranges  0x000006d0       0x30 ..\obj\adc_dcmi.o
 .debug_ranges  0x00000700       0x78 ..\obj\stm32f4xx_gpio.o
 .debug_ranges  0x00000778       0x30 ..\obj\list.o
 .debug_ranges  0x000007a8       0x20 ..\obj\system_stm32f4xx.o
 .debug_ranges  0x000007c8       0xa0 ..\obj\stm32f4xx_dma.o
 .debug_ranges  0x00000868       0xd8 ..\obj\queue.o
 .debug_ranges  0x00000940       0x70 ..\obj\port.o
 .debug_ranges  0x000009b0       0x30 ..\obj\misc.o
 .debug_ranges  0x000009e0       0x30 ..\obj\heap_2.o
 .debug_ranges  0x00000a10      0x2e8 ..\obj\stm32f4xx_tim.o

.debug_line     0x00000000     0x5968
 .debug_line    0x00000000       0xaf ..\obj\startup_stm32f4xx.o
 .debug_line    0x000000af      0xb72 ..\obj\stm32f4x7_eth.o
 .debug_line    0x00000c21      0x2b6 ..\obj\main.o
 .debug_line    0x00000ed7      0x5d9 ..\obj\stm32f4xx_rcc.o
 .debug_line    0x000014b0      0x30b ..\obj\stm32f4xx_it.o
 .debug_line    0x000017bb      0x506 ..\obj\ethernetif.o
 .debug_line    0x00001cc1      0x377 ..\obj\stm32f4xx_dcmi.o
 .debug_line    0x00002038      0xd3e ..\obj\tasks.o
 .debug_line    0x00002d76      0x356 ..\obj\adc_dcmi.o
 .debug_line    0x000030cc      0x37b ..\obj\stm32f4xx_gpio.o
 .debug_line    0x00003447      0x25a ..\obj\list.o
 .debug_line    0x000036a1      0x20f ..\obj\system_stm32f4xx.o
 .debug_line    0x000038b0      0x414 ..\obj\stm32f4xx_dma.o
 .debug_line    0x00003cc4      0x92b ..\obj\queue.o
 .debug_line    0x000045ef      0x3a4 ..\obj\port.o
 .debug_line    0x00004993      0x27d ..\obj\misc.o
 .debug_line    0x00004c10      0x2b6 ..\obj\heap_2.o
 .debug_line    0x00004ec6      0xaa2 ..\obj\stm32f4xx_tim.o

.debug_str      0x00000000     0x530b
 .debug_str     0x00000000      0x166 ..\obj\startup_stm32f4xx.o
                                0x178 (size before relaxing)
 .debug_str     0x00000166     0x1320 ..\obj\stm32f4x7_eth.o
                               0x148e (size before relaxing)
 .debug_str     0x00001486      0x2e2 ..\obj\main.o
                                0x466 (size before relaxing)
 .debug_str     0x00001768      0x5ef ..\obj\stm32f4xx_rcc.o
                                0x881 (size before relaxing)
 .debug_str     0x00001d57       0xe4 ..\obj\stm32f4xx_it.o
                                0x274 (size before relaxing)
 .debug_str     0x00001e3b      0x13e ..\obj\ethernetif.o
                                0x74b (size before relaxing)
 .debug_str     0x00001f79      0x32e ..\obj\stm32f4xx_dcmi.o
                                0x50a (size before relaxing)
 .debug_str     0x000022a7      0xc6d ..\obj\tasks.o
                                0xe64 (size before relaxing)
 .debug_str     0x00002f14      0xac7 ..\obj\adc_dcmi.o
                                0xda3 (size before relaxing)
 .debug_str     0x000039db      0x1aa ..\obj\stm32f4xx_gpio.o
                                0x4d4 (size before relaxing)
 .debug_str     0x00003b85       0xd1 ..\obj\list.o
                                0x2ca (size before relaxing)
 .debug_str     0x00003c56      0x124 ..\obj\system_stm32f4xx.o
                                0x3db (size before relaxing)
 .debug_str     0x00003d7a      0x26a ..\obj\stm32f4xx_dma.o
                                0x573 (size before relaxing)
 .debug_str     0x00003fe4      0x40b ..\obj\queue.o
                                0x753 (size before relaxing)
 .debug_str     0x000043ef      0x21a ..\obj\port.o
                                0x43d (size before relaxing)
 .debug_str     0x00004609      0x16d ..\obj\misc.o
                                0x3ff (size before relaxing)
 .debug_str     0x00004776      0x18b ..\obj\heap_2.o
                                0x315 (size before relaxing)
 .debug_str     0x00004901      0xa0a ..\obj\stm32f4xx_tim.o
                                0xe01 (size before relaxing)

.comment        0x00000000       0x70
 .comment       0x00000000       0x70 ..\obj\startup_stm32f4xx.o
                                 0x71 (size before relaxing)
 .comment       0x00000000       0x71 ..\obj\stm32f4x7_eth.o
 .comment       0x00000000       0x71 ..\obj\main.o
 .comment       0x00000000       0x71 ..\obj\stm32f4xx_rcc.o
 .comment       0x00000000       0x71 ..\obj\stm32f4xx_it.o
 .comment       0x00000000       0x71 ..\obj\ethernetif.o
 .comment       0x00000000       0x71 ..\obj\stm32f4xx_dcmi.o
 .comment       0x00000000       0x71 ..\obj\tasks.o
 .comment       0x00000000       0x71 ..\obj\adc_dcmi.o
 .comment       0x00000000       0x71 ..\obj\stm32f4xx_gpio.o
 .comment       0x00000000       0x71 ..\obj\list.o
 .comment       0x00000000       0x71 ..\obj\system_stm32f4xx.o
 .comment       0x00000000       0x71 ..\obj\stm32f4xx_dma.o
 .comment       0x00000000       0x71 ..\obj\queue.o
 .comment       0x00000000       0x71 ..\obj\port.o
 .comment       0x00000000       0x71 ..\obj\misc.o
 .comment       0x00000000       0x71 ..\obj\heap_2.o
 .comment       0x00000000       0x71 ..\obj\stm32f4xx_tim.o

.ARM.attributes
                0x00000000       0x35
 .ARM.attributes
                0x00000000       0x37 ..\obj\startup_stm32f4xx.o
 .ARM.attributes
                0x00000037       0x37 ..\obj\stm32f4x7_eth.o
 .ARM.attributes
                0x0000006e       0x37 ..\obj\main.o
 .ARM.attributes
                0x000000a5       0x37 ..\obj\stm32f4xx_rcc.o
 .ARM.attributes
                0x000000dc       0x37 ..\obj\stm32f4xx_it.o
 .ARM.attributes
                0x00000113       0x37 ..\obj\ethernetif.o
 .ARM.attributes
                0x0000014a       0x37 ..\obj\stm32f4xx_dcmi.o
 .ARM.attributes
                0x00000181       0x37 ..\obj\tasks.o
 .ARM.attributes
                0x000001b8       0x37 ..\obj\adc_dcmi.o
 .ARM.attributes
                0x000001ef       0x37 ..\obj\stm32f4xx_gpio.o
 .ARM.attributes
                0x00000226       0x37 ..\obj\list.o
 .ARM.attributes
                0x0000025d       0x37 ..\obj\system_stm32f4xx.o
 .ARM.attributes
                0x00000294       0x37 ..\obj\stm32f4xx_dma.o
 .ARM.attributes
                0x000002cb       0x37 ..\obj\queue.o
 .ARM.attributes
                0x00000302       0x37 ..\obj\port.o
 .ARM.attributes
                0x00000339       0x37 ..\obj\misc.o
 .ARM.attributes
                0x00000370       0x37 ..\obj\heap_2.o
 .ARM.attributes
                0x000003a7       0x37 ..\obj\stm32f4xx_tim.o
 .ARM.attributes
                0x000003de       0x32 c:/program files/gnu tools arm embedded/4.9 2015q2/bin/../lib/gcc/arm-none-eabi/4.9.3/../../../../arm-none-eabi/lib/armv7e-m/softfp\libg.a(lib_a-memset.o)

.debug_frame    0x00000000     0x3c1c
 .debug_frame   0x00000000       0x4c ..\obj\startup_stm32f4xx.o
 .debug_frame   0x0000004c      0xc84 ..\obj\stm32f4x7_eth.o
 .debug_frame   0x00000cd0       0x54 ..\obj\main.o
 .debug_frame   0x00000d24      0x6d4 ..\obj\stm32f4xx_rcc.o
 .debug_frame   0x000013f8       0xd4 ..\obj\stm32f4xx_it.o
 .debug_frame   0x000014cc       0xe8 ..\obj\ethernetif.o
 .debug_frame   0x000015b4      0x258 ..\obj\stm32f4xx_dcmi.o
 .debug_frame   0x0000180c      0x734 ..\obj\tasks.o
 .debug_frame   0x00001f40       0xb0 ..\obj\adc_dcmi.o
 .debug_frame   0x00001ff0      0x23c ..\obj\stm32f4xx_gpio.o
 .debug_frame   0x0000222c       0xd8 ..\obj\list.o
 .debug_frame   0x00002304       0x7c ..\obj\system_stm32f4xx.o
 .debug_frame   0x00002380      0x308 ..\obj\stm32f4xx_dma.o
 .debug_frame   0x00002688      0x3d8 ..\obj\queue.o
 .debug_frame   0x00002a60      0x19c ..\obj\port.o
 .debug_frame   0x00002bfc       0xd8 ..\obj\misc.o
 .debug_frame   0x00002cd4       0xc0 ..\obj\heap_2.o
 .debug_frame   0x00002d94      0xe54 ..\obj\stm32f4xx_tim.o
 .debug_frame   0x00003be8       0x34 c:/program files/gnu tools arm embedded/4.9 2015q2/bin/../lib/gcc/arm-none-eabi/4.9.3/../../../../arm-none-eabi/lib/armv7e-m/softfp\libg.a(lib_a-memset.o)
