Archive member included because of file (symbol)

c:/program files/gnu tools arm embedded/4.9 2015q2/bin/../lib/gcc/arm-none-eabi/4.9.3/../../../../arm-none-eabi/lib/armv7e-m\libg.a(lib_a-memcmp.o)
                              ..\obj\autoip.o (memcmp)
c:/program files/gnu tools arm embedded/4.9 2015q2/bin/../lib/gcc/arm-none-eabi/4.9.3/../../../../arm-none-eabi/lib/armv7e-m\libg.a(lib_a-memcpy.o)
                              ..\obj\porttcp.o (memcpy)
c:/program files/gnu tools arm embedded/4.9 2015q2/bin/../lib/gcc/arm-none-eabi/4.9.3/../../../../arm-none-eabi/lib/armv7e-m\libg.a(lib_a-memset.o)
                              ..\obj\mem.o (memset)
c:/program files/gnu tools arm embedded/4.9 2015q2/bin/../lib/gcc/arm-none-eabi/4.9.3/../../../../arm-none-eabi/lib/armv7e-m\libg.a(lib_a-printf.o)
                              ..\obj\portother.o (printf)
c:/program files/gnu tools arm embedded/4.9 2015q2/bin/../lib/gcc/arm-none-eabi/4.9.3/../../../../arm-none-eabi/lib/armv7e-m\libg.a(lib_a-snprintf.o)
                              ..\obj\portother.o (snprintf)
c:/program files/gnu tools arm embedded/4.9 2015q2/bin/../lib/gcc/arm-none-eabi/4.9.3/../../../../arm-none-eabi/lib/armv7e-m\libg.a(lib_a-strlen.o)
                              ..\obj\dhcp.o (strlen)
c:/program files/gnu tools arm embedded/4.9 2015q2/bin/../lib/gcc/arm-none-eabi/4.9.3/../../../../arm-none-eabi/lib/armv7e-m\libg.a(lib_a-svfprintf.o)
                              c:/program files/gnu tools arm embedded/4.9 2015q2/bin/../lib/gcc/arm-none-eabi/4.9.3/../../../../arm-none-eabi/lib/armv7e-m\libg.a(lib_a-snprintf.o) (_svfprintf_r)
c:/program files/gnu tools arm embedded/4.9 2015q2/bin/../lib/gcc/arm-none-eabi/4.9.3/../../../../arm-none-eabi/lib/armv7e-m\libg.a(lib_a-vfprintf.o)
                              c:/program files/gnu tools arm embedded/4.9 2015q2/bin/../lib/gcc/arm-none-eabi/4.9.3/../../../../arm-none-eabi/lib/armv7e-m\libg.a(lib_a-printf.o) (_vfprintf_r)
c:/program files/gnu tools arm embedded/4.9 2015q2/bin/../lib/gcc/arm-none-eabi/4.9.3/../../../../arm-none-eabi/lib/armv7e-m\libg.a(lib_a-vprintf.o)
                              ..\obj\portother.o (vprintf)
c:/program files/gnu tools arm embedded/4.9 2015q2/bin/../lib/gcc/arm-none-eabi/4.9.3/../../../../arm-none-eabi/lib/armv7e-m\libg.a(lib_a-wsetup.o)
                              c:/program files/gnu tools arm embedded/4.9 2015q2/bin/../lib/gcc/arm-none-eabi/4.9.3/../../../../arm-none-eabi/lib/armv7e-m\libg.a(lib_a-vfprintf.o) (__swsetup_r)
c:/program files/gnu tools arm embedded/4.9 2015q2/bin/../lib/gcc/arm-none-eabi/4.9.3/../../../../arm-none-eabi/lib/armv7e-m\libg.a(lib_a-dtoa.o)
                              c:/program files/gnu tools arm embedded/4.9 2015q2/bin/../lib/gcc/arm-none-eabi/4.9.3/../../../../arm-none-eabi/lib/armv7e-m\libg.a(lib_a-svfprintf.o) (_dtoa_r)
c:/program files/gnu tools arm embedded/4.9 2015q2/bin/../lib/gcc/arm-none-eabi/4.9.3/../../../../arm-none-eabi/lib/armv7e-m\libg.a(lib_a-fflush.o)
                              c:/program files/gnu tools arm embedded/4.9 2015q2/bin/../lib/gcc/arm-none-eabi/4.9.3/../../../../arm-none-eabi/lib/armv7e-m\libg.a(lib_a-vfprintf.o) (_fflush_r)
c:/program files/gnu tools arm embedded/4.9 2015q2/bin/../lib/gcc/arm-none-eabi/4.9.3/../../../../arm-none-eabi/lib/armv7e-m\libg.a(lib_a-findfp.o)
                              c:/program files/gnu tools arm embedded/4.9 2015q2/bin/../lib/gcc/arm-none-eabi/4.9.3/../../../../arm-none-eabi/lib/armv7e-m\libg.a(lib_a-vfprintf.o) (__sinit)
c:/program files/gnu tools arm embedded/4.9 2015q2/bin/../lib/gcc/arm-none-eabi/4.9.3/../../../../arm-none-eabi/lib/armv7e-m\libg.a(lib_a-freer.o)
                              c:/program files/gnu tools arm embedded/4.9 2015q2/bin/../lib/gcc/arm-none-eabi/4.9.3/../../../../arm-none-eabi/lib/armv7e-m\libg.a(lib_a-wsetup.o) (_free_r)
c:/program files/gnu tools arm embedded/4.9 2015q2/bin/../lib/gcc/arm-none-eabi/4.9.3/../../../../arm-none-eabi/lib/armv7e-m\libg.a(lib_a-fwalk.o)
                              c:/program files/gnu tools arm embedded/4.9 2015q2/bin/../lib/gcc/arm-none-eabi/4.9.3/../../../../arm-none-eabi/lib/armv7e-m\libg.a(lib_a-findfp.o) (_fwalk)
c:/program files/gnu tools arm embedded/4.9 2015q2/bin/../lib/gcc/arm-none-eabi/4.9.3/../../../../arm-none-eabi/lib/armv7e-m\libg.a(lib_a-impure.o)
                              c:/program files/gnu tools arm embedded/4.9 2015q2/bin/../lib/gcc/arm-none-eabi/4.9.3/../../../../arm-none-eabi/lib/armv7e-m\libg.a(lib_a-fflush.o) (_global_impure_ptr)
c:/program files/gnu tools arm embedded/4.9 2015q2/bin/../lib/gcc/arm-none-eabi/4.9.3/../../../../arm-none-eabi/lib/armv7e-m\libg.a(lib_a-locale.o)
                              c:/program files/gnu tools arm embedded/4.9 2015q2/bin/../lib/gcc/arm-none-eabi/4.9.3/../../../../arm-none-eabi/lib/armv7e-m\libg.a(lib_a-svfprintf.o) (_localeconv_r)
[...]
Memory Configuration

Name             Origin             Length             Attributes
rom              0x08000000         0x00100000         xr
ram              0x20000000         0x00020000         xrw
ram1             0x10000000         0x00010000         xrw
*default*        0x00000000         0xffffffff

Linker script and memory map

                0x20020000                _eram = 0x20020000

.text           0x08000000    0x121f8
 *(.isr_vector)
 .isr_vector    0x08000000      0x188 ..\obj\startup_stm32f4xx.o
                0x08000000                g_pfnVectors
 *(.text*)
 .text.SYSCFG_ETH_MediaInterfaceConfig
                0x08000188       0x1c ..\obj\stm32f4xx_syscfg.o
                0x08000188                SYSCFG_ETH_MediaInterfaceConfig
 .text.plug_holes
                0x080001a4       0xbc ..\obj\mem.o
 .text.mem_init
                0x08000260       0x84 ..\obj\mem.o
                0x08000260                mem_init
 .text.mem_free
                0x080002e4       0x5c ..\obj\mem.o
                0x080002e4                mem_free
 .text.mem_realloc
                0x08000340      0x174 ..\obj\mem.o
                0x08000340                mem_realloc
 .text.mem_malloc
                0x080004b4      0x144 ..\obj\mem.o
                0x080004b4                mem_malloc
 .text.eMBTCPInit
                0x080005f8       0xa4 ..\obj\mb.o
                0x080005f8                eMBTCPInit
 .text.eMBEnable
                0x0800069c       0x38 ..\obj\mb.o
                0x0800069c                eMBEnable
 .text.eMBPoll  0x080006d4      0x170 ..\obj\mb.o
                0x080006d4                eMBPoll
 .text.eMBFuncReadDiscreteInputs
                0x08000844      0x104 ..\obj\mbfuncdisc.o
                0x08000844                eMBFuncReadDiscreteInputs
 .text.tcp_tmr  0x08000948       0x2c ..\obj\tcp.o
                0x08000948                tcp_tmr
 .text.tcp_close
                0x08000974      0x164 ..\obj\tcp.o
                0x08000974                tcp_close
 .text.tcp_abandon
                0x08000ad8       0xe0 ..\obj\tcp.o
                0x08000ad8                tcp_abandon
 .text.tcp_bind
                0x08000bb8      0x17c ..\obj\tcp.o
                0x08000bb8                tcp_bind
 .text.tcp_accept_null
                0x08000d34       0x20 ..\obj\tcp.o
 .text.tcp_listen_with_backlog
                0x08000d54      0x10c ..\obj\tcp.o
                0x08000d54                tcp_listen_with_backlog
 .text.tcp_update_rcv_ann_wnd
                0x08000e60       0x84 ..\obj\tcp.o
                0x08000e60                tcp_update_rcv_ann_wnd
 .text.tcp_recved
                0x08000ee4       0x60 ..\obj\tcp.o
                0x08000ee4                tcp_recved
 .text.tcp_new_port
                0x08000f44       0xac ..\obj\tcp.o
 .text.tcp_slowtmr
                0x08000ff0      0x3d4 ..\obj\tcp.o
                0x08000ff0                tcp_slowtmr
 .text.tcp_fasttmr
                0x080013c4       0xc0 ..\obj\tcp.o
                0x080013c4                tcp_fasttmr
 .text.tcp_segs_free
                0x08001484       0x38 ..\obj\tcp.o
                0x08001484                tcp_segs_free
 .text.tcp_seg_free
                0x080014bc       0x3c ..\obj\tcp.o
                0x080014bc                tcp_seg_free
 .text.tcp_recv_null
                0x080014f8       0x48 ..\obj\tcp.o
                0x080014f8                tcp_recv_null
 .text.tcp_kill_prio
                0x08001540       0x80 ..\obj\tcp.o
 .text.tcp_kill_timewait
                0x080015c0       0x60 ..\obj\tcp.o
 .text.tcp_alloc
                0x08001620      0x10c ..\obj\tcp.o
                0x08001620                tcp_alloc
 .text.tcp_new  0x0800172c       0x10 ..\obj\tcp.o
                0x0800172c                tcp_new
 .text.tcp_arg  0x0800173c       0x1c ..\obj\tcp.o
                0x0800173c                tcp_arg
 .text.tcp_recv
                0x08001758       0x1c ..\obj\tcp.o
                0x08001758                tcp_recv
 .text.tcp_err  0x08001774       0x1c ..\obj\tcp.o
                0x08001774                tcp_err
 .text.tcp_accept
                0x08001790       0x1c ..\obj\tcp.o
                0x08001790                tcp_accept
 .text.tcp_pcb_purge
                0x080017ac       0x60 ..\obj\tcp.o
                0x080017ac                tcp_pcb_purge
 .text.tcp_pcb_remove
                0x0800180c       0xa8 ..\obj\tcp.o
                0x0800180c                tcp_pcb_remove
 .text.tcp_next_iss
                0x080018b4       0x28 ..\obj\tcp.o
                0x080018b4                tcp_next_iss
 .text.tcp_eff_send_mss
                0x080018dc       0x40 ..\obj\tcp.o
                0x080018dc                tcp_eff_send_mss
 .text.xMBPortEventInit
                0x0800191c       0x1c ..\obj\portevent.o
                0x0800191c                xMBPortEventInit
 .text.xMBPortEventPost
                0x08001938       0x2c ..\obj\portevent.o
                0x08001938                xMBPortEventPost
 .text.xMBPortEventGet
                0x08001964       0x3c ..\obj\portevent.o
                0x08001964                xMBPortEventGet
 .text.xMBTCPPortInit
                0x080019a0       0xac ..\obj\porttcp.o
                0x080019a0                xMBTCPPortInit
 .text.prvvMBPortReleaseClient
                0x08001a4c       0xb0 ..\obj\porttcp.o
                0x08001a4c                prvvMBPortReleaseClient
 .text.vMBTCPPortDisable
                0x08001afc       0x14 ..\obj\porttcp.o
                0x08001afc                vMBTCPPortDisable
 .text.prvxMBTCPPortAccept
                0x08001b10       0xd4 ..\obj\porttcp.o
 .text.prvvMBTCPPortError
                0x08001be4       0x34 ..\obj\porttcp.o
 .text.prvxMBTCPPortReceive
                0x08001c18      0x10c ..\obj\porttcp.o
 .text.xMBTCPPortGetRequest
                0x08001d24       0x34 ..\obj\porttcp.o
                0x08001d24                xMBTCPPortGetRequest
 .text.xMBTCPPortSendResponse
                0x08001d58       0x6c ..\obj\porttcp.o
                0x08001d58                xMBTCPPortSendResponse
 .text.eMBSetSlaveID
                0x08001dc4       0x9c ..\obj\mbfuncother.o
                0x08001dc4                eMBSetSlaveID
 .text.eMBFuncReportSlaveID
                0x08001e60       0x3c ..\obj\mbfuncother.o
                0x08001e60                eMBFuncReportSlaveID
 .text.tcp_input
                0x08001e9c      0x5d0 ..\obj\tcp_in.o
                0x08001e9c                tcp_input
 .text.tcp_listen_input
                0x0800246c      0x1a4 ..\obj\tcp_in.o
 .text.tcp_timewait_input
                0x08002610       0xe8 ..\obj\tcp_in.o
 .text.tcp_process
                0x080026f8      0x6cc ..\obj\tcp_in.o
 .text.tcp_receive
                0x08002dc4      0x890 ..\obj\tcp_in.o
 .text.tcp_parseopt
                0x08003654      0x104 ..\obj\tcp_in.o
 .text.memp_init
                0x08003758       0x98 ..\obj\memp.o
                0x08003758                memp_init
 .text.memp_malloc
                0x080037f0       0x44 ..\obj\memp.o
                0x080037f0                memp_malloc
 .text.memp_free
                0x08003834       0x3c ..\obj\memp.o
                0x08003834                memp_free
 .text.autoip_handle_arp_conflict
                0x08003870       0x40 ..\obj\autoip.o
 .text.autoip_create_addr
                0x080038b0       0x8c ..\obj\autoip.o
 .text.autoip_arp_announce
                0x0800393c       0x4c ..\obj\autoip.o
 .text.autoip_start
                0x08003988       0xac ..\obj\autoip.o
                0x08003988                autoip_start
 .text.autoip_start_probing
                0x08003a34       0x88 ..\obj\autoip.o
 .text.autoip_arp_reply
                0x08003abc       0xec ..\obj\autoip.o
                0x08003abc                autoip_arp_reply
 .text.ip_reass_free_complete_datagram
                0x08003ba8       0xb8 ..\obj\ip_frag.o
 .text.ip_reass_remove_oldest_datagram
                0x08003c60       0xb8 ..\obj\ip_frag.o
 .text.ip_reass_enqueue_new_datagram
                0x08003d18       0x74 ..\obj\ip_frag.o
 .text.ip_reass_dequeue_datagram
                0x08003d8c       0x38 ..\obj\ip_frag.o
 .text.ip_reass_chain_frag_into_datagram_and_validate
                0x08003dc4      0x1fc ..\obj\ip_frag.o
 .text.ip_reass
                0x08003fc0      0x268 ..\obj\ip_frag.o
                0x08003fc0                ip_reass
 .text.ip_frag  0x08004228      0x1a4 ..\obj\ip_frag.o
                0x08004228                ip_frag
 .text.prveMBError2Exception
                0x080043cc       0x40 ..\obj\mbutils.o
                0x080043cc                prveMBError2Exception
 .text.Default_Reset_Handler
                0x0800440c       0x5c ..\obj\startup_stm32f4xx.o
                0x0800440c                Default_Reset_Handler
                0x0800440c                Reset_Handler
 .text.Default_Handler
                0x08004468        0x8 ..\obj\startup_stm32f4xx.o
                0x08004468                RTC_Alarm_IRQHandler
                0x08004468                HASH_RNG_IRQHandler
                0x08004468                EXTI2_IRQHandler
                0x08004468                TIM8_CC_IRQHandler
                0x08004468                TIM1_CC_IRQHandler
                0x08004468                DMA2_Stream5_IRQHandler
                0x08004468                DMA1_Stream5_IRQHandler
                0x08004468                PVD_IRQHandler
                0x08004468                SDIO_IRQHandler
                0x08004468                TAMP_STAMP_IRQHandler
                0x08004468                CAN2_RX1_IRQHandler
                0x08004468                EXTI3_IRQHandler
                0x08004468                TIM8_TRG_COM_TIM14_IRQHandler
                0x08004468                TIM1_UP_TIM10_IRQHandler
                0x08004468                TIM8_UP_TIM13_IRQHandler
                0x08004468                I2C3_ER_IRQHandler
                0x08004468                EXTI0_IRQHandler
                0x08004468                I2C2_EV_IRQHandler
                0x08004468                DMA1_Stream2_IRQHandler
                0x08004468                CAN1_RX0_IRQHandler
                0x08004468                FPU_IRQHandler
                0x08004468                OTG_HS_WKUP_IRQHandler
                0x08004468                CAN2_SCE_IRQHandler
                0x08004468                DMA2_Stream2_IRQHandler
                0x08004468                SPI1_IRQHandler
                0x08004468                TIM6_DAC_IRQHandler
                0x08004468                TIM1_BRK_TIM9_IRQHandler
                0x08004468                DCMI_IRQHandler
                0x08004468                CAN2_RX0_IRQHandler
                0x08004468                DMA2_Stream3_IRQHandler
                0x08004468                USART6_IRQHandler
                0x08004468                USART3_IRQHandler
                0x08004468                CRYP_IRQHandler
                0x08004468                CAN1_RX1_IRQHandler
                0x08004468                UART5_IRQHandler
                0x08004468                TIM4_IRQHandler
                0x08004468                I2C1_EV_IRQHandler
                0x08004468                DMA1_Stream6_IRQHandler
                0x08004468                DMA1_Stream1_IRQHandler
                0x08004468                UART4_IRQHandler
                0x08004468                TIM3_IRQHandler
                0x08004468                RCC_IRQHandler
                0x08004468                TIM8_BRK_TIM12_IRQHandler
                0x08004468                EXTI15_10_IRQHandler
                0x08004468                ADC_IRQHandler
                0x08004468                DMA1_Stream7_IRQHandler
                0x08004468                TIM7_IRQHandler
                0x08004468                CAN2_TX_IRQHandler
                0x08004468                TIM5_IRQHandler
                0x08004468                DMA2_Stream7_IRQHandler
                0x08004468                I2C3_EV_IRQHandler
                0x08004468                EXTI9_5_IRQHandler
                0x08004468                RTC_WKUP_IRQHandler
                0x08004468                ETH_WKUP_IRQHandler
                0x08004468                SPI2_IRQHandler
                0x08004468                OTG_HS_EP1_IN_IRQHandler
                0x08004468                DMA1_Stream0_IRQHandler
                0x08004468                CAN1_TX_IRQHandler
                0x08004468                EXTI4_IRQHandler
                0x08004468                FSMC_IRQHandler
                0x08004468                ETH_IRQHandler
                0x08004468                OTG_HS_EP1_OUT_IRQHandler
                0x08004468                WWDG_IRQHandler
                0x08004468                TIM2_IRQHandler
                0x08004468                OTG_FS_WKUP_IRQHandler
                0x08004468                TIM1_TRG_COM_TIM11_IRQHandler
                0x08004468                OTG_HS_IRQHandler
                0x08004468                EXTI1_IRQHandler
                0x08004468                USART2_IRQHandler
                0x08004468                I2C2_ER_IRQHandler
                0x08004468                DMA2_Stream1_IRQHandler
                0x08004468                CAN1_SCE_IRQHandler
                0x08004468                FLASH_IRQHandler
                0x08004468                DMA2_Stream4_IRQHandler
                0x08004468                USART1_IRQHandler
                0x08004468                OTG_FS_IRQHandler
                0x08004468                SPI3_IRQHandler
                0x08004468                DMA1_Stream4_IRQHandler
                0x08004468                I2C1_ER_IRQHandler
                0x08004468                DMA2_Stream6_IRQHandler
                0x08004468                DMA1_Stream3_IRQHandler
 .text.ETH_Delay
                0x08004470       0x28 ..\obj\stm32f4x7_eth.o
 .text.ETH_DeInit
                0x08004498       0x1c ..\obj\stm32f4x7_eth.o
                0x08004498                ETH_DeInit
 .text.ETH_StructInit
                0x080044b4      0x15c ..\obj\stm32f4x7_eth.o
                0x080044b4                ETH_StructInit
 .text.ETH_Init
                0x08004610      0x434 ..\obj\stm32f4x7_eth.o
                0x08004610                ETH_Init
 .text.ETH_Start
                0x08004a44       0x24 ..\obj\stm32f4x7_eth.o
                0x08004a44                ETH_Start
 .text.ETH_MACTransmissionCmd
                0x08004a68       0x38 ..\obj\stm32f4x7_eth.o
                0x08004a68                ETH_MACTransmissionCmd
 .text.ETH_MACReceptionCmd
                0x08004aa0       0x38 ..\obj\stm32f4x7_eth.o
                0x08004aa0                ETH_MACReceptionCmd
 .text.ETH_MACAddressConfig
                0x08004ad8       0x6c ..\obj\stm32f4x7_eth.o
                0x08004ad8                ETH_MACAddressConfig
 .text.ETH_Get_Received_Frame
                0x08004b44       0x84 ..\obj\stm32f4x7_eth.o
                0x08004b44                ETH_Get_Received_Frame
 .text.ETH_Prepare_Transmit_Descriptors
                0x08004bc8      0x16c ..\obj\stm32f4x7_eth.o
                0x08004bc8                ETH_Prepare_Transmit_Descriptors
 .text.ETH_DMARxDescChainInit
                0x08004d34       0xa8 ..\obj\stm32f4x7_eth.o
                0x08004d34                ETH_DMARxDescChainInit
 .text.ETH_CheckFrameReceived
                0x08004ddc       0xd4 ..\obj\stm32f4x7_eth.o
                0x08004ddc                ETH_CheckFrameReceived
 .text.ETH_DMATxDescChainInit
                0x08004eb0       0x90 ..\obj\stm32f4x7_eth.o
                0x08004eb0                ETH_DMATxDescChainInit
 .text.ETH_DMATxDescChecksumInsertionConfig
                0x08004f40       0x20 ..\obj\stm32f4x7_eth.o
                0x08004f40                ETH_DMATxDescChecksumInsertionConfig
 .text.ETH_SoftwareReset
                0x08004f60       0x24 ..\obj\stm32f4x7_eth.o
                0x08004f60                ETH_SoftwareReset
 .text.ETH_GetSoftwareResetStatus
                0x08004f84       0x38 ..\obj\stm32f4x7_eth.o
                0x08004f84                ETH_GetSoftwareResetStatus
 .text.ETH_FlushTransmitFIFO
                0x08004fbc       0x28 ..\obj\stm32f4x7_eth.o
                0x08004fbc                ETH_FlushTransmitFIFO
 .text.ETH_DMATransmissionCmd
                0x08004fe4       0x50 ..\obj\stm32f4x7_eth.o
                0x08004fe4                ETH_DMATransmissionCmd
 .text.ETH_DMAReceptionCmd
                0x08005034       0x50 ..\obj\stm32f4x7_eth.o
                0x08005034                ETH_DMAReceptionCmd
 .text.ETH_ReadPHYRegister
                0x08005084       0xa0 ..\obj\stm32f4x7_eth.o
                0x08005084                ETH_ReadPHYRegister
 .text.ETH_WritePHYRegister
                0x08005124       0xa4 ..\obj\stm32f4x7_eth.o
                0x08005124                ETH_WritePHYRegister
 .text.ip_addr_isbroadcast
                0x080051c8       0x7c ..\obj\ip_addr.o
                0x080051c8                ip_addr_isbroadcast
 .text.eMBFuncWriteHoldingRegister
                0x08005244       0x70 ..\obj\mbfuncholding.o
                0x08005244                eMBFuncWriteHoldingRegister
 .text.eMBFuncWriteMultipleHoldingRegister
                0x080052b4       0xbc ..\obj\mbfuncholding.o
                0x080052b4                eMBFuncWriteMultipleHoldingRegister
 .text.eMBFuncReadHoldingRegister
                0x08005370       0xe4 ..\obj\mbfuncholding.o
                0x08005370                eMBFuncReadHoldingRegister
 .text.eMBFuncReadWriteMultipleHoldingRegister
                0x08005454      0x160 ..\obj\mbfuncholding.o
                0x08005454                eMBFuncReadWriteMultipleHoldingRegister
 .text.lwip_standard_chksum
                0x080055b4       0x9c ..\obj\inet_chksum.o
 .text.inet_chksum
                0x08005650       0x24 ..\obj\inet_chksum.o
                0x08005650                inet_chksum
 .text.inet_chksum_pbuf
                0x08005674       0x98 ..\obj\inet_chksum.o
                0x08005674                inet_chksum_pbuf
 .text.main     0x0800570c       0x70 ..\obj\main.o
                0x0800570c                main
 .text.Time_Update
                0x0800577c       0x1c ..\obj\main.o
                0x0800577c                Time_Update
 .text.RCC_GetClocksFreq
                0x08005798      0x154 ..\obj\stm32f4xx_rcc.o
                0x08005798                RCC_GetClocksFreq
 .text.RCC_AHB1PeriphClockCmd
                0x080058ec       0x3c ..\obj\stm32f4xx_rcc.o
                0x080058ec                RCC_AHB1PeriphClockCmd
 .text.RCC_APB1PeriphClockCmd
                0x08005928       0x3c ..\obj\stm32f4xx_rcc.o
                0x08005928                RCC_APB1PeriphClockCmd
 .text.RCC_APB2PeriphClockCmd
                0x08005964       0x3c ..\obj\stm32f4xx_rcc.o
                0x08005964                RCC_APB2PeriphClockCmd
 .text.RCC_AHB1PeriphResetCmd
                0x080059a0       0x3c ..\obj\stm32f4xx_rcc.o
                0x080059a0                RCC_AHB1PeriphResetCmd
 .text.LwIP_Init
                0x080059dc       0x74 ..\obj\netconf.o
                0x080059dc                LwIP_Init
 .text.LwIP_Pkt_Handle
                0x08005a50       0x10 ..\obj\netconf.o
                0x08005a50                LwIP_Pkt_Handle
 .text.LwIP_Periodic_Handle
                0x08005a60       0x48 ..\obj\netconf.o
                0x08005a60                LwIP_Periodic_Handle
 .text.NMI_Handler
                0x08005aa8        0xc ..\obj\stm32f4xx_it.o
                0x08005aa8                NMI_Handler
 .text.HardFault_Handler
                0x08005ab4        0x8 ..\obj\stm32f4xx_it.o
                0x08005ab4                HardFault_Handler
 .text.MemManage_Handler
                0x08005abc        0x8 ..\obj\stm32f4xx_it.o
                0x08005abc                MemManage_Handler
 .text.BusFault_Handler
                0x08005ac4        0x8 ..\obj\stm32f4xx_it.o
                0x08005ac4                BusFault_Handler
 .text.UsageFault_Handler
                0x08005acc        0x8 ..\obj\stm32f4xx_it.o
                0x08005acc                UsageFault_Handler
 .text.SVC_Handler
                0x08005ad4        0xc ..\obj\stm32f4xx_it.o
                0x08005ad4                SVC_Handler
 .text.DebugMon_Handler
                0x08005ae0        0xc ..\obj\stm32f4xx_it.o
                0x08005ae0                DebugMon_Handler
 .text.PendSV_Handler
                0x08005aec        0xc ..\obj\stm32f4xx_it.o
                0x08005aec                PendSV_Handler
 .text.SysTick_Handler
                0x08005af8        0xc ..\obj\stm32f4xx_it.o
                0x08005af8                SysTick_Handler
 .text.ADC_Init
                0x08005b04       0xa8 ..\obj\stm32f4xx_adc.o
                0x08005b04                ADC_Init
 .text.ADC_CommonInit
                0x08005bac       0x50 ..\obj\stm32f4xx_adc.o
                0x08005bac                ADC_CommonInit
 .text.ADC_Cmd  0x08005bfc       0x38 ..\obj\stm32f4xx_adc.o
                0x08005bfc                ADC_Cmd
 .text.ADC_RegularChannelConfig
                0x08005c34      0x194 ..\obj\stm32f4xx_adc.o
                0x08005c34                ADC_RegularChannelConfig
 .text.ADC_DMACmd
                0x08005dc8       0x38 ..\obj\stm32f4xx_adc.o
                0x08005dc8                ADC_DMACmd
 .text.ADC_DMARequestAfterLastTransferCmd
                0x08005e00       0x38 ..\obj\stm32f4xx_adc.o
                0x08005e00                ADC_DMARequestAfterLastTransferCmd
 .text.NVIC_SetPriority
                0x08005e38       0x54 ..\obj\stm32f4x7_eth_bsp.o
 .text.SysTick_Config
                0x08005e8c       0x44 ..\obj\stm32f4x7_eth_bsp.o
 .text.ETH_BSP_Config
                0x08005ed0       0x44 ..\obj\stm32f4x7_eth_bsp.o
                0x08005ed0                ETH_BSP_Config
 .text.ETH_MACDMA_Config
                0x08005f14       0xbc ..\obj\stm32f4x7_eth_bsp.o
 .text.ETH_GPIO_Config
                0x08005fd0      0x130 ..\obj\stm32f4x7_eth_bsp.o
 .text.eMBFuncReadInputRegister
                0x08006100       0xe8 ..\obj\mbfuncinput.o
                0x08006100                eMBFuncReadInputRegister
 .text.low_level_init
                0x080061e8       0xb0 ..\obj\ethernetif.o
 .text.low_level_output
                0x08006298       0x68 ..\obj\ethernetif.o
 .text.low_level_input
                0x08006300       0xf4 ..\obj\ethernetif.o
 .text.ethernetif_input
                0x080063f4       0x48 ..\obj\ethernetif.o
                0x080063f4                ethernetif_input
 .text.ethernetif_init
                0x0800643c       0x48 ..\obj\ethernetif.o
                0x0800643c                ethernetif_init
 .text.free_etharp_q
                0x08006484       0x34 ..\obj\etharp.o
 .text.etharp_tmr
                0x080064b8       0xfc ..\obj\etharp.o
                0x080064b8                etharp_tmr
 .text.find_entry
                0x080065b4      0x2c0 ..\obj\etharp.o
 .text.etharp_send_ip
                0x08006874       0x68 ..\obj\etharp.o
 .text.update_arp_entry
                0x080068dc      0x150 ..\obj\etharp.o
 .text.etharp_ip_input
                0x08006a2c       0x50 ..\obj\etharp.o
                0x08006a2c                etharp_ip_input
 .text.etharp_arp_input
                0x08006a7c      0x1fc ..\obj\etharp.o
                0x08006a7c                etharp_arp_input
 .text.etharp_output
                0x08006c78       0xf8 ..\obj\etharp.o
                0x08006c78                etharp_output
 .text.etharp_query
                0x08006d70      0x220 ..\obj\etharp.o
                0x08006d70                etharp_query
 .text.etharp_raw
                0x08006f90      0x148 ..\obj\etharp.o
                0x08006f90                etharp_raw
 .text.etharp_request
                0x080070d8       0x48 ..\obj\etharp.o
                0x080070d8                etharp_request
 .text.ethernet_input
                0x08007120       0x88 ..\obj\etharp.o
                0x08007120                ethernet_input
 .text.pbuf_alloc
                0x080071a8      0x1f4 ..\obj\pbuf.o
                0x080071a8                pbuf_alloc
 .text.pbuf_realloc
                0x0800739c       0xb0 ..\obj\pbuf.o
                0x0800739c                pbuf_realloc
 .text.pbuf_header
                0x0800744c       0xe0 ..\obj\pbuf.o
                0x0800744c                pbuf_header
 .text.pbuf_free
                0x0800752c       0x88 ..\obj\pbuf.o
                0x0800752c                pbuf_free
 .text.pbuf_clen
                0x080075b4       0x30 ..\obj\pbuf.o
                0x080075b4                pbuf_clen
 .text.pbuf_ref
                0x080075e4       0x24 ..\obj\pbuf.o
                0x080075e4                pbuf_ref
 .text.pbuf_cat
                0x08007608       0x5c ..\obj\pbuf.o
                0x08007608                pbuf_cat
 .text.pbuf_chain
                0x08007664       0x20 ..\obj\pbuf.o
                0x08007664                pbuf_chain
 .text.pbuf_copy
                0x08007684      0x100 ..\obj\pbuf.o
                0x08007684                pbuf_copy
 .text.pbuf_copy_partial
                0x08007784       0xcc ..\obj\pbuf.o
                0x08007784                pbuf_copy_partial
 .text.htons    0x08007850       0x2c ..\obj\inet.o
                0x08007850                htons
 .text.ntohs    0x0800787c       0x1c ..\obj\inet.o
                0x0800787c                ntohs
 .text.htonl    0x08007898       0x34 ..\obj\inet.o
                0x08007898                htonl
 .text.ntohl    0x080078cc       0x18 ..\obj\inet.o
                0x080078cc                ntohl
 .text.netif_add
                0x080078e4       0x94 ..\obj\netif.o
                0x080078e4                netif_add
 .text.netif_set_addr
                0x08007978       0x2c ..\obj\netif.o
                0x08007978                netif_set_addr
 .text.netif_set_ipaddr
                0x080079a4       0xac ..\obj\netif.o
                0x080079a4                netif_set_ipaddr
 .text.netif_set_gw
                0x08007a50       0x28 ..\obj\netif.o
                0x08007a50                netif_set_gw
 .text.netif_set_netmask
                0x08007a78       0x28 ..\obj\netif.o
                0x08007a78                netif_set_netmask
 .text.netif_set_default
                0x08007aa0       0x1c ..\obj\netif.o
                0x08007aa0                netif_set_default
 .text.netif_set_up
                0x08007abc       0x58 ..\obj\netif.o
                0x08007abc                netif_set_up
 .text.netif_set_down
                0x08007b14       0x40 ..\obj\netif.o
                0x08007b14                netif_set_down
 .text.netif_is_up
                0x08007b54       0x28 ..\obj\netif.o
                0x08007b54                netif_is_up
 .text.GPIO_Init
                0x08007b7c      0x11c ..\obj\stm32f4xx_gpio.o
                0x08007b7c                GPIO_Init
 .text.GPIO_SetBits
                0x08007c98       0x1c ..\obj\stm32f4xx_gpio.o
                0x08007c98                GPIO_SetBits
 .text.GPIO_ResetBits
                0x08007cb4       0x1c ..\obj\stm32f4xx_gpio.o
                0x08007cb4                GPIO_ResetBits
 .text.GPIO_PinAFConfig
                0x08007cd0       0x90 ..\obj\stm32f4xx_gpio.o
                0x08007cd0                GPIO_PinAFConfig
 .text.SystemInit
                0x08007d60       0x58 ..\obj\system_stm32f4xx.o
                0x08007d60                SystemInit
 .text.SetSysClock
                0x08007db8       0xf4 ..\obj\system_stm32f4xx.o
 .text._sbrk    0x08007eac       0x40 ..\obj\syscalls.o
                0x08007eac                _sbrk
 .text._close   0x08007eec       0x18 ..\obj\syscalls.o
                0x08007eec                _close
 .text._fstat   0x08007f04       0x20 ..\obj\syscalls.o
                0x08007f04                _fstat
 .text._isatty  0x08007f24       0x18 ..\obj\syscalls.o
                0x08007f24                _isatty
 .text._lseek   0x08007f3c       0x1c ..\obj\syscalls.o
                0x08007f3c                _lseek
 .text._read    0x08007f58       0x1c ..\obj\syscalls.o
                0x08007f58                _read
 .text._write   0x08007f74       0x1c ..\obj\syscalls.o
                0x08007f74                _write
 .text.DMA_DeInit
                0x08007f90      0x1a4 ..\obj\stm32f4xx_dma.o
                0x08007f90                DMA_DeInit
 .text.DMA_Init
                0x08008134       0xac ..\obj\stm32f4xx_dma.o
                0x08008134                DMA_Init
 .text.DMA_Cmd  0x080081e0       0x38 ..\obj\stm32f4xx_dma.o
                0x080081e0                DMA_Cmd
 .text.DMA_ClearFlag
                0x08008218       0x5c ..\obj\stm32f4xx_dma.o
                0x08008218                DMA_ClearFlag
 .text.DMA_ITConfig
                0x08008274       0x74 ..\obj\stm32f4xx_dma.o
                0x08008274                DMA_ITConfig
 .text.DMA_GetITStatus
                0x080082e8       0xb0 ..\obj\stm32f4xx_dma.o
                0x080082e8                DMA_GetITStatus
 .text.DMA_ClearITPendingBit
                0x08008398       0x5c ..\obj\stm32f4xx_dma.o
                0x08008398                DMA_ClearITPendingBit
 .text.prvvMBTCPLogFrame
                0x080083f4      0x18c ..\obj\portother.o
                0x080083f4                prvvMBTCPLogFrame
 .text.vMBPortLog
                0x08008580       0x44 ..\obj\portother.o
                0x08008580                vMBPortLog
 .text.ADC1_Init
                0x080085c4      0x208 ..\obj\adc.o
                0x080085c4                ADC1_Init
 .text.DMA2_Stream0_IRQHandler
                0x080087cc       0x68 ..\obj\adc.o
                0x080087cc                DMA2_Stream0_IRQHandler
 .text.udp_input
                0x08008834      0x290 ..\obj\udp.o
                0x08008834                udp_input
 .text.udp_sendto
                0x08008ac4       0x40 ..\obj\udp.o
                0x08008ac4                udp_sendto
 .text.udp_sendto_if
                0x08008b04      0x128 ..\obj\udp.o
                0x08008b04                udp_sendto_if
 .text.udp_bind
                0x08008c2c       0xc0 ..\obj\udp.o
                0x08008c2c                udp_bind
 .text.udp_new  0x08008cec       0x30 ..\obj\udp.o
                0x08008cec                udp_new
 .text.ip_route
                0x08008d1c       0x70 ..\obj\ip.o
                0x08008d1c                ip_route
 .text.ip_input
                0x08008d8c      0x278 ..\obj\ip.o
                0x08008d8c                ip_input
 .text.ip_output_if
                0x08009004      0x194 ..\obj\ip.o
                0x08009004                ip_output_if
 .text.ip_output
                0x08009198       0x4c ..\obj\ip.o
                0x08009198                ip_output
 .text.eMBFuncReadCoils
                0x080091e4      0x104 ..\obj\mbfunccoils.o
                0x080091e4                eMBFuncReadCoils
 .text.eMBFuncWriteCoil
                0x080092e8       0xb0 ..\obj\mbfunccoils.o
                0x080092e8                eMBFuncWriteCoil
 .text.eMBFuncWriteMultipleCoils
                0x08009398       0xd8 ..\obj\mbfunccoils.o
                0x08009398                eMBFuncWriteMultipleCoils
 .text.icmp_input
                0x08009470      0x200 ..\obj\icmp.o
                0x08009470                icmp_input
 .text.icmp_dest_unreach
                0x08009670       0x20 ..\obj\icmp.o
                0x08009670                icmp_dest_unreach
 .text.icmp_time_exceeded
                0x08009690       0x20 ..\obj\icmp.o
                0x08009690                icmp_time_exceeded
 .text.icmp_send_response
                0x080096b0       0xa8 ..\obj\icmp.o
 .text.NVIC_PriorityGroupConfig
                0x08009758       0x24 ..\obj\misc.o
                0x08009758                NVIC_PriorityGroupConfig
 .text.NVIC_Init
                0x0800977c       0xc0 ..\obj\misc.o
                0x0800977c                NVIC_Init
 .text.SysTick_CLKSourceConfig
                0x0800983c       0x38 ..\obj\misc.o
                0x0800983c                SysTick_CLKSourceConfig
 .text.udp_client_init
                0x08009874       0x50 ..\obj\udp_send.o
                0x08009874                udp_client_init
 .text.delay    0x080098c4       0x20 ..\obj\udp_send.o
                0x080098c4                delay
 .text.udp_client_send_buf
                0x080098e4       0x78 ..\obj\udp_send.o
                0x080098e4                udp_client_send_buf
 .text.eMBTCPDoInit
                0x0800995c       0x2c ..\obj\mbtcp.o
                0x0800995c                eMBTCPDoInit
 .text.eMBTCPStart
                0x08009988        0xc ..\obj\mbtcp.o
                0x08009988                eMBTCPStart
 .text.eMBTCPStop
                0x08009994        0xc ..\obj\mbtcp.o
                0x08009994                eMBTCPStop
 .text.eMBTCPReceive
                0x080099a0       0x74 ..\obj\mbtcp.o
                0x080099a0                eMBTCPReceive
 .text.eMBTCPSend
                0x08009a14       0x5c ..\obj\mbtcp.o
                0x08009a14                eMBTCPSend
 .text.dhcp_arp_reply
                0x08009a70       0x40 ..\obj\dhcp.o
                0x08009a70                dhcp_arp_reply
 .text.dhcp_decline
                0x08009ab0       0xd4 ..\obj\dhcp.o
 .text.dhcp_set_state
                0x08009b84       0x2c ..\obj\dhcp.o
 .text.dhcp_option
                0x08009bb0       0x4c ..\obj\dhcp.o
 .text.dhcp_option_byte
                0x08009bfc       0x30 ..\obj\dhcp.o
 .text.dhcp_option_long
                0x08009c2c       0x98 ..\obj\dhcp.o
 .text.dhcp_create_request
                0x08009cc4      0x1e8 ..\obj\dhcp.o
 .text.dhcp_delete_request
                0x08009eac       0x44 ..\obj\dhcp.o
 .text.dhcp_option_trailer
                0x08009ef0       0x60 ..\obj\dhcp.o
 .text.eMBRegInputCB
                0x08009f50       0xac ..\obj\mbfunc.o
                0x08009f50                eMBRegInputCB
 .text.eMBRegHoldingCB
                0x08009ffc       0xe8 ..\obj\mbfunc.o
                0x08009ffc                eMBRegHoldingCB
 .text.eMBRegCoilsCB
                0x0800a0e4       0x28 ..\obj\mbfunc.o
                0x0800a0e4                eMBRegCoilsCB
 .text.eMBRegDiscreteCB
                0x0800a10c       0x20 ..\obj\mbfunc.o
                0x0800a10c                eMBRegDiscreteCB
 .text.TIM_TimeBaseInit
                0x0800a12c       0xd4 ..\obj\stm32f4xx_tim.o
                0x0800a12c                TIM_TimeBaseInit
 .text.TIM_TimeBaseStructInit
                0x0800a200       0x34 ..\obj\stm32f4xx_tim.o
                0x0800a200                TIM_TimeBaseStructInit
 .text.TIM_Cmd  0x0800a234       0x40 ..\obj\stm32f4xx_tim.o
                0x0800a234                TIM_Cmd
 .text.TIM_SelectOutputTrigger
                0x0800a274       0x38 ..\obj\stm32f4xx_tim.o
                0x0800a274                TIM_SelectOutputTrigger
 .text.tcp_output_set_header
                0x0800a2ac       0xec ..\obj\tcp_out.o
 .text.tcp_send_ctrl
                0x0800a398       0x2c ..\obj\tcp_out.o
                0x0800a398                tcp_send_ctrl
 .text.tcp_write
                0x0800a3c4       0x64 ..\obj\tcp_out.o
                0x0800a3c4                tcp_write
 .text.tcp_enqueue
                0x0800a428      0x570 ..\obj\tcp_out.o
                0x0800a428                tcp_enqueue
 .text.tcp_send_empty_ack
                0x0800a998       0x84 ..\obj\tcp_out.o
                0x0800a998                tcp_send_empty_ack
 .text.tcp_output
                0x0800aa1c      0x2c8 ..\obj\tcp_out.o
                0x0800aa1c                tcp_output
 .text.tcp_output_segment
                0x0800ace4      0x144 ..\obj\tcp_out.o
 .text.tcp_rst  0x0800ae28       0xf0 ..\obj\tcp_out.o
                0x0800ae28                tcp_rst
 .text.tcp_rexmit_rto
                0x0800af18       0x60 ..\obj\tcp_out.o
                0x0800af18                tcp_rexmit_rto
 .text.tcp_rexmit
                0x0800af78       0x84 ..\obj\tcp_out.o
                0x0800af78                tcp_rexmit
 .text.tcp_rexmit_fast
                0x0800affc       0xac ..\obj\tcp_out.o
                0x0800affc                tcp_rexmit_fast
 .text.tcp_keepalive
                0x0800b0a8       0x5c ..\obj\tcp_out.o
                0x0800b0a8                tcp_keepalive
 .text.tcp_zero_window_probe
                0x0800b104       0xe0 ..\obj\tcp_out.o
                0x0800b104                tcp_zero_window_probe
 .text.raw_input
                0x0800b1e4       0xac ..\obj\raw.o
                0x0800b1e4                raw_input
 .text.memcmp   0x0800b290       0x64 c:/program files/gnu tools arm embedded/4.9 2015q2/bin/../lib/gcc/arm-none-eabi/4.9.3/../../../../arm-none-eabi/lib/armv7e-m\libg.a(lib_a-memcmp.o)
                0x0800b290                memcmp
 .text          0x0800b2f4      0x134 c:/program files/gnu tools arm embedded/4.9 2015q2/bin/../lib/gcc/arm-none-eabi/4.9.3/../../../../arm-none-eabi/lib/armv7e-m\libg.a(lib_a-memcpy.o)
                0x0800b2f4                memcpy
 .text.memset   0x0800b428       0x9c c:/program files/gnu tools arm embedded/4.9 2015q2/bin/../lib/gcc/arm-none-eabi/4.9.3/../../../../arm-none-eabi/lib/armv7e-m\libg.a(lib_a-memset.o)
                0x0800b428                memset
 .text.printf   0x0800b4c4       0x28 c:/program files/gnu tools arm embedded/4.9 2015q2/bin/../lib/gcc/arm-none-eabi/4.9.3/../../../../arm-none-eabi/lib/armv7e-m\libg.a(lib_a-printf.o)
                0x0800b4c4                printf
 .text.snprintf
                0x0800b4ec       0x9c c:/program files/gnu tools arm embedded/4.9 2015q2/bin/../lib/gcc/arm-none-eabi/4.9.3/../../../../arm-none-eabi/lib/armv7e-m\libg.a(lib_a-snprintf.o)
                0x0800b4ec                snprintf
 .text.strlen   0x0800b588       0x5c c:/program files/gnu tools arm embedded/4.9 2015q2/bin/../lib/gcc/arm-none-eabi/4.9.3/../../../../arm-none-eabi/lib/armv7e-m\libg.a(lib_a-strlen.o)
                0x0800b588                strlen
 .text._svfprintf_r
                0x0800b5e4     0x1494 c:/program files/gnu tools arm embedded/4.9 2015q2/bin/../lib/gcc/arm-none-eabi/4.9.3/../../../../arm-none-eabi/lib/armv7e-m\libg.a(lib_a-svfprintf.o)
                0x0800b5e4                _svfprintf_r
 .text._vfprintf_r
                0x0800ca78     0x13e8 c:/program files/gnu tools arm embedded/4.9 2015q2/bin/../lib/gcc/arm-none-eabi/4.9.3/../../../../arm-none-eabi/lib/armv7e-m\libg.a(lib_a-vfprintf.o)
                0x0800ca78                _vfprintf_r
 .text.__sbprintf
                0x0800de60       0x78 c:/program files/gnu tools arm embedded/4.9 2015q2/bin/../lib/gcc/arm-none-eabi/4.9.3/../../../../arm-none-eabi/lib/armv7e-m\libg.a(lib_a-vfprintf.o)
 .text.vprintf  0x0800ded8       0x1c c:/program files/gnu tools arm embedded/4.9 2015q2/bin/../lib/gcc/arm-none-eabi/4.9.3/../../../../arm-none-eabi/lib/armv7e-m\libg.a(lib_a-vprintf.o)
                0x0800ded8                vprintf
 .text.__swsetup_r
                0x0800def4       0xc4 c:/program files/gnu tools arm embedded/4.9 2015q2/bin/../lib/gcc/arm-none-eabi/4.9.3/../../../../arm-none-eabi/lib/armv7e-m\libg.a(lib_a-wsetup.o)
                0x0800def4                __swsetup_r
 .text.quorem   0x0800dfb8      0x12c c:/program files/gnu tools arm embedded/4.9 2015q2/bin/../lib/gcc/arm-none-eabi/4.9.3/../../../../arm-none-eabi/lib/armv7e-m\libg.a(lib_a-dtoa.o)
 *fill*         0x0800e0e4        0x4 
 .text._dtoa_r  0x0800e0e8      0xe94 c:/program files/gnu tools arm embedded/4.9 2015q2/bin/../lib/gcc/arm-none-eabi/4.9.3/../../../../arm-none-eabi/lib/armv7e-m\libg.a(lib_a-dtoa.o)
                0x0800e0e8                _dtoa_r
 .text.__sflush_r
                0x0800ef7c      0x154 c:/program files/gnu tools arm embedded/4.9 2015q2/bin/../lib/gcc/arm-none-eabi/4.9.3/../../../../arm-none-eabi/lib/armv7e-m\libg.a(lib_a-fflush.o)
                0x0800ef7c                __sflush_r
 .text._fflush_r
                0x0800f0d0       0x2c c:/program files/gnu tools arm embedded/4.9 2015q2/bin/../lib/gcc/arm-none-eabi/4.9.3/../../../../arm-none-eabi/lib/armv7e-m\libg.a(lib_a-fflush.o)
                0x0800f0d0                _fflush_r
 .text._cleanup_r
                0x0800f0fc        0xc c:/program files/gnu tools arm embedded/4.9 2015q2/bin/../lib/gcc/arm-none-eabi/4.9.3/../../../../arm-none-eabi/lib/armv7e-m\libg.a(lib_a-findfp.o)
                0x0800f0fc                _cleanup_r
 .text.__sinit.part.1
                0x0800f108       0xf0 c:/program files/gnu tools arm embedded/4.9 2015q2/bin/../lib/gcc/arm-none-eabi/4.9.3/../../../../arm-none-eabi/lib/armv7e-m\libg.a(lib_a-findfp.o)
 .text.__sinit  0x0800f1f8        0xc c:/program files/gnu tools arm embedded/4.9 2015q2/bin/../lib/gcc/arm-none-eabi/4.9.3/../../../../arm-none-eabi/lib/armv7e-m\libg.a(lib_a-findfp.o)
                0x0800f1f8                __sinit
 .text.__sfp_lock_acquire
                0x0800f204        0x4 c:/program files/gnu tools arm embedded/4.9 2015q2/bin/../lib/gcc/arm-none-eabi/4.9.3/../../../../arm-none-eabi/lib/armv7e-m\libg.a(lib_a-findfp.o)
                0x0800f204                __sfp_lock_acquire
 .text.__sfp_lock_release
                0x0800f208        0x4 c:/program files/gnu tools arm embedded/4.9 2015q2/bin/../lib/gcc/arm-none-eabi/4.9.3/../../../../arm-none-eabi/lib/armv7e-m\libg.a(lib_a-findfp.o)
                0x0800f208                __sfp_lock_release
 .text._malloc_trim_r
                0x0800f20c       0x9c c:/program files/gnu tools arm embedded/4.9 2015q2/bin/../lib/gcc/arm-none-eabi/4.9.3/../../../../arm-none-eabi/lib/armv7e-m\libg.a(lib_a-freer.o)
                0x0800f20c                _malloc_trim_r
 .text._free_r  0x0800f2a8      0x1b0 c:/program files/gnu tools arm embedded/4.9 2015q2/bin/../lib/gcc/arm-none-eabi/4.9.3/../../../../arm-none-eabi/lib/armv7e-m\libg.a(lib_a-freer.o)
                0x0800f2a8                _free_r
 .text._fwalk_reent
                0x0800f458       0x54 c:/program files/gnu tools arm embedded/4.9 2015q2/bin/../lib/gcc/arm-none-eabi/4.9.3/../../../../arm-none-eabi/lib/armv7e-m\libg.a(lib_a-fwalk.o)
                0x0800f458                _fwalk_reent
 .text.__locale_charset
                0x0800f4ac        0x8 c:/program files/gnu tools arm embedded/4.9 2015q2/bin/../lib/gcc/arm-none-eabi/4.9.3/../../../../arm-none-eabi/lib/armv7e-m\libg.a(lib_a-locale.o)
                0x0800f4ac                __locale_charset
 .text.__locale_mb_cur_max
                0x0800f4b4        0xc c:/program files/gnu tools arm embedded/4.9 2015q2/bin/../lib/gcc/arm-none-eabi/4.9.3/../../../../arm-none-eabi/lib/armv7e-m\libg.a(lib_a-locale.o)
                0x0800f4b4                __locale_mb_cur_max
 .text._localeconv_r
                0x0800f4c0        0x8 c:/program files/gnu tools arm embedded/4.9 2015q2/bin/../lib/gcc/arm-none-eabi/4.9.3/../../../../arm-none-eabi/lib/armv7e-m\libg.a(lib_a-locale.o)
                0x0800f4c0                _localeconv_r
 .text.__smakebuf_r
                0x0800f4c8       0xe0 c:/program files/gnu tools arm embedded/4.9 2015q2/bin/../lib/gcc/arm-none-eabi/4.9.3/../../../../arm-none-eabi/lib/armv7e-m\libg.a(lib_a-makebuf.o)
                0x0800f4c8                __smakebuf_r
 .text._malloc_r
                0x0800f5a8      0x524 c:/program files/gnu tools arm embedded/4.9 2015q2/bin/../lib/gcc/arm-none-eabi/4.9.3/../../../../arm-none-eabi/lib/armv7e-m\libg.a(lib_a-mallocr.o)
                0x0800f5a8                _malloc_r
 .text.memchr   0x0800facc       0x94 c:/program files/gnu tools arm embedded/4.9 2015q2/bin/../lib/gcc/arm-none-eabi/4.9.3/../../../../arm-none-eabi/lib/armv7e-m\libg.a(lib_a-memchr.o)
                0x0800facc                memchr
 .text.__malloc_lock
                0x0800fb60        0x4 c:/program files/gnu tools arm embedded/4.9 2015q2/bin/../lib/gcc/arm-none-eabi/4.9.3/../../../../arm-none-eabi/lib/armv7e-m\libg.a(lib_a-mlock.o)
                0x0800fb60                __malloc_lock
 .text.__malloc_unlock
                0x0800fb64        0x4 c:/program files/gnu tools arm embedded/4.9 2015q2/bin/../lib/gcc/arm-none-eabi/4.9.3/../../../../arm-none-eabi/lib/armv7e-m\libg.a(lib_a-mlock.o)
                0x0800fb64                __malloc_unlock
 .text._Balloc  0x0800fb68       0x4c c:/program files/gnu tools arm embedded/4.9 2015q2/bin/../lib/gcc/arm-none-eabi/4.9.3/../../../../arm-none-eabi/lib/armv7e-m\libg.a(lib_a-mprec.o)
                0x0800fb68                _Balloc
 .text._Bfree   0x0800fbb4       0x14 c:/program files/gnu tools arm embedded/4.9 2015q2/bin/../lib/gcc/arm-none-eabi/4.9.3/../../../../arm-none-eabi/lib/armv7e-m\libg.a(lib_a-mprec.o)
                0x0800fbb4                _Bfree
 .text.__multadd
                0x0800fbc8       0x84 c:/program files/gnu tools arm embedded/4.9 2015q2/bin/../lib/gcc/arm-none-eabi/4.9.3/../../../../arm-none-eabi/lib/armv7e-m\libg.a(lib_a-mprec.o)
                0x0800fbc8                __multadd
 .text.__hi0bits
                0x0800fc4c       0x40 c:/program files/gnu tools arm embedded/4.9 2015q2/bin/../lib/gcc/arm-none-eabi/4.9.3/../../../../arm-none-eabi/lib/armv7e-m\libg.a(lib_a-mprec.o)
                0x0800fc4c                __hi0bits
 .text.__lo0bits
                0x0800fc8c       0x5c c:/program files/gnu tools arm embedded/4.9 2015q2/bin/../lib/gcc/arm-none-eabi/4.9.3/../../../../arm-none-eabi/lib/armv7e-m\libg.a(lib_a-mprec.o)
                0x0800fc8c                __lo0bits
 .text.__i2b    0x0800fce8       0x14 c:/program files/gnu tools arm embedded/4.9 2015q2/bin/../lib/gcc/arm-none-eabi/4.9.3/../../../../arm-none-eabi/lib/armv7e-m\libg.a(lib_a-mprec.o)
                0x0800fce8                __i2b
 .text.__multiply
                0x0800fcfc      0x134 c:/program files/gnu tools arm embedded/4.9 2015q2/bin/../lib/gcc/arm-none-eabi/4.9.3/../../../../arm-none-eabi/lib/armv7e-m\libg.a(lib_a-mprec.o)
                0x0800fcfc                __multiply
 .text.__pow5mult
                0x0800fe30       0xa0 c:/program files/gnu tools arm embedded/4.9 2015q2/bin/../lib/gcc/arm-none-eabi/4.9.3/../../../../arm-none-eabi/lib/armv7e-m\libg.a(lib_a-mprec.o)
                0x0800fe30                __pow5mult
 .text.__lshift
                0x0800fed0       0xac c:/program files/gnu tools arm embedded/4.9 2015q2/bin/../lib/gcc/arm-none-eabi/4.9.3/../../../../arm-none-eabi/lib/armv7e-m\libg.a(lib_a-mprec.o)
                0x0800fed0                __lshift
 .text.__mcmp   0x0800ff7c       0x48 c:/program files/gnu tools arm embedded/4.9 2015q2/bin/../lib/gcc/arm-none-eabi/4.9.3/../../../../arm-none-eabi/lib/armv7e-m\libg.a(lib_a-mprec.o)
                0x0800ff7c                __mcmp
 .text.__mdiff  0x0800ffc4       0xd4 c:/program files/gnu tools arm embedded/4.9 2015q2/bin/../lib/gcc/arm-none-eabi/4.9.3/../../../../arm-none-eabi/lib/armv7e-m\libg.a(lib_a-mprec.o)
                0x0800ffc4                __mdiff
 .text.__d2b    0x08010098       0xb8 c:/program files/gnu tools arm embedded/4.9 2015q2/bin/../lib/gcc/arm-none-eabi/4.9.3/../../../../arm-none-eabi/lib/armv7e-m\libg.a(lib_a-mprec.o)
                0x08010098                __d2b
 .text.__fpclassifyd
                0x08010150       0x58 c:/program files/gnu tools arm embedded/4.9 2015q2/bin/../lib/gcc/arm-none-eabi/4.9.3/../../../../arm-none-eabi/lib/armv7e-m\libg.a(lib_a-s_fpclassify.o)
                0x08010150                __fpclassifyd
 .text._sbrk_r  0x080101a8       0x24 c:/program files/gnu tools arm embedded/4.9 2015q2/bin/../lib/gcc/arm-none-eabi/4.9.3/../../../../arm-none-eabi/lib/armv7e-m\libg.a(lib_a-sbrkr.o)
                0x080101a8                _sbrk_r
 .text.__sread  0x080101cc       0x24 c:/program files/gnu tools arm embedded/4.9 2015q2/bin/../lib/gcc/arm-none-eabi/4.9.3/../../../../arm-none-eabi/lib/armv7e-m\libg.a(lib_a-stdio.o)
                0x080101cc                __sread
 .text.__swrite
                0x080101f0       0x38 c:/program files/gnu tools arm embedded/4.9 2015q2/bin/../lib/gcc/arm-none-eabi/4.9.3/../../../../arm-none-eabi/lib/armv7e-m\libg.a(lib_a-stdio.o)
                0x080101f0                __swrite
 .text.__sseek  0x08010228       0x20 c:/program files/gnu tools arm embedded/4.9 2015q2/bin/../lib/gcc/arm-none-eabi/4.9.3/../../../../arm-none-eabi/lib/armv7e-m\libg.a(lib_a-stdio.o)
                0x08010228                __sseek
 .text.__sclose
                0x08010248        0x8 c:/program files/gnu tools arm embedded/4.9 2015q2/bin/../lib/gcc/arm-none-eabi/4.9.3/../../../../arm-none-eabi/lib/armv7e-m\libg.a(lib_a-stdio.o)
                0x08010248                __sclose
 .text.__ssprint_r
                0x08010250      0x104 c:/program files/gnu tools arm embedded/4.9 2015q2/bin/../lib/gcc/arm-none-eabi/4.9.3/../../../../arm-none-eabi/lib/armv7e-m\libg.a(lib_a-svfiprintf.o)
                0x08010250                __ssprint_r
 .text.__sprint_r.part.0
                0x08010354       0x78 c:/program files/gnu tools arm embedded/4.9 2015q2/bin/../lib/gcc/arm-none-eabi/4.9.3/../../../../arm-none-eabi/lib/armv7e-m\libg.a(lib_a-vfiprintf.o)
 .text.__sprint_r
                0x080103cc       0x18 c:/program files/gnu tools arm embedded/4.9 2015q2/bin/../lib/gcc/arm-none-eabi/4.9.3/../../../../arm-none-eabi/lib/armv7e-m\libg.a(lib_a-vfiprintf.o)
                0x080103cc                __sprint_r
 .text._write_r
                0x080103e4       0x28 c:/program files/gnu tools arm embedded/4.9 2015q2/bin/../lib/gcc/arm-none-eabi/4.9.3/../../../../arm-none-eabi/lib/armv7e-m\libg.a(lib_a-writer.o)
                0x080103e4                _write_r
 .text._calloc_r
                0x0801040c       0x60 c:/program files/gnu tools arm embedded/4.9 2015q2/bin/../lib/gcc/arm-none-eabi/4.9.3/../../../../arm-none-eabi/lib/armv7e-m\libg.a(lib_a-callocr.o)
                0x0801040c                _calloc_r
 .text._close_r
                0x0801046c       0x24 c:/program files/gnu tools arm embedded/4.9 2015q2/bin/../lib/gcc/arm-none-eabi/4.9.3/../../../../arm-none-eabi/lib/armv7e-m\libg.a(lib_a-closer.o)
                0x0801046c                _close_r
 .text._fclose_r
                0x08010490       0x84 c:/program files/gnu tools arm embedded/4.9 2015q2/bin/../lib/gcc/arm-none-eabi/4.9.3/../../../../arm-none-eabi/lib/armv7e-m\libg.a(lib_a-fclose.o)
                0x08010490                _fclose_r
 .text.__fputwc
                0x08010514       0xb0 c:/program files/gnu tools arm embedded/4.9 2015q2/bin/../lib/gcc/arm-none-eabi/4.9.3/../../../../arm-none-eabi/lib/armv7e-m\libg.a(lib_a-fputwc.o)
                0x08010514                __fputwc
 .text._fputwc_r
                0x080105c4       0x24 c:/program files/gnu tools arm embedded/4.9 2015q2/bin/../lib/gcc/arm-none-eabi/4.9.3/../../../../arm-none-eabi/lib/armv7e-m\libg.a(lib_a-fputwc.o)
                0x080105c4                _fputwc_r
 .text._fstat_r
                0x080105e8       0x28 c:/program files/gnu tools arm embedded/4.9 2015q2/bin/../lib/gcc/arm-none-eabi/4.9.3/../../../../arm-none-eabi/lib/armv7e-m\libg.a(lib_a-fstatr.o)
                0x080105e8                _fstat_r
 .text.__sfvwrite_r
                0x08010610      0x318 c:/program files/gnu tools arm embedded/4.9 2015q2/bin/../lib/gcc/arm-none-eabi/4.9.3/../../../../arm-none-eabi/lib/armv7e-m\libg.a(lib_a-fvwrite.o)
                0x08010610                __sfvwrite_r
 .text._isatty_r
                0x08010928       0x24 c:/program files/gnu tools arm embedded/4.9 2015q2/bin/../lib/gcc/arm-none-eabi/4.9.3/../../../../arm-none-eabi/lib/armv7e-m\libg.a(lib_a-isattyr.o)
                0x08010928                _isatty_r
 .text._lseek_r
                0x0801094c       0x28 c:/program files/gnu tools arm embedded/4.9 2015q2/bin/../lib/gcc/arm-none-eabi/4.9.3/../../../../arm-none-eabi/lib/armv7e-m\libg.a(lib_a-lseekr.o)
                0x0801094c                _lseek_r
 .text.memmove  0x08010974       0xc8 c:/program files/gnu tools arm embedded/4.9 2015q2/bin/../lib/gcc/arm-none-eabi/4.9.3/../../../../arm-none-eabi/lib/armv7e-m\libg.a(lib_a-memmove.o)
                0x08010974                memmove
 .text._read_r  0x08010a3c       0x28 c:/program files/gnu tools arm embedded/4.9 2015q2/bin/../lib/gcc/arm-none-eabi/4.9.3/../../../../arm-none-eabi/lib/armv7e-m\libg.a(lib_a-readr.o)
                0x08010a3c                _read_r
 .text._realloc_r
                0x08010a64      0x3ec c:/program files/gnu tools arm embedded/4.9 2015q2/bin/../lib/gcc/arm-none-eabi/4.9.3/../../../../arm-none-eabi/lib/armv7e-m\libg.a(lib_a-reallocr.o)
                0x08010a64                _realloc_r
 .text.__swbuf_r
                0x08010e50       0xa8 c:/program files/gnu tools arm embedded/4.9 2015q2/bin/../lib/gcc/arm-none-eabi/4.9.3/../../../../arm-none-eabi/lib/armv7e-m\libg.a(lib_a-wbuf.o)
                0x08010e50                __swbuf_r
 .text._wcrtomb_r
                0x08010ef8       0x54 c:/program files/gnu tools arm embedded/4.9 2015q2/bin/../lib/gcc/arm-none-eabi/4.9.3/../../../../arm-none-eabi/lib/armv7e-m\libg.a(lib_a-wcrtomb.o)
                0x08010ef8                _wcrtomb_r
 .text.__ascii_wctomb
                0x08010f4c       0x1c c:/program files/gnu tools arm embedded/4.9 2015q2/bin/../lib/gcc/arm-none-eabi/4.9.3/../../../../arm-none-eabi/lib/armv7e-m\libg.a(lib_a-wctomb_r.o)
                0x08010f4c                __ascii_wctomb
 .text          0x08010f68      0x370 c:/program files/gnu tools arm embedded/4.9 2015q2/bin/../lib/gcc/arm-none-eabi/4.9.3/armv7e-m\libgcc.a(_arm_addsubdf3.o)
                0x08010f68                __aeabi_drsub
                0x08010f70                __aeabi_dsub
                0x08010f70                __subdf3
                0x08010f74                __aeabi_dadd
                0x08010f74                __adddf3
                0x080111ec                __floatunsidf
                0x080111ec                __aeabi_ui2d
                0x0801120c                __floatsidf
                0x0801120c                __aeabi_i2d
                0x08011230                __aeabi_f2d
                0x08011230                __extendsfdf2
                0x0801126c                __floatundidf
                0x0801126c                __aeabi_ul2d
                0x0801127c                __floatdidf
                0x0801127c                __aeabi_l2d
 .text          0x080112d8      0x424 c:/program files/gnu tools arm embedded/4.9 2015q2/bin/../lib/gcc/arm-none-eabi/4.9.3/armv7e-m\libgcc.a(_arm_muldivdf3.o)
                0x080112d8                __aeabi_dmul
                0x080112d8                __muldf3
                0x0801152c                __divdf3
                0x0801152c                __aeabi_ddiv
 .text          0x080116fc      0x110 c:/program files/gnu tools arm embedded/4.9 2015q2/bin/../lib/gcc/arm-none-eabi/4.9.3/armv7e-m\libgcc.a(_arm_cmpdf2.o)
                0x080116fc                __gtdf2
                0x080116fc                __gedf2
                0x08011704                __ltdf2
                0x08011704                __ledf2
                0x0801170c                __nedf2
                0x0801170c                __eqdf2
                0x0801170c                __cmpdf2
                0x08011788                __aeabi_cdrcmple
                0x08011798                __aeabi_cdcmpeq
                0x08011798                __aeabi_cdcmple
                0x080117a8                __aeabi_dcmpeq
                0x080117bc                __aeabi_dcmplt
                0x080117d0                __aeabi_dcmple
                0x080117e4                __aeabi_dcmpge
                0x080117f8                __aeabi_dcmpgt
 .text          0x0801180c       0x50 c:/program files/gnu tools arm embedded/4.9 2015q2/bin/../lib/gcc/arm-none-eabi/4.9.3/armv7e-m\libgcc.a(_arm_fixdfsi.o)
                0x0801180c                __aeabi_d2iz
                0x0801180c                __fixdfsi
 .text          0x0801185c       0x30 c:/program files/gnu tools arm embedded/4.9 2015q2/bin/../lib/gcc/arm-none-eabi/4.9.3/armv7e-m\libgcc.a(_aeabi_uldivmod.o)
                0x0801185c                __aeabi_uldivmod
 .text          0x0801188c       0x60 c:/program files/gnu tools arm embedded/4.9 2015q2/bin/../lib/gcc/arm-none-eabi/4.9.3/armv7e-m\libgcc.a(bpabi.o)
                0x0801188c                __gnu_ldivmod_helper
                0x080118bc                __gnu_uldivmod_helper
 .text          0x080118ec        0x4 c:/program files/gnu tools arm embedded/4.9 2015q2/bin/../lib/gcc/arm-none-eabi/4.9.3/armv7e-m\libgcc.a(_dvmd_tls.o)
                0x080118ec                __aeabi_idiv0
                0x080118ec                __aeabi_ldiv0
 .text          0x080118f0      0x29c c:/program files/gnu tools arm embedded/4.9 2015q2/bin/../lib/gcc/arm-none-eabi/4.9.3/armv7e-m\libgcc.a(_divdi3.o)
                0x080118f0                __divdi3
 .text          0x08011b8c      0x26c c:/program files/gnu tools arm embedded/4.9 2015q2/bin/../lib/gcc/arm-none-eabi/4.9.3/armv7e-m\libgcc.a(_udivdi3.o)
                0x08011b8c                __udivdi3
 *(.init)
 *(.fini)
 *crtbegin.o(.ctors)
 *crtbegin?.o(.ctors)
 *(EXCLUDE_FILE(*crtend.o *crtend?.o) .ctors)
 *(SORT(.ctors.*))
 *(.ctors)
 *crtbegin.o(.dtors)
 *crtbegin?.o(.dtors)
 *(EXCLUDE_FILE(*crtend.o *crtend?.o) .dtors)
 *(SORT(.dtors.*))
 *(.dtors)
 *(.rodata*)
 .rodata        0x08011df8       0x8f ..\obj\tcp.o
                0x08011e70                tcp_backoff
                0x08011e80                tcp_persist_backoff
 *fill*         0x08011e87        0x1 
 .rodata        0x08011e88       0xf7 ..\obj\porttcp.o
 *fill*         0x08011f7f        0x1 
 .rodata        0x08011f80       0x26 ..\obj\memp.o
 *fill*         0x08011fa6        0x2 
 .rodata        0x08011fa8        0x8 ..\obj\ip_addr.o
                0x08011fa8                ip_addr_any
                0x08011fac                ip_addr_broadcast
 .rodata        0x08011fb0        0x6 ..\obj\ethernetif.o
 *fill*         0x08011fb6        0x2 
 .rodata        0x08011fb8        0xe ..\obj\etharp.o
                0x08011fb8                ethbroadcast
                0x08011fc0                ethzero
 *fill*         0x08011fc6        0x2 
 .rodata        0x08011fc8       0x86 ..\obj\portother.o
 *fill*         0x0801204e        0x2 
 .rodata.zeroes.6911
                0x08012050       0x10 c:/program files/gnu tools arm embedded/4.9 2015q2/bin/../lib/gcc/arm-none-eabi/4.9.3/../../../../arm-none-eabi/lib/armv7e-m\libg.a(lib_a-svfprintf.o)
 .rodata.blanks.6910
                0x08012060       0x10 c:/program files/gnu tools arm embedded/4.9 2015q2/bin/../lib/gcc/arm-none-eabi/4.9.3/../../../../arm-none-eabi/lib/armv7e-m\libg.a(lib_a-svfprintf.o)
 .rodata.str1.4
                0x08012070       0x42 c:/program files/gnu tools arm embedded/4.9 2015q2/bin/../lib/gcc/arm-none-eabi/4.9.3/../../../../arm-none-eabi/lib/armv7e-m\libg.a(lib_a-svfprintf.o)
 *fill*         0x080120b2        0x2 
 .rodata.zeroes.6926
                0x080120b4       0x10 c:/program files/gnu tools arm embedded/4.9 2015q2/bin/../lib/gcc/arm-none-eabi/4.9.3/../../../../arm-none-eabi/lib/armv7e-m\libg.a(lib_a-vfprintf.o)
 .rodata.str1.4
                0x00000000       0x42 c:/program files/gnu tools arm embedded/4.9 2015q2/bin/../lib/gcc/arm-none-eabi/4.9.3/../../../../arm-none-eabi/lib/armv7e-m\libg.a(lib_a-vfprintf.o)
 .rodata.blanks.6925
                0x080120c4       0x10 c:/program files/gnu tools arm embedded/4.9 2015q2/bin/../lib/gcc/arm-none-eabi/4.9.3/../../../../arm-none-eabi/lib/armv7e-m\libg.a(lib_a-vfprintf.o)
 .rodata.str1.4
                0x080120d4       0x10 c:/program files/gnu tools arm embedded/4.9 2015q2/bin/../lib/gcc/arm-none-eabi/4.9.3/../../../../arm-none-eabi/lib/armv7e-m\libg.a(lib_a-dtoa.o)
                                 0x12 (size before relaxing)
 .rodata.str1.4
                0x080120e4        0x2 c:/program files/gnu tools arm embedded/4.9 2015q2/bin/../lib/gcc/arm-none-eabi/4.9.3/../../../../arm-none-eabi/lib/armv7e-m\libg.a(lib_a-impure.o)
 *fill*         0x080120e6        0x2 
 .rodata.str1.4
                0x080120e8        0xc c:/program files/gnu tools arm embedded/4.9 2015q2/bin/../lib/gcc/arm-none-eabi/4.9.3/../../../../arm-none-eabi/lib/armv7e-m\libg.a(lib_a-locale.o)
                                 0x12 (size before relaxing)
 *fill*         0x080120f4        0x4 
 .rodata.__mprec_tens
                0x080120f8       0xc8 c:/program files/gnu tools arm embedded/4.9 2015q2/bin/../lib/gcc/arm-none-eabi/4.9.3/../../../../arm-none-eabi/lib/armv7e-m\libg.a(lib_a-mprec.o)
                0x080120f8                __mprec_tens
 .rodata.p05.5302
                0x080121c0        0xc c:/program files/gnu tools arm embedded/4.9 2015q2/bin/../lib/gcc/arm-none-eabi/4.9.3/../../../../arm-none-eabi/lib/armv7e-m\libg.a(lib_a-mprec.o)
 *fill*         0x080121cc        0x4 
 .rodata.__mprec_bigtens
                0x080121d0       0x28 c:/program files/gnu tools arm embedded/4.9 2015q2/bin/../lib/gcc/arm-none-eabi/4.9.3/../../../../arm-none-eabi/lib/armv7e-m\libg.a(lib_a-mprec.o)
                0x080121d0                __mprec_bigtens
 *(.eh_fram e*)

.glue_7         0x080121f8        0x0
 .glue_7        0x00000000        0x0 linker stubs

.glue_7t        0x080121f8        0x0
 .glue_7t       0x00000000        0x0 linker stubs

.vfp11_veneer   0x080121f8        0x0
 .vfp11_veneer  0x00000000        0x0 linker stubs

.v4_bx          0x080121f8        0x0
 .v4_bx         0x00000000        0x0 linker stubs

.iplt           0x080121f8        0x0
 .iplt          0x00000000        0x0 ..\obj\stm32f4xx_syscfg.o

.ARM.extab
 *(.ARM.extab* .gnu.linkonce.armextab.*)
                0x080121f8                __exidx_start = .

.ARM.exidx      0x080121f8        0x8
 *(.ARM.exidx* .gnu.linkonce.armexidx.*)
 .ARM.exidx     0x080121f8        0x8 c:/program files/gnu tools arm embedded/4.9 2015q2/bin/../lib/gcc/arm-none-eabi/4.9.3/armv7e-m\libgcc.a(_divdi3.o)
 .ARM.exidx     0x08012200        0x0 c:/program files/gnu tools arm embedded/4.9 2015q2/bin/../lib/gcc/arm-none-eabi/4.9.3/armv7e-m\libgcc.a(_udivdi3.o)
                                  0x8 (size before relaxing)
                0x08012200                __exidx_end = .
                0x08012200                __etext = .
                0x08012200                _sidata = __etext

.rel.dyn        0x08012200        0x0
 .rel.iplt      0x00000000        0x0 ..\obj\stm32f4xx_syscfg.o

.data           0x20000000      0x984 load address 0x08012200
                0x20000000                __data_start__ = .
                0x20000000                _sdata = __data_start__
 *(vtable)
 *(.data*)
 .data          0x20000000       0x84 ..\obj\mb.o
 .data          0x20000084       0x34 ..\obj\tcp.o
                0x20000084                tcp_state_str
 .data          0x200000b8        0x5 ..\obj\main.o
 *fill*         0x200000bd        0x3 
 .data          0x200000c0       0x10 ..\obj\stm32f4xx_rcc.o
 .data          0x200000d0       0x10 ..\obj\portother.o
 .data          0x200000e0        0x4 ..\obj\dhcp.o
 .data          0x200000e4        0x4 ..\obj\mbfunc.o
 .data.impure_data
                0x200000e8      0x428 c:/program files/gnu tools arm embedded/4.9 2015q2/bin/../lib/gcc/arm-none-eabi/4.9.3/../../../../arm-none-eabi/lib/armv7e-m\libg.a(lib_a-impure.o)
 .data._impure_ptr
                0x20000510        0x4 c:/program files/gnu tools arm embedded/4.9 2015q2/bin/../lib/gcc/arm-none-eabi/4.9.3/../../../../arm-none-eabi/lib/armv7e-m\libg.a(lib_a-impure.o)
                0x20000510                _impure_ptr
 .data.lconv    0x20000514       0x38 c:/program files/gnu tools arm embedded/4.9 2015q2/bin/../lib/gcc/arm-none-eabi/4.9.3/../../../../arm-none-eabi/lib/armv7e-m\libg.a(lib_a-locale.o)
 .data.lc_ctype_charset
                0x2000054c       0x20 c:/program files/gnu tools arm embedded/4.9 2015q2/bin/../lib/gcc/arm-none-eabi/4.9.3/../../../../arm-none-eabi/lib/armv7e-m\libg.a(lib_a-locale.o)
 .data.__mb_cur_max
                0x2000056c        0x4 c:/program files/gnu tools arm embedded/4.9 2015q2/bin/../lib/gcc/arm-none-eabi/4.9.3/../../../../arm-none-eabi/lib/armv7e-m\libg.a(lib_a-locale.o)
                0x2000056c                __mb_cur_max
 .data.__malloc_av_
                0x20000570      0x408 c:/program files/gnu tools arm embedded/4.9 2015q2/bin/../lib/gcc/arm-none-eabi/4.9.3/../../../../arm-none-eabi/lib/armv7e-m\libg.a(lib_a-mallocr.o)
                0x20000570                __malloc_av_
 .data.__malloc_trim_threshold
                0x20000978        0x4 c:/program files/gnu tools arm embedded/4.9 2015q2/bin/../lib/gcc/arm-none-eabi/4.9.3/../../../../arm-none-eabi/lib/armv7e-m\libg.a(lib_a-mallocr.o)
                0x20000978                __malloc_trim_threshold
 .data.__malloc_sbrk_base
                0x2000097c        0x4 c:/program files/gnu tools arm embedded/4.9 2015q2/bin/../lib/gcc/arm-none-eabi/4.9.3/../../../../arm-none-eabi/lib/armv7e-m\libg.a(lib_a-mallocr.o)
                0x2000097c                __malloc_sbrk_base
 .data.__wctomb
                0x20000980        0x4 c:/program files/gnu tools arm embedded/4.9 2015q2/bin/../lib/gcc/arm-none-eabi/4.9.3/../../../../arm-none-eabi/lib/armv7e-m\libg.a(lib_a-wctomb_r.o)
                0x20000980                __wctomb
                0x20000984                . = ALIGN (0x4)
                0x20000984                PROVIDE (__preinit_array_start, .)
 *(.preinit_array)
                0x20000984                PROVIDE (__preinit_array_end, .)
                0x20000984                . = ALIGN (0x4)
                0x20000984                PROVIDE (__init_array_start, .)
 *(SORT(.init_array.*))
 *(.init_array)
                0x20000984                PROVIDE (__init_array_end, .)
                0x20000984                . = ALIGN (0x4)
                0x20000984                PROVIDE (__fini_array_start, .)
 *(SORT(.fini_array.*))
 *(.fini_array)
                0x20000984                PROVIDE (__fini_array_end, .)
 *(.jcr*)
                0x20000984                . = ALIGN (0x4)
                0x20000984                __data_end__ = .
                0x20000984                _edata = __data_end__

.igot.plt       0x20000984        0x0 load address 0x08012b84
 .igot.plt      0x00000000        0x0 ..\obj\stm32f4xx_syscfg.o

.bss            0x20000984    0x16444 load address 0x08012b84
                0x20000984                . = ALIGN (0x4)
                0x20000984                __bss_start__ = .
                0x20000984                _sbss = __bss_start__
 *(.bss*)
 .bss           0x20000984      0x821 ..\obj\mem.o
 *fill*         0x200011a5        0x3 
 .bss           0x200011a8       0x24 ..\obj\mb.o
 .bss           0x200011cc        0x1 ..\obj\tcp.o
 .bss           0x200011cd        0x2 ..\obj\portevent.o
 *fill*         0x200011cf        0x1 
 .bss           0x200011d0      0x112 ..\obj\porttcp.o
 *fill*         0x200012e2        0x2 
 .bss           0x200012e4       0x22 ..\obj\mbfuncother.o
 *fill*         0x20001306        0x2 
 .bss           0x20001308       0x30 ..\obj\tcp_in.o
 .bss           0x20001338     0x1337 ..\obj\memp.o
 *fill*         0x2000266f        0x1 
 .bss           0x20002670      0x5e8 ..\obj\ip_frag.o
 .bss           0x20002c58        0x4 ..\obj\main.o
                0x20002c58                LocalTime
 .bss           0x20002c5c        0xc ..\obj\netconf.o
                0x20002c5c                TCPTimer
                0x20002c60                ARPTimer
                0x20002c64                IPaddress
 .bss           0x20002c68        0x5 ..\obj\stm32f4x7_eth_bsp.o
                0x20002c68                EthInitStatus
                0x20002c6c                EthLinkStatus
 *fill*         0x20002c6d        0x3 
 .bss           0x20002c70       0xc9 ..\obj\etharp.o
 .bss           0x20002d39        0x1 ..\obj\netif.o
 *fill*         0x20002d3a        0x2 
 .bss           0x20002d3c        0x4 ..\obj\syscalls.o
 .bss           0x20002d40      0x200 ..\obj\portother.o
 .bss           0x20002f40        0x1 ..\obj\adc.o
                0x20002f40                ADC_buf_full_flag
 *fill*         0x20002f41        0x1 
 .bss           0x20002f42        0x2 ..\obj\ip.o
 .bss           0x20002f44        0x2 ..\obj\udp_send.o
                0x20002f44                adc_buf_offset
 *fill*         0x20002f46        0x2 
 .bss           0x20002f48       0xdc ..\obj\mbfunc.o
 .bss           0x20003024        0x4 ..\obj\raw.o
 .bss.__malloc_max_total_mem
                0x20003028        0x4 c:/program files/gnu tools arm embedded/4.9 2015q2/bin/../lib/gcc/arm-none-eabi/4.9.3/../../../../arm-none-eabi/lib/armv7e-m\libg.a(lib_a-mallocr.o)
                0x20003028                __malloc_max_total_mem
 .bss.__malloc_max_sbrked_mem
                0x2000302c        0x4 c:/program files/gnu tools arm embedded/4.9 2015q2/bin/../lib/gcc/arm-none-eabi/4.9.3/../../../../arm-none-eabi/lib/armv7e-m\libg.a(lib_a-mallocr.o)
                0x2000302c                __malloc_max_sbrked_mem
 .bss.__malloc_top_pad
                0x20003030        0x4 c:/program files/gnu tools arm embedded/4.9 2015q2/bin/../lib/gcc/arm-none-eabi/4.9.3/../../../../arm-none-eabi/lib/armv7e-m\libg.a(lib_a-mallocr.o)
                0x20003030                __malloc_top_pad
 .bss.__malloc_current_mallinfo
                0x20003034       0x28 c:/program files/gnu tools arm embedded/4.9 2015q2/bin/../lib/gcc/arm-none-eabi/4.9.3/../../../../arm-none-eabi/lib/armv7e-m\libg.a(lib_a-mallocr.o)
                0x20003034                __malloc_current_mallinfo
 *(COMMON)
 COMMON         0x2000305c       0x18 ..\obj\tcp.o
                0x2000305c                tcp_active_pcbs
                0x20003060                tcp_ticks
                0x20003064                tcp_listen_pcbs
                0x20003068                tcp_tmp_pcb
                0x2000306c                tcp_bound_pcbs
                0x20003070                tcp_tw_pcbs
 COMMON         0x20003074        0x4 ..\obj\tcp_in.o
                0x20003074                tcp_input_pcb
 COMMON         0x20003078     0x3ce4 ..\obj\stm32f4x7_eth.o
                0x20003078                RX_Frame_Descriptor
                0x20003084                DMARxDescToGet
                0x20003088                DMATxDescToSet
                0x2000308c                DMATxDscrTab
                0x2000312c                Rx_Buff
                0x20004ef0                Frame_Rx_index
                0x20004ef4                DMA_RX_FRAME_infos
                0x20004ef8                DMARxDscrTab
                0x20004f98                Tx_Buff
 COMMON         0x20006d5c       0x44 ..\obj\netconf.o
                0x20006d5c                netif
 COMMON         0x20006da0        0x4 ..\obj\tcp_send.o
                0x20006da0                client_pcb
 COMMON         0x20006da4        0x8 ..\obj\netif.o
                0x20006da4                netif_list
                0x20006da8                netif_default
 COMMON         0x20006dac    0x10004 ..\obj\adc.o
                0x20006dac                ADC_buf_pnt
                0x20006db0                ADC_Buf
 COMMON         0x20016db0        0x4 ..\obj\udp.o
                0x20016db0                udp_pcbs
 COMMON         0x20016db4        0x8 ..\obj\ip.o
                0x20016db4                current_netif
                0x20016db8                current_header
 COMMON         0x20016dbc        0x8 ..\obj\udp_send.o
                0x20016dbc                DestIPaddr
                0x20016dc0                pb
 COMMON         0x20016dc4        0x4 c:/program files/gnu tools arm embedded/4.9 2015q2/bin/../lib/gcc/arm-none-eabi/4.9.3/../../../../arm-none-eabi/lib/armv7e-m\libg.a(lib_a-reent.o)
                0x20016dc4                errno
                0x20016dc8                . = ALIGN (0x4)
                0x20016dc8                __bss_end__ = .
                0x20016dc8                _ebss = __bss_end__

.heap           0x20016dc8        0x0
                0x20016dc8                __end__ = .
                0x20016dc8                _end = __end__
                0x20016dc8                end = __end__
 *(.heap*)
                0x20016dc8                __HeapLimit = .

.co_stack       0x20016dc8      0x800 load address 0x08028fc8
                0x20016dc8                . = ALIGN (0x8)
 *(.co_stack .co_stack.*)
 .co_stack      0x20016dc8      0x800 ..\obj\startup_stm32f4xx.o
                0x20016dc8                pulStack
                0x20020000                __StackTop = (ORIGIN (ram) + 0x20000)
                0x2001f800                __StackLimit = (__StackTop - SIZEOF (.co_stack))
                0x20020000                PROVIDE (__stack, __StackTop)
                0x00000001                ASSERT ((__StackLimit >= __HeapLimit), region ram  overflowed with stack)
LOAD ..\obj\stm32f4xx_syscfg.o
LOAD ..\obj\mem.o
LOAD ..\obj\stm32f4xx_sdio.o
LOAD ..\obj\mb.o
LOAD ..\obj\mbfuncdisc.o
LOAD ..\obj\tcp.o
LOAD ..\obj\err.o
LOAD ..\obj\portevent.o
LOAD ..\obj\porttcp.o
LOAD ..\obj\mbfuncother.o
LOAD ..\obj\tcp_in.o
LOAD ..\obj\stm32f4xx_usart.o
LOAD ..\obj\stm32f4xx_pwr.o
LOAD ..\obj\slipif.o
LOAD ..\obj\memp.o
LOAD ..\obj\autoip.o
LOAD ..\obj\ip_frag.o
LOAD ..\obj\netbuf.o
LOAD ..\obj\tcpip.o
LOAD ..\obj\mbutils.o
LOAD ..\obj\stm32f4xx_dac.o
LOAD ..\obj\startup_stm32f4xx.o
LOAD ..\obj\stm32f4x7_eth.o
LOAD ..\obj\sys.o
LOAD ..\obj\ip_addr.o
LOAD ..\obj\mbfuncholding.o
LOAD ..\obj\inet_chksum.o
LOAD ..\obj\main.o
LOAD ..\obj\mbcrc.o
LOAD ..\obj\stm32f4xx_rcc.o
LOAD ..\obj\netconf.o
LOAD ..\obj\stm32f4xx_it.o
LOAD ..\obj\netdb.o
LOAD ..\obj\init.o
LOAD ..\obj\stm32f4xx_adc.o
LOAD ..\obj\stm32f4x7_eth_bsp.o
LOAD ..\obj\mbfuncinput.o
LOAD ..\obj\ethernetif.o
LOAD ..\obj\etharp.o
LOAD ..\obj\mbfuncdiag.o
LOAD ..\obj\tcp_send.o
LOAD ..\obj\pbuf.o
LOAD ..\obj\stats.o
LOAD ..\obj\inet.o
LOAD ..\obj\netif.o
LOAD ..\obj\api_msg.o
LOAD ..\obj\stm32f4xx_gpio.o
LOAD ..\obj\mbrtu.o
LOAD ..\obj\system_stm32f4xx.o
LOAD ..\obj\syscalls.o
LOAD ..\obj\stm32f4xx_dma.o
LOAD ..\obj\portother.o
LOAD ..\obj\adc.o
LOAD ..\obj\sockets.o
LOAD ..\obj\igmp.o
LOAD ..\obj\udp.o
LOAD ..\obj\ip.o
LOAD ..\obj\mbfunccoils.o
LOAD ..\obj\stm32f4xx_exti.o
LOAD ..\obj\icmp.o
LOAD ..\obj\dns.o
LOAD ..\obj\netifapi.o
LOAD ..\obj\misc.o
LOAD ..\obj\api_lib.o
LOAD ..\obj\udp_send.o
LOAD ..\obj\mbtcp.o
LOAD ..\obj\dhcp.o
LOAD ..\obj\mbascii.o
LOAD ..\obj\mbfunc.o
LOAD ..\obj\stm32f4xx_tim.o
LOAD ..\obj\tcp_out.o
LOAD ..\obj\loopif.o
LOAD ..\obj\raw.o
START GROUP
LOAD c:/program files/gnu tools arm embedded/4.9 2015q2/bin/../lib/gcc/arm-none-eabi/4.9.3/armv7e-m\libgcc.a
LOAD c:/program files/gnu tools arm embedded/4.9 2015q2/bin/../lib/gcc/arm-none-eabi/4.9.3/../../../../arm-none-eabi/lib/armv7e-m\libg.a
LOAD c:/program files/gnu tools arm embedded/4.9 2015q2/bin/../lib/gcc/arm-none-eabi/4.9.3/../../../../arm-none-eabi/lib/armv7e-m\libc.a
END GROUP
OUTPUT(LAN8720.elf elf32-littlearm)

.debug_info     0x00000000    0x1659a
 .debug_info    0x00000000      0x26c ..\obj\stm32f4xx_syscfg.o
 .debug_info    0x0000026c      0x345 ..\obj\mem.o
 .debug_info    0x000005b1      0x5fb ..\obj\mb.o
 .debug_info    0x00000bac      0x1b6 ..\obj\mbfuncdisc.o
 .debug_info    0x00000d62     0x1172 ..\obj\tcp.o
 .debug_info    0x00001ed4      0x14c ..\obj\portevent.o
 .debug_info    0x00002020      0x8de ..\obj\porttcp.o
 .debug_info    0x000028fe      0x219 ..\obj\mbfuncother.o
 .debug_info    0x00002b17      0xc1a ..\obj\tcp_in.o
 .debug_info    0x00003731      0x253 ..\obj\memp.o
 .debug_info    0x00003984      0x682 ..\obj\autoip.o
 .debug_info    0x00004006      0x8d8 ..\obj\ip_frag.o
 .debug_info    0x000048de      0x26c ..\obj\mbutils.o
 .debug_info    0x00004b4a       0xed ..\obj\startup_stm32f4xx.o
 .debug_info    0x00004c37     0x190f ..\obj\stm32f4x7_eth.o
 .debug_info    0x00006546      0x32e ..\obj\ip_addr.o
 .debug_info    0x00006874      0x33f ..\obj\mbfuncholding.o
 .debug_info    0x00006bb3      0x2a0 ..\obj\inet_chksum.o
 .debug_info    0x00006e53      0x16a ..\obj\main.o
 .debug_info    0x00006fbd      0xc4d ..\obj\stm32f4xx_rcc.o
 .debug_info    0x00007c0a      0x70a ..\obj\netconf.o
 .debug_info    0x00008314      0x12f ..\obj\stm32f4xx_it.o
 .debug_info    0x00008443      0xc38 ..\obj\stm32f4xx_adc.o
 .debug_info    0x0000907b      0xb7a ..\obj\stm32f4x7_eth_bsp.o
 .debug_info    0x00009bf5      0x1a8 ..\obj\mbfuncinput.o
 .debug_info    0x00009d9d      0xaa1 ..\obj\ethernetif.o
 .debug_info    0x0000a83e      0xf20 ..\obj\etharp.o
 .debug_info    0x0000b75e      0x72a ..\obj\tcp_send.o
 .debug_info    0x0000be88      0x658 ..\obj\pbuf.o
 .debug_info    0x0000c4e0      0x2e1 ..\obj\inet.o
 .debug_info    0x0000c7c1      0xf10 ..\obj\netif.o
 .debug_info    0x0000d6d1      0x602 ..\obj\stm32f4xx_gpio.o
 .debug_info    0x0000dcd3      0x592 ..\obj\system_stm32f4xx.o
 .debug_info    0x0000e265      0x3ee ..\obj\syscalls.o
 .debug_info    0x0000e653      0x739 ..\obj\stm32f4xx_dma.o
 .debug_info    0x0000ed8c      0x221 ..\obj\portother.o
 .debug_info    0x0000efad      0xb0f ..\obj\adc.o
 .debug_info    0x0000fabc      0xaea ..\obj\udp.o
 .debug_info    0x000105a6      0x8e9 ..\obj\ip.o
 .debug_info    0x00010e8f      0x2d3 ..\obj\mbfunccoils.o
 .debug_info    0x00011162      0x5c0 ..\obj\icmp.o
 .debug_info    0x00011722      0x53d ..\obj\misc.o
 .debug_info    0x00011c5f      0x34d ..\obj\udp_send.o
 .debug_info    0x00011fac      0x22f ..\obj\mbtcp.o
 .debug_info    0x000121db     0x10b7 ..\obj\dhcp.o
 .debug_info    0x00013292      0x2f9 ..\obj\mbfunc.o
 .debug_info    0x0001358b     0x1c61 ..\obj\stm32f4xx_tim.o
 .debug_info    0x000151ec      0xcef ..\obj\tcp_out.o
 .debug_info    0x00015edb      0x6bf ..\obj\raw.o

.debug_abbrev   0x00000000     0x445f
 .debug_abbrev  0x00000000      0x131 ..\obj\stm32f4xx_syscfg.o
 .debug_abbrev  0x00000131      0x15e ..\obj\mem.o
 .debug_abbrev  0x0000028f      0x173 ..\obj\mb.o
 .debug_abbrev  0x00000402       0x8e ..\obj\mbfuncdisc.o
 .debug_abbrev  0x00000490      0x2c4 ..\obj\tcp.o
 .debug_abbrev  0x00000754       0xaa ..\obj\portevent.o
 .debug_abbrev  0x000007fe      0x22f ..\obj\porttcp.o
 .debug_abbrev  0x00000a2d       0xa9 ..\obj\mbfuncother.o
 .debug_abbrev  0x00000ad6      0x1e9 ..\obj\tcp_in.o
 .debug_abbrev  0x00000cbf      0x11e ..\obj\memp.o
 .debug_abbrev  0x00000ddd      0x1ae ..\obj\autoip.o
 .debug_abbrev  0x00000f8b      0x1e8 ..\obj\ip_frag.o
 .debug_abbrev  0x00001173       0xc4 ..\obj\mbutils.o
 .debug_abbrev  0x00001237       0xb0 ..\obj\startup_stm32f4xx.o
 .debug_abbrev  0x000012e7      0x240 ..\obj\stm32f4x7_eth.o
 .debug_abbrev  0x00001527       0xfc ..\obj\ip_addr.o
 .debug_abbrev  0x00001623       0xaa ..\obj\mbfuncholding.o
 .debug_abbrev  0x000016cd      0x13c ..\obj\inet_chksum.o
 .debug_abbrev  0x00001809       0xed ..\obj\main.o
 .debug_abbrev  0x000018f6      0x1e3 ..\obj\stm32f4xx_rcc.o
 .debug_abbrev  0x00001ad9      0x141 ..\obj\netconf.o
 .debug_abbrev  0x00001c1a       0x7d ..\obj\stm32f4xx_it.o
 .debug_abbrev  0x00001c97      0x196 ..\obj\stm32f4xx_adc.o
 .debug_abbrev  0x00001e2d      0x1cb ..\obj\stm32f4x7_eth_bsp.o
 .debug_abbrev  0x00001ff8       0x8e ..\obj\mbfuncinput.o
 .debug_abbrev  0x00002086      0x21c ..\obj\ethernetif.o
 .debug_abbrev  0x000022a2      0x20a ..\obj\etharp.o
 .debug_abbrev  0x000024ac      0x187 ..\obj\tcp_send.o
 .debug_abbrev  0x00002633      0x1a3 ..\obj\pbuf.o
 .debug_abbrev  0x000027d6      0x130 ..\obj\inet.o
 .debug_abbrev  0x00002906      0x256 ..\obj\netif.o
 .debug_abbrev  0x00002b5c      0x1a3 ..\obj\stm32f4xx_gpio.o
 .debug_abbrev  0x00002cff      0x136 ..\obj\system_stm32f4xx.o
 .debug_abbrev  0x00002e35       0xe2 ..\obj\syscalls.o
 .debug_abbrev  0x00002f17      0x155 ..\obj\stm32f4xx_dma.o
 .debug_abbrev  0x0000306c       0xee ..\obj\portother.o
 .debug_abbrev  0x0000315a      0x149 ..\obj\adc.o
 .debug_abbrev  0x000032a3      0x20c ..\obj\udp.o
 .debug_abbrev  0x000034af      0x195 ..\obj\ip.o
 .debug_abbrev  0x00003644       0xbc ..\obj\mbfunccoils.o
 .debug_abbrev  0x00003700      0x1a3 ..\obj\icmp.o
 .debug_abbrev  0x000038a3      0x145 ..\obj\misc.o
 .debug_abbrev  0x000039e8      0x14f ..\obj\udp_send.o
 .debug_abbrev  0x00003b37       0xe1 ..\obj\mbtcp.o
 .debug_abbrev  0x00003c18      0x229 ..\obj\dhcp.o
 .debug_abbrev  0x00003e41       0xb3 ..\obj\mbfunc.o
 .debug_abbrev  0x00003ef4      0x187 ..\obj\stm32f4xx_tim.o
 .debug_abbrev  0x0000407b      0x224 ..\obj\tcp_out.o
 .debug_abbrev  0x0000429f      0x1c0 ..\obj\raw.o

.debug_aranges  0x00000000     0x1700
 .debug_aranges
                0x00000000       0x48 ..\obj\stm32f4xx_syscfg.o
 .debug_aranges
                0x00000048       0x48 ..\obj\mem.o
 .debug_aranges
                0x00000090       0x50 ..\obj\mb.o
 .debug_aranges
                0x000000e0       0x20 ..\obj\mbfuncdisc.o
 .debug_aranges
                0x00000100      0x110 ..\obj\tcp.o
 .debug_aranges
                0x00000210       0x30 ..\obj\portevent.o
 .debug_aranges
                0x00000240       0x60 ..\obj\porttcp.o
 .debug_aranges
                0x000002a0       0x28 ..\obj\mbfuncother.o
 .debug_aranges
                0x000002c8       0x48 ..\obj\tcp_in.o
 .debug_aranges
                0x00000310       0x30 ..\obj\memp.o
 .debug_aranges
                0x00000340       0x78 ..\obj\autoip.o
 .debug_aranges
                0x000003b8       0x58 ..\obj\ip_frag.o
 .debug_aranges
                0x00000410       0x30 ..\obj\mbutils.o
 .debug_aranges
                0x00000440       0x28 ..\obj\startup_stm32f4xx.o
 .debug_aranges
                0x00000468      0x2b8 ..\obj\stm32f4x7_eth.o
 .debug_aranges
                0x00000720       0x20 ..\obj\ip_addr.o
 .debug_aranges
                0x00000740       0x38 ..\obj\mbfuncholding.o
 .debug_aranges
                0x00000778       0x38 ..\obj\inet_chksum.o
 .debug_aranges
                0x000007b0       0x30 ..\obj\main.o
 .debug_aranges
                0x000007e0      0x178 ..\obj\stm32f4xx_rcc.o
 .debug_aranges
                0x00000958       0x30 ..\obj\netconf.o
 .debug_aranges
                0x00000988       0x60 ..\obj\stm32f4xx_it.o
 .debug_aranges
                0x000009e8      0x148 ..\obj\stm32f4xx_adc.o
 .debug_aranges
                0x00000b30       0x40 ..\obj\stm32f4x7_eth_bsp.o
 .debug_aranges
                0x00000b70       0x20 ..\obj\mbfuncinput.o
 .debug_aranges
                0x00000b90       0x40 ..\obj\ethernetif.o
 .debug_aranges
                0x00000bd0       0x80 ..\obj\etharp.o
 .debug_aranges
                0x00000c50       0x40 ..\obj\tcp_send.o
 .debug_aranges
                0x00000c90       0x80 ..\obj\pbuf.o
 .debug_aranges
                0x00000d10       0x50 ..\obj\inet.o
 .debug_aranges
                0x00000d60       0x90 ..\obj\netif.o
 .debug_aranges
                0x00000df0       0x88 ..\obj\stm32f4xx_gpio.o
 .debug_aranges
                0x00000e78       0x30 ..\obj\system_stm32f4xx.o
 .debug_aranges
                0x00000ea8       0x60 ..\obj\syscalls.o
 .debug_aranges
                0x00000f08       0xb0 ..\obj\stm32f4xx_dma.o
 .debug_aranges
                0x00000fb8       0x28 ..\obj\portother.o
 .debug_aranges
                0x00000fe0       0x28 ..\obj\adc.o
 .debug_aranges
                0x00001008       0x68 ..\obj\udp.o
 .debug_aranges
                0x00001070       0x38 ..\obj\ip.o
 .debug_aranges
                0x000010a8       0x30 ..\obj\mbfunccoils.o
 .debug_aranges
                0x000010d8       0x38 ..\obj\icmp.o
 .debug_aranges
                0x00001110       0x40 ..\obj\misc.o
 .debug_aranges
                0x00001150       0x30 ..\obj\udp_send.o
 .debug_aranges
                0x00001180       0x40 ..\obj\mbtcp.o
 .debug_aranges
                0x000011c0      0x138 ..\obj\dhcp.o
 .debug_aranges
                0x000012f8       0x38 ..\obj\mbfunc.o
 .debug_aranges
                0x00001330      0x2f8 ..\obj\stm32f4xx_tim.o
 .debug_aranges
                0x00001628       0x80 ..\obj\tcp_out.o
 .debug_aranges
                0x000016a8       0x58 ..\obj\raw.o

.debug_ranges   0x00000000     0x13f0
 .debug_ranges  0x00000000       0x38 ..\obj\stm32f4xx_syscfg.o
 .debug_ranges  0x00000038       0x38 ..\obj\mem.o
 .debug_ranges  0x00000070       0x40 ..\obj\mb.o
 .debug_ranges  0x000000b0       0x10 ..\obj\mbfuncdisc.o
 .debug_ranges  0x000000c0      0x100 ..\obj\tcp.o
 .debug_ranges  0x000001c0       0x20 ..\obj\portevent.o
 .debug_ranges  0x000001e0       0x50 ..\obj\porttcp.o
 .debug_ranges  0x00000230       0x18 ..\obj\mbfuncother.o
 .debug_ranges  0x00000248       0x38 ..\obj\tcp_in.o
 .debug_ranges  0x00000280       0x20 ..\obj\memp.o
 .debug_ranges  0x000002a0       0x68 ..\obj\autoip.o
 .debug_ranges  0x00000308       0x48 ..\obj\ip_frag.o
 .debug_ranges  0x00000350       0x20 ..\obj\mbutils.o
 .debug_ranges  0x00000370       0x18 ..\obj\startup_stm32f4xx.o
 .debug_ranges  0x00000388      0x2a8 ..\obj\stm32f4x7_eth.o
 .debug_ranges  0x00000630       0x10 ..\obj\ip_addr.o
 .debug_ranges  0x00000640       0x28 ..\obj\mbfuncholding.o
 .debug_ranges  0x00000668       0x28 ..\obj\inet_chksum.o
 .debug_ranges  0x00000690       0x20 ..\obj\main.o
 .debug_ranges  0x000006b0      0x168 ..\obj\stm32f4xx_rcc.o
 .debug_ranges  0x00000818       0x20 ..\obj\netconf.o
 .debug_ranges  0x00000838       0x50 ..\obj\stm32f4xx_it.o
 .debug_ranges  0x00000888      0x138 ..\obj\stm32f4xx_adc.o
 .debug_ranges  0x000009c0       0x30 ..\obj\stm32f4x7_eth_bsp.o
 .debug_ranges  0x000009f0       0x10 ..\obj\mbfuncinput.o
 .debug_ranges  0x00000a00       0x30 ..\obj\ethernetif.o
 .debug_ranges  0x00000a30       0x70 ..\obj\etharp.o
 .debug_ranges  0x00000aa0       0x30 ..\obj\tcp_send.o
 .debug_ranges  0x00000ad0       0x70 ..\obj\pbuf.o
 .debug_ranges  0x00000b40       0x40 ..\obj\inet.o
 .debug_ranges  0x00000b80       0x80 ..\obj\netif.o
 .debug_ranges  0x00000c00       0x78 ..\obj\stm32f4xx_gpio.o
 .debug_ranges  0x00000c78       0x20 ..\obj\system_stm32f4xx.o
 .debug_ranges  0x00000c98       0x50 ..\obj\syscalls.o
 .debug_ranges  0x00000ce8       0xa0 ..\obj\stm32f4xx_dma.o
 .debug_ranges  0x00000d88       0x18 ..\obj\portother.o
 .debug_ranges  0x00000da0       0x18 ..\obj\adc.o
 .debug_ranges  0x00000db8       0x58 ..\obj\udp.o
 .debug_ranges  0x00000e10       0x28 ..\obj\ip.o
 .debug_ranges  0x00000e38       0x20 ..\obj\mbfunccoils.o
 .debug_ranges  0x00000e58       0x28 ..\obj\icmp.o
 .debug_ranges  0x00000e80       0x30 ..\obj\misc.o
 .debug_ranges  0x00000eb0       0x20 ..\obj\udp_send.o
 .debug_ranges  0x00000ed0       0x30 ..\obj\mbtcp.o
 .debug_ranges  0x00000f00      0x128 ..\obj\dhcp.o
 .debug_ranges  0x00001028       0x28 ..\obj\mbfunc.o
 .debug_ranges  0x00001050      0x2e8 ..\obj\stm32f4xx_tim.o
 .debug_ranges  0x00001338       0x70 ..\obj\tcp_out.o
 .debug_ranges  0x000013a8       0x48 ..\obj\raw.o

.debug_line     0x00000000     0xa0b2
 .debug_line    0x00000000      0x243 ..\obj\stm32f4xx_syscfg.o
 .debug_line    0x00000243      0x228 ..\obj\mem.o
 .debug_line    0x0000046b      0x250 ..\obj\mb.o
 .debug_line    0x000006bb      0x144 ..\obj\mbfuncdisc.o
 .debug_line    0x000007ff      0x795 ..\obj\tcp.o
 .debug_line    0x00000f94       0xf9 ..\obj\portevent.o
 .debug_line    0x0000108d      0x2c9 ..\obj\porttcp.o
 .debug_line    0x00001356      0x1b4 ..\obj\mbfuncother.o
 .debug_line    0x0000150a      0x6d8 ..\obj\tcp_in.o
 .debug_line    0x00001be2      0x185 ..\obj\memp.o
 .debug_line    0x00001d67      0x37e ..\obj\autoip.o
 .debug_line    0x000020e5      0x3a1 ..\obj\ip_frag.o
 .debug_line    0x00002486      0x159 ..\obj\mbutils.o
 .debug_line    0x000025df       0xae ..\obj\startup_stm32f4xx.o
 .debug_line    0x0000268d      0xb35 ..\obj\stm32f4x7_eth.o
 .debug_line    0x000031c2      0x19f ..\obj\ip_addr.o
 .debug_line    0x00003361      0x1d7 ..\obj\mbfuncholding.o
 .debug_line    0x00003538      0x201 ..\obj\inet_chksum.o
 .debug_line    0x00003739      0x1b1 ..\obj\main.o
 .debug_line    0x000038ea      0x5d9 ..\obj\stm32f4xx_rcc.o
 .debug_line    0x00003ec3      0x2cf ..\obj\netconf.o
 .debug_line    0x00004192      0x236 ..\obj\stm32f4xx_it.o
 .debug_line    0x000043c8      0x58a ..\obj\stm32f4xx_adc.o
 .debug_line    0x00004952      0x380 ..\obj\stm32f4x7_eth_bsp.o
 .debug_line    0x00004cd2      0x13a ..\obj\mbfuncinput.o
 .debug_line    0x00004e0c      0x3d3 ..\obj\ethernetif.o
 .debug_line    0x000051df      0x4e4 ..\obj\etharp.o
 .debug_line    0x000056c3      0x2dd ..\obj\tcp_send.o
 .debug_line    0x000059a0      0x3c1 ..\obj\pbuf.o
 .debug_line    0x00005d61      0x26d ..\obj\inet.o
 .debug_line    0x00005fce      0x3b0 ..\obj\netif.o
 .debug_line    0x0000637e      0x37b ..\obj\stm32f4xx_gpio.o
 .debug_line    0x000066f9      0x20e ..\obj\system_stm32f4xx.o
 .debug_line    0x00006907      0x179 ..\obj\syscalls.o
 .debug_line    0x00006a80      0x414 ..\obj\stm32f4xx_dma.o
 .debug_line    0x00006e94      0x149 ..\obj\portother.o
 .debug_line    0x00006fdd      0x2c1 ..\obj\adc.o
 .debug_line    0x0000729e      0x3e0 ..\obj\udp.o
 .debug_line    0x0000767e      0x2fc ..\obj\ip.o
 .debug_line    0x0000797a      0x1a9 ..\obj\mbfunccoils.o
 .debug_line    0x00007b23      0x223 ..\obj\icmp.o
 .debug_line    0x00007d46      0x27d ..\obj\misc.o
 .debug_line    0x00007fc3      0x2b4 ..\obj\udp_send.o
 .debug_line    0x00008277      0x162 ..\obj\mbtcp.o
 .debug_line    0x000083d9      0x83d ..\obj\dhcp.o
 .debug_line    0x00008c16      0x22c ..\obj\mbfunc.o
 .debug_line    0x00008e42      0xaa2 ..\obj\stm32f4xx_tim.o
 .debug_line    0x000098e4      0x522 ..\obj\tcp_out.o
 .debug_line    0x00009e06      0x2ac ..\obj\raw.o

.debug_str      0x00000000     0x6fcb
 .debug_str     0x00000000      0x2a2 ..\obj\stm32f4xx_syscfg.o
                                0x300 (size before relaxing)
 .debug_str     0x000002a2      0x142 ..\obj\mem.o
                                0x265 (size before relaxing)
 .debug_str     0x000003e4      0x4ae ..\obj\mb.o
                                0x638 (size before relaxing)
 .debug_str     0x00000892       0xad ..\obj\mbfuncdisc.o
                                0x36f (size before relaxing)
 .debug_str     0x0000093f      0x5b3 ..\obj\tcp.o
                                0x82b (size before relaxing)
 .debug_str     0x00000ef2       0xa1 ..\obj\portevent.o
                                0x242 (size before relaxing)
 .debug_str     0x00000f93      0x1d9 ..\obj\porttcp.o
                                0x626 (size before relaxing)
 .debug_str     0x0000116c       0xc4 ..\obj\mbfuncother.o
                                0x398 (size before relaxing)
 .debug_str     0x00001230      0x151 ..\obj\tcp_in.o
                                0x6c2 (size before relaxing)
 .debug_str     0x00001381       0x9e ..\obj\memp.o
                                0x29f (size before relaxing)
 .debug_str     0x0000141f      0x1da ..\obj\autoip.o
                                0x414 (size before relaxing)
 .debug_str     0x000015f9      0x27f ..\obj\ip_frag.o
                                0x583 (size before relaxing)
 .debug_str     0x00001878       0xe5 ..\obj\mbutils.o
                                0x39e (size before relaxing)
 .debug_str     0x0000195d       0xbc ..\obj\startup_stm32f4xx.o
                                0x153 (size before relaxing)
 .debug_str     0x00001a19     0x127d ..\obj\stm32f4x7_eth.o
                               0x1472 (size before relaxing)
 .debug_str     0x00002c96       0x81 ..\obj\ip_addr.o
                                0x295 (size before relaxing)
 .debug_str     0x00002d17      0x161 ..\obj\mbfuncholding.o
                                0x44d (size before relaxing)
 .debug_str     0x00002e78       0xb5 ..\obj\inet_chksum.o
                                0x25f (size before relaxing)
 .debug_str     0x00002f2d       0x80 ..\obj\main.o
                                0x226 (size before relaxing)
 .debug_str     0x00002fad      0x5e9 ..\obj\stm32f4xx_rcc.o
                                0x85c (size before relaxing)
 .debug_str     0x00003596      0x1f1 ..\obj\netconf.o
                                0x4a7 (size before relaxing)
 .debug_str     0x00003787       0xf5 ..\obj\stm32f4xx_it.o
                                0x21d (size before relaxing)
 .debug_str     0x0000387c      0x640 ..\obj\stm32f4xx_adc.o
                                0x810 (size before relaxing)
 .debug_str     0x00003ebc      0x82a ..\obj\stm32f4x7_eth_bsp.o
                                0xe31 (size before relaxing)
 .debug_str     0x000046e6       0x6c ..\obj\mbfuncinput.o
                                0x363 (size before relaxing)
 .debug_str     0x00004752       0xaa ..\obj\ethernetif.o
                                0x6cd (size before relaxing)
 .debug_str     0x000047fc      0x278 ..\obj\etharp.o
                                0x806 (size before relaxing)
 .debug_str     0x00004a74       0xea ..\obj\tcp_send.o
                                0x51f (size before relaxing)
 .debug_str     0x00004b5e      0x188 ..\obj\pbuf.o
                                0x431 (size before relaxing)
 .debug_str     0x00004ce6       0x97 ..\obj\inet.o
                                0x208 (size before relaxing)
 .debug_str     0x00004d7d      0x154 ..\obj\netif.o
                                0x7b5 (size before relaxing)
 .debug_str     0x00004ed1      0x1a9 ..\obj\stm32f4xx_gpio.o
                                0x4af (size before relaxing)
 .debug_str     0x0000507a       0xd0 ..\obj\system_stm32f4xx.o
                                0x3b6 (size before relaxing)
 .debug_str     0x0000514a      0x157 ..\obj\syscalls.o
                                0x2ea (size before relaxing)
 .debug_str     0x000052a1      0x380 ..\obj\stm32f4xx_dma.o
                                0x54e (size before relaxing)
 .debug_str     0x00005621       0xe6 ..\obj\portother.o