Archive member included because of file (symbol)

c:/program files/gnu tools arm embedded/4.9 2015q2/bin/../lib/gcc/arm-none-eabi/4.9.3/armv7e-m\libgcc.a(_arm_addsubdf3.o)
                              ..\obj\httpd_cgi_ssi.o (__aeabi_ui2d)
c:/program files/gnu tools arm embedded/4.9 2015q2/bin/../lib/gcc/arm-none-eabi/4.9.3/armv7e-m\libgcc.a(_arm_muldivdf3.o)
                              ..\obj\httpd_cgi_ssi.o (__aeabi_dmul)
c:/program files/gnu tools arm embedded/4.9 2015q2/bin/../lib/gcc/arm-none-eabi/4.9.3/armv7e-m\libgcc.a(_arm_fixunsdfsi.o)
                              ..\obj\httpd_cgi_ssi.o (__aeabi_d2uiz)
c:/program files/gnu tools arm embedded/4.9 2015q2/bin/../lib/gcc/arm-none-eabi/4.9.3/../../../../arm-none-eabi/lib/armv7e-m\libg.a(lib_a-memcmp.o)
                              ..\obj\autoip.o (memcmp)
c:/program files/gnu tools arm embedded/4.9 2015q2/bin/../lib/gcc/arm-none-eabi/4.9.3/../../../../arm-none-eabi/lib/armv7e-m\libg.a(lib_a-memcpy.o)
                              ..\obj\porttcp.o (memcpy)
c:/program files/gnu tools arm embedded/4.9 2015q2/bin/../lib/gcc/arm-none-eabi/4.9.3/../../../../arm-none-eabi/lib/armv7e-m\libg.a(lib_a-memset.o)
                              ..\obj\mem.o (memset)
c:/program files/gnu tools arm embedded/4.9 2015q2/bin/../lib/gcc/arm-none-eabi/4.9.3/../../../../arm-none-eabi/lib/armv7e-m\libg.a(lib_a-printf.o)
                              ..\obj\portother.o (printf)
c:/program files/gnu tools arm embedded/4.9 2015q2/bin/../lib/gcc/arm-none-eabi/4.9.3/../../../../arm-none-eabi/lib/armv7e-m\libg.a(lib_a-snprintf.o)
                              ..\obj\portother.o (snprintf)
c:/program files/gnu tools arm embedded/4.9 2015q2/bin/../lib/gcc/arm-none-eabi/4.9.3/../../../../arm-none-eabi/lib/armv7e-m\libg.a(lib_a-strchr.o)
                              ..\obj\httpd.o (strchr)
c:/program files/gnu tools arm embedded/4.9 2015q2/bin/../lib/gcc/arm-none-eabi/4.9.3/../../../../arm-none-eabi/lib/armv7e-m\libg.a(lib_a-strcmp.o)
                              ..\obj\fs.o (strcmp)
c:/program files/gnu tools arm embedded/4.9 2015q2/bin/../lib/gcc/arm-none-eabi/4.9.3/../../../../arm-none-eabi/lib/armv7e-m\libg.a(lib_a-strlen.o)
                              ..\obj\httpd.o (strlen)
c:/program files/gnu tools arm embedded/4.9 2015q2/bin/../lib/gcc/arm-none-eabi/4.9.3/../../../../arm-none-eabi/lib/armv7e-m\libg.a(lib_a-strncmp.o)
                              ..\obj\httpd.o (strncmp)
c:/program files/gnu tools arm embedded/4.9 2015q2/bin/../lib/gcc/arm-none-eabi/4.9.3/../../../../arm-none-eabi/lib/armv7e-m\libg.a(lib_a-strstr.o)
                              ..\obj\httpd.o (strstr)
c:/program files/gnu tools arm embedded/4.9 2015q2/bin/../lib/gcc/arm-none-eabi/4.9.3/../../../../arm-none-eabi/lib/armv7e-m\libg.a(lib_a-svfprintf.o)
                              c:/program files/gnu tools arm embedded/4.9 2015q2/bin/../lib/gcc/arm-none-eabi/4.9.3/../../../../arm-none-eabi/lib/armv7e-m\libg.a(lib_a-snprintf.o) (_svfprintf_r)
c:/program files/gnu tools arm embedded/4.9 2015q2/bin/../lib/gcc/arm-none-eabi/4.9.3/../../../../arm-none-eabi/lib/armv7e-m\libg.a(lib_a-vfprintf.o)
                              c:/program files/gnu tools arm embedded/4.9 2015q2/bin/../lib/gcc/arm-none-eabi/4.9.3/../../../../arm-none-eabi/lib/armv7e-m\libg.a(lib_a-printf.o) (_vfprintf_r)
c:/program files/gnu tools arm embedded/4.9 2015q2/bin/../lib/gcc/arm-none-eabi/4.9.3/../../../../arm-none-eabi/lib/armv7e-m\libg.a(lib_a-vprintf.o)
                              ..\obj\portother.o (vprintf)
c:/program files/gnu tools arm embedded/4.9 2015q2/bin/../lib/gcc/arm-none-eabi/4.9.3/../../../../arm-none-eabi/lib/armv7e-m\libg.a(lib_a-wsetup.o)
                              c:/program files/gnu tools arm embedded/4.9 2015q2/bin/../lib/gcc/arm-none-eabi/4.9.3/../../../../arm-none-eabi/lib/armv7e-m\libg.a(lib_a-vfprintf.o) (__swsetup_r)
c:/program files/gnu tools arm embedded/4.9 2015q2/bin/../lib/gcc/arm-none-eabi/4.9.3/../../../../arm-none-eabi/lib/armv7e-m\libg.a(lib_a-dtoa.o)
                              c:/program files/gnu tools arm embedded/4.9 2015q2/bin/../lib/gcc/arm-none-eabi/4.9.3/../../../../arm-none-eabi/lib/armv7e-m\libg.a(lib_a-svfprintf.o) (_dtoa_r)
c:/program files/gnu tools arm embedded/4.9 2015q2/bin/../lib/gcc/arm-none-eabi/4.9.3/../../../../arm-none-eabi/lib/armv7e-m\libg.a(lib_a-fflush.o)
                              c:/program files/gnu tools arm embedded/4.9 2015q2/bin/../lib/gcc/arm-none-eabi/4.9.3/../../../../arm-none-eabi/lib/armv7e-m\libg.a(lib_a-vfprintf.o) (_fflush_r)
c:/program files/gnu tools arm embedded/4.9 2015q2/bin/../lib/gcc/arm-none-eabi/4.9.3/../../../../arm-none-eabi/lib/armv7e-m\libg.a(lib_a-findfp.o)
                              c:/program files/gnu tools arm embedded/4.9 2015q2/bin/../lib/gcc/arm-none-eabi/4.9.3/../../../../arm-none-eabi/lib/armv7e-m\libg.a(lib_a-vfprintf.o) (__sinit)
[...]
Memory Configuration

Name             Origin             Length             Attributes
rom              0x08000000         0x00100000         xr
ram              0x20000000         0x00020000         xrw
ram1             0x10000000         0x00010000         xrw
*default*        0x00000000         0xffffffff

Linker script and memory map

                0x20020000                _eram = 0x20020000

.text           0x08000000     0x9ee2
 *(.isr_vector)
 .isr_vector    0x08000000      0x188 ..\obj\startup_stm32f4xx.o
                0x08000000                g_pfnVectors
 *(.text*)
 .text.SYSCFG_ETH_MediaInterfaceConfig
                0x08000188       0x1c ..\obj\stm32f4xx_syscfg.o
                0x08000188                SYSCFG_ETH_MediaInterfaceConfig
 .text.plug_holes
                0x080001a4       0xbc ..\obj\mem.o
 .text.mem_init
                0x08000260       0x84 ..\obj\mem.o
                0x08000260                mem_init
 .text.mem_free
                0x080002e4       0x5c ..\obj\mem.o
                0x080002e4                mem_free
 .text.mem_realloc
                0x08000340      0x174 ..\obj\mem.o
                0x08000340                mem_realloc
 .text.mem_malloc
                0x080004b4      0x144 ..\obj\mem.o
                0x080004b4                mem_malloc
 .text.tcp_tmr  0x080005f8       0x2c ..\obj\tcp.o
                0x080005f8                tcp_tmr
 .text.tcp_close
                0x08000624      0x164 ..\obj\tcp.o
                0x08000624                tcp_close
 .text.tcp_abandon
                0x08000788       0xe0 ..\obj\tcp.o
                0x08000788                tcp_abandon
 .text.tcp_update_rcv_ann_wnd
                0x08000868       0x84 ..\obj\tcp.o
                0x08000868                tcp_update_rcv_ann_wnd
 .text.tcp_recved
                0x080008ec       0x60 ..\obj\tcp.o
                0x080008ec                tcp_recved
 .text.tcp_new_port
                0x0800094c       0xac ..\obj\tcp.o
 .text.tcp_connect
                0x080009f8      0x174 ..\obj\tcp.o
                0x080009f8                tcp_connect
 .text.tcp_slowtmr
                0x08000b6c      0x3d4 ..\obj\tcp.o
                0x08000b6c                tcp_slowtmr
 .text.tcp_fasttmr
                0x08000f40       0xc0 ..\obj\tcp.o
                0x08000f40                tcp_fasttmr
 .text.tcp_segs_free
                0x08001000       0x38 ..\obj\tcp.o
                0x08001000                tcp_segs_free
 .text.tcp_seg_free
                0x08001038       0x3c ..\obj\tcp.o
                0x08001038                tcp_seg_free
 .text.tcp_recv_null
                0x08001074       0x48 ..\obj\tcp.o
                0x08001074                tcp_recv_null
 .text.tcp_kill_prio
                0x080010bc       0x80 ..\obj\tcp.o
 .text.tcp_kill_timewait
                0x0800113c       0x60 ..\obj\tcp.o
 .text.tcp_alloc
                0x0800119c      0x10c ..\obj\tcp.o
                0x0800119c                tcp_alloc
 .text.tcp_new  0x080012a8       0x10 ..\obj\tcp.o
                0x080012a8                tcp_new
 .text.tcp_arg  0x080012b8       0x1c ..\obj\tcp.o
                0x080012b8                tcp_arg
 .text.tcp_sent
                0x080012d4       0x1c ..\obj\tcp.o
                0x080012d4                tcp_sent
 .text.tcp_pcb_purge
                0x080012f0       0x60 ..\obj\tcp.o
                0x080012f0                tcp_pcb_purge
 .text.tcp_pcb_remove
                0x08001350       0xa8 ..\obj\tcp.o
                0x08001350                tcp_pcb_remove
 .text.tcp_next_iss
                0x080013f8       0x28 ..\obj\tcp.o
                0x080013f8                tcp_next_iss
 .text.tcp_eff_send_mss
                0x08001420       0x40 ..\obj\tcp.o
                0x08001420                tcp_eff_send_mss
 .text.tcp_input
                0x08001460      0x5d0 ..\obj\tcp_in.o
                0x08001460                tcp_input
 .text.tcp_listen_input
                0x08001a30      0x1a4 ..\obj\tcp_in.o
 .text.tcp_timewait_input
                0x08001bd4       0xe8 ..\obj\tcp_in.o
 .text.tcp_process
                0x08001cbc      0x6cc ..\obj\tcp_in.o
 .text.tcp_receive
                0x08002388      0x890 ..\obj\tcp_in.o
 .text.tcp_parseopt
                0x08002c18      0x104 ..\obj\tcp_in.o
 .text.memp_init
                0x08002d1c       0x98 ..\obj\memp.o
                0x08002d1c                memp_init
 .text.memp_malloc
                0x08002db4       0x44 ..\obj\memp.o
                0x08002db4                memp_malloc
 .text.memp_free
                0x08002df8       0x3c ..\obj\memp.o
                0x08002df8                memp_free
 .text.autoip_handle_arp_conflict
                0x08002e34       0x40 ..\obj\autoip.o
 .text.autoip_create_addr
                0x08002e74       0x8c ..\obj\autoip.o
 .text.autoip_arp_announce
                0x08002f00       0x4c ..\obj\autoip.o
 .text.autoip_start
                0x08002f4c       0xac ..\obj\autoip.o
                0x08002f4c                autoip_start
 .text.autoip_start_probing
                0x08002ff8       0x88 ..\obj\autoip.o
 .text.autoip_arp_reply
                0x08003080       0xec ..\obj\autoip.o
                0x08003080                autoip_arp_reply
 .text.ip_reass_free_complete_datagram
                0x0800316c       0xb8 ..\obj\ip_frag.o
 .text.ip_reass_remove_oldest_datagram
                0x08003224       0xb8 ..\obj\ip_frag.o
 .text.ip_reass_enqueue_new_datagram
                0x080032dc       0x74 ..\obj\ip_frag.o
 .text.ip_reass_dequeue_datagram
                0x08003350       0x38 ..\obj\ip_frag.o
 .text.ip_reass_chain_frag_into_datagram_and_validate
                0x08003388      0x1fc ..\obj\ip_frag.o
 .text.ip_reass
                0x08003584      0x268 ..\obj\ip_frag.o
                0x08003584                ip_reass
 .text.ip_frag  0x080037ec      0x1a4 ..\obj\ip_frag.o
                0x080037ec                ip_frag
 .text.Default_Reset_Handler
                0x08003990       0x5c ..\obj\startup_stm32f4xx.o
                0x08003990                Default_Reset_Handler
                0x08003990                Reset_Handler
 .text.Default_Handler
                0x080039ec        0x8 ..\obj\startup_stm32f4xx.o
                0x080039ec                RTC_Alarm_IRQHandler
                0x080039ec                HASH_RNG_IRQHandler
                0x080039ec                EXTI2_IRQHandler
                0x080039ec                TIM8_CC_IRQHandler
                0x080039ec                TIM1_CC_IRQHandler
                0x080039ec                DMA2_Stream5_IRQHandler
                0x080039ec                DMA1_Stream5_IRQHandler
                0x080039ec                PVD_IRQHandler
                0x080039ec                SDIO_IRQHandler
                0x080039ec                TAMP_STAMP_IRQHandler
                0x080039ec                CAN2_RX1_IRQHandler
                0x080039ec                EXTI3_IRQHandler
                0x080039ec                TIM8_TRG_COM_TIM14_IRQHandler
                0x080039ec                TIM1_UP_TIM10_IRQHandler
                0x080039ec                TIM8_UP_TIM13_IRQHandler
                0x080039ec                I2C3_ER_IRQHandler
                0x080039ec                EXTI0_IRQHandler
                0x080039ec                I2C2_EV_IRQHandler
                0x080039ec                DMA1_Stream2_IRQHandler
                0x080039ec                CAN1_RX0_IRQHandler
                0x080039ec                FPU_IRQHandler
                0x080039ec                OTG_HS_WKUP_IRQHandler
                0x080039ec                CAN2_SCE_IRQHandler
                0x080039ec                DMA2_Stream2_IRQHandler
                0x080039ec                SPI1_IRQHandler
                0x080039ec                TIM6_DAC_IRQHandler
                0x080039ec                TIM1_BRK_TIM9_IRQHandler
                0x080039ec                DCMI_IRQHandler
                0x080039ec                CAN2_RX0_IRQHandler
                0x080039ec                DMA2_Stream3_IRQHandler
                0x080039ec                USART6_IRQHandler
                0x080039ec                USART3_IRQHandler
                0x080039ec                CRYP_IRQHandler
                0x080039ec                CAN1_RX1_IRQHandler
                0x080039ec                UART5_IRQHandler
                0x080039ec                TIM4_IRQHandler
                0x080039ec                I2C1_EV_IRQHandler
                0x080039ec                DMA1_Stream6_IRQHandler
                0x080039ec                DMA1_Stream1_IRQHandler
                0x080039ec                UART4_IRQHandler
                0x080039ec                TIM3_IRQHandler
                0x080039ec                RCC_IRQHandler
                0x080039ec                TIM8_BRK_TIM12_IRQHandler
                0x080039ec                EXTI15_10_IRQHandler
                0x080039ec                ADC_IRQHandler
                0x080039ec                DMA1_Stream7_IRQHandler
                0x080039ec                TIM7_IRQHandler
                0x080039ec                CAN2_TX_IRQHandler
                0x080039ec                TIM5_IRQHandler
                0x080039ec                DMA2_Stream7_IRQHandler
                0x080039ec                I2C3_EV_IRQHandler
                0x080039ec                EXTI9_5_IRQHandler
                0x080039ec                RTC_WKUP_IRQHandler
                0x080039ec                ETH_WKUP_IRQHandler
                0x080039ec                SPI2_IRQHandler
                0x080039ec                OTG_HS_EP1_IN_IRQHandler
                0x080039ec                DMA1_Stream0_IRQHandler
                0x080039ec                CAN1_TX_IRQHandler
                0x080039ec                EXTI4_IRQHandler
                0x080039ec                FSMC_IRQHandler
                0x080039ec                ETH_IRQHandler
                0x080039ec                OTG_HS_EP1_OUT_IRQHandler
                0x080039ec                WWDG_IRQHandler
                0x080039ec                TIM2_IRQHandler
                0x080039ec                OTG_FS_WKUP_IRQHandler
                0x080039ec                TIM1_TRG_COM_TIM11_IRQHandler
                0x080039ec                OTG_HS_IRQHandler
                0x080039ec                EXTI1_IRQHandler
                0x080039ec                USART2_IRQHandler
                0x080039ec                I2C2_ER_IRQHandler
                0x080039ec                DMA2_Stream1_IRQHandler
                0x080039ec                CAN1_SCE_IRQHandler
                0x080039ec                FLASH_IRQHandler
                0x080039ec                DMA2_Stream4_IRQHandler
                0x080039ec                USART1_IRQHandler
                0x080039ec                OTG_FS_IRQHandler
                0x080039ec                SPI3_IRQHandler
                0x080039ec                DMA1_Stream4_IRQHandler
                0x080039ec                I2C1_ER_IRQHandler
                0x080039ec                DMA2_Stream6_IRQHandler
                0x080039ec                DMA1_Stream3_IRQHandler
 .text.ETH_Delay
                0x080039f4       0x28 ..\obj\stm32f4x7_eth.o
 .text.ETH_DeInit
                0x08003a1c       0x1c ..\obj\stm32f4x7_eth.o
                0x08003a1c                ETH_DeInit
 .text.ETH_StructInit
                0x08003a38      0x15c ..\obj\stm32f4x7_eth.o
                0x08003a38                ETH_StructInit
 .text.ETH_Init
                0x08003b94      0x434 ..\obj\stm32f4x7_eth.o
                0x08003b94                ETH_Init
 .text.ETH_Start
                0x08003fc8       0x24 ..\obj\stm32f4x7_eth.o
                0x08003fc8                ETH_Start
 .text.ETH_MACTransmissionCmd
                0x08003fec       0x38 ..\obj\stm32f4x7_eth.o
                0x08003fec                ETH_MACTransmissionCmd
 .text.ETH_MACReceptionCmd
                0x08004024       0x38 ..\obj\stm32f4x7_eth.o
                0x08004024                ETH_MACReceptionCmd
 .text.ETH_MACAddressConfig
                0x0800405c       0x6c ..\obj\stm32f4x7_eth.o
                0x0800405c                ETH_MACAddressConfig
 .text.ETH_Get_Received_Frame
                0x080040c8       0x84 ..\obj\stm32f4x7_eth.o
                0x080040c8                ETH_Get_Received_Frame
 .text.ETH_Prepare_Transmit_Descriptors
                0x0800414c      0x16c ..\obj\stm32f4x7_eth.o
                0x0800414c                ETH_Prepare_Transmit_Descriptors
 .text.ETH_DMARxDescChainInit
                0x080042b8       0xa8 ..\obj\stm32f4x7_eth.o
                0x080042b8                ETH_DMARxDescChainInit
 .text.ETH_CheckFrameReceived
                0x08004360       0xd4 ..\obj\stm32f4x7_eth.o
                0x08004360                ETH_CheckFrameReceived
 .text.ETH_DMATxDescChainInit
                0x08004434       0x90 ..\obj\stm32f4x7_eth.o
                0x08004434                ETH_DMATxDescChainInit
 .text.ETH_DMATxDescChecksumInsertionConfig
                0x080044c4       0x20 ..\obj\stm32f4x7_eth.o
                0x080044c4                ETH_DMATxDescChecksumInsertionConfig
 .text.ETH_SoftwareReset
                0x080044e4       0x24 ..\obj\stm32f4x7_eth.o
                0x080044e4                ETH_SoftwareReset
 .text.ETH_GetSoftwareResetStatus
                0x08004508       0x38 ..\obj\stm32f4x7_eth.o
                0x08004508                ETH_GetSoftwareResetStatus
 .text.ETH_FlushTransmitFIFO
                0x08004540       0x28 ..\obj\stm32f4x7_eth.o
                0x08004540                ETH_FlushTransmitFIFO
 .text.ETH_DMATransmissionCmd
                0x08004568       0x50 ..\obj\stm32f4x7_eth.o
                0x08004568                ETH_DMATransmissionCmd
 .text.ETH_DMAReceptionCmd
                0x080045b8       0x50 ..\obj\stm32f4x7_eth.o
                0x080045b8                ETH_DMAReceptionCmd
 .text.ETH_ReadPHYRegister
                0x08004608       0xa0 ..\obj\stm32f4x7_eth.o
                0x08004608                ETH_ReadPHYRegister
 .text.ETH_WritePHYRegister
                0x080046a8       0xa4 ..\obj\stm32f4x7_eth.o
                0x080046a8                ETH_WritePHYRegister
 .text.ip_addr_isbroadcast
                0x0800474c       0x7c ..\obj\ip_addr.o
                0x0800474c                ip_addr_isbroadcast
 .text.lwip_standard_chksum
                0x080047c8       0x9c ..\obj\inet_chksum.o
 .text.inet_chksum
                0x08004864       0x24 ..\obj\inet_chksum.o
                0x08004864                inet_chksum
 .text.inet_chksum_pbuf
                0x08004888       0x98 ..\obj\inet_chksum.o
                0x08004888                inet_chksum_pbuf
 .text.main     0x08004920       0x5c ..\obj\main.o
                0x08004920                main
 .text.Time_Update
                0x0800497c       0x1c ..\obj\main.o
                0x0800497c                Time_Update
 .text.RCC_GetClocksFreq
                0x08004998      0x154 ..\obj\stm32f4xx_rcc.o
                0x08004998                RCC_GetClocksFreq
 .text.RCC_AHB1PeriphClockCmd
                0x08004aec       0x3c ..\obj\stm32f4xx_rcc.o
                0x08004aec                RCC_AHB1PeriphClockCmd
 .text.RCC_APB1PeriphClockCmd
                0x08004b28       0x3c ..\obj\stm32f4xx_rcc.o
                0x08004b28                RCC_APB1PeriphClockCmd
 .text.RCC_APB2PeriphClockCmd
                0x08004b64       0x3c ..\obj\stm32f4xx_rcc.o
                0x08004b64                RCC_APB2PeriphClockCmd
 .text.RCC_AHB1PeriphResetCmd
                0x08004ba0       0x3c ..\obj\stm32f4xx_rcc.o
                0x08004ba0                RCC_AHB1PeriphResetCmd
 .text.LwIP_Init
                0x08004bdc       0x74 ..\obj\netconf.o
                0x08004bdc                LwIP_Init
 .text.LwIP_Pkt_Handle
                0x08004c50       0x10 ..\obj\netconf.o
                0x08004c50                LwIP_Pkt_Handle
 .text.LwIP_Periodic_Handle
                0x08004c60       0x48 ..\obj\netconf.o
                0x08004c60                LwIP_Periodic_Handle
 .text.NMI_Handler
                0x08004ca8        0xc ..\obj\stm32f4xx_it.o
                0x08004ca8                NMI_Handler
 .text.HardFault_Handler
                0x08004cb4        0x8 ..\obj\stm32f4xx_it.o
                0x08004cb4                HardFault_Handler
 .text.MemManage_Handler
                0x08004cbc        0x8 ..\obj\stm32f4xx_it.o
                0x08004cbc                MemManage_Handler
 .text.BusFault_Handler
                0x08004cc4        0x8 ..\obj\stm32f4xx_it.o
                0x08004cc4                BusFault_Handler
 .text.UsageFault_Handler
                0x08004ccc        0x8 ..\obj\stm32f4xx_it.o
                0x08004ccc                UsageFault_Handler
 .text.SVC_Handler
                0x08004cd4        0xc ..\obj\stm32f4xx_it.o
                0x08004cd4                SVC_Handler
 .text.DebugMon_Handler
                0x08004ce0        0xc ..\obj\stm32f4xx_it.o
                0x08004ce0                DebugMon_Handler
 .text.PendSV_Handler
                0x08004cec        0xc ..\obj\stm32f4xx_it.o
                0x08004cec                PendSV_Handler
 .text.SysTick_Handler
                0x08004cf8        0xc ..\obj\stm32f4xx_it.o
                0x08004cf8                SysTick_Handler
 .text.ADC_Init
                0x08004d04       0xa8 ..\obj\stm32f4xx_adc.o
                0x08004d04                ADC_Init
 .text.ADC_CommonInit
                0x08004dac       0x50 ..\obj\stm32f4xx_adc.o
                0x08004dac                ADC_CommonInit
 .text.ADC_Cmd  0x08004dfc       0x38 ..\obj\stm32f4xx_adc.o
                0x08004dfc                ADC_Cmd
 .text.ADC_RegularChannelConfig
                0x08004e34      0x194 ..\obj\stm32f4xx_adc.o
                0x08004e34                ADC_RegularChannelConfig
 .text.ADC_DMACmd
                0x08004fc8       0x38 ..\obj\stm32f4xx_adc.o
                0x08004fc8                ADC_DMACmd
 .text.ADC_DMARequestAfterLastTransferCmd
                0x08005000       0x38 ..\obj\stm32f4xx_adc.o
                0x08005000                ADC_DMARequestAfterLastTransferCmd
 .text.NVIC_SetPriority
                0x08005038       0x54 ..\obj\stm32f4x7_eth_bsp.o
 .text.SysTick_Config
                0x0800508c       0x44 ..\obj\stm32f4x7_eth_bsp.o
 .text.ETH_BSP_Config
                0x080050d0       0x44 ..\obj\stm32f4x7_eth_bsp.o
                0x080050d0                ETH_BSP_Config
 .text.ETH_MACDMA_Config
                0x08005114       0xbc ..\obj\stm32f4x7_eth_bsp.o
 .text.ETH_GPIO_Config
                0x080051d0      0x130 ..\obj\stm32f4x7_eth_bsp.o
 .text.low_level_init
                0x08005300       0xb0 ..\obj\ethernetif.o
 .text.low_level_output
                0x080053b0       0x68 ..\obj\ethernetif.o
 .text.low_level_input
                0x08005418       0xf4 ..\obj\ethernetif.o
 .text.ethernetif_input
                0x0800550c       0x48 ..\obj\ethernetif.o
                0x0800550c                ethernetif_input
 .text.ethernetif_init
                0x08005554       0x48 ..\obj\ethernetif.o
                0x08005554                ethernetif_init
 .text.free_etharp_q
                0x0800559c       0x34 ..\obj\etharp.o
 .text.etharp_tmr
                0x080055d0       0xfc ..\obj\etharp.o
                0x080055d0                etharp_tmr
 .text.find_entry
                0x080056cc      0x2c0 ..\obj\etharp.o
 .text.etharp_send_ip
                0x0800598c       0x68 ..\obj\etharp.o
 .text.update_arp_entry
                0x080059f4      0x150 ..\obj\etharp.o
 .text.etharp_ip_input
                0x08005b44       0x50 ..\obj\etharp.o
                0x08005b44                etharp_ip_input
 .text.etharp_arp_input
                0x08005b94      0x1fc ..\obj\etharp.o
                0x08005b94                etharp_arp_input
 .text.etharp_output
                0x08005d90       0xf8 ..\obj\etharp.o
                0x08005d90                etharp_output
 .text.etharp_query
                0x08005e88      0x220 ..\obj\etharp.o
                0x08005e88                etharp_query
 .text.etharp_raw
                0x080060a8      0x148 ..\obj\etharp.o
                0x080060a8                etharp_raw
 .text.etharp_request
                0x080061f0       0x48 ..\obj\etharp.o
                0x080061f0                etharp_request
 .text.ethernet_input
                0x08006238       0x88 ..\obj\etharp.o
                0x08006238                ethernet_input
 .text.sent_callback
                0x080062c0       0x20 ..\obj\tcp_send.o
                0x080062c0                sent_callback
 .text.connected_callback
                0x080062e0       0x30 ..\obj\tcp_send.o
                0x080062e0                connected_callback
 .text.TCP_Send_Init
                0x08006310       0xac ..\obj\tcp_send.o
                0x08006310                TCP_Send_Init
 .text.TCP_Send_Buf
                0x080063bc       0xe4 ..\obj\tcp_send.o
                0x080063bc                TCP_Send_Buf
 .text.pbuf_alloc
                0x080064a0      0x1f4 ..\obj\pbuf.o
                0x080064a0                pbuf_alloc
 .text.pbuf_realloc
                0x08006694       0xb0 ..\obj\pbuf.o
                0x08006694                pbuf_realloc
 .text.pbuf_header
                0x08006744       0xe0 ..\obj\pbuf.o
                0x08006744                pbuf_header
 .text.pbuf_free
                0x08006824       0x88 ..\obj\pbuf.o
                0x08006824                pbuf_free
 .text.pbuf_clen
                0x080068ac       0x30 ..\obj\pbuf.o
                0x080068ac                pbuf_clen
 .text.pbuf_ref
                0x080068dc       0x24 ..\obj\pbuf.o
                0x080068dc                pbuf_ref
 .text.pbuf_cat
                0x08006900       0x5c ..\obj\pbuf.o
                0x08006900                pbuf_cat
 .text.pbuf_chain
                0x0800695c       0x20 ..\obj\pbuf.o
                0x0800695c                pbuf_chain
 .text.pbuf_copy
                0x0800697c      0x100 ..\obj\pbuf.o
                0x0800697c                pbuf_copy
 .text.pbuf_copy_partial
                0x08006a7c       0xcc ..\obj\pbuf.o
                0x08006a7c                pbuf_copy_partial
 .text.htons    0x08006b48       0x2c ..\obj\inet.o
                0x08006b48                htons
 .text.ntohs    0x08006b74       0x1c ..\obj\inet.o
                0x08006b74                ntohs
 .text.htonl    0x08006b90       0x34 ..\obj\inet.o
                0x08006b90                htonl
 .text.ntohl    0x08006bc4       0x18 ..\obj\inet.o
                0x08006bc4                ntohl
 .text.netif_add
                0x08006bdc       0x94 ..\obj\netif.o
                0x08006bdc                netif_add
 .text.netif_set_addr
                0x08006c70       0x2c ..\obj\netif.o
                0x08006c70                netif_set_addr
 .text.netif_set_ipaddr
                0x08006c9c       0xac ..\obj\netif.o
                0x08006c9c                netif_set_ipaddr
 .text.netif_set_gw
                0x08006d48       0x28 ..\obj\netif.o
                0x08006d48                netif_set_gw
 .text.netif_set_netmask
                0x08006d70       0x28 ..\obj\netif.o
                0x08006d70                netif_set_netmask
 .text.netif_set_default
                0x08006d98       0x1c ..\obj\netif.o
                0x08006d98                netif_set_default
 .text.netif_set_up
                0x08006db4       0x58 ..\obj\netif.o
                0x08006db4                netif_set_up
 .text.netif_set_down
                0x08006e0c       0x40 ..\obj\netif.o
                0x08006e0c                netif_set_down
 .text.netif_is_up
                0x08006e4c       0x28 ..\obj\netif.o
                0x08006e4c                netif_is_up
 .text.GPIO_Init
                0x08006e74      0x11c ..\obj\stm32f4xx_gpio.o
                0x08006e74                GPIO_Init
 .text.GPIO_SetBits
                0x08006f90       0x1c ..\obj\stm32f4xx_gpio.o
                0x08006f90                GPIO_SetBits
 .text.GPIO_ResetBits
                0x08006fac       0x1c ..\obj\stm32f4xx_gpio.o
                0x08006fac                GPIO_ResetBits
 .text.GPIO_PinAFConfig
                0x08006fc8       0x90 ..\obj\stm32f4xx_gpio.o
                0x08006fc8                GPIO_PinAFConfig
 .text.SystemInit
                0x08007058       0x58 ..\obj\system_stm32f4xx.o
                0x08007058                SystemInit
 .text.SetSysClock
                0x080070b0       0xf4 ..\obj\system_stm32f4xx.o
 .text.DMA_DeInit
                0x080071a4      0x1a4 ..\obj\stm32f4xx_dma.o
                0x080071a4                DMA_DeInit
 .text.DMA_Init
                0x08007348       0xac ..\obj\stm32f4xx_dma.o
                0x08007348                DMA_Init
 .text.DMA_Cmd  0x080073f4       0x38 ..\obj\stm32f4xx_dma.o
                0x080073f4                DMA_Cmd
 .text.DMA_ClearFlag
                0x0800742c       0x5c ..\obj\stm32f4xx_dma.o
                0x0800742c                DMA_ClearFlag
 .text.DMA_ITConfig
                0x08007488       0x74 ..\obj\stm32f4xx_dma.o
                0x08007488                DMA_ITConfig
 .text.DMA_GetITStatus
                0x080074fc       0xb0 ..\obj\stm32f4xx_dma.o
                0x080074fc                DMA_GetITStatus
 .text.DMA_ClearITPendingBit
                0x080075ac       0x5c ..\obj\stm32f4xx_dma.o
                0x080075ac                DMA_ClearITPendingBit
 .text.ADC1_Init
                0x08007608      0x208 ..\obj\adc.o
                0x08007608                ADC1_Init
 .text.DMA2_Stream0_IRQHandler
                0x08007810       0x40 ..\obj\adc.o
                0x08007810                DMA2_Stream0_IRQHandler
 .text.udp_input
                0x08007850      0x290 ..\obj\udp.o
                0x08007850                udp_input
 .text.udp_sendto_if
                0x08007ae0      0x128 ..\obj\udp.o
                0x08007ae0                udp_sendto_if
 .text.udp_bind
                0x08007c08       0xc0 ..\obj\udp.o
                0x08007c08                udp_bind
 .text.ip_route
                0x08007cc8       0x70 ..\obj\ip.o
                0x08007cc8                ip_route
 .text.ip_input
                0x08007d38      0x278 ..\obj\ip.o
                0x08007d38                ip_input
 .text.ip_output_if
                0x08007fb0      0x194 ..\obj\ip.o
                0x08007fb0                ip_output_if
 .text.ip_output
                0x08008144       0x4c ..\obj\ip.o
                0x08008144                ip_output
 .text.icmp_input
                0x08008190      0x200 ..\obj\icmp.o
                0x08008190                icmp_input
 .text.icmp_dest_unreach
                0x08008390       0x20 ..\obj\icmp.o
                0x08008390                icmp_dest_unreach
 .text.icmp_time_exceeded
                0x080083b0       0x20 ..\obj\icmp.o
                0x080083b0                icmp_time_exceeded
 .text.icmp_send_response
                0x080083d0       0xa8 ..\obj\icmp.o
 .text.NVIC_PriorityGroupConfig
                0x08008478       0x24 ..\obj\misc.o
                0x08008478                NVIC_PriorityGroupConfig
 .text.NVIC_Init
                0x0800849c       0xc0 ..\obj\misc.o
                0x0800849c                NVIC_Init
 .text.SysTick_CLKSourceConfig
                0x0800855c       0x38 ..\obj\misc.o
                0x0800855c                SysTick_CLKSourceConfig
 .text.dhcp_arp_reply
                0x08008594       0x40 ..\obj\dhcp.o
                0x08008594                dhcp_arp_reply
 .text.dhcp_decline
                0x080085d4       0xd4 ..\obj\dhcp.o
 .text.dhcp_set_state
                0x080086a8       0x2c ..\obj\dhcp.o
 .text.dhcp_option
                0x080086d4       0x4c ..\obj\dhcp.o
 .text.dhcp_option_byte
                0x08008720       0x30 ..\obj\dhcp.o
 .text.dhcp_option_long
                0x08008750       0x98 ..\obj\dhcp.o
 .text.dhcp_create_request
                0x080087e8      0x1e8 ..\obj\dhcp.o
 .text.dhcp_delete_request
                0x080089d0       0x44 ..\obj\dhcp.o
 .text.dhcp_option_trailer
                0x08008a14       0x60 ..\obj\dhcp.o
 .text.TIM_TimeBaseInit
                0x08008a74       0xd4 ..\obj\stm32f4xx_tim.o
                0x08008a74                TIM_TimeBaseInit
 .text.TIM_TimeBaseStructInit
                0x08008b48       0x34 ..\obj\stm32f4xx_tim.o
                0x08008b48                TIM_TimeBaseStructInit
 .text.TIM_Cmd  0x08008b7c       0x40 ..\obj\stm32f4xx_tim.o
                0x08008b7c                TIM_Cmd
 .text.TIM_SelectOutputTrigger
                0x08008bbc       0x38 ..\obj\stm32f4xx_tim.o
                0x08008bbc                TIM_SelectOutputTrigger
 .text.tcp_output_set_header
                0x08008bf4       0xec ..\obj\tcp_out.o
 .text.tcp_send_ctrl
                0x08008ce0       0x2c ..\obj\tcp_out.o
                0x08008ce0                tcp_send_ctrl
 .text.tcp_write
                0x08008d0c       0x64 ..\obj\tcp_out.o
                0x08008d0c                tcp_write
 .text.tcp_enqueue
                0x08008d70      0x570 ..\obj\tcp_out.o
                0x08008d70                tcp_enqueue
 .text.tcp_send_empty_ack
                0x080092e0       0x84 ..\obj\tcp_out.o
                0x080092e0                tcp_send_empty_ack
 .text.tcp_output
                0x08009364      0x2c8 ..\obj\tcp_out.o
                0x08009364                tcp_output
 .text.tcp_output_segment
                0x0800962c      0x144 ..\obj\tcp_out.o
 .text.tcp_rst  0x08009770       0xf0 ..\obj\tcp_out.o
                0x08009770                tcp_rst
 .text.tcp_rexmit_rto
                0x08009860       0x60 ..\obj\tcp_out.o
                0x08009860                tcp_rexmit_rto
 .text.tcp_rexmit
                0x080098c0       0x84 ..\obj\tcp_out.o
                0x080098c0                tcp_rexmit
 .text.tcp_rexmit_fast
                0x08009944       0xac ..\obj\tcp_out.o
                0x08009944                tcp_rexmit_fast
 .text.tcp_keepalive
                0x080099f0       0x5c ..\obj\tcp_out.o
                0x080099f0                tcp_keepalive
 .text.tcp_zero_window_probe
                0x08009a4c       0xe0 ..\obj\tcp_out.o
                0x08009a4c                tcp_zero_window_probe
 .text.raw_input
                0x08009b2c       0xac ..\obj\raw.o
                0x08009b2c                raw_input
 .text.memcmp   0x08009bd8       0x64 c:/program files/gnu tools arm embedded/4.9 2015q2/bin/../lib/gcc/arm-none-eabi/4.9.3/../../../../arm-none-eabi/lib/armv7e-m\libg.a(lib_a-memcmp.o)
                0x08009bd8                memcmp
 .text          0x08009c3c      0x134 c:/program files/gnu tools arm embedded/4.9 2015q2/bin/../lib/gcc/arm-none-eabi/4.9.3/../../../../arm-none-eabi/lib/armv7e-m\libg.a(lib_a-memcpy.o)
                0x08009c3c                memcpy
 .text.memset   0x08009d70       0x9c c:/program files/gnu tools arm embedded/4.9 2015q2/bin/../lib/gcc/arm-none-eabi/4.9.3/../../../../arm-none-eabi/lib/armv7e-m\libg.a(lib_a-memset.o)
                0x08009d70                memset
 *(.init)
 *(.fini)
 *crtbegin.o(.ctors)
 *crtbegin?.o(.ctors)
 *(EXCLUDE_FILE(*crtend.o *crtend?.o) .ctors)
 *(SORT(.ctors.*))
 *(.ctors)
 *crtbegin.o(.dtors)
 *crtbegin?.o(.dtors)
 *(EXCLUDE_FILE(*crtend.o *crtend?.o) .dtors)
 *(SORT(.dtors.*))
 *(.dtors)
 *(.rodata*)
 .rodata        0x08009e0c       0x8f ..\obj\tcp.o
                0x08009e84                tcp_backoff
                0x08009e94                tcp_persist_backoff
 *fill*         0x08009e9b        0x1 
 .rodata        0x08009e9c       0x26 ..\obj\memp.o
 *fill*         0x08009ec2        0x2 
 .rodata        0x08009ec4        0x8 ..\obj\ip_addr.o
                0x08009ec4                ip_addr_any
                0x08009ec8                ip_addr_broadcast
 .rodata        0x08009ecc        0x6 ..\obj\ethernetif.o
 *fill*         0x08009ed2        0x2 
 .rodata        0x08009ed4        0xe ..\obj\etharp.o
                0x08009ed4                ethbroadcast
                0x08009edc                ethzero
 *(.eh_fram e*)

.glue_7         0x08009ee4        0x0
 .glue_7        0x00000000        0x0 linker stubs

.glue_7t        0x08009ee4        0x0
 .glue_7t       0x00000000        0x0 linker stubs

.vfp11_veneer   0x08009ee4        0x0
 .vfp11_veneer  0x00000000        0x0 linker stubs

.v4_bx          0x08009ee4        0x0
 .v4_bx         0x00000000        0x0 linker stubs

.iplt           0x08009ee4        0x0
 .iplt          0x00000000        0x0 ..\obj\stm32f4xx_syscfg.o

.rel.dyn        0x08009ee4        0x0
 .rel.iplt      0x00000000        0x0 ..\obj\stm32f4xx_syscfg.o

.ARM.extab
 *(.ARM.extab* .gnu.linkonce.armextab.*)
                0x08009ee4                __exidx_start = .

.ARM.exidx
 *(.ARM.exidx* .gnu.linkonce.armexidx.*)
                0x08009ee4                __exidx_end = .
                0x08009ee4                __etext = .
                0x08009ee2                _sidata = __etext

.data           0x20000000       0x48 load address 0x08009ee2
                0x20000000                __data_start__ = .
                0x20000000                _sdata = __data_start__
 *(vtable)
 *(.data*)
 .data          0x20000000       0x34 ..\obj\tcp.o
                0x20000000                tcp_state_str
 .data          0x20000034       0x10 ..\obj\stm32f4xx_rcc.o
 .data          0x20000044        0x4 ..\obj\dhcp.o
                0x20000048                . = ALIGN (0x4)
                0x20000048                PROVIDE (__preinit_array_start, .)
 *(.preinit_array)
                0x20000048                PROVIDE (__preinit_array_end, .)
                0x20000048                . = ALIGN (0x4)
                0x20000048                PROVIDE (__init_array_start, .)
 *(SORT(.init_array.*))
 *(.init_array)
                0x20000048                PROVIDE (__init_array_end, .)
                0x20000048                . = ALIGN (0x4)
                0x20000048                PROVIDE (__fini_array_start, .)
 *(SORT(.fini_array.*))
 *(.fini_array)
                0x20000048                PROVIDE (__fini_array_end, .)
 *(.jcr*)
                0x20000048                . = ALIGN (0x4)
                0x20000048                __data_end__ = .
                0x20000048                _edata = __data_end__

.igot.plt       0x20000048        0x0 load address 0x08009f2c
 .igot.plt      0x00000000        0x0 ..\obj\stm32f4xx_syscfg.o

.bss            0x20000048     0x94cc load address 0x08009f2c
                0x20000048                . = ALIGN (0x4)
                0x20000048                __bss_start__ = .
                0x20000048                _sbss = __bss_start__
 *(.bss*)
 .bss           0x20000048     0x2821 ..\obj\mem.o
 .bss           0x20002869        0x1 ..\obj\tcp.o
 *fill*         0x2000286a        0x2 
 .bss           0x2000286c       0x30 ..\obj\tcp_in.o
 .bss           0x2000289c     0x2437 ..\obj\memp.o
 *fill*         0x20004cd3        0x1 
 .bss           0x20004cd4      0x5e8 ..\obj\ip_frag.o
 .bss           0x200052bc      0x110 ..\obj\main.o
                0x200053c8                LocalTime
 .bss           0x200053cc        0xc ..\obj\netconf.o
                0x200053cc                TCPTimer
                0x200053d0                ARPTimer
                0x200053d4                IPaddress
 .bss           0x200053d8        0x5 ..\obj\stm32f4x7_eth_bsp.o
                0x200053d8                EthInitStatus
                0x200053dc                EthLinkStatus
 *fill*         0x200053dd        0x3 
 .bss           0x200053e0       0xc9 ..\obj\etharp.o
 *fill*         0x200054a9        0x3 
 .bss           0x200054ac      0x108 ..\obj\tcp_send.o
 .bss           0x200055b4        0x1 ..\obj\netif.o
 *fill*         0x200055b5        0x1 
 .bss           0x200055b6        0x2 ..\obj\ip.o
 .bss           0x200055b8        0x4 ..\obj\raw.o
 *(COMMON)
 COMMON         0x200055bc       0x18 ..\obj\tcp.o
                0x200055bc                tcp_active_pcbs
                0x200055c0                tcp_ticks
                0x200055c4                tcp_listen_pcbs
                0x200055c8                tcp_tmp_pcb
                0x200055cc                tcp_bound_pcbs
                0x200055d0                tcp_tw_pcbs
 COMMON         0x200055d4        0x4 ..\obj\tcp_in.o
                0x200055d4                tcp_input_pcb
 COMMON         0x200055d8     0x3ce4 ..\obj\stm32f4x7_eth.o
                0x200055d8                RX_Frame_Descriptor
                0x200055e4                DMARxDescToGet
                0x200055e8                DMATxDescToSet
                0x200055ec                DMATxDscrTab
                0x2000568c                Rx_Buff
                0x20007450                Frame_Rx_index
                0x20007454                DMA_RX_FRAME_infos
                0x20007458                DMARxDscrTab
                0x200074f8                Tx_Buff
 COMMON         0x200092bc       0x44 ..\obj\netconf.o
                0x200092bc                netif
 COMMON         0x20009300        0x8 ..\obj\netif.o
                0x20009300                netif_list
                0x20009304                netif_default
 COMMON         0x20009308      0x200 ..\obj\adc.o
                0x20009308                ADC_Buf
 COMMON         0x20009508        0x4 ..\obj\udp.o
                0x20009508                udp_pcbs
 COMMON         0x2000950c        0x8 ..\obj\ip.o
                0x2000950c                current_netif
                0x20009510                current_header
                0x20009514                . = ALIGN (0x4)
                0x20009514                __bss_end__ = .
                0x20009514                _ebss = __bss_end__

.heap           0x20009514        0x0
                0x20009514                __end__ = .
                0x20009514                _end = __end__
                0x20009514                end = __end__
 *(.heap*)
                0x20009514                __HeapLimit = .

.co_stack       0x20009514      0x804 load address 0x080133f8
                0x20009518                . = ALIGN (0x8)
 *fill*         0x20009514        0x4 
 *(.co_stack .co_stack.*)
 .co_stack      0x20009518      0x800 ..\obj\startup_stm32f4xx.o
                0x20009518                pulStack
                0x20020000                __StackTop = (ORIGIN (ram) + 0x20000)
                0x2001f7fc                __StackLimit = (__StackTop - SIZEOF (.co_stack))
                0x20020000                PROVIDE (__stack, __StackTop)
                0x00000001                ASSERT ((__StackLimit >= __HeapLimit), region ram  overflowed with stack)
LOAD ..\obj\stm32f4xx_syscfg.o
LOAD ..\obj\mem.o
LOAD ..\obj\stm32f4xx_sdio.o
LOAD ..\obj\mb.o
LOAD ..\obj\mbfuncdisc.o
LOAD ..\obj\tcp.o
LOAD ..\obj\err.o
LOAD ..\obj\portevent.o
LOAD ..\obj\porttcp.o
LOAD ..\obj\mbfuncother.o
LOAD ..\obj\tcp_in.o
LOAD ..\obj\stm32f4xx_usart.o
LOAD ..\obj\stm32f4xx_pwr.o
LOAD ..\obj\slipif.o
LOAD ..\obj\memp.o
LOAD ..\obj\autoip.o
LOAD ..\obj\ip_frag.o
LOAD ..\obj\netbuf.o
LOAD ..\obj\tcpip.o
LOAD ..\obj\mbutils.o
LOAD ..\obj\stm32f4xx_dac.o
LOAD ..\obj\fs.o
LOAD ..\obj\startup_stm32f4xx.o
LOAD ..\obj\stm32f4_discovery.o
LOAD ..\obj\stm32f4x7_eth.o
LOAD ..\obj\sys.o
LOAD ..\obj\ip_addr.o
LOAD ..\obj\mbfuncholding.o
LOAD ..\obj\inet_chksum.o
LOAD ..\obj\main.o
LOAD ..\obj\mbcrc.o
LOAD ..\obj\stm32f4xx_rcc.o
LOAD ..\obj\netconf.o
LOAD ..\obj\stm32f4xx_it.o
LOAD ..\obj\netdb.o
LOAD ..\obj\init.o
LOAD ..\obj\stm32f4xx_adc.o
LOAD ..\obj\stm32f4x7_eth_bsp.o
LOAD ..\obj\mbfuncinput.o
LOAD ..\obj\ethernetif.o
LOAD ..\obj\etharp.o
LOAD ..\obj\mbfuncdiag.o
LOAD ..\obj\httpd.o
LOAD ..\obj\tcp_send.o
LOAD ..\obj\httpd_cgi_ssi.o
LOAD ..\obj\pbuf.o
LOAD ..\obj\stats.o
LOAD ..\obj\inet.o
LOAD ..\obj\netif.o
LOAD ..\obj\api_msg.o
LOAD ..\obj\stm32f4xx_gpio.o
LOAD ..\obj\mbrtu.o
LOAD ..\obj\system_stm32f4xx.o
LOAD ..\obj\syscalls.o
LOAD ..\obj\stm32f4xx_dma.o
LOAD ..\obj\portother.o
LOAD ..\obj\adc.o
LOAD ..\obj\sockets.o
LOAD ..\obj\igmp.o
LOAD ..\obj\udp.o
LOAD ..\obj\ip.o
LOAD ..\obj\mbfunccoils.o
LOAD ..\obj\stm32f4xx_exti.o
LOAD ..\obj\icmp.o
LOAD ..\obj\dns.o
LOAD ..\obj\netifapi.o
LOAD ..\obj\misc.o
LOAD ..\obj\api_lib.o
LOAD ..\obj\mbtcp.o
LOAD ..\obj\dhcp.o
LOAD ..\obj\mbascii.o
LOAD ..\obj\stm32f4xx_tim.o
LOAD ..\obj\tcp_out.o
LOAD ..\obj\loopif.o
LOAD ..\obj\raw.o
START GROUP
LOAD c:/program files/gnu tools arm embedded/4.9 2015q2/bin/../lib/gcc/arm-none-eabi/4.9.3/armv7e-m\libgcc.a
LOAD c:/program files/gnu tools arm embedded/4.9 2015q2/bin/../lib/gcc/arm-none-eabi/4.9.3/../../../../arm-none-eabi/lib/armv7e-m\libg.a
LOAD c:/program files/gnu tools arm embedded/4.9 2015q2/bin/../lib/gcc/arm-none-eabi/4.9.3/../../../../arm-none-eabi/lib/armv7e-m\libc.a
END GROUP
OUTPUT(LAN8720.elf elf32-littlearm)

.debug_info     0x00000000    0x13b4f
 .debug_info    0x00000000      0x26c ..\obj\stm32f4xx_syscfg.o
 .debug_info    0x0000026c      0x345 ..\obj\mem.o
 .debug_info    0x000005b1     0x1172 ..\obj\tcp.o
 .debug_info    0x00001723      0xc1a ..\obj\tcp_in.o
 .debug_info    0x0000233d      0x253 ..\obj\memp.o
 .debug_info    0x00002590      0x682 ..\obj\autoip.o
 .debug_info    0x00002c12      0x8d8 ..\obj\ip_frag.o
 .debug_info    0x000034ea       0xed ..\obj\startup_stm32f4xx.o
 .debug_info    0x000035d7     0x190f ..\obj\stm32f4x7_eth.o
 .debug_info    0x00004ee6      0x32e ..\obj\ip_addr.o
 .debug_info    0x00005214      0x2a0 ..\obj\inet_chksum.o
 .debug_info    0x000054b4      0x3b0 ..\obj\main.o
 .debug_info    0x00005864      0xc4d ..\obj\stm32f4xx_rcc.o
 .debug_info    0x000064b1      0x70a ..\obj\netconf.o
 .debug_info    0x00006bbb      0x12f ..\obj\stm32f4xx_it.o
 .debug_info    0x00006cea      0xc38 ..\obj\stm32f4xx_adc.o
 .debug_info    0x00007922      0xb7a ..\obj\stm32f4x7_eth_bsp.o
 .debug_info    0x0000849c      0xaa1 ..\obj\ethernetif.o
 .debug_info    0x00008f3d      0xf20 ..\obj\etharp.o
 .debug_info    0x00009e5d      0x760 ..\obj\tcp_send.o
 .debug_info    0x0000a5bd      0x658 ..\obj\pbuf.o
 .debug_info    0x0000ac15      0x2e1 ..\obj\inet.o
 .debug_info    0x0000aef6      0xf10 ..\obj\netif.o
 .debug_info    0x0000be06      0x602 ..\obj\stm32f4xx_gpio.o
 .debug_info    0x0000c408      0x592 ..\obj\system_stm32f4xx.o
 .debug_info    0x0000c99a      0x739 ..\obj\stm32f4xx_dma.o
 .debug_info    0x0000d0d3      0xae6 ..\obj\adc.o
 .debug_info    0x0000dbb9      0xaea ..\obj\udp.o
 .debug_info    0x0000e6a3      0x8e9 ..\obj\ip.o
 .debug_info    0x0000ef8c      0x5c0 ..\obj\icmp.o
 .debug_info    0x0000f54c      0x53d ..\obj\misc.o
 .debug_info    0x0000fa89     0x10b7 ..\obj\dhcp.o
 .debug_info    0x00010b40     0x1c61 ..\obj\stm32f4xx_tim.o
 .debug_info    0x000127a1      0xcef ..\obj\tcp_out.o
 .debug_info    0x00013490      0x6bf ..\obj\raw.o

.debug_abbrev   0x00000000     0x379f
 .debug_abbrev  0x00000000      0x131 ..\obj\stm32f4xx_syscfg.o
 .debug_abbrev  0x00000131      0x15e ..\obj\mem.o
 .debug_abbrev  0x0000028f      0x2c4 ..\obj\tcp.o
 .debug_abbrev  0x00000553      0x1e9 ..\obj\tcp_in.o
 .debug_abbrev  0x0000073c      0x11e ..\obj\memp.o
 .debug_abbrev  0x0000085a      0x1ae ..\obj\autoip.o
 .debug_abbrev  0x00000a08      0x1e8 ..\obj\ip_frag.o
 .debug_abbrev  0x00000bf0       0xb0 ..\obj\startup_stm32f4xx.o
 .debug_abbrev  0x00000ca0      0x240 ..\obj\stm32f4x7_eth.o
 .debug_abbrev  0x00000ee0       0xfc ..\obj\ip_addr.o
 .debug_abbrev  0x00000fdc      0x13c ..\obj\inet_chksum.o
 .debug_abbrev  0x00001118      0x142 ..\obj\main.o
 .debug_abbrev  0x0000125a      0x1e3 ..\obj\stm32f4xx_rcc.o
 .debug_abbrev  0x0000143d      0x141 ..\obj\netconf.o
 .debug_abbrev  0x0000157e       0x7d ..\obj\stm32f4xx_it.o
 .debug_abbrev  0x000015fb      0x196 ..\obj\stm32f4xx_adc.o
 .debug_abbrev  0x00001791      0x1cb ..\obj\stm32f4x7_eth_bsp.o
 .debug_abbrev  0x0000195c      0x21c ..\obj\ethernetif.o
 .debug_abbrev  0x00001b78      0x20a ..\obj\etharp.o
 .debug_abbrev  0x00001d82      0x172 ..\obj\tcp_send.o
 .debug_abbrev  0x00001ef4      0x1a3 ..\obj\pbuf.o
 .debug_abbrev  0x00002097      0x130 ..\obj\inet.o
 .debug_abbrev  0x000021c7      0x256 ..\obj\netif.o
 .debug_abbrev  0x0000241d      0x1a3 ..\obj\stm32f4xx_gpio.o
 .debug_abbrev  0x000025c0      0x136 ..\obj\system_stm32f4xx.o
 .debug_abbrev  0x000026f6      0x155 ..\obj\stm32f4xx_dma.o
 .debug_abbrev  0x0000284b      0x137 ..\obj\adc.o
 .debug_abbrev  0x00002982      0x20c ..\obj\udp.o
 .debug_abbrev  0x00002b8e      0x195 ..\obj\ip.o
 .debug_abbrev  0x00002d23      0x1a3 ..\obj\icmp.o
 .debug_abbrev  0x00002ec6      0x145 ..\obj\misc.o
 .debug_abbrev  0x0000300b      0x229 ..\obj\dhcp.o
 .debug_abbrev  0x00003234      0x187 ..\obj\stm32f4xx_tim.o
 .debug_abbrev  0x000033bb      0x224 ..\obj\tcp_out.o
 .debug_abbrev  0x000035df      0x1c0 ..\obj\raw.o

.debug_aranges  0x00000000     0x1408
 .debug_aranges
                0x00000000       0x48 ..\obj\stm32f4xx_syscfg.o
 .debug_aranges
                0x00000048       0x48 ..\obj\mem.o
 .debug_aranges
                0x00000090      0x110 ..\obj\tcp.o
 .debug_aranges
                0x000001a0       0x48 ..\obj\tcp_in.o
 .debug_aranges
                0x000001e8       0x30 ..\obj\memp.o
 .debug_aranges
                0x00000218       0x78 ..\obj\autoip.o
 .debug_aranges
                0x00000290       0x58 ..\obj\ip_frag.o
 .debug_aranges
                0x000002e8       0x28 ..\obj\startup_stm32f4xx.o
 .debug_aranges
                0x00000310      0x2b8 ..\obj\stm32f4x7_eth.o
 .debug_aranges
                0x000005c8       0x20 ..\obj\ip_addr.o
 .debug_aranges
                0x000005e8       0x38 ..\obj\inet_chksum.o
 .debug_aranges
                0x00000620       0x50 ..\obj\main.o
 .debug_aranges
                0x00000670      0x178 ..\obj\stm32f4xx_rcc.o
 .debug_aranges
                0x000007e8       0x30 ..\obj\netconf.o
 .debug_aranges
                0x00000818       0x60 ..\obj\stm32f4xx_it.o
 .debug_aranges
                0x00000878      0x148 ..\obj\stm32f4xx_adc.o
 .debug_aranges
                0x000009c0       0x40 ..\obj\stm32f4x7_eth_bsp.o
 .debug_aranges
                0x00000a00       0x40 ..\obj\ethernetif.o
 .debug_aranges
                0x00000a40       0x80 ..\obj\etharp.o
 .debug_aranges
                0x00000ac0       0x38 ..\obj\tcp_send.o
 .debug_aranges
                0x00000af8       0x80 ..\obj\pbuf.o
 .debug_aranges
                0x00000b78       0x50 ..\obj\inet.o
 .debug_aranges
                0x00000bc8       0x90 ..\obj\netif.o
 .debug_aranges
                0x00000c58       0x88 ..\obj\stm32f4xx_gpio.o
 .debug_aranges
                0x00000ce0       0x30 ..\obj\system_stm32f4xx.o
 .debug_aranges
                0x00000d10       0xb0 ..\obj\stm32f4xx_dma.o
 .debug_aranges
                0x00000dc0       0x28 ..\obj\adc.o
 .debug_aranges
                0x00000de8       0x68 ..\obj\udp.o
 .debug_aranges
                0x00000e50       0x38 ..\obj\ip.o
 .debug_aranges
                0x00000e88       0x38 ..\obj\icmp.o
 .debug_aranges
                0x00000ec0       0x40 ..\obj\misc.o
 .debug_aranges
                0x00000f00      0x138 ..\obj\dhcp.o
 .debug_aranges
                0x00001038      0x2f8 ..\obj\stm32f4xx_tim.o
 .debug_aranges
                0x00001330       0x80 ..\obj\tcp_out.o
 .debug_aranges
                0x000013b0       0x58 ..\obj\raw.o

.debug_ranges   0x00000000     0x11d8
 .debug_ranges  0x00000000       0x38 ..\obj\stm32f4xx_syscfg.o
 .debug_ranges  0x00000038       0x38 ..\obj\mem.o
 .debug_ranges  0x00000070      0x100 ..\obj\tcp.o
 .debug_ranges  0x00000170       0x38 ..\obj\tcp_in.o
 .debug_ranges  0x000001a8       0x20 ..\obj\memp.o
 .debug_ranges  0x000001c8       0x68 ..\obj\autoip.o
 .debug_ranges  0x00000230       0x48 ..\obj\ip_frag.o
 .debug_ranges  0x00000278       0x18 ..\obj\startup_stm32f4xx.o
 .debug_ranges  0x00000290      0x2a8 ..\obj\stm32f4x7_eth.o
 .debug_ranges  0x00000538       0x10 ..\obj\ip_addr.o
 .debug_ranges  0x00000548       0x28 ..\obj\inet_chksum.o
 .debug_ranges  0x00000570       0x40 ..\obj\main.o
 .debug_ranges  0x000005b0      0x168 ..\obj\stm32f4xx_rcc.o
 .debug_ranges  0x00000718       0x20 ..\obj\netconf.o
 .debug_ranges  0x00000738       0x50 ..\obj\stm32f4xx_it.o
 .debug_ranges  0x00000788      0x138 ..\obj\stm32f4xx_adc.o
 .debug_ranges  0x000008c0       0x30 ..\obj\stm32f4x7_eth_bsp.o
 .debug_ranges  0x000008f0       0x30 ..\obj\ethernetif.o
 .debug_ranges  0x00000920       0x70 ..\obj\etharp.o
 .debug_ranges  0x00000990       0x28 ..\obj\tcp_send.o
 .debug_ranges  0x000009b8       0x70 ..\obj\pbuf.o
 .debug_ranges  0x00000a28       0x40 ..\obj\inet.o
 .debug_ranges  0x00000a68       0x80 ..\obj\netif.o
 .debug_ranges  0x00000ae8       0x78 ..\obj\stm32f4xx_gpio.o
 .debug_ranges  0x00000b60       0x20 ..\obj\system_stm32f4xx.o
 .debug_ranges  0x00000b80       0xa0 ..\obj\stm32f4xx_dma.o
 .debug_ranges  0x00000c20       0x18 ..\obj\adc.o
 .debug_ranges  0x00000c38       0x58 ..\obj\udp.o
 .debug_ranges  0x00000c90       0x28 ..\obj\ip.o
 .debug_ranges  0x00000cb8       0x28 ..\obj\icmp.o
 .debug_ranges  0x00000ce0       0x30 ..\obj\misc.o
 .debug_ranges  0x00000d10      0x128 ..\obj\dhcp.o
 .debug_ranges  0x00000e38      0x2e8 ..\obj\stm32f4xx_tim.o
 .debug_ranges  0x00001120       0x70 ..\obj\tcp_out.o
 .debug_ranges  0x00001190       0x48 ..\obj\raw.o

.debug_line     0x00000000     0x89c0
 .debug_line    0x00000000      0x243 ..\obj\stm32f4xx_syscfg.o
 .debug_line    0x00000243      0x228 ..\obj\mem.o
 .debug_line    0x0000046b      0x795 ..\obj\tcp.o
 .debug_line    0x00000c00      0x6d8 ..\obj\tcp_in.o
 .debug_line    0x000012d8      0x185 ..\obj\memp.o
 .debug_line    0x0000145d      0x37e ..\obj\autoip.o
 .debug_line    0x000017db      0x3a1 ..\obj\ip_frag.o
 .debug_line    0x00001b7c       0xae ..\obj\startup_stm32f4xx.o
 .debug_line    0x00001c2a      0xb35 ..\obj\stm32f4x7_eth.o
 .debug_line    0x0000275f      0x19f ..\obj\ip_addr.o
 .debug_line    0x000028fe      0x201 ..\obj\inet_chksum.o
 .debug_line    0x00002aff      0x2c7 ..\obj\main.o
 .debug_line    0x00002dc6      0x5d9 ..\obj\stm32f4xx_rcc.o
 .debug_line    0x0000339f      0x2d9 ..\obj\netconf.o
 .debug_line    0x00003678      0x236 ..\obj\stm32f4xx_it.o
 .debug_line    0x000038ae      0x58a ..\obj\stm32f4xx_adc.o
 .debug_line    0x00003e38      0x380 ..\obj\stm32f4x7_eth_bsp.o
 .debug_line    0x000041b8      0x3d3 ..\obj\ethernetif.o
 .debug_line    0x0000458b      0x4e4 ..\obj\etharp.o
 .debug_line    0x00004a6f      0x2f0 ..\obj\tcp_send.o
 .debug_line    0x00004d5f      0x3c1 ..\obj\pbuf.o
 .debug_line    0x00005120      0x26d ..\obj\inet.o
 .debug_line    0x0000538d      0x3b0 ..\obj\netif.o
 .debug_line    0x0000573d      0x37b ..\obj\stm32f4xx_gpio.o
 .debug_line    0x00005ab8      0x20e ..\obj\system_stm32f4xx.o
 .debug_line    0x00005cc6      0x414 ..\obj\stm32f4xx_dma.o
 .debug_line    0x000060da      0x2bd ..\obj\adc.o
 .debug_line    0x00006397      0x3e0 ..\obj\udp.o
 .debug_line    0x00006777      0x2fc ..\obj\ip.o
 .debug_line    0x00006a73      0x223 ..\obj\icmp.o
 .debug_line    0x00006c96      0x27d ..\obj\misc.o
 .debug_line    0x00006f13      0x83d ..\obj\dhcp.o
 .debug_line    0x00007750      0xaa2 ..\obj\stm32f4xx_tim.o
 .debug_line    0x000081f2      0x522 ..\obj\tcp_out.o
 .debug_line    0x00008714      0x2ac ..\obj\raw.o

.debug_str      0x00000000     0x6099
 .debug_str     0x00000000      0x2a2 ..\obj\stm32f4xx_syscfg.o
                                0x300 (size before relaxing)
 .debug_str     0x000002a2      0x147 ..\obj\mem.o
                                0x265 (size before relaxing)
 .debug_str     0x000003e9      0x5bd ..\obj\tcp.o
                                0x82b (size before relaxing)
 .debug_str     0x000009a6      0x159 ..\obj\tcp_in.o
                                0x6c2 (size before relaxing)
 .debug_str     0x00000aff       0x9e ..\obj\memp.o
                                0x29f (size before relaxing)
 .debug_str     0x00000b9d      0x1e6 ..\obj\autoip.o
                                0x414 (size before relaxing)
 .debug_str     0x00000d83      0x27f ..\obj\ip_frag.o
                                0x583 (size before relaxing)
 .debug_str     0x00001002       0xbc ..\obj\startup_stm32f4xx.o
                                0x153 (size before relaxing)
 .debug_str     0x000010be     0x127d ..\obj\stm32f4x7_eth.o
                               0x1472 (size before relaxing)
 .debug_str     0x0000233b       0x81 ..\obj\ip_addr.o
                                0x295 (size before relaxing)
 .debug_str     0x000023bc       0xb5 ..\obj\inet_chksum.o
                                0x25f (size before relaxing)
 .debug_str     0x00002471      0x1d3 ..\obj\main.o
                                0x381 (size before relaxing)
 .debug_str     0x00002644      0x5ef ..\obj\stm32f4xx_rcc.o
                                0x85c (size before relaxing)
 .debug_str     0x00002c33      0x1fb ..\obj\netconf.o
                                0x4b1 (size before relaxing)
 .debug_str     0x00002e2e       0xf5 ..\obj\stm32f4xx_it.o
                                0x21d (size before relaxing)
 .debug_str     0x00002f23      0x640 ..\obj\stm32f4xx_adc.o
                                0x810 (size before relaxing)
 .debug_str     0x00003563      0x82a ..\obj\stm32f4x7_eth_bsp.o
                                0xe31 (size before relaxing)
 .debug_str     0x00003d8d       0xaa ..\obj\ethernetif.o
                                0x6cd (size before relaxing)
 .debug_str     0x00003e37      0x27e ..\obj\etharp.o
                                0x806 (size before relaxing)
 .debug_str     0x000040b5       0xb9 ..\obj\tcp_send.o
                                0x4e0 (size before relaxing)
 .debug_str     0x0000416e      0x188 ..\obj\pbuf.o
                                0x431 (size before relaxing)
 .debug_str     0x000042f6       0x97 ..\obj\inet.o
                                0x208 (size before relaxing)
 .debug_str     0x0000438d      0x154 ..\obj\netif.o
                                0x7b5 (size before relaxing)
 .debug_str     0x000044e1      0x1a9 ..\obj\stm32f4xx_gpio.o
                                0x4af (size before relaxing)
 .debug_str     0x0000468a       0xd0 ..\obj\system_stm32f4xx.o
                                0x3b6 (size before relaxing)
 .debug_str     0x0000475a      0x380 ..\obj\stm32f4xx_dma.o
                                0x54e (size before relaxing)
 .debug_str     0x00004ada      0x21b ..\obj\adc.o
                                0xd0b (size before relaxing)
 .debug_str     0x00004cf5      0x15e ..\obj\udp.o
                                0x668 (size before relaxing)
 .debug_str     0x00004e53       0xbf ..\obj\ip.o
                                0x549 (size before relaxing)
 .debug_str     0x00004f12       0xcc ..\obj\icmp.o
                                0x402 (size before relaxing)
 .debug_str     0x00004fde      0x118 ..\obj\misc.o
                                0x3da (size before relaxing)
 .debug_str     0x000050f6      0x30a ..\obj\dhcp.o
                                0x79d (size before relaxing)
 .debug_str     0x00005400      0xa92 ..\obj\stm32f4xx_tim.o
                                0xddc (size before relaxing)
 .debug_str     0x00005e92      0x150 ..\obj\tcp_out.o
                                0x6ba (size before relaxing)
 .debug_str     0x00005fe2       0xb7 ..\obj\raw.o
                                0x422 (size before relaxing)

.comment        0x00000000       0x70
 .comment       0x00000000       0x70 ..\obj\stm32f4xx_syscfg.o
                                 0x71 (size before relaxing)
 .comment       0x00000000       0x71 ..\obj\mem.o
 .comment       0x00000000       0x71 ..\obj\tcp.o
 .comment       0x00000000       0x71 ..\obj\tcp_in.o
 .comment       0x00000000       0x71 ..\obj\memp.o
 .comment       0x00000000       0x71 ..\obj\autoip.o
 .comment       0x00000000       0x71 ..\obj\ip_frag.o
 .comment       0x00000000       0x71 ..\obj\startup_stm32f4xx.o
 .comment       0x00000000       0x71 ..\obj\stm32f4x7_eth.o
 .comment       0x00000000       0x71 ..\obj\ip_addr.o
 .comment       0x00000000       0x71 ..\obj\inet_chksum.o
 .comment       0x00000000       0x71 ..\obj\main.o
 .comment       0x00000000       0x71 ..\obj\stm32f4xx_rcc.o
 .comment       0x00000000       0x71 ..\obj\netconf.o
 .comment       0x00000000       0x71 ..\obj\stm32f4xx_it.o
 .comment       0x00000000       0x71 ..\obj\stm32f4xx_adc.o
 .comment       0x00000000       0x71 ..\obj\stm32f4x7_eth_bsp.o
 .comment       0x00000000       0x71 ..\obj\ethernetif.o
 .comment       0x00000000       0x71 ..\obj\etharp.o
 .comment       0x00000000       0x71 ..\obj\tcp_send.o
 .comment       0x00000000       0x71 ..\obj\pbuf.o
 .comment       0x00000000       0x71 ..\obj\inet.o
 .comment       0x00000000       0x71 ..\obj\netif.o
 .comment       0x00000000       0x71 ..\obj\stm32f4xx_gpio.o
 .comment       0x00000000       0x71 ..\obj\system_stm32f4xx.o
 .comment       0x00000000       0x71 ..\obj\stm32f4xx_dma.o
 .comment       0x00000000       0x71 ..\obj\adc.o
 .comment       0x00000000       0x71 ..\obj\udp.o
 .comment       0x00000000       0x71 ..\obj\ip.o
 .comment       0x00000000       0x71 ..\obj\icmp.o
 .comment       0x00000000       0x71 ..\obj\misc.o
 .comment       0x00000000       0x71 ..\obj\dhcp.o
 .comment       0x00000000       0x71 ..\obj\stm32f4xx_tim.o
 .comment       0x00000000       0x71 ..\obj\tcp_out.o
 .comment       0x00000000       0x71 ..\obj\raw.o

.ARM.attributes
                0x00000000       0x31
 .ARM.attributes
                0x00000000       0x33 ..\obj\stm32f4xx_syscfg.o
 .ARM.attributes
                0x00000033       0x33 ..\obj\mem.o
 .ARM.attributes
                0x00000066       0x33 ..\obj\tcp.o
 .ARM.attributes
                0x00000099       0x33 ..\obj\tcp_in.o
 .ARM.attributes
                0x000000cc       0x33 ..\obj\memp.o
 .ARM.attributes
                0x000000ff       0x33 ..\obj\autoip.o
 .ARM.attributes
                0x00000132       0x33 ..\obj\ip_frag.o
 .ARM.attributes
                0x00000165       0x33 ..\obj\startup_stm32f4xx.o
 .ARM.attributes
                0x00000198       0x33 ..\obj\stm32f4x7_eth.o
 .ARM.attributes
                0x000001cb       0x33 ..\obj\ip_addr.o
 .ARM.attributes
                0x000001fe       0x33 ..\obj\inet_chksum.o
 .ARM.attributes
                0x00000231       0x33 ..\obj\main.o
 .ARM.attributes
                0x00000264       0x33 ..\obj\stm32f4xx_rcc.o
 .ARM.attributes
                0x00000297       0x33 ..\obj\netconf.o
 .ARM.attributes
                0x000002ca       0x33 ..\obj\stm32f4xx_it.o
 .ARM.attributes
                0x000002fd       0x33 ..\obj\stm32f4xx_adc.o
 .ARM.attributes
                0x00000330       0x33 ..\obj\stm32f4x7_eth_bsp.o
 .ARM.attributes
                0x00000363       0x33 ..\obj\ethernetif.o
 .ARM.attributes
                0x00000396       0x33 ..\obj\etharp.o
 .ARM.attributes
                0x000003c9       0x33 ..\obj\tcp_send.o
 .ARM.attributes
                0x000003fc       0x33 ..\obj\pbuf.o
 .ARM.attributes
                0x0000042f       0x33 ..\obj\inet.o
 .ARM.attributes
                0x00000462       0x33 ..\obj\netif.o
 .ARM.attributes
                0x00000495       0x33 ..\obj\stm32f4xx_gpio.o
 .ARM.attributes
                0x000004c8       0x33 ..\obj\system_stm32f4xx.o
 .ARM.attributes
                0x000004fb       0x33 ..\obj\stm32f4xx_dma.o
 .ARM.attributes
                0x0000052e       0x33 ..\obj\adc.o
 .ARM.attributes
                0x00000561       0x33 ..\obj\udp.o
 .ARM.attributes
                0x00000594       0x33 ..\obj\ip.o
 .ARM.attributes
                0x000005c7       0x33 ..\obj\icmp.o
 .ARM.attributes
                0x000005fa       0x33 ..\obj\misc.o
 .ARM.attributes
                0x0000062d       0x33 ..\obj\dhcp.o
 .ARM.attributes
                0x00000660       0x33 ..\obj\stm32f4xx_tim.o
 .ARM.attributes
                0x00000693       0x33 ..\obj\tcp_out.o
 .ARM.attributes
                0x000006c6       0x33 ..\obj\raw.o
 .ARM.attributes
                0x000006f9       0x2e c:/program files/gnu tools arm embedded/4.9 2015q2/bin/../lib/gcc/arm-none-eabi/4.9.3/../../../../arm-none-eabi/lib/armv7e-m\libg.a(lib_a-memcmp.o)
 .ARM.attributes
                0x00000727       0x1c c:/program files/gnu tools arm embedded/4.9 2015q2/bin/../lib/gcc/arm-none-eabi/4.9.3/../../../../arm-none-eabi/lib/armv7e-m\libg.a(lib_a-memcpy.o)
 .ARM.attributes
                0x00000743       0x2e c:/program files/gnu tools arm embedded/4.9 2015q2/bin/../lib/gcc/arm-none-eabi/4.9.3/../../../../arm-none-eabi/lib/armv7e-m\libg.a(lib_a-memset.o)

.debug_frame    0x00000000     0x52fc
 .debug_frame   0x00000000       0xf4 ..\obj\stm32f4xx_syscfg.o
 .debug_frame   0x000000f4       0xf8 ..\obj\mem.o
 .debug_frame   0x000001ec      0x498 ..\obj\tcp.o
 .debug_frame   0x00000684      0x110 ..\obj\tcp_in.o
 .debug_frame   0x00000794       0x88 ..\obj\memp.o
 .debug_frame   0x0000081c      0x1c8 ..\obj\autoip.o
 .debug_frame   0x000009e4      0x138 ..\obj\ip_frag.o
 .debug_frame   0x00000b1c       0x4c ..\obj\startup_stm32f4xx.o
 .debug_frame   0x00000b68      0xc84 ..\obj\stm32f4x7_eth.o
 .debug_frame   0x000017ec       0x38 ..\obj\ip_addr.o
 .debug_frame   0x00001824       0xa0 ..\obj\inet_chksum.o
 .debug_frame   0x000018c4      0x114 ..\obj\main.o
 .debug_frame   0x000019d8      0x6d4 ..\obj\stm32f4xx_rcc.o
 .debug_frame   0x000020ac       0x78 ..\obj\netconf.o
 .debug_frame   0x00002124      0x10c ..\obj\stm32f4xx_it.o
 .debug_frame   0x00002230      0x5ec ..\obj\stm32f4xx_adc.o
 .debug_frame   0x0000281c       0xcc ..\obj\stm32f4x7_eth_bsp.o
 .debug_frame   0x000028e8       0xc4 ..\obj\ethernetif.o
 .debug_frame   0x000029ac      0x1fc ..\obj\etharp.o
 .debug_frame   0x00002ba8       0xa4 ..\obj\tcp_send.o
 .debug_frame   0x00002c4c      0x1f4 ..\obj\pbuf.o
 .debug_frame   0x00002e40      0x11c ..\obj\inet.o
 .debug_frame   0x00002f5c      0x248 ..\obj\netif.o
 .debug_frame   0x000031a4      0x23c ..\obj\stm32f4xx_gpio.o
 .debug_frame   0x000033e0       0x7c ..\obj\system_stm32f4xx.o
 .debug_frame   0x0000345c      0x308 ..\obj\stm32f4xx_dma.o
 .debug_frame   0x00003764       0x54 ..\obj\adc.o
 .debug_frame   0x000037b8      0x194 ..\obj\udp.o
 .debug_frame   0x0000394c       0xac ..\obj\ip.o
 .debug_frame   0x000039f8       0xa8 ..\obj\icmp.o
 .debug_frame   0x00003aa0       0xd8 ..\obj\misc.o
 .debug_frame   0x00003b78      0x56c ..\obj\dhcp.o
 .debug_frame   0x000040e4      0xe54 ..\obj\stm32f4xx_tim.o
 .debug_frame   0x00004f38      0x214 ..\obj\tcp_out.o
 .debug_frame   0x0000514c      0x144 ..\obj\raw.o
 .debug_frame   0x00005290       0x38 c:/program files/gnu tools arm embedded/4.9 2015q2/bin/../lib/gcc/arm-none-eabi/4.9.3/../../../../arm-none-eabi/lib/armv7e-m\libg.a(lib_a-memcmp.o)
 .debug_frame   0x000052c8       0x34 c:/program files/gnu tools arm embedded/4.9 2015q2/bin/../lib/gcc/arm-none-eabi/4.9.3/../../../../arm-none-eabi/lib/armv7e-m\libg.a(lib_a-memset.o)
