Archive member included because of file (symbol)

c:/program files/gnu tools arm embedded/4.9 2015q2/bin/../lib/gcc/arm-none-eabi/4.9.3/../../../../arm-none-eabi/lib/armv7e-m/softfp\libg.a(lib_a-memcmp.o)
                              ..\obj\etharp.o (memcmp)
c:/program files/gnu tools arm embedded/4.9 2015q2/bin/../lib/gcc/arm-none-eabi/4.9.3/../../../../arm-none-eabi/lib/armv7e-m/softfp\libg.a(lib_a-memcpy.o)
                              ..\obj\porttcp.o (memcpy)
c:/program files/gnu tools arm embedded/4.9 2015q2/bin/../lib/gcc/arm-none-eabi/4.9.3/../../../../arm-none-eabi/lib/armv7e-m/softfp\libg.a(lib_a-memset.o)
                              ..\obj\mem.o (memset)
c:/program files/gnu tools arm embedded/4.9 2015q2/bin/../lib/gcc/arm-none-eabi/4.9.3/../../../../arm-none-eabi/lib/armv7e-m/softfp\libg.a(lib_a-printf.o)
                              ..\obj\portother.o (printf)
c:/program files/gnu tools arm embedded/4.9 2015q2/bin/../lib/gcc/arm-none-eabi/4.9.3/../../../../arm-none-eabi/lib/armv7e-m/softfp\libg.a(lib_a-snprintf.o)
                              ..\obj\portother.o (snprintf)
c:/program files/gnu tools arm embedded/4.9 2015q2/bin/../lib/gcc/arm-none-eabi/4.9.3/../../../../arm-none-eabi/lib/armv7e-m/softfp\libg.a(lib_a-strlen.o)
                              ..\obj\pbuf.o (strlen)
c:/program files/gnu tools arm embedded/4.9 2015q2/bin/../lib/gcc/arm-none-eabi/4.9.3/../../../../arm-none-eabi/lib/armv7e-m/softfp\libg.a(lib_a-svfprintf.o)
                              c:/program files/gnu tools arm embedded/4.9 2015q2/bin/../lib/gcc/arm-none-eabi/4.9.3/../../../../arm-none-eabi/lib/armv7e-m/softfp\libg.a(lib_a-snprintf.o) (_svfprintf_r)
c:/program files/gnu tools arm embedded/4.9 2015q2/bin/../lib/gcc/arm-none-eabi/4.9.3/../../../../arm-none-eabi/lib/armv7e-m/softfp\libg.a(lib_a-vfprintf.o)
                              c:/program files/gnu tools arm embedded/4.9 2015q2/bin/../lib/gcc/arm-none-eabi/4.9.3/../../../../arm-none-eabi/lib/armv7e-m/softfp\libg.a(lib_a-printf.o) (_vfprintf_r)
c:/program files/gnu tools arm embedded/4.9 2015q2/bin/../lib/gcc/arm-none-eabi/4.9.3/../../../../arm-none-eabi/lib/armv7e-m/softfp\libg.a(lib_a-vprintf.o)
                              ..\obj\portother.o (vprintf)
c:/program files/gnu tools arm embedded/4.9 2015q2/bin/../lib/gcc/arm-none-eabi/4.9.3/../../../../arm-none-eabi/lib/armv7e-m/softfp\libg.a(lib_a-wsetup.o)
                              c:/program files/gnu tools arm embedded/4.9 2015q2/bin/../lib/gcc/arm-none-eabi/4.9.3/../../../../arm-none-eabi/lib/armv7e-m/softfp\libg.a(lib_a-vfprintf.o) (__swsetup_r)
c:/program files/gnu tools arm embedded/4.9 2015q2/bin/../lib/gcc/arm-none-eabi/4.9.3/../../../../arm-none-eabi/lib/armv7e-m/softfp\libg.a(lib_a-dtoa.o)
                              c:/program files/gnu tools arm embedded/4.9 2015q2/bin/../lib/gcc/arm-none-eabi/4.9.3/../../../../arm-none-eabi/lib/armv7e-m/softfp\libg.a(lib_a-svfprintf.o) (_dtoa_r)
c:/program files/gnu tools arm embedded/4.9 2015q2/bin/../lib/gcc/arm-none-eabi/4.9.3/../../../../arm-none-eabi/lib/armv7e-m/softfp\libg.a(lib_a-fflush.o)
                              c:/program files/gnu tools arm embedded/4.9 2015q2/bin/../lib/gcc/arm-none-eabi/4.9.3/../../../../arm-none-eabi/lib/armv7e-m/softfp\libg.a(lib_a-vfprintf.o) (_fflush_r)
c:/program files/gnu tools arm embedded/4.9 2015q2/bin/../lib/gcc/arm-none-eabi/4.9.3/../../../../arm-none-eabi/lib/armv7e-m/softfp\libg.a(lib_a-findfp.o)
                              c:/program files/gnu tools arm embedded/4.9 2015q2/bin/../lib/gcc/arm-none-eabi/4.9.3/../../../../arm-none-eabi/lib/armv7e-m/softfp\libg.a(lib_a-vfprintf.o) (__sinit)
c:/program files/gnu tools arm embedded/4.9 2015q2/bin/../lib/gcc/arm-none-eabi/4.9.3/../../../../arm-none-eabi/lib/armv7e-m/softfp\libg.a(lib_a-freer.o)
                              c:/program files/gnu tools arm embedded/4.9 2015q2/bin/../lib/gcc/arm-none-eabi/4.9.3/../../../../arm-none-eabi/lib/armv7e-m/softfp\libg.a(lib_a-wsetup.o) (_free_r)
c:/program files/gnu tools arm embedded/4.9 2015q2/bin/../lib/gcc/arm-none-eabi/4.9.3/../../../../arm-none-eabi/lib/armv7e-m/softfp\libg.a(lib_a-fwalk.o)
                              c:/program files/gnu tools arm embedded/4.9 2015q2/bin/../lib/gcc/arm-none-eabi/4.9.3/../../../../arm-none-eabi/lib/armv7e-m/softfp\libg.a(lib_a-findfp.o) (_fwalk)
c:/program files/gnu tools arm embedded/4.9 2015q2/bin/../lib/gcc/arm-none-eabi/4.9.3/../../../../arm-none-eabi/lib/armv7e-m/softfp\libg.a(lib_a-impure.o)
                              c:/program files/gnu tools arm embedded/4.9 2015q2/bin/../lib/gcc/arm-none-eabi/4.9.3/../../../../arm-none-eabi/lib/armv7e-m/softfp\libg.a(lib_a-fflush.o) (_global_impure_ptr)
c:/program files/gnu tools arm embedded/4.9 2015q2/bin/../lib/gcc/arm-none-eabi/4.9.3/../../../../arm-none-eabi/lib/armv7e-m/softfp\libg.a(lib_a-locale.o)
[...]
Memory Configuration

Name             Origin             Length             Attributes
rom              0x08000000         0x00100000         xr
ram              0x20000000         0x00020000         xrw
ram1             0x10000000         0x00010000         xrw
*default*        0x00000000         0xffffffff

Linker script and memory map

                0x20020000                _eram = 0x20020000

.text           0x08000000     0xa229
 *(.isr_vector)
 .isr_vector    0x08000000      0x188 ..\obj\startup_stm32f4xx.o
                0x08000000                g_pfnVectors
 *(.text*)
 .text.SYSCFG_ETH_MediaInterfaceConfig
                0x08000188       0x1c ..\obj\stm32f4xx_syscfg.o
                0x08000188                SYSCFG_ETH_MediaInterfaceConfig
 .text.plug_holes
                0x080001a4       0xbc ..\obj\mem.o
 .text.mem_init
                0x08000260       0x80 ..\obj\mem.o
                0x08000260                mem_init
 .text.mem_free
                0x080002e0       0x74 ..\obj\mem.o
                0x080002e0                mem_free
 .text.mem_trim
                0x08000354      0x188 ..\obj\mem.o
                0x08000354                mem_trim
 .text.mem_malloc
                0x080004dc      0x164 ..\obj\mem.o
                0x080004dc                mem_malloc
 .text.tcp_init
                0x08000640        0xc ..\obj\tcp.o
                0x08000640                tcp_init
 .text.tcp_tmr  0x0800064c       0x2c ..\obj\tcp.o
                0x0800064c                tcp_tmr
 .text.tcp_close_shutdown
                0x08000678      0x250 ..\obj\tcp.o
 .text.tcp_close
                0x080008c8       0x30 ..\obj\tcp.o
                0x080008c8                tcp_close
 .text.tcp_abandon
                0x080008f8       0xc0 ..\obj\tcp.o
                0x080008f8                tcp_abandon
 .text.tcp_abort
                0x080009b8       0x18 ..\obj\tcp.o
                0x080009b8                tcp_abort
 .text.tcp_update_rcv_ann_wnd
                0x080009d0       0x84 ..\obj\tcp.o
                0x080009d0                tcp_update_rcv_ann_wnd
 .text.tcp_recved
                0x08000a54       0x5c ..\obj\tcp.o
                0x08000a54                tcp_recved
 .text.tcp_slowtmr
                0x08000ab0      0x42c ..\obj\tcp.o
                0x08000ab0                tcp_slowtmr
 .text.tcp_fasttmr
                0x08000edc       0xa0 ..\obj\tcp.o
                0x08000edc                tcp_fasttmr
 .text.tcp_process_refused_data
                0x08000f7c       0xc8 ..\obj\tcp.o
                0x08000f7c                tcp_process_refused_data
 .text.tcp_segs_free
                0x08001044       0x28 ..\obj\tcp.o
                0x08001044                tcp_segs_free
 .text.tcp_seg_free
                0x0800106c       0x30 ..\obj\tcp.o
                0x0800106c                tcp_seg_free
 .text.tcp_recv_null
                0x0800109c       0x48 ..\obj\tcp.o
                0x0800109c                tcp_recv_null
 .text.tcp_kill_prio
                0x080010e4       0x80 ..\obj\tcp.o
 .text.tcp_kill_timewait
                0x08001164       0x5c ..\obj\tcp.o
 .text.tcp_alloc
                0x080011c0      0x114 ..\obj\tcp.o
                0x080011c0                tcp_alloc
 .text.tcp_pcb_purge
                0x080012d4       0x70 ..\obj\tcp.o
                0x080012d4                tcp_pcb_purge
 .text.tcp_pcb_remove
                0x08001344       0xa8 ..\obj\tcp.o
                0x08001344                tcp_pcb_remove
 .text.tcp_next_iss
                0x080013ec       0x28 ..\obj\tcp.o
                0x080013ec                tcp_next_iss
 .text.tcp_eff_send_mss
                0x08001414       0x40 ..\obj\tcp.o
                0x08001414                tcp_eff_send_mss
 .text.tcp_input
                0x08001454      0x5f0 ..\obj\tcp_in.o
                0x08001454                tcp_input
 .text.tcp_listen_input
                0x08001a44      0x194 ..\obj\tcp_in.o
 .text.tcp_timewait_input
                0x08001bd8       0xd8 ..\obj\tcp_in.o
 .text.tcp_process
                0x08001cb0      0x6b8 ..\obj\tcp_in.o
 .text.tcp_receive
                0x08002368      0x8e0 ..\obj\tcp_in.o
 .text.tcp_parseopt
                0x08002c48      0x104 ..\obj\tcp_in.o
 .text.memp_init
                0x08002d4c       0x98 ..\obj\memp.o
                0x08002d4c                memp_init
 .text.memp_malloc
                0x08002de4       0x44 ..\obj\memp.o
                0x08002de4                memp_malloc
 .text.memp_free
                0x08002e28       0x3c ..\obj\memp.o
                0x08002e28                memp_free
 .text.tcpip_thread
                0x08002e64      0x114 ..\obj\tcpip.o
 .text.tcpip_input
                0x08002f78       0x64 ..\obj\tcpip.o
                0x08002f78                tcpip_input
 .text.tcpip_init
                0x08002fdc       0x50 ..\obj\tcpip.o
                0x08002fdc                tcpip_init
 .text.Default_Reset_Handler
                0x0800302c       0x6c ..\obj\startup_stm32f4xx.o
                0x0800302c                Default_Reset_Handler
                0x0800302c                Reset_Handler
 .text.Default_Handler
                0x08003098        0x8 ..\obj\startup_stm32f4xx.o
                0x08003098                RTC_Alarm_IRQHandler
                0x08003098                HASH_RNG_IRQHandler
                0x08003098                EXTI2_IRQHandler
                0x08003098                TIM8_CC_IRQHandler
                0x08003098                DMA2_Stream5_IRQHandler
                0x08003098                DMA1_Stream5_IRQHandler
                0x08003098                PVD_IRQHandler
                0x08003098                SDIO_IRQHandler
                0x08003098                TAMP_STAMP_IRQHandler
                0x08003098                CAN2_RX1_IRQHandler
                0x08003098                EXTI3_IRQHandler
                0x08003098                TIM8_TRG_COM_TIM14_IRQHandler
                0x08003098                TIM1_UP_TIM10_IRQHandler
                0x08003098                TIM8_UP_TIM13_IRQHandler
                0x08003098                I2C3_ER_IRQHandler
                0x08003098                EXTI0_IRQHandler
                0x08003098                I2C2_EV_IRQHandler
                0x08003098                DMA1_Stream2_IRQHandler
                0x08003098                CAN1_RX0_IRQHandler
                0x08003098                FPU_IRQHandler
                0x08003098                OTG_HS_WKUP_IRQHandler
                0x08003098                CAN2_SCE_IRQHandler
                0x08003098                DMA2_Stream2_IRQHandler
                0x08003098                SPI1_IRQHandler
                0x08003098                TIM6_DAC_IRQHandler
                0x08003098                TIM1_BRK_TIM9_IRQHandler
                0x08003098                DCMI_IRQHandler
                0x08003098                CAN2_RX0_IRQHandler
                0x08003098                USART6_IRQHandler
                0x08003098                USART3_IRQHandler
                0x08003098                CRYP_IRQHandler
                0x08003098                CAN1_RX1_IRQHandler
                0x08003098                UART5_IRQHandler
                0x08003098                TIM4_IRQHandler
                0x08003098                I2C1_EV_IRQHandler
                0x08003098                DMA1_Stream6_IRQHandler
                0x08003098                DMA1_Stream1_IRQHandler
                0x08003098                UART4_IRQHandler
                0x08003098                TIM3_IRQHandler
                0x08003098                RCC_IRQHandler
                0x08003098                TIM8_BRK_TIM12_IRQHandler
                0x08003098                EXTI15_10_IRQHandler
                0x08003098                ADC_IRQHandler
                0x08003098                DMA1_Stream7_IRQHandler
                0x08003098                TIM7_IRQHandler
                0x08003098                CAN2_TX_IRQHandler
                0x08003098                TIM5_IRQHandler
                0x08003098                DMA2_Stream7_IRQHandler
                0x08003098                I2C3_EV_IRQHandler
                0x08003098                EXTI9_5_IRQHandler
                0x08003098                RTC_WKUP_IRQHandler
                0x08003098                ETH_WKUP_IRQHandler
                0x08003098                SPI2_IRQHandler
                0x08003098                OTG_HS_EP1_IN_IRQHandler
                0x08003098                DMA1_Stream0_IRQHandler
                0x08003098                CAN1_TX_IRQHandler
                0x08003098                EXTI4_IRQHandler
                0x08003098                FSMC_IRQHandler
                0x08003098                OTG_HS_EP1_OUT_IRQHandler
                0x08003098                WWDG_IRQHandler
                0x08003098                TIM2_IRQHandler
                0x08003098                OTG_FS_WKUP_IRQHandler
                0x08003098                TIM1_TRG_COM_TIM11_IRQHandler
                0x08003098                OTG_HS_IRQHandler
                0x08003098                EXTI1_IRQHandler
                0x08003098                USART2_IRQHandler
                0x08003098                I2C2_ER_IRQHandler
                0x08003098                DMA2_Stream1_IRQHandler
                0x08003098                CAN1_SCE_IRQHandler
                0x08003098                FLASH_IRQHandler
                0x08003098                DMA2_Stream4_IRQHandler
                0x08003098                USART1_IRQHandler
                0x08003098                OTG_FS_IRQHandler
                0x08003098                SPI3_IRQHandler
                0x08003098                DMA1_Stream4_IRQHandler
                0x08003098                I2C1_ER_IRQHandler
                0x08003098                DMA2_Stream6_IRQHandler
                0x08003098                DMA1_Stream3_IRQHandler
 .text.ETH_Delay
                0x080030a0       0x28 ..\obj\stm32f4x7_eth.o
 .text.ETH_DeInit
                0x080030c8       0x1c ..\obj\stm32f4x7_eth.o
                0x080030c8                ETH_DeInit
 .text.ETH_StructInit
                0x080030e4      0x15c ..\obj\stm32f4x7_eth.o
                0x080030e4                ETH_StructInit
 .text.ETH_Init
                0x08003240      0x42c ..\obj\stm32f4x7_eth.o
                0x08003240                ETH_Init
 .text.ETH_Start
                0x0800366c       0x24 ..\obj\stm32f4x7_eth.o
                0x0800366c                ETH_Start
 .text.ETH_MACTransmissionCmd
                0x08003690       0x38 ..\obj\stm32f4x7_eth.o
                0x08003690                ETH_MACTransmissionCmd
 .text.ETH_MACReceptionCmd
                0x080036c8       0x38 ..\obj\stm32f4x7_eth.o
                0x080036c8                ETH_MACReceptionCmd
 .text.ETH_MACAddressConfig
                0x08003700       0x6c ..\obj\stm32f4x7_eth.o
                0x08003700                ETH_MACAddressConfig
 .text.ETH_Get_Received_Frame_interrupt
                0x0800376c      0x144 ..\obj\stm32f4x7_eth.o
                0x0800376c                ETH_Get_Received_Frame_interrupt
 .text.ETH_Prepare_Transmit_Descriptors
                0x080038b0      0x16c ..\obj\stm32f4x7_eth.o
                0x080038b0                ETH_Prepare_Transmit_Descriptors
 .text.ETH_DMARxDescChainInit
                0x08003a1c       0xa8 ..\obj\stm32f4x7_eth.o
                0x08003a1c                ETH_DMARxDescChainInit
 .text.ETH_DMATxDescChainInit
                0x08003ac4       0x90 ..\obj\stm32f4x7_eth.o
                0x08003ac4                ETH_DMATxDescChainInit
 .text.ETH_DMATxDescChecksumInsertionConfig
                0x08003b54       0x20 ..\obj\stm32f4x7_eth.o
                0x08003b54                ETH_DMATxDescChecksumInsertionConfig
 .text.ETH_DMARxDescReceiveITConfig
                0x08003b74       0x38 ..\obj\stm32f4x7_eth.o
                0x08003b74                ETH_DMARxDescReceiveITConfig
 .text.ETH_SoftwareReset
                0x08003bac       0x24 ..\obj\stm32f4x7_eth.o
                0x08003bac                ETH_SoftwareReset
 .text.ETH_GetSoftwareResetStatus
                0x08003bd0       0x38 ..\obj\stm32f4x7_eth.o
                0x08003bd0                ETH_GetSoftwareResetStatus
 .text.ETH_GetDMAFlagStatus
                0x08003c08       0x3c ..\obj\stm32f4x7_eth.o
                0x08003c08                ETH_GetDMAFlagStatus
 .text.ETH_DMAITConfig
                0x08003c44       0x54 ..\obj\stm32f4x7_eth.o
                0x08003c44                ETH_DMAITConfig
 .text.ETH_DMAClearITPendingBit
                0x08003c98       0x24 ..\obj\stm32f4x7_eth.o
                0x08003c98                ETH_DMAClearITPendingBit
 .text.ETH_FlushTransmitFIFO
                0x08003cbc       0x28 ..\obj\stm32f4x7_eth.o
                0x08003cbc                ETH_FlushTransmitFIFO
 .text.ETH_DMATransmissionCmd
                0x08003ce4       0x50 ..\obj\stm32f4x7_eth.o
                0x08003ce4                ETH_DMATransmissionCmd
 .text.ETH_DMAReceptionCmd
                0x08003d34       0x50 ..\obj\stm32f4x7_eth.o
                0x08003d34                ETH_DMAReceptionCmd
 .text.ETH_ReadPHYRegister
                0x08003d84       0xa0 ..\obj\stm32f4x7_eth.o
                0x08003d84                ETH_ReadPHYRegister
 .text.ETH_WritePHYRegister
                0x08003e24       0xa4 ..\obj\stm32f4x7_eth.o
                0x08003e24                ETH_WritePHYRegister
 .text.ip4_addr_isbroadcast
                0x08003ec8       0x78 ..\obj\ip_addr.o
                0x08003ec8                ip4_addr_isbroadcast
 .text.lwip_standard_chksum
                0x08003f40       0xbc ..\obj\inet_chksum.o
 .text.inet_chksum
                0x08003ffc       0x24 ..\obj\inet_chksum.o
                0x08003ffc                inet_chksum
 .text.inet_chksum_pbuf
                0x08004020       0x98 ..\obj\inet_chksum.o
                0x08004020                inet_chksum_pbuf
 .text.main     0x080040b8       0x18 ..\obj\main.o
                0x080040b8                main
 .text.RCC_GetClocksFreq
                0x080040d0      0x154 ..\obj\stm32f4xx_rcc.o
                0x080040d0                RCC_GetClocksFreq
 .text.RCC_AHB1PeriphClockCmd
                0x08004224       0x3c ..\obj\stm32f4xx_rcc.o
                0x08004224                RCC_AHB1PeriphClockCmd
 .text.RCC_APB2PeriphClockCmd
                0x08004260       0x3c ..\obj\stm32f4xx_rcc.o
                0x08004260                RCC_APB2PeriphClockCmd
 .text.RCC_AHB1PeriphResetCmd
                0x0800429c       0x3c ..\obj\stm32f4xx_rcc.o
                0x0800429c                RCC_AHB1PeriphResetCmd
 .text.LwIP_Init
                0x080042d8       0x60 ..\obj\netconf.o
                0x080042d8                LwIP_Init
 .text.NMI_Handler
                0x08004338        0xc ..\obj\stm32f4xx_it.o
                0x08004338                NMI_Handler
 .text.HardFault_Handler
                0x08004344        0x8 ..\obj\stm32f4xx_it.o
                0x08004344                HardFault_Handler
 .text.MemManage_Handler
                0x0800434c        0x8 ..\obj\stm32f4xx_it.o
                0x0800434c                MemManage_Handler
 .text.BusFault_Handler
                0x08004354        0x8 ..\obj\stm32f4xx_it.o
                0x08004354                BusFault_Handler
 .text.UsageFault_Handler
                0x0800435c        0x8 ..\obj\stm32f4xx_it.o
                0x0800435c                UsageFault_Handler
 .text.DebugMon_Handler
                0x08004364        0xc ..\obj\stm32f4xx_it.o
                0x08004364                DebugMon_Handler
 .text.ETH_IRQHandler
                0x08004370       0x5c ..\obj\stm32f4xx_it.o
                0x08004370                ETH_IRQHandler
 .text.tcpip_tcp_timer
                0x080043cc       0x44 ..\obj\timers.o
 .text.tcp_timer_needed
                0x08004410       0x40 ..\obj\timers.o
                0x08004410                tcp_timer_needed
 .text.arp_timer
                0x08004450       0x24 ..\obj\timers.o
 .text.sys_timeouts_init
                0x08004474       0x18 ..\obj\timers.o
                0x08004474                sys_timeouts_init
 .text.sys_timeout
                0x0800448c       0xdc ..\obj\timers.o
                0x0800448c                sys_timeout
 .text.sys_untimeout
                0x08004568       0x8c ..\obj\timers.o
                0x08004568                sys_untimeout
 .text.sys_timeouts_mbox_fetch
                0x080045f4       0xac ..\obj\timers.o
                0x080045f4                sys_timeouts_mbox_fetch
 .text.lwip_init
                0x080046a0       0x24 ..\obj\init.o
                0x080046a0                lwip_init
 .text.ETH_BSP_Config
                0x080046c4       0x20 ..\obj\stm32f4x7_eth_bsp.o
                0x080046c4                ETH_BSP_Config
 .text.ETH_MACDMA_Config
                0x080046e4       0xc8 ..\obj\stm32f4x7_eth_bsp.o
 .text.ETH_GPIO_Config
                0x080047ac      0x130 ..\obj\stm32f4x7_eth_bsp.o
 .text.ETH_NVIC_Config
                0x080048dc       0x2c ..\obj\stm32f4x7_eth_bsp.o
 .text.lwip_htons
                0x08004908       0x2c ..\obj\def.o
                0x08004908                lwip_htons
 .text.lwip_ntohs
                0x08004934       0x1c ..\obj\def.o
                0x08004934                lwip_ntohs
 .text.lwip_htonl
                0x08004950       0x34 ..\obj\def.o
                0x08004950                lwip_htonl
 .text.lwip_ntohl
                0x08004984       0x18 ..\obj\def.o
                0x08004984                lwip_ntohl
 .text.low_level_init
                0x0800499c      0x11c ..\obj\ethernetif.o
 .text.low_level_output
                0x08004ab8       0xc0 ..\obj\ethernetif.o
 .text.low_level_input
                0x08004b78      0x100 ..\obj\ethernetif.o
 .text.ethernetif_input
                0x08004c78       0x54 ..\obj\ethernetif.o
 .text.ethernetif_init
                0x08004ccc       0x50 ..\obj\ethernetif.o
                0x08004ccc                ethernetif_init
 .text.arp_timer
                0x08004d1c       0x24 ..\obj\ethernetif.o
 .text.etharp_free_entry
                0x08004d40       0x64 ..\obj\etharp.o
 .text.etharp_tmr
                0x08004da4       0xdc ..\obj\etharp.o
                0x08004da4                etharp_tmr
 .text.etharp_find_entry
                0x08004e80      0x1fc ..\obj\etharp.o
 .text.etharp_send_ip
                0x0800507c       0x50 ..\obj\etharp.o
 .text.etharp_update_arp_entry
                0x080050cc      0x11c ..\obj\etharp.o
 .text.etharp_arp_input
                0x080051e8      0x180 ..\obj\etharp.o
 .text.etharp_output_to_arp_index
                0x08005368       0xa8 ..\obj\etharp.o
 .text.etharp_output
                0x08005410      0x190 ..\obj\etharp.o
                0x08005410                etharp_output
 .text.etharp_query
                0x080055a0      0x220 ..\obj\etharp.o
                0x080055a0                etharp_query
 .text.etharp_raw
                0x080057c0       0xf4 ..\obj\etharp.o
 .text.etharp_request
                0x080058b4       0x48 ..\obj\etharp.o
                0x080058b4                etharp_request
 .text.ethernet_input
                0x080058fc       0xfc ..\obj\etharp.o
                0x080058fc                ethernet_input
 .text.xTaskGenericCreate
                0x080059f8      0x1a4 ..\obj\tasks.o
                0x080059f8                xTaskGenericCreate
 .text.vTaskStartScheduler
                0x08005b9c       0x80 ..\obj\tasks.o
                0x08005b9c                vTaskStartScheduler
 .text.vTaskSuspendAll
                0x08005c1c       0x1c ..\obj\tasks.o
                0x08005c1c                vTaskSuspendAll
 .text.xTaskResumeAll
                0x08005c38      0x12c ..\obj\tasks.o
                0x08005c38                xTaskResumeAll
 .text.xTaskGetTickCount
                0x08005d64       0x20 ..\obj\tasks.o
                0x08005d64                xTaskGetTickCount
 .text.xTaskIncrementTick
                0x08005d84      0x180 ..\obj\tasks.o
                0x08005d84                xTaskIncrementTick
 .text.vTaskSwitchContext
                0x08005f04       0xb4 ..\obj\tasks.o
                0x08005f04                vTaskSwitchContext
 .text.vTaskPlaceOnEventList
                0x08005fb8       0x9c ..\obj\tasks.o
                0x08005fb8                vTaskPlaceOnEventList
 .text.xTaskRemoveFromEventList
                0x08006054       0xc8 ..\obj\tasks.o
                0x08006054                xTaskRemoveFromEventList
 .text.vTaskSetTimeOutState
                0x0800611c       0x44 ..\obj\tasks.o
                0x0800611c                vTaskSetTimeOutState
 .text.xTaskCheckForTimeOut
                0x08006160       0xbc ..\obj\tasks.o
                0x08006160                xTaskCheckForTimeOut
 .text.vTaskMissedYield
                0x0800621c       0x18 ..\obj\tasks.o
                0x0800621c                vTaskMissedYield
 .text.prvIdleTask
                0x08006234       0x30 ..\obj\tasks.o
 .text.prvInitialiseTCBVariables
                0x08006264       0xa4 ..\obj\tasks.o
 .text.prvInitialiseTaskLists
                0x08006308       0x7c ..\obj\tasks.o
 .text.prvCheckTasksWaitingTermination
                0x08006384       0x74 ..\obj\tasks.o
 .text.prvAddCurrentTaskToDelayedList
                0x080063f8       0x6c ..\obj\tasks.o
 .text.prvAllocateTCBAndStack
                0x08006464       0x70 ..\obj\tasks.o
 .text.prvDeleteTCB
                0x080064d4       0x20 ..\obj\tasks.o
 .text.prvResetNextTaskUnblockTime
                0x080064f4       0x48 ..\obj\tasks.o
 .text.vTaskPriorityInherit
                0x0800653c       0xf0 ..\obj\tasks.o
                0x0800653c                vTaskPriorityInherit
 .text.xTaskPriorityDisinherit
                0x0800662c       0xe8 ..\obj\tasks.o
                0x0800662c                xTaskPriorityDisinherit
 .text.pvTaskIncrementMutexHeldCount
                0x08006714       0x28 ..\obj\tasks.o
                0x08006714                pvTaskIncrementMutexHeldCount
 .text.pbuf_alloc
                0x0800673c      0x1f4 ..\obj\pbuf.o
                0x0800673c                pbuf_alloc
 .text.pbuf_realloc
                0x08006930       0xc8 ..\obj\pbuf.o
                0x08006930                pbuf_realloc
 .text.pbuf_header
                0x080069f8       0xe0 ..\obj\pbuf.o
                0x080069f8                pbuf_header
 .text.pbuf_free
                0x08006ad8       0xa0 ..\obj\pbuf.o
                0x08006ad8                pbuf_free
 .text.pbuf_clen
                0x08006b78       0x30 ..\obj\pbuf.o
                0x08006b78                pbuf_clen
 .text.pbuf_ref
                0x08006ba8       0x24 ..\obj\pbuf.o
                0x08006ba8                pbuf_ref
 .text.pbuf_copy
                0x08006bcc      0x110 ..\obj\pbuf.o
                0x08006bcc                pbuf_copy
 .text.pbuf_copy_partial
                0x08006cdc       0xcc ..\obj\pbuf.o
                0x08006cdc                pbuf_copy_partial
 .text.netif_init
                0x08006da8        0xc ..\obj\netif.o
                0x08006da8                netif_init
 .text.netif_add
                0x08006db4       0x84 ..\obj\netif.o
                0x08006db4                netif_add
 .text.netif_set_addr
                0x08006e38       0x2c ..\obj\netif.o
                0x08006e38                netif_set_addr
 .text.netif_set_ipaddr
                0x08006e64       0xb0 ..\obj\netif.o
                0x08006e64                netif_set_ipaddr
 .text.netif_set_gw
                0x08006f14       0x28 ..\obj\netif.o
                0x08006f14                netif_set_gw
 .text.netif_set_netmask
                0x08006f3c       0x28 ..\obj\netif.o
                0x08006f3c                netif_set_netmask
 .text.netif_set_default
                0x08006f64       0x1c ..\obj\netif.o
                0x08006f64                netif_set_default
 .text.netif_set_up
                0x08006f80       0x58 ..\obj\netif.o
                0x08006f80                netif_set_up
 .text.GPIO_Init
                0x08006fd8      0x11c ..\obj\stm32f4xx_gpio.o
                0x08006fd8                GPIO_Init
 .text.GPIO_SetBits
                0x080070f4       0x1c ..\obj\stm32f4xx_gpio.o
                0x080070f4                GPIO_SetBits
 .text.GPIO_ResetBits
                0x08007110       0x1c ..\obj\stm32f4xx_gpio.o
                0x08007110                GPIO_ResetBits
 .text.GPIO_PinAFConfig
                0x0800712c       0x90 ..\obj\stm32f4xx_gpio.o
                0x0800712c                GPIO_PinAFConfig
 .text.sys_mbox_new
                0x080071bc       0x38 ..\obj\sys_arch.o
                0x080071bc                sys_mbox_new
 .text.sys_mbox_trypost
                0x080071f4       0x6c ..\obj\sys_arch.o
                0x080071f4                sys_mbox_trypost
 .text.sys_arch_mbox_fetch
                0x08007260       0xbc ..\obj\sys_arch.o
                0x08007260                sys_arch_mbox_fetch
 .text.sys_mutex_new
                0x0800731c       0x30 ..\obj\sys_arch.o
                0x0800731c                sys_mutex_new
 .text.sys_mutex_lock
                0x0800734c       0x28 ..\obj\sys_arch.o
                0x0800734c                sys_mutex_lock
 .text.sys_mutex_unlock
                0x08007374       0x20 ..\obj\sys_arch.o
                0x08007374                sys_mutex_unlock
 .text.sys_init
                0x08007394        0xc ..\obj\sys_arch.o
                0x08007394                sys_init
 .text.sys_thread_new
                0x080073a0       0x4c ..\obj\sys_arch.o
                0x080073a0                sys_thread_new
 .text.vListInitialise
                0x080073ec       0x40 ..\obj\list.o
                0x080073ec                vListInitialise
 .text.vListInitialiseItem
                0x0800742c       0x18 ..\obj\list.o
                0x0800742c                vListInitialiseItem
 .text.vListInsertEnd
                0x08007444       0x48 ..\obj\list.o
                0x08007444                vListInsertEnd
 .text.vListInsert
                0x0800748c       0x70 ..\obj\list.o
                0x0800748c                vListInsert
 .text.uxListRemove
                0x080074fc       0x54 ..\obj\list.o
                0x080074fc                uxListRemove
 .text.DMA2_Stream0_IRQHandler
                0x08007550       0x68 ..\obj\adc_ext.o
                0x08007550                DMA2_Stream0_IRQHandler
 .text.DMA2_Stream3_IRQHandler
                0x080075b8       0x24 ..\obj\adc_ext.o
                0x080075b8                DMA2_Stream3_IRQHandler
 .text.TIM1_CC_IRQHandler
                0x080075dc       0x44 ..\obj\adc_ext.o
                0x080075dc                TIM1_CC_IRQHandler
 .text.SystemInit
                0x08007620       0x68 ..\obj\system_stm32f4xx.o
                0x08007620                SystemInit
 .text.SetSysClock
                0x08007688       0xf4 ..\obj\system_stm32f4xx.o
 .text.DMA_GetITStatus
                0x0800777c       0xb0 ..\obj\stm32f4xx_dma.o
                0x0800777c                DMA_GetITStatus
 .text.DMA_ClearITPendingBit
                0x0800782c       0x5c ..\obj\stm32f4xx_dma.o
                0x0800782c                DMA_ClearITPendingBit
 .text.xQueueGenericReset
                0x08007888       0xd0 ..\obj\queue.o
                0x08007888                xQueueGenericReset
 .text.xQueueGenericCreate
                0x08007958       0xb8 ..\obj\queue.o
                0x08007958                xQueueGenericCreate
 .text.xQueueCreateMutex
                0x08007a10       0xa0 ..\obj\queue.o
                0x08007a10                xQueueCreateMutex
 .text.xQueueCreateCountingSemaphore
                0x08007ab0       0x7c ..\obj\queue.o
                0x08007ab0                xQueueCreateCountingSemaphore
 .text.xQueueGenericSend
                0x08007b2c      0x1c0 ..\obj\queue.o
                0x08007b2c                xQueueGenericSend
 .text.xQueueGenericSendFromISR
                0x08007cec      0x118 ..\obj\queue.o
                0x08007cec                xQueueGenericSendFromISR
 .text.xQueueGiveFromISR
                0x08007e04       0xd4 ..\obj\queue.o
                0x08007e04                xQueueGiveFromISR
 .text.xQueueGenericReceive
                0x08007ed8      0x1e0 ..\obj\queue.o
                0x08007ed8                xQueueGenericReceive
 .text.prvCopyDataToQueue
                0x080080b8       0xdc ..\obj\queue.o
 .text.prvCopyDataFromQueue
                0x08008194       0x4c ..\obj\queue.o
 .text.prvUnlockQueue
                0x080081e0       0x98 ..\obj\queue.o
 .text.prvIsQueueEmpty
                0x08008278       0x2c ..\obj\queue.o
 .text.prvIsQueueFull
                0x080082a4       0x30 ..\obj\queue.o
 .text.pxPortInitialiseStack
                0x080082d4       0x64 ..\obj\port.o
                0x080082d4                pxPortInitialiseStack
 .text.prvTaskExitError
                0x08008338       0x3c ..\obj\port.o
 .text.SVC_Handler
                0x08008374       0x20 ..\obj\port.o
                0x08008374                SVC_Handler
 .text.prvPortStartFirstTask
                0x08008394       0x20 ..\obj\port.o
 .text.xPortStartScheduler
                0x080083b4      0x118 ..\obj\port.o
                0x080083b4                xPortStartScheduler
 .text.vPortEnterCritical
                0x080084cc       0x5c ..\obj\port.o
                0x080084cc                vPortEnterCritical
 .text.vPortExitCritical
                0x08008528       0x4c ..\obj\port.o
                0x08008528                vPortExitCritical
 .text.PendSV_Handler
                0x08008574       0x60 ..\obj\port.o
                0x08008574                PendSV_Handler
 .text.SysTick_Handler
                0x080085d4       0x44 ..\obj\port.o
                0x080085d4                SysTick_Handler
 .text.vPortSetupTimerInterrupt
                0x08008618       0x34 ..\obj\port.o
                0x08008618                vPortSetupTimerInterrupt
 .text.vPortEnableVFP
                0x0800864c       0x14 ..\obj\port.o
 .text.vPortValidateInterruptPriority
                0x08008660       0x78 ..\obj\port.o
                0x08008660                vPortValidateInterruptPriority
 .text.udp_init
                0x080086d8        0xc ..\obj\udp.o
                0x080086d8                udp_init
 .text.udp_input
                0x080086e4      0x220 ..\obj\udp.o
                0x080086e4                udp_input
 .text.ip_route
                0x08008904       0x78 ..\obj\ip.o
                0x08008904                ip_route
 .text.ip_input
                0x0800897c      0x1f8 ..\obj\ip.o
                0x0800897c                ip_input
 .text.ip_output_if
                0x08008b74       0xf4 ..\obj\ip.o
                0x08008b74                ip_output_if
 .text.ip_output
                0x08008c68       0x4c ..\obj\ip.o
                0x08008c68                ip_output
 .text.icmp_input
                0x08008cb4      0x1ec ..\obj\icmp.o
                0x08008cb4                icmp_input
 .text.icmp_dest_unreach
                0x08008ea0       0x20 ..\obj\icmp.o
                0x08008ea0                icmp_dest_unreach
 .text.icmp_send_response
                0x08008ec0       0xac ..\obj\icmp.o
 .text.NVIC_PriorityGroupConfig
                0x08008f6c       0x24 ..\obj\misc.o
                0x08008f6c                NVIC_PriorityGroupConfig
 .text.NVIC_Init
                0x08008f90       0xc0 ..\obj\misc.o
                0x08008f90                NVIC_Init
 .text.pvPortMalloc
                0x08009050      0x11c ..\obj\heap_2.o
                0x08009050                pvPortMalloc
 .text.vPortFree
                0x0800916c       0x70 ..\obj\heap_2.o
                0x0800916c                vPortFree
 .text.prvHeapInit
                0x080091dc       0x50 ..\obj\heap_2.o
 .text.tcp_output_alloc_header
                0x0800922c       0xd0 ..\obj\tcp_out.o
 .text.tcp_send_fin
                0x080092fc       0x80 ..\obj\tcp_out.o
                0x080092fc                tcp_send_fin
 .text.tcp_create_segment
                0x0800937c      0x104 ..\obj\tcp_out.o
 .text.tcp_enqueue_flags
                0x08009480      0x18c ..\obj\tcp_out.o
                0x08009480                tcp_enqueue_flags
 .text.tcp_send_empty_ack
                0x0800960c       0x74 ..\obj\tcp_out.o
                0x0800960c                tcp_send_empty_ack
 .text.tcp_output
                0x08009680      0x2a8 ..\obj\tcp_out.o
                0x08009680                tcp_output
 .text.tcp_output_segment
                0x08009928      0x14c ..\obj\tcp_out.o
 .text.tcp_rst  0x08009a74       0xb8 ..\obj\tcp_out.o
                0x08009a74                tcp_rst
 .text.tcp_rexmit_rto
                0x08009b2c       0x60 ..\obj\tcp_out.o
                0x08009b2c                tcp_rexmit_rto
 .text.tcp_rexmit
                0x08009b8c       0x94 ..\obj\tcp_out.o
                0x08009b8c                tcp_rexmit
 .text.tcp_rexmit_fast
                0x08009c20       0xa4 ..\obj\tcp_out.o
                0x08009c20                tcp_rexmit_fast
 .text.tcp_keepalive
                0x08009cc4       0x58 ..\obj\tcp_out.o
                0x08009cc4                tcp_keepalive
 .text.tcp_zero_window_probe
                0x08009d1c       0xf0 ..\obj\tcp_out.o
                0x08009d1c                tcp_zero_window_probe
 .text.raw_input
                0x08009e0c       0xc0 ..\obj\raw.o
                0x08009e0c                raw_input
 .text.memcmp   0x08009ecc       0x64 c:/program files/gnu tools arm embedded/4.9 2015q2/bin/../lib/gcc/arm-none-eabi/4.9.3/../../../../arm-none-eabi/lib/armv7e-m/softfp\libg.a(lib_a-memcmp.o)
                0x08009ecc                memcmp
 .text          0x08009f30      0x134 c:/program files/gnu tools arm embedded/4.9 2015q2/bin/../lib/gcc/arm-none-eabi/4.9.3/../../../../arm-none-eabi/lib/armv7e-m/softfp\libg.a(lib_a-memcpy.o)
                0x08009f30                memcpy
 .text.memset   0x0800a064       0x9c c:/program files/gnu tools arm embedded/4.9 2015q2/bin/../lib/gcc/arm-none-eabi/4.9.3/../../../../arm-none-eabi/lib/armv7e-m/softfp\libg.a(lib_a-memset.o)
                0x0800a064                memset
 *(.init)
 *(.fini)
 *crtbegin.o(.ctors)
 *crtbegin?.o(.ctors)
 *(EXCLUDE_FILE(*crtend.o *crtend?.o) .ctors)
 *(SORT(.ctors.*))
 *(.ctors)
 *crtbegin.o(.dtors)
 *crtbegin?.o(.dtors)
 *(EXCLUDE_FILE(*crtend.o *crtend?.o) .dtors)
 *(SORT(.dtors.*))
 *(.dtors)
 *(.rodata*)
 .rodata        0x0800a100       0xcc ..\obj\tcp.o
                0x0800a178                tcp_state_str
                0x0800a1a4                tcp_backoff
                0x0800a1b4                tcp_persist_backoff
                0x0800a1bc                tcp_pcb_lists
 .rodata        0x0800a1cc       0x30 ..\obj\memp.o
 .rodata        0x0800a1fc        0xd ..\obj\tcpip.o
 *fill*         0x0800a209        0x3 
 .rodata        0x0800a20c        0x7 ..\obj\ethernetif.o
 *fill*         0x0800a213        0x1 
 .rodata        0x0800a214        0xe ..\obj\etharp.o
                0x0800a214                ethbroadcast
                0x0800a21c                ethzero
 *fill*         0x0800a222        0x2 
 .rodata        0x0800a224        0x5 ..\obj\tasks.o
 *(.eh_fram e*)

.glue_7         0x0800a22c        0x0
 .glue_7        0x00000000        0x0 linker stubs

.glue_7t        0x0800a22c        0x0
 .glue_7t       0x00000000        0x0 linker stubs

.vfp11_veneer   0x0800a22c        0x0
 .vfp11_veneer  0x00000000        0x0 linker stubs

.v4_bx          0x0800a22c        0x0
 .v4_bx         0x00000000        0x0 linker stubs

.iplt           0x0800a22c        0x0
 .iplt          0x00000000        0x0 ..\obj\stm32f4xx_syscfg.o

.rel.dyn        0x0800a22c        0x0
 .rel.iplt      0x00000000        0x0 ..\obj\stm32f4xx_syscfg.o

.ARM.extab
 *(.ARM.extab* .gnu.linkonce.armextab.*)
                0x0800a22c                __exidx_start = .

.ARM.exidx
 *(.ARM.exidx* .gnu.linkonce.armexidx.*)
                0x0800a22c                __exidx_end = .
                0x0800a22c                __etext = .
                0x0800a229                _sidata = __etext

.data           0x20000000       0x38 load address 0x0800a229
                0x20000000                __data_start__ = .
                0x20000000                _sdata = __data_start__
 *(vtable)
 *(.data*)
 .data          0x20000000        0x8 ..\obj\tcp.o
 .data          0x20000008       0x10 ..\obj\stm32f4xx_rcc.o
 .data          0x20000018        0x4 ..\obj\tasks.o
 .data          0x2000001c       0x14 ..\obj\system_stm32f4xx.o
                0x2000001c                SystemCoreClock
                0x20000020                AHBPrescTable
 .data          0x20000030        0x4 ..\obj\port.o
 .data          0x20000034        0x4 ..\obj\heap_2.o
                0x20000038                . = ALIGN (0x4)
                0x20000038                PROVIDE (__preinit_array_start, .)
 *(.preinit_array)
                0x20000038                PROVIDE (__preinit_array_end, .)
                0x20000038                . = ALIGN (0x4)
                0x20000038                PROVIDE (__init_array_start, .)
 *(SORT(.init_array.*))
 *(.init_array)
                0x20000038                PROVIDE (__init_array_end, .)
                0x20000038                . = ALIGN (0x4)
                0x20000038                PROVIDE (__fini_array_start, .)
 *(SORT(.fini_array.*))
 *(.fini_array)
                0x20000038                PROVIDE (__fini_array_end, .)
 *(.jcr*)
                0x20000038                . = ALIGN (0x4)
                0x20000038                __data_end__ = .
                0x20000038                _edata = __data_end__

.igot.plt       0x20000038        0x0 load address 0x0800a264
 .igot.plt      0x00000000        0x0 ..\obj\stm32f4xx_syscfg.o

.bss            0x20000038    0x1c8cc load address 0x0800a264
                0x20000038                . = ALIGN (0x4)
                0x20000038                __bss_start__ = .
                0x20000038                _sbss = __bss_start__
 *(.bss*)
 .bss           0x20000038       0x10 ..\obj\mem.o
 .bss           0x20000048        0x2 ..\obj\tcp.o
 *fill*         0x2000004a        0x2 
 .bss           0x2000004c       0x2c ..\obj\tcp_in.o
 .bss           0x20000078     0x24f7 ..\obj\memp.o
 *fill*         0x2000256f        0x1 
 .bss           0x20002570        0xc ..\obj\tcpip.o
 .bss           0x2000257c        0x8 ..\obj\timers.o
 .bss           0x20002584        0x4 ..\obj\stm32f4x7_eth_bsp.o
                0x20002584                EthInitStatus
 .bss           0x20002588        0xc ..\obj\ethernetif.o
                0x2000258c                s_xSemaphore
 .bss           0x20002594       0xc9 ..\obj\etharp.o
 *fill*         0x2000265d        0x3 
 .bss           0x20002660       0xfc ..\obj\tasks.o
                0x20002660                pxCurrentTCB
 .bss           0x2000275c        0x1 ..\obj\netif.o
 *fill*         0x2000275d        0x3 
 .bss           0x20002760        0x4 ..\obj\sys_arch.o
                0x20002760                xInsideISR
 .bss           0x20002764        0x1 ..\obj\adc_ext.o
                0x20002764                ADC_buf_full_flag
 *fill*         0x20002765        0x3 
 .bss           0x20002768        0x8 ..\obj\port.o
 .bss           0x20002770        0x2 ..\obj\ip.o
 *fill*         0x20002772        0x2 
 .bss           0x20002774     0x5014 ..\obj\heap_2.o
 .bss           0x20007788        0x4 ..\obj\raw.o
 *(COMMON)
 COMMON         0x2000778c     0x1414 ..\obj\mem.o
                0x2000778c                ram_heap
 COMMON         0x20008ba0       0x1c ..\obj\tcp.o
                0x20008ba0                tcp_active_pcbs_changed
                0x20008ba4                tcp_active_pcbs
                0x20008ba8                tcp_ticks
                0x20008bac                tcp_listen_pcbs
                0x20008bb0                tcp_tmp_pcb
                0x20008bb4                tcp_bound_pcbs
                0x20008bb8                tcp_tw_pcbs
 COMMON         0x20008bbc        0x4 ..\obj\tcp_in.o
                0x20008bbc                tcp_input_pcb
 COMMON         0x20008bc0     0x3ce4 ..\obj\stm32f4x7_eth.o
                0x20008bc0                RX_Frame_Descriptor
                0x20008bcc                DMARxDescToGet
                0x20008bd0                DMATxDescToSet
                0x20008bd4                DMATxDscrTab
                0x20008c74                Rx_Buff
                0x2000aa38                Frame_Rx_index
                0x2000aa3c                DMA_RX_FRAME_infos
                0x2000aa40                DMARxDscrTab
                0x2000aae0                Tx_Buff
 COMMON         0x2000c8a4       0x30 ..\obj\netconf.o
                0x2000c8a4                xnetif
 COMMON         0x2000c8d4        0x8 ..\obj\netif.o
                0x2000c8d4                netif_list
                0x2000c8d8                netif_default
 COMMON         0x2000c8dc    0x10014 ..\obj\adc_ext.o
                0x2000c8dc                ADC_last_data
                0x2000c8e4                ExtAdcTxBuff
                0x2000c8ec                ADC_buf_pnt
                0x2000c8f0                ExtAdcRxBuff
 COMMON         0x2001c8f0        0x4 ..\obj\udp.o
                0x2001c8f0                udp_pcbs
 COMMON         0x2001c8f4       0x10 ..\obj\ip.o
                0x2001c8f4                current_iphdr_src
                0x2001c8f8                current_netif
                0x2001c8fc                current_iphdr_dest
                0x2001c900                current_header
                0x2001c904                . = ALIGN (0x4)
                0x2001c904                __bss_end__ = .
                0x2001c904                _ebss = __bss_end__

.heap           0x2001c904        0x0
                0x2001c904                __end__ = .
                0x2001c904                _end = __end__
                0x2001c904                end = __end__
 *(.heap*)
                0x2001c904                __HeapLimit = .

.co_stack       0x2001c904      0x804 load address 0x08026b30
                0x2001c908                . = ALIGN (0x8)
 *fill*         0x2001c904        0x4 
 *(.co_stack .co_stack.*)
 .co_stack      0x2001c908      0x800 ..\obj\startup_stm32f4xx.o
                0x2001c908                pulStack
                0x20020000                __StackTop = (ORIGIN (ram) + 0x20000)
                0x2001f7fc                __StackLimit = (__StackTop - SIZEOF (.co_stack))
                0x20020000                PROVIDE (__stack, __StackTop)
                0x00000001                ASSERT ((__StackLimit >= __HeapLimit), region ram  overflowed with stack)
LOAD ..\obj\stm32f4xx_syscfg.o
LOAD ..\obj\mem.o
LOAD ..\obj\mb.o
LOAD ..\obj\stm32f4xx_sdio.o
LOAD ..\obj\mbfuncdisc.o
LOAD ..\obj\tcp.o
LOAD ..\obj\err.o
LOAD ..\obj\portevent.o
LOAD ..\obj\porttcp.o
LOAD ..\obj\randm.o
LOAD ..\obj\mib_structs.o
LOAD ..\obj\mbfuncother.o
LOAD ..\obj\tcp_in.o
LOAD ..\obj\stm32f4xx_usart.o
LOAD ..\obj\stm32f4xx_pwr.o
LOAD ..\obj\slipif.o
LOAD ..\obj\memp.o
LOAD ..\obj\autoip.o
LOAD ..\obj\ip_frag.o
LOAD ..\obj\msg_out.o
LOAD ..\obj\netbuf.o
LOAD ..\obj\tcpip.o
LOAD ..\obj\mbutils.o
LOAD ..\obj\stm32f4xx_dac.o
LOAD ..\obj\asn1_dec.o
LOAD ..\obj\lcp.o
LOAD ..\obj\vj.o
LOAD ..\obj\startup_stm32f4xx.o
LOAD ..\obj\stm32f4x7_eth.o
LOAD ..\obj\sys.o
LOAD ..\obj\ip_addr.o
LOAD ..\obj\mbfuncholding.o
LOAD ..\obj\inet_chksum.o
LOAD ..\obj\main.o
LOAD ..\obj\mbcrc.o
LOAD ..\obj\stm32f4xx_rcc.o
LOAD ..\obj\netconf.o
LOAD ..\obj\mib2.o
LOAD ..\obj\stm32f4xx_it.o
LOAD ..\obj\netdb.o
LOAD ..\obj\timers.o
LOAD ..\obj\tcpecho.o
LOAD ..\obj\init.o
LOAD ..\obj\stm32f4xx_adc.o
LOAD ..\obj\stm32f4x7_eth_bsp.o
LOAD ..\obj\mbfuncinput.o
LOAD ..\obj\def.o
LOAD ..\obj\ethernetif.o
LOAD ..\obj\chpms.o
LOAD ..\obj\etharp.o
LOAD ..\obj\mbfuncdiag.o
LOAD ..\obj\tasks.o
LOAD ..\obj\magic.o
LOAD ..\obj\tcp_send.o
LOAD ..\obj\pbuf.o
LOAD ..\obj\stats.o
LOAD ..\obj\inet.o
LOAD ..\obj\msg_in.o
LOAD ..\obj\netif.o
LOAD ..\obj\asn1_enc.o
LOAD ..\obj\fsm.o
LOAD ..\obj\api_msg.o
LOAD ..\obj\chap.o
LOAD ..\obj\stm32f4xx_gpio.o
LOAD ..\obj\md5.o
LOAD ..\obj\sys_arch.o
LOAD ..\obj\list.o
LOAD ..\obj\mbrtu.o
LOAD ..\obj\adc_ext.o
LOAD ..\obj\system_stm32f4xx.o
LOAD ..\obj\syscalls.o
LOAD ..\obj\stm32f4xx_dma.o
LOAD ..\obj\portother.o
LOAD ..\obj\adc.o
LOAD ..\obj\queue.o
LOAD ..\obj\port.o
LOAD ..\obj\sockets.o
LOAD ..\obj\igmp.o
LOAD ..\obj\pap.o
LOAD ..\obj\croutine.o
LOAD ..\obj\udp.o
LOAD ..\obj\ip.o
LOAD ..\obj\stm32f4xx_spi.o
LOAD ..\obj\mbfunccoils.o
LOAD ..\obj\event_groups.o
LOAD ..\obj\auth.o
LOAD ..\obj\stm32f4xx_exti.o
LOAD ..\obj\ppp_oe.o
LOAD ..\obj\icmp.o
LOAD ..\obj\dns.o
LOAD ..\obj\netifapi.o
LOAD ..\obj\misc.o
LOAD ..\obj\api_lib.o
LOAD ..\obj\udp_send.o
LOAD ..\obj\mbtcp.o
LOAD ..\obj\dhcp.o
LOAD ..\obj\ppp.o
LOAD ..\obj\mbascii.o
LOAD ..\obj\mbfunc.o
LOAD ..\obj\heap_2.o
LOAD ..\obj\ipcp.o
LOAD ..\obj\stm32f4xx_tim.o
LOAD ..\obj\tcp_out.o
LOAD ..\obj\raw.o
START GROUP
LOAD c:/program files/gnu tools arm embedded/4.9 2015q2/bin/../lib/gcc/arm-none-eabi/4.9.3/armv7e-m/softfp\libgcc.a
LOAD c:/program files/gnu tools arm embedded/4.9 2015q2/bin/../lib/gcc/arm-none-eabi/4.9.3/../../../../arm-none-eabi/lib/armv7e-m/softfp\libg.a
LOAD c:/program files/gnu tools arm embedded/4.9 2015q2/bin/../lib/gcc/arm-none-eabi/4.9.3/../../../../arm-none-eabi/lib/armv7e-m/softfp\libc.a
END GROUP
OUTPUT(LAN8720.elf elf32-littlearm)

.debug_info     0x00000000    0x131df
 .debug_info    0x00000000      0x26c ..\obj\stm32f4xx_syscfg.o
 .debug_info    0x0000026c      0x370 ..\obj\mem.o
 .debug_info    0x000005dc     0x135b ..\obj\tcp.o
 .debug_info    0x00001937      0xc83 ..\obj\tcp_in.o
 .debug_info    0x000025ba      0x261 ..\obj\memp.o
 .debug_info    0x0000281b      0xb36 ..\obj\tcpip.o
 .debug_info    0x00003351       0xed ..\obj\startup_stm32f4xx.o
 .debug_info    0x0000343e     0x190d ..\obj\stm32f4x7_eth.o
 .debug_info    0x00004d4b      0x529 ..\obj\ip_addr.o
 .debug_info    0x00005274      0x39b ..\obj\inet_chksum.o
 .debug_info    0x0000560f      0x15b ..\obj\main.o
 .debug_info    0x0000576a      0xc4d ..\obj\stm32f4xx_rcc.o
 .debug_info    0x000063b7      0x352 ..\obj\netconf.o
 .debug_info    0x00006709      0x181 ..\obj\stm32f4xx_it.o
 .debug_info    0x0000688a      0x882 ..\obj\timers.o
 .debug_info    0x0000710c       0x88 ..\obj\init.o
 .debug_info    0x00007194      0x817 ..\obj\stm32f4x7_eth_bsp.o
 .debug_info    0x000079ab       0xfd ..\obj\def.o
 .debug_info    0x00007aa8      0xb01 ..\obj\ethernetif.o
 .debug_info    0x000085a9      0xae9 ..\obj\etharp.o
 .debug_info    0x00009092     0x1b85 ..\obj\tasks.o
 .debug_info    0x0000ac17      0x857 ..\obj\pbuf.o
 .debug_info    0x0000b46e      0xb44 ..\obj\netif.o
 .debug_info    0x0000bfb2      0x602 ..\obj\stm32f4xx_gpio.o
 .debug_info    0x0000c5b4      0x6c3 ..\obj\sys_arch.o
 .debug_info    0x0000cc77      0x299 ..\obj\list.o
 .debug_info    0x0000cf10      0xc63 ..\obj\adc_ext.o
 .debug_info    0x0000db73      0x592 ..\obj\system_stm32f4xx.o
 .debug_info    0x0000e105      0x739 ..\obj\stm32f4xx_dma.o
 .debug_info    0x0000e83e     0x10ec ..\obj\queue.o
 .debug_info    0x0000f92a      0x52b ..\obj\port.o
 .debug_info    0x0000fe55      0x936 ..\obj\udp.o
 .debug_info    0x0001078b      0x5e1 ..\obj\ip.o
 .debug_info    0x00010d6c      0x598 ..\obj\icmp.o
 .debug_info    0x00011304      0x53d ..\obj\misc.o
 .debug_info    0x00011841      0x2d8 ..\obj\heap_2.o
 .debug_info    0x00011b19      0xfcd ..\obj\tcp_out.o
 .debug_info    0x00012ae6      0x6f9 ..\obj\raw.o

.debug_abbrev   0x00000000     0x3a28
 .debug_abbrev  0x00000000      0x131 ..\obj\stm32f4xx_syscfg.o
 .debug_abbrev  0x00000131      0x137 ..\obj\mem.o
 .debug_abbrev  0x00000268      0x2c0 ..\obj\tcp.o
 .debug_abbrev  0x00000528      0x1fc ..\obj\tcp_in.o
 .debug_abbrev  0x00000724      0x11c ..\obj\memp.o
 .debug_abbrev  0x00000840      0x1f1 ..\obj\tcpip.o
 .debug_abbrev  0x00000a31       0xb0 ..\obj\startup_stm32f4xx.o
 .debug_abbrev  0x00000ae1      0x240 ..\obj\stm32f4x7_eth.o
 .debug_abbrev  0x00000d21      0x196 ..\obj\ip_addr.o
 .debug_abbrev  0x00000eb7      0x12b ..\obj\inet_chksum.o
 .debug_abbrev  0x00000fe2       0xda ..\obj\main.o
 .debug_abbrev  0x000010bc      0x1e3 ..\obj\stm32f4xx_rcc.o
 .debug_abbrev  0x0000129f       0xf9 ..\obj\netconf.o
 .debug_abbrev  0x00001398       0xc5 ..\obj\stm32f4xx_it.o
 .debug_abbrev  0x0000145d      0x1a1 ..\obj\timers.o
 .debug_abbrev  0x000015fe       0x40 ..\obj\init.o
 .debug_abbrev  0x0000163e      0x14d ..\obj\stm32f4x7_eth_bsp.o
 .debug_abbrev  0x0000178b       0x96 ..\obj\def.o
 .debug_abbrev  0x00001821      0x233 ..\obj\ethernetif.o
 .debug_abbrev  0x00001a54      0x1ec ..\obj\etharp.o
 .debug_abbrev  0x00001c40      0x27c ..\obj\tasks.o
 .debug_abbrev  0x00001ebc      0x1a8 ..\obj\pbuf.o
 .debug_abbrev  0x00002064      0x232 ..\obj\netif.o
 .debug_abbrev  0x00002296      0x1a3 ..\obj\stm32f4xx_gpio.o
 .debug_abbrev  0x00002439      0x1a0 ..\obj\sys_arch.o
 .debug_abbrev  0x000025d9       0xbc ..\obj\list.o
 .debug_abbrev  0x00002695      0x1ab ..\obj\adc_ext.o
 .debug_abbrev  0x00002840      0x136 ..\obj\system_stm32f4xx.o
 .debug_abbrev  0x00002976      0x155 ..\obj\stm32f4xx_dma.o
 .debug_abbrev  0x00002acb      0x1ee ..\obj\queue.o
 .debug_abbrev  0x00002cb9      0x1cc ..\obj\port.o
 .debug_abbrev  0x00002e85      0x20e ..\obj\udp.o
 .debug_abbrev  0x00003093      0x163 ..\obj\ip.o
 .debug_abbrev  0x000031f6      0x1a2 ..\obj\icmp.o
 .debug_abbrev  0x00003398      0x145 ..\obj\misc.o
 .debug_abbrev  0x000034dd      0x150 ..\obj\heap_2.o
 .debug_abbrev  0x0000362d      0x23e ..\obj\tcp_out.o
 .debug_abbrev  0x0000386b      0x1bd ..\obj\raw.o

.debug_aranges  0x00000000     0x1320
 .debug_aranges
                0x00000000       0x48 ..\obj\stm32f4xx_syscfg.o
 .debug_aranges
                0x00000048       0x48 ..\obj\mem.o
 .debug_aranges
                0x00000090      0x138 ..\obj\tcp.o
 .debug_aranges
                0x000001c8       0x48 ..\obj\tcp_in.o
 .debug_aranges
                0x00000210       0x30 ..\obj\memp.o
 .debug_aranges
                0x00000240       0x80 ..\obj\tcpip.o
 .debug_aranges
                0x000002c0       0x28 ..\obj\startup_stm32f4xx.o
 .debug_aranges
                0x000002e8      0x2b8 ..\obj\stm32f4x7_eth.o
 .debug_aranges
                0x000005a0       0x48 ..\obj\ip_addr.o
 .debug_aranges
                0x000005e8       0x40 ..\obj\inet_chksum.o
 .debug_aranges
                0x00000628       0x30 ..\obj\main.o
 .debug_aranges
                0x00000658      0x178 ..\obj\stm32f4xx_rcc.o
 .debug_aranges
                0x000007d0       0x20 ..\obj\netconf.o
 .debug_aranges
                0x000007f0       0x50 ..\obj\stm32f4xx_it.o
 .debug_aranges
                0x00000840       0x50 ..\obj\timers.o
 .debug_aranges
                0x00000890       0x20 ..\obj\init.o
 .debug_aranges
                0x000008b0       0x38 ..\obj\stm32f4x7_eth_bsp.o
 .debug_aranges
                0x000008e8       0x38 ..\obj\def.o
 .debug_aranges
                0x00000920       0x48 ..\obj\ethernetif.o
 .debug_aranges
                0x00000968       0x88 ..\obj\etharp.o
 .debug_aranges
                0x000009f0      0x1a8 ..\obj\tasks.o
 .debug_aranges
                0x00000b98       0xa0 ..\obj\pbuf.o
 .debug_aranges
                0x00000c38       0x80 ..\obj\netif.o
 .debug_aranges
                0x00000cb8       0x88 ..\obj\stm32f4xx_gpio.o
 .debug_aranges
                0x00000d40       0xb8 ..\obj\sys_arch.o
 .debug_aranges
                0x00000df8       0x40 ..\obj\list.o
 .debug_aranges
                0x00000e38       0x50 ..\obj\adc_ext.o
 .debug_aranges
                0x00000e88       0x30 ..\obj\system_stm32f4xx.o
 .debug_aranges
                0x00000eb8       0xb0 ..\obj\stm32f4xx_dma.o
 .debug_aranges
                0x00000f68       0xe8 ..\obj\queue.o
 .debug_aranges
                0x00001050       0x80 ..\obj\port.o
 .debug_aranges
                0x000010d0       0x78 ..\obj\udp.o
 .debug_aranges
                0x00001148       0x38 ..\obj\ip.o
 .debug_aranges
                0x00001180       0x30 ..\obj\icmp.o
 .debug_aranges
                0x000011b0       0x40 ..\obj\misc.o
 .debug_aranges
                0x000011f0       0x40 ..\obj\heap_2.o
 .debug_aranges
                0x00001230       0x98 ..\obj\tcp_out.o
 .debug_aranges
                0x000012c8       0x58 ..\obj\raw.o

.debug_ranges   0x00000000     0x10c0
 .debug_ranges  0x00000000       0x38 ..\obj\stm32f4xx_syscfg.o
 .debug_ranges  0x00000038       0x38 ..\obj\mem.o
 .debug_ranges  0x00000070      0x128 ..\obj\tcp.o
 .debug_ranges  0x00000198       0x38 ..\obj\tcp_in.o
 .debug_ranges  0x000001d0       0x20 ..\obj\memp.o
 .debug_ranges  0x000001f0       0x70 ..\obj\tcpip.o
 .debug_ranges  0x00000260       0x18 ..\obj\startup_stm32f4xx.o
 .debug_ranges  0x00000278      0x2a8 ..\obj\stm32f4x7_eth.o
 .debug_ranges  0x00000520       0x38 ..\obj\ip_addr.o
 .debug_ranges  0x00000558       0x30 ..\obj\inet_chksum.o
 .debug_ranges  0x00000588       0x20 ..\obj\main.o
 .debug_ranges  0x000005a8      0x168 ..\obj\stm32f4xx_rcc.o
 .debug_ranges  0x00000710       0x10 ..\obj\netconf.o
 .debug_ranges  0x00000720       0x40 ..\obj\stm32f4xx_it.o
 .debug_ranges  0x00000760       0x40 ..\obj\timers.o
 .debug_ranges  0x000007a0       0x10 ..\obj\init.o
 .debug_ranges  0x000007b0       0x28 ..\obj\stm32f4x7_eth_bsp.o
 .debug_ranges  0x000007d8       0x28 ..\obj\def.o
 .debug_ranges  0x00000800       0x38 ..\obj\ethernetif.o
 .debug_ranges  0x00000838       0x78 ..\obj\etharp.o
 .debug_ranges  0x000008b0      0x198 ..\obj\tasks.o
 .debug_ranges  0x00000a48       0x90 ..\obj\pbuf.o
 .debug_ranges  0x00000ad8       0x70 ..\obj\netif.o
 .debug_ranges  0x00000b48       0x78 ..\obj\stm32f4xx_gpio.o
 .debug_ranges  0x00000bc0       0xa8 ..\obj\sys_arch.o
 .debug_ranges  0x00000c68       0x30 ..\obj\list.o
 .debug_ranges  0x00000c98       0x40 ..\obj\adc_ext.o
 .debug_ranges  0x00000cd8       0x20 ..\obj\system_stm32f4xx.o
 .debug_ranges  0x00000cf8       0xa0 ..\obj\stm32f4xx_dma.o
 .debug_ranges  0x00000d98       0xd8 ..\obj\queue.o
 .debug_ranges  0x00000e70       0x70 ..\obj\port.o
 .debug_ranges  0x00000ee0       0x68 ..\obj\udp.o
 .debug_ranges  0x00000f48       0x28 ..\obj\ip.o
 .debug_ranges  0x00000f70       0x20 ..\obj\icmp.o
 .debug_ranges  0x00000f90       0x30 ..\obj\misc.o
 .debug_ranges  0x00000fc0       0x30 ..\obj\heap_2.o
 .debug_ranges  0x00000ff0       0x88 ..\obj\tcp_out.o
 .debug_ranges  0x00001078       0x48 ..\obj\raw.o

.debug_line     0x00000000     0x9ae1
 .debug_line    0x00000000      0x243 ..\obj\stm32f4xx_syscfg.o
 .debug_line    0x00000243      0x2ce ..\obj\mem.o
 .debug_line    0x00000511      0x7e8 ..\obj\tcp.o
 .debug_line    0x00000cf9      0x6e1 ..\obj\tcp_in.o
 .debug_line    0x000013da      0x1b2 ..\obj\memp.o
 .debug_line    0x0000158c      0x483 ..\obj\tcpip.o
 .debug_line    0x00001a0f       0xaf ..\obj\startup_stm32f4xx.o
 .debug_line    0x00001abe      0xb72 ..\obj\stm32f4x7_eth.o
 .debug_line    0x00002630      0x338 ..\obj\ip_addr.o
 .debug_line    0x00002968      0x27d ..\obj\inet_chksum.o
 .debug_line    0x00002be5      0x1ad ..\obj\main.o
 .debug_line    0x00002d92      0x5d9 ..\obj\stm32f4xx_rcc.o
 .debug_line    0x0000336b      0x2b9 ..\obj\netconf.o
 .debug_line    0x00003624      0x329 ..\obj\stm32f4xx_it.o
 .debug_line    0x0000394d      0x32f ..\obj\timers.o
 .debug_line    0x00003c7c       0x8f ..\obj\init.o
 .debug_line    0x00003d0b      0x34c ..\obj\stm32f4x7_eth_bsp.o
 .debug_line    0x00004057      0x11d ..\obj\def.o
 .debug_line    0x00004174      0x542 ..\obj\ethernetif.o
 .debug_line    0x000046b6      0x522 ..\obj\etharp.o
 .debug_line    0x00004bd8      0xd5c ..\obj\tasks.o
 .debug_line    0x00005934      0x51a ..\obj\pbuf.o
 .debug_line    0x00005e4e      0x398 ..\obj\netif.o
 .debug_line    0x000061e6      0x37b ..\obj\stm32f4xx_gpio.o
 .debug_line    0x00006561      0x4d0 ..\obj\sys_arch.o
 .debug_line    0x00006a31      0x278 ..\obj\list.o
 .debug_line    0x00006ca9      0x36c ..\obj\adc_ext.o
 .debug_line    0x00007015      0x20f ..\obj\system_stm32f4xx.o
 .debug_line    0x00007224      0x414 ..\obj\stm32f4xx_dma.o
 .debug_line    0x00007638      0x949 ..\obj\queue.o
 .debug_line    0x00007f81      0x3b8 ..\obj\port.o
 .debug_line    0x00008339      0x441 ..\obj\udp.o
 .debug_line    0x0000877a      0x2cb ..\obj\ip.o
 .debug_line    0x00008a45      0x24a ..\obj\icmp.o
 .debug_line    0x00008c8f      0x27d ..\obj\misc.o
 .debug_line    0x00008f0c      0x2ca ..\obj\heap_2.o
 .debug_line    0x000091d6      0x614 ..\obj\tcp_out.o
 .debug_line    0x000097ea      0x2f7 ..\obj\raw.o

.debug_str      0x00000000     0x68cb
 .debug_str     0x00000000      0x2c7 ..\obj\stm32f4xx_syscfg.o
                                0x325 (size before relaxing)
 .debug_str     0x000002c7      0x12c ..\obj\mem.o
                                0x26f (size before relaxing)
 .debug_str     0x000003f3      0x78c ..\obj\tcp.o
                                0x9e3 (size before relaxing)
 .debug_str     0x00000b7f      0x1ad ..\obj\tcp_in.o
                                0x79e (size before relaxing)
 .debug_str     0x00000d2c       0xa8 ..\obj\memp.o
                                0x2bc (size before relaxing)
 .debug_str     0x00000dd4      0x40a ..\obj\tcpip.o
                                0x775 (size before relaxing)
 .debug_str     0x000011de       0xbc ..\obj\startup_stm32f4xx.o
                                0x178 (size before relaxing)
 .debug_str     0x0000129a     0x1266 ..\obj\stm32f4x7_eth.o
                               0x148e (size before relaxing)
 .debug_str     0x00002500       0xfd ..\obj\ip_addr.o
                                0x2d8 (size before relaxing)
 .debug_str     0x000025fd       0xe3 ..\obj\inet_chksum.o
                                0x280 (size before relaxing)
 .debug_str     0x000026e0       0x6e ..\obj\main.o
                                0x1f3 (size before relaxing)
 .debug_str     0x0000274e      0x5e9 ..\obj\stm32f4xx_rcc.o
                                0x881 (size before relaxing)
 .debug_str     0x00002d37       0xb6 ..\obj\netconf.o
                                0x2f1 (size before relaxing)
 .debug_str     0x00002ded       0xce ..\obj\stm32f4xx_it.o
                                0x27e (size before relaxing)
 .debug_str     0x00002ebb      0x110 ..\obj\timers.o
                                0x681 (size before relaxing)
 .debug_str     0x00002fcb       0x5d ..\obj\init.o
                                0x190 (size before relaxing)
 .debug_str     0x00003028      0x7db ..\obj\stm32f4x7_eth_bsp.o
                                0xd79 (size before relaxing)
 .debug_str     0x00003803       0x7e ..\obj\def.o
                                0x17d (size before relaxing)
 .debug_str     0x00003881      0x134 ..\obj\ethernetif.o
                                0x750 (size before relaxing)
 .debug_str     0x000039b5      0x356 ..\obj\etharp.o
                                0x5c7 (size before relaxing)
 .debug_str     0x00003d0b      0xc70 ..\obj\tasks.o
                                0xe6e (size before relaxing)
 .debug_str     0x0000497b      0x1fe ..\obj\pbuf.o
                                0x4c2 (size before relaxing)
 .debug_str     0x00004b79      0x143 ..\obj\netif.o
                                0x635 (size before relaxing)
 .debug_str     0x00004cbc      0x1a9 ..\obj\stm32f4xx_gpio.o
                                0x4d4 (size before relaxing)
 .debug_str     0x00004e65      0x277 ..\obj\sys_arch.o
                                0x4b3 (size before relaxing)
 .debug_str     0x000050dc       0xdb ..\obj\list.o
                                0x2d4 (size before relaxing)
 .debug_str     0x000051b7      0x4a5 ..\obj\adc_ext.o
                                0xdeb (size before relaxing)
 .debug_str     0x0000565c      0x124 ..\obj\system_stm32f4xx.o
                                0x3db (size before relaxing)
 .debug_str     0x00005780      0x248 ..\obj\stm32f4xx_dma.o
                                0x573 (size before relaxing)
 .debug_str     0x000059c8      0x404 ..\obj\queue.o
                                0x75d (size before relaxing)
 .debug_str     0x00005dcc      0x224 ..\obj\port.o
                                0x447 (size before relaxing)
 .debug_str     0x00005ff0      0x1a3 ..\obj\udp.o
                                0x5a2 (size before relaxing)
 .debug_str     0x00006193       0xc6 ..\obj\ip.o
                                0x3cd (size before relaxing)
 .debug_str     0x00006259       0xbb ..\obj\icmp.o
                                0x410 (size before relaxing)
 .debug_str     0x00006314      0x16d ..\obj\misc.o
                                0x3ff (size before relaxing)
 .debug_str     0x00006481      0x195 ..\obj\heap_2.o
                                0x31f (size before relaxing)
 .debug_str     0x00006616      0x1f0 ..\obj\tcp_out.o
                                0x830 (size before relaxing)
 .debug_str     0x00006806       0xc5 ..\obj\raw.o
                                0x4a7 (size before relaxing)

.comment        0x00000000       0x70
 .comment       0x00000000       0x70 ..\obj\stm32f4xx_syscfg.o
                                 0x71 (size before relaxing)
 .comment       0x00000000       0x71 ..\obj\mem.o
 .comment       0x00000000       0x71 ..\obj\tcp.o
 .comment       0x00000000       0x71 ..\obj\tcp_in.o
 .comment       0x00000000       0x71 ..\obj\memp.o
 .comment       0x00000000       0x71 ..\obj\tcpip.o
 .comment       0x00000000       0x71 ..\obj\startup_stm32f4xx.o
 .comment       0x00000000       0x71 ..\obj\stm32f4x7_eth.o
 .comment       0x00000000       0x71 ..\obj\ip_addr.o
 .comment       0x00000000       0x71 ..\obj\inet_chksum.o
 .comment       0x00000000       0x71 ..\obj\main.o
 .comment       0x00000000       0x71 ..\obj\stm32f4xx_rcc.o
 .comment       0x00000000       0x71 ..\obj\netconf.o
 .comment       0x00000000       0x71 ..\obj\stm32f4xx_it.o
 .comment       0x00000000       0x71 ..\obj\timers.o
 .comment       0x00000000       0x71 ..\obj\init.o
 .comment       0x00000000       0x71 ..\obj\stm32f4x7_eth_bsp.o
 .comment       0x00000000       0x71 ..\obj\def.o
 .comment       0x00000000       0x71 ..\obj\ethernetif.o
 .comment       0x00000000       0x71 ..\obj\etharp.o
 .comment       0x00000000       0x71 ..\obj\tasks.o
 .comment       0x00000000       0x71 ..\obj\pbuf.o
 .comment       0x00000000       0x71 ..\obj\netif.o
 .comment       0x00000000       0x71 ..\obj\stm32f4xx_gpio.o
 .comment       0x00000000       0x71 ..\obj\sys_arch.o
 .comment       0x00000000       0x71 ..\obj\list.o
 .comment       0x00000000       0x71 ..\obj\adc_ext.o
 .comment       0x00000000       0x71 ..\obj\system_stm32f4xx.o
 .comment       0x00000000       0x71 ..\obj\stm32f4xx_dma.o
 .comment       0x00000000       0x71 ..\obj\queue.o
 .comment       0x00000000       0x71 ..\obj\port.o
 .comment       0x00000000       0x71 ..\obj\udp.o
 .comment       0x00000000       0x71 ..\obj\ip.o
 .comment       0x00000000       0x71 ..\obj\icmp.o
 .comment       0x00000000       0x71 ..\obj\misc.o
 .comment       0x00000000       0x71 ..\obj\heap_2.o
 .comment       0x00000000       0x71 ..\obj\tcp_out.o
 .comment       0x00000000       0x71 ..\obj\raw.o

.ARM.attributes
                0x00000000       0x35
 .ARM.attributes
                0x00000000       0x37 ..\obj\stm32f4xx_syscfg.o
 .ARM.attributes
                0x00000037       0x37 ..\obj\mem.o
 .ARM.attributes
                0x0000006e       0x37 ..\obj\tcp.o
 .ARM.attributes
                0x000000a5       0x37 ..\obj\tcp_in.o
 .ARM.attributes
                0x000000dc       0x37 ..\obj\memp.o
 .ARM.attributes
                0x00000113       0x37 ..\obj\tcpip.o
 .ARM.attributes
                0x0000014a       0x37 ..\obj\startup_stm32f4xx.o
 .ARM.attributes
                0x00000181       0x37 ..\obj\stm32f4x7_eth.o
 .ARM.attributes
                0x000001b8       0x37 ..\obj\ip_addr.o
 .ARM.attributes
                0x000001ef       0x37 ..\obj\inet_chksum.o
 .ARM.attributes
                0x00000226       0x37 ..\obj\main.o
 .ARM.attributes
                0x0000025d       0x37 ..\obj\stm32f4xx_rcc.o
 .ARM.attributes
                0x00000294       0x37 ..\obj\netconf.o
 .ARM.attributes
                0x000002cb       0x37 ..\obj\stm32f4xx_it.o
 .ARM.attributes
                0x00000302       0x37 ..\obj\timers.o
 .ARM.attributes
                0x00000339       0x37 ..\obj\init.o
 .ARM.attributes
                0x00000370       0x37 ..\obj\stm32f4x7_eth_bsp.o
 .ARM.attributes
                0x000003a7       0x37 ..\obj\def.o
 .ARM.attributes
                0x000003de       0x37 ..\obj\ethernetif.o
 .ARM.attributes
                0x00000415       0x37 ..\obj\etharp.o
 .ARM.attributes
                0x0000044c       0x37 ..\obj\tasks.o
 .ARM.attributes
                0x00000483       0x37 ..\obj\pbuf.o
 .ARM.attributes
                0x000004ba       0x37 ..\obj\netif.o
 .ARM.attributes
                0x000004f1       0x37 ..\obj\stm32f4xx_gpio.o
 .ARM.attributes
                0x00000528       0x37 ..\obj\sys_arch.o
 .ARM.attributes
                0x0000055f       0x37 ..\obj\list.o
 .ARM.attributes
                0x00000596       0x37 ..\obj\adc_ext.o
 .ARM.attributes
                0x000005cd       0x37 ..\obj\system_stm32f4xx.o
 .ARM.attributes
                0x00000604       0x37 ..\obj\stm32f4xx_dma.o
 .ARM.attributes
                0x0000063b       0x37 ..\obj\queue.o
 .ARM.attributes
                0x00000672       0x37 ..\obj\port.o
 .ARM.attributes
                0x000006a9       0x37 ..\obj\udp.o
 .ARM.attributes
                0x000006e0       0x37 ..\obj\ip.o
 .ARM.attributes
                0x00000717       0x37 ..\obj\icmp.o
 .ARM.attributes
                0x0000074e       0x37 ..\obj\misc.o
 .ARM.attributes
                0x00000785       0x37 ..\obj\heap_2.o
 .ARM.attributes
                0x000007bc       0x37 ..\obj\tcp_out.o
 .ARM.attributes
                0x000007f3       0x37 ..\obj\raw.o
 .ARM.attributes
                0x0000082a       0x32 c:/program files/gnu tools arm embedded/4.9 2015q2/bin/../lib/gcc/arm-none-eabi/4.9.3/../../../../arm-none-eabi/lib/armv7e-m/softfp\libg.a(lib_a-memcmp.o)
 .ARM.attributes
                0x0000085c       0x20 c:/program files/gnu tools arm embedded/4.9 2015q2/bin/../lib/gcc/arm-none-eabi/4.9.3/../../../../arm-none-eabi/lib/armv7e-m/softfp\libg.a(lib_a-memcpy.o)
 .ARM.attributes
                0x0000087c       0x32 c:/program files/gnu tools arm embedded/4.9 2015q2/bin/../lib/gcc/arm-none-eabi/4.9.3/../../../../arm-none-eabi/lib/armv7e-m/softfp\libg.a(lib_a-memset.o)

.debug_frame    0x00000000     0x4b24
 .debug_frame   0x00000000       0xf4 ..\obj\stm32f4xx_syscfg.o
 .debug_frame   0x000000f4       0xec ..\obj\mem.o
 .debug_frame   0x000001e0      0x550 ..\obj\tcp.o
 .debug_frame   0x00000730      0x100 ..\obj\tcp_in.o
 .debug_frame   0x00000830       0x88 ..\obj\memp.o
 .debug_frame   0x000008b8      0x1e0 ..\obj\tcpip.o
 .debug_frame   0x00000a98       0x4c ..\obj\startup_stm32f4xx.o
 .debug_frame   0x00000ae4      0xc84 ..\obj\stm32f4x7_eth.o
 .debug_frame   0x00001768       0xf4 ..\obj\ip_addr.o
 .debug_frame   0x0000185c       0xc8 ..\obj\inet_chksum.o
 .debug_frame   0x00001924       0x74 ..\obj\main.o
 .debug_frame   0x00001998      0x6d4 ..\obj\stm32f4xx_rcc.o
 .debug_frame   0x0000206c       0x38 ..\obj\netconf.o
 .debug_frame   0x000020a4       0xd4 ..\obj\stm32f4xx_it.o
 .debug_frame   0x00002178       0xfc ..\obj\timers.o
 .debug_frame   0x00002274       0x2c ..\obj\init.o
 .debug_frame   0x000022a0       0x9c ..\obj\stm32f4x7_eth_bsp.o
 .debug_frame   0x0000233c       0xa8 ..\obj\def.o
 .debug_frame   0x000023e4       0xe8 ..\obj\ethernetif.o
 .debug_frame   0x000024cc      0x214 ..\obj\etharp.o
 .debug_frame   0x000026e0      0x734 ..\obj\tasks.o
 .debug_frame   0x00002e14      0x288 ..\obj\pbuf.o
 .debug_frame   0x0000309c      0x1f4 ..\obj\netif.o
 .debug_frame   0x00003290      0x23c ..\obj\stm32f4xx_gpio.o
 .debug_frame   0x000034cc      0x2c4 ..\obj\sys_arch.o
 .debug_frame   0x00003790       0xd8 ..\obj\list.o
 .debug_frame   0x00003868       0xf4 ..\obj\adc_ext.o
 .debug_frame   0x0000395c       0x7c ..\obj\system_stm32f4xx.o
 .debug_frame   0x000039d8      0x308 ..\obj\stm32f4xx_dma.o
 .debug_frame   0x00003ce0      0x3d8 ..\obj\queue.o
 .debug_frame   0x000040b8      0x19c ..\obj\port.o
 .debug_frame   0x00004254      0x1d4 ..\obj\udp.o
 .debug_frame   0x00004428       0xa8 ..\obj\ip.o
 .debug_frame   0x000044d0       0x84 ..\obj\icmp.o
 .debug_frame   0x00004554       0xd8 ..\obj\misc.o
 .debug_frame   0x0000462c       0xc0 ..\obj\heap_2.o
 .debug_frame   0x000046ec      0x288 ..\obj\tcp_out.o
 .debug_frame   0x00004974      0x144 ..\obj\raw.o
 .debug_frame   0x00004ab8       0x38 c:/program files/gnu tools arm embedded/4.9 2015q2/bin/../lib/gcc/arm-none-eabi/4.9.3/../../../../arm-none-eabi/lib/armv7e-m/softfp\libg.a(lib_a-memcmp.o)
 .debug_frame   0x00004af0       0x34 c:/program files/gnu tools arm embedded/4.9 2015q2/bin/../lib/gcc/arm-none-eabi/4.9.3/../../../../arm-none-eabi/lib/armv7e-m/softfp\libg.a(lib_a-memset.o)
