Archive member included because of file (symbol)

c:/program files/gnu tools arm embedded/4.9 2015q2/bin/../lib/gcc/arm-none-eabi/4.9.3/../../../../arm-none-eabi/lib/armv7e-m/softfp\libg.a(lib_a-memcmp.o)
                              ..\obj\etharp.o (memcmp)
c:/program files/gnu tools arm embedded/4.9 2015q2/bin/../lib/gcc/arm-none-eabi/4.9.3/../../../../arm-none-eabi/lib/armv7e-m/softfp\libg.a(lib_a-memcpy.o)
                              ..\obj\porttcp.o (memcpy)
c:/program files/gnu tools arm embedded/4.9 2015q2/bin/../lib/gcc/arm-none-eabi/4.9.3/../../../../arm-none-eabi/lib/armv7e-m/softfp\libg.a(lib_a-memset.o)
                              ..\obj\mem.o (memset)
c:/program files/gnu tools arm embedded/4.9 2015q2/bin/../lib/gcc/arm-none-eabi/4.9.3/../../../../arm-none-eabi/lib/armv7e-m/softfp\libg.a(lib_a-printf.o)
                              ..\obj\portother.o (printf)
c:/program files/gnu tools arm embedded/4.9 2015q2/bin/../lib/gcc/arm-none-eabi/4.9.3/../../../../arm-none-eabi/lib/armv7e-m/softfp\libg.a(lib_a-snprintf.o)
                              ..\obj\portother.o (snprintf)
c:/program files/gnu tools arm embedded/4.9 2015q2/bin/../lib/gcc/arm-none-eabi/4.9.3/../../../../arm-none-eabi/lib/armv7e-m/softfp\libg.a(lib_a-strchr.o)
                              ..\obj\http_server.o (strchr)
c:/program files/gnu tools arm embedded/4.9 2015q2/bin/../lib/gcc/arm-none-eabi/4.9.3/../../../../arm-none-eabi/lib/armv7e-m/softfp\libg.a(lib_a-strcmp.o)
                              ..\obj\cfg_info.o (strcmp)
c:/program files/gnu tools arm embedded/4.9 2015q2/bin/../lib/gcc/arm-none-eabi/4.9.3/../../../../arm-none-eabi/lib/armv7e-m/softfp\libg.a(lib_a-strlen.o)
                              ..\obj\pbuf.o (strlen)
c:/program files/gnu tools arm embedded/4.9 2015q2/bin/../lib/gcc/arm-none-eabi/4.9.3/../../../../arm-none-eabi/lib/armv7e-m/softfp\libg.a(lib_a-strncmp.o)
                              ..\obj\http_server.o (strncmp)
c:/program files/gnu tools arm embedded/4.9 2015q2/bin/../lib/gcc/arm-none-eabi/4.9.3/../../../../arm-none-eabi/lib/armv7e-m/softfp\libg.a(lib_a-svfprintf.o)
                              c:/program files/gnu tools arm embedded/4.9 2015q2/bin/../lib/gcc/arm-none-eabi/4.9.3/../../../../arm-none-eabi/lib/armv7e-m/softfp\libg.a(lib_a-snprintf.o) (_svfprintf_r)
c:/program files/gnu tools arm embedded/4.9 2015q2/bin/../lib/gcc/arm-none-eabi/4.9.3/../../../../arm-none-eabi/lib/armv7e-m/softfp\libg.a(lib_a-vfprintf.o)
                              c:/program files/gnu tools arm embedded/4.9 2015q2/bin/../lib/gcc/arm-none-eabi/4.9.3/../../../../arm-none-eabi/lib/armv7e-m/softfp\libg.a(lib_a-printf.o) (_vfprintf_r)
c:/program files/gnu tools arm embedded/4.9 2015q2/bin/../lib/gcc/arm-none-eabi/4.9.3/../../../../arm-none-eabi/lib/armv7e-m/softfp\libg.a(lib_a-vprintf.o)
                              ..\obj\portother.o (vprintf)
c:/program files/gnu tools arm embedded/4.9 2015q2/bin/../lib/gcc/arm-none-eabi/4.9.3/../../../../arm-none-eabi/lib/armv7e-m/softfp\libg.a(lib_a-wsetup.o)
                              c:/program files/gnu tools arm embedded/4.9 2015q2/bin/../lib/gcc/arm-none-eabi/4.9.3/../../../../arm-none-eabi/lib/armv7e-m/softfp\libg.a(lib_a-vfprintf.o) (__swsetup_r)
c:/program files/gnu tools arm embedded/4.9 2015q2/bin/../lib/gcc/arm-none-eabi/4.9.3/../../../../arm-none-eabi/lib/armv7e-m/softfp\libg.a(lib_a-dtoa.o)
                              c:/program files/gnu tools arm embedded/4.9 2015q2/bin/../lib/gcc/arm-none-eabi/4.9.3/../../../../arm-none-eabi/lib/armv7e-m/softfp\libg.a(lib_a-svfprintf.o) (_dtoa_r)
c:/program files/gnu tools arm embedded/4.9 2015q2/bin/../lib/gcc/arm-none-eabi/4.9.3/../../../../arm-none-eabi/lib/armv7e-m/softfp\libg.a(lib_a-fflush.o)
                              c:/program files/gnu tools arm embedded/4.9 2015q2/bin/../lib/gcc/arm-none-eabi/4.9.3/../../../../arm-none-eabi/lib/armv7e-m/softfp\libg.a(lib_a-vfprintf.o) (_fflush_r)
c:/program files/gnu tools arm embedded/4.9 2015q2/bin/../lib/gcc/arm-none-eabi/4.9.3/../../../../arm-none-eabi/lib/armv7e-m/softfp\libg.a(lib_a-findfp.o)
                              c:/program files/gnu tools arm embedded/4.9 2015q2/bin/../lib/gcc/arm-none-eabi/4.9.3/../../../../arm-none-eabi/lib/armv7e-m/softfp\libg.a(lib_a-vfprintf.o) (__sinit)
c:/program files/gnu tools arm embedded/4.9 2015q2/bin/../lib/gcc/arm-none-eabi/4.9.3/../../../../arm-none-eabi/lib/armv7e-m/softfp\libg.a(lib_a-freer.o)
                              c:/program files/gnu tools arm embedded/4.9 2015q2/bin/../lib/gcc/arm-none-eabi/4.9.3/../../../../arm-none-eabi/lib/armv7e-m/softfp\libg.a(lib_a-wsetup.o) (_free_r)
c:/program files/gnu tools arm embedded/4.9 2015q2/bin/../lib/gcc/arm-none-eabi/4.9.3/../../../../arm-none-eabi/lib/armv7e-m/softfp\libg.a(lib_a-fwalk.o)
[...]
Memory Configuration

Name             Origin             Length             Attributes
vector           0x08000000         0x00004000         xr
flash_1          0x08004000         0x00004000         r
flash_2          0x08008000         0x00004000         r
rom              0x0800c000         0x000f4000         xr
ram              0x20000000         0x00020000         xrw
ram1             0x10000000         0x00010000         xrw
*default*        0x00000000         0xffffffff

Linker script and memory map

                0x20020000                _eram = 0x20020000

.isr_vector     0x08000000      0x188
                0x08000000                . = ALIGN (0x4)
 *(.isr_vector)
 .isr_vector    0x08000000      0x188 ..\obj\startup_stm32f4xx.o
                0x08000000                g_pfnVectors
                0x08000188                . = ALIGN (0x4)

.flash_cfg1     0x08004000       0x1c
                0x08004000                . = ALIGN (0x4)
                0x08004000                _flash_cfg1_start = .
 *(.flash_cfg1)
 .flash_cfg1    0x08004000       0x1c ..\obj\cfg_info.o
                0x0800401c                . = ALIGN (0x4)

.flash_cfg2     0x08008000       0x1c
                0x08008000                . = ALIGN (0x4)
                0x08008000                _flash_cfg2_start = .
 *(.flash_cfg2)
 .flash_cfg2    0x08008000       0x1c ..\obj\cfg_info.o
                0x0800801c                . = ALIGN (0x4)

.text           0x0800c000    0x15920
                0x0800c000                . = ALIGN (0x4)
 *(.text*)
 .text.SYSCFG_ETH_MediaInterfaceConfig
                0x0800c000       0x1c ..\obj\stm32f4xx_syscfg.o
                0x0800c000                SYSCFG_ETH_MediaInterfaceConfig
 .text.plug_holes
                0x0800c01c       0xbc ..\obj\mem.o
 .text.mem_init
                0x0800c0d8       0x80 ..\obj\mem.o
                0x0800c0d8                mem_init
 .text.mem_free
                0x0800c158       0x74 ..\obj\mem.o
                0x0800c158                mem_free
 .text.mem_trim
                0x0800c1cc      0x188 ..\obj\mem.o
                0x0800c1cc                mem_trim
 .text.mem_malloc
                0x0800c354      0x164 ..\obj\mem.o
                0x0800c354                mem_malloc
 .text.eMBTCPInit
                0x0800c4b8       0xa4 ..\obj\mb.o
                0x0800c4b8                eMBTCPInit
 .text.eMBEnable
                0x0800c55c       0x38 ..\obj\mb.o
                0x0800c55c                eMBEnable
 .text.eMBPoll  0x0800c594      0x170 ..\obj\mb.o
                0x0800c594                eMBPoll
 .text.eMBFuncReadDiscreteInputs
                0x0800c704      0x104 ..\obj\mbfuncdisc.o
                0x0800c704                eMBFuncReadDiscreteInputs
 .text.tcp_init
                0x0800c808        0xc ..\obj\tcp.o
                0x0800c808                tcp_init
 .text.tcp_tmr  0x0800c814       0x2c ..\obj\tcp.o
                0x0800c814                tcp_tmr
 .text.tcp_close_shutdown
                0x0800c840      0x250 ..\obj\tcp.o
 .text.tcp_close
                0x0800ca90       0x30 ..\obj\tcp.o
                0x0800ca90                tcp_close
 .text.tcp_abandon
                0x0800cac0       0xc0 ..\obj\tcp.o
                0x0800cac0                tcp_abandon
 .text.tcp_abort
                0x0800cb80       0x18 ..\obj\tcp.o
                0x0800cb80                tcp_abort
 .text.tcp_bind
                0x0800cb98       0xdc ..\obj\tcp.o
                0x0800cb98                tcp_bind
 .text.tcp_accept_null
                0x0800cc74       0x20 ..\obj\tcp.o
 .text.tcp_listen_with_backlog
                0x0800cc94      0x114 ..\obj\tcp.o
                0x0800cc94                tcp_listen_with_backlog
 .text.tcp_update_rcv_ann_wnd
                0x0800cda8       0x84 ..\obj\tcp.o
                0x0800cda8                tcp_update_rcv_ann_wnd
 .text.tcp_recved
                0x0800ce2c       0x5c ..\obj\tcp.o
                0x0800ce2c                tcp_recved
 .text.tcp_new_port
                0x0800ce88       0x8c ..\obj\tcp.o
 .text.tcp_slowtmr
                0x0800cf14      0x42c ..\obj\tcp.o
                0x0800cf14                tcp_slowtmr
 .text.tcp_fasttmr
                0x0800d340       0xa0 ..\obj\tcp.o
                0x0800d340                tcp_fasttmr
 .text.tcp_process_refused_data
                0x0800d3e0       0xc8 ..\obj\tcp.o
                0x0800d3e0                tcp_process_refused_data
 .text.tcp_segs_free
                0x0800d4a8       0x28 ..\obj\tcp.o
                0x0800d4a8                tcp_segs_free
 .text.tcp_seg_free
                0x0800d4d0       0x30 ..\obj\tcp.o
                0x0800d4d0                tcp_seg_free
 .text.tcp_recv_null
                0x0800d500       0x48 ..\obj\tcp.o
                0x0800d500                tcp_recv_null
 .text.tcp_kill_prio
                0x0800d548       0x80 ..\obj\tcp.o
 .text.tcp_kill_timewait
                0x0800d5c8       0x5c ..\obj\tcp.o
 .text.tcp_alloc
                0x0800d624      0x114 ..\obj\tcp.o
                0x0800d624                tcp_alloc
 .text.tcp_new  0x0800d738       0x10 ..\obj\tcp.o
                0x0800d738                tcp_new
 .text.tcp_arg  0x0800d748       0x1c ..\obj\tcp.o
                0x0800d748                tcp_arg
 .text.tcp_recv
                0x0800d764       0x1c ..\obj\tcp.o
                0x0800d764                tcp_recv
 .text.tcp_err  0x0800d780       0x1c ..\obj\tcp.o
                0x0800d780                tcp_err
 .text.tcp_accept
                0x0800d79c       0x1c ..\obj\tcp.o
                0x0800d79c                tcp_accept
 .text.tcp_pcb_purge
                0x0800d7b8       0x70 ..\obj\tcp.o
                0x0800d7b8                tcp_pcb_purge
 .text.tcp_pcb_remove
                0x0800d828       0xa8 ..\obj\tcp.o
                0x0800d828                tcp_pcb_remove
 .text.tcp_next_iss
                0x0800d8d0       0x28 ..\obj\tcp.o
                0x0800d8d0                tcp_next_iss
 .text.tcp_eff_send_mss
                0x0800d8f8       0x40 ..\obj\tcp.o
                0x0800d8f8                tcp_eff_send_mss
 .text.xMBPortEventInit
                0x0800d938       0x34 ..\obj\portevent.o
                0x0800d938                xMBPortEventInit
 .text.xMBPortEventPost
                0x0800d96c       0x4c ..\obj\portevent.o
                0x0800d96c                xMBPortEventPost
 .text.xMBPortEventGet
                0x0800d9b8       0x34 ..\obj\portevent.o
                0x0800d9b8                xMBPortEventGet
 .text.xMBTCPPortInit
                0x0800d9ec       0xac ..\obj\porttcp.o
                0x0800d9ec                xMBTCPPortInit
 .text.prvvMBPortReleaseClient
                0x0800da98       0x8c ..\obj\porttcp.o
                0x0800da98                prvvMBPortReleaseClient
 .text.vMBTCPPortDisable
                0x0800db24       0x14 ..\obj\porttcp.o
                0x0800db24                vMBTCPPortDisable
 .text.prvxMBTCPPortAccept
                0x0800db38       0xb0 ..\obj\porttcp.o
 .text.prvvMBTCPPortError
                0x0800dbe8       0x34 ..\obj\porttcp.o
 .text.prvxMBTCPPortReceive
                0x0800dc1c      0x10c ..\obj\porttcp.o
 .text.xMBTCPPortGetRequest
                0x0800dd28       0x34 ..\obj\porttcp.o
                0x0800dd28                xMBTCPPortGetRequest
 .text.xMBTCPPortSendResponse
                0x0800dd5c       0x6c ..\obj\porttcp.o
                0x0800dd5c                xMBTCPPortSendResponse
 .text.eMBSetSlaveID
                0x0800ddc8       0x9c ..\obj\mbfuncother.o
                0x0800ddc8                eMBSetSlaveID
 .text.eMBFuncReportSlaveID
                0x0800de64       0x3c ..\obj\mbfuncother.o
                0x0800de64                eMBFuncReportSlaveID
 .text.tcp_input
                0x0800dea0      0x5f0 ..\obj\tcp_in.o
                0x0800dea0                tcp_input
 .text.tcp_listen_input
                0x0800e490      0x194 ..\obj\tcp_in.o
 .text.tcp_timewait_input
                0x0800e624       0xd8 ..\obj\tcp_in.o
 .text.tcp_process
                0x0800e6fc      0x6b8 ..\obj\tcp_in.o
 .text.tcp_receive
                0x0800edb4      0x8e0 ..\obj\tcp_in.o
 .text.tcp_parseopt
                0x0800f694      0x104 ..\obj\tcp_in.o
 .text.memp_init
                0x0800f798       0x98 ..\obj\memp.o
                0x0800f798                memp_init
 .text.memp_malloc
                0x0800f830       0x44 ..\obj\memp.o
                0x0800f830                memp_malloc
 .text.memp_free
                0x0800f874       0x3c ..\obj\memp.o
                0x0800f874                memp_free
 .text.tcpip_thread
                0x0800f8b0      0x114 ..\obj\tcpip.o
 .text.tcpip_input
                0x0800f9c4       0x64 ..\obj\tcpip.o
                0x0800f9c4                tcpip_input
 .text.tcpip_init
                0x0800fa28       0x50 ..\obj\tcpip.o
                0x0800fa28                tcpip_init
 .text.prveMBError2Exception
                0x0800fa78       0x40 ..\obj\mbutils.o
                0x0800fa78                prveMBError2Exception
 .text.Default_Reset_Handler
                0x0800fab8       0x6c ..\obj\startup_stm32f4xx.o
                0x0800fab8                Default_Reset_Handler
                0x0800fab8                Reset_Handler
 .text.Default_Handler
                0x0800fb24        0x8 ..\obj\startup_stm32f4xx.o
                0x0800fb24                RTC_Alarm_IRQHandler
                0x0800fb24                HASH_RNG_IRQHandler
                0x0800fb24                EXTI2_IRQHandler
                0x0800fb24                TIM8_CC_IRQHandler
                0x0800fb24                TIM1_CC_IRQHandler
                0x0800fb24                DMA2_Stream5_IRQHandler
                0x0800fb24                DMA1_Stream5_IRQHandler
                0x0800fb24                PVD_IRQHandler
                0x0800fb24                SDIO_IRQHandler
                0x0800fb24                TAMP_STAMP_IRQHandler
                0x0800fb24                CAN2_RX1_IRQHandler
                0x0800fb24                EXTI3_IRQHandler
                0x0800fb24                TIM8_TRG_COM_TIM14_IRQHandler
                0x0800fb24                TIM1_UP_TIM10_IRQHandler
                0x0800fb24                TIM8_UP_TIM13_IRQHandler
                0x0800fb24                I2C3_ER_IRQHandler
                0x0800fb24                EXTI0_IRQHandler
                0x0800fb24                I2C2_EV_IRQHandler
                0x0800fb24                DMA1_Stream2_IRQHandler
                0x0800fb24                CAN1_RX0_IRQHandler
                0x0800fb24                FPU_IRQHandler
                0x0800fb24                OTG_HS_WKUP_IRQHandler
                0x0800fb24                CAN2_SCE_IRQHandler
                0x0800fb24                DMA2_Stream2_IRQHandler
                0x0800fb24                SPI1_IRQHandler
                0x0800fb24                TIM6_DAC_IRQHandler
                0x0800fb24                TIM1_BRK_TIM9_IRQHandler
                0x0800fb24                DCMI_IRQHandler
                0x0800fb24                CAN2_RX0_IRQHandler
                0x0800fb24                DMA2_Stream3_IRQHandler
                0x0800fb24                USART6_IRQHandler
                0x0800fb24                USART3_IRQHandler
                0x0800fb24                CRYP_IRQHandler
                0x0800fb24                CAN1_RX1_IRQHandler
                0x0800fb24                UART5_IRQHandler
                0x0800fb24                DMA2_Stream0_IRQHandler
                0x0800fb24                TIM4_IRQHandler
                0x0800fb24                I2C1_EV_IRQHandler
                0x0800fb24                DMA1_Stream6_IRQHandler
                0x0800fb24                DMA1_Stream1_IRQHandler
                0x0800fb24                UART4_IRQHandler
                0x0800fb24                TIM3_IRQHandler
                0x0800fb24                RCC_IRQHandler
                0x0800fb24                TIM8_BRK_TIM12_IRQHandler
                0x0800fb24                EXTI15_10_IRQHandler
                0x0800fb24                ADC_IRQHandler
                0x0800fb24                DMA1_Stream7_IRQHandler
                0x0800fb24                TIM7_IRQHandler
                0x0800fb24                CAN2_TX_IRQHandler
                0x0800fb24                TIM5_IRQHandler
                0x0800fb24                DMA2_Stream7_IRQHandler
                0x0800fb24                I2C3_EV_IRQHandler
                0x0800fb24                EXTI9_5_IRQHandler
                0x0800fb24                RTC_WKUP_IRQHandler
                0x0800fb24                ETH_WKUP_IRQHandler
                0x0800fb24                SPI2_IRQHandler
                0x0800fb24                OTG_HS_EP1_IN_IRQHandler
                0x0800fb24                DMA1_Stream0_IRQHandler
                0x0800fb24                CAN1_TX_IRQHandler
                0x0800fb24                EXTI4_IRQHandler
                0x0800fb24                FSMC_IRQHandler
                0x0800fb24                OTG_HS_EP1_OUT_IRQHandler
                0x0800fb24                WWDG_IRQHandler
                0x0800fb24                TIM2_IRQHandler
                0x0800fb24                OTG_FS_WKUP_IRQHandler
                0x0800fb24                TIM1_TRG_COM_TIM11_IRQHandler
                0x0800fb24                OTG_HS_IRQHandler
                0x0800fb24                EXTI1_IRQHandler
                0x0800fb24                USART2_IRQHandler
                0x0800fb24                I2C2_ER_IRQHandler
                0x0800fb24                CAN1_SCE_IRQHandler
                0x0800fb24                FLASH_IRQHandler
                0x0800fb24                DMA2_Stream4_IRQHandler
                0x0800fb24                USART1_IRQHandler
                0x0800fb24                OTG_FS_IRQHandler
                0x0800fb24                SPI3_IRQHandler
                0x0800fb24                DMA1_Stream4_IRQHandler
                0x0800fb24                I2C1_ER_IRQHandler
                0x0800fb24                DMA2_Stream6_IRQHandler
                0x0800fb24                DMA1_Stream3_IRQHandler
 .text.ETH_Delay
                0x0800fb2c       0x28 ..\obj\stm32f4x7_eth.o
 .text.ETH_DeInit
                0x0800fb54       0x1c ..\obj\stm32f4x7_eth.o
                0x0800fb54                ETH_DeInit
 .text.ETH_StructInit
                0x0800fb70      0x15c ..\obj\stm32f4x7_eth.o
                0x0800fb70                ETH_StructInit
 .text.ETH_Init
                0x0800fccc      0x42c ..\obj\stm32f4x7_eth.o
                0x0800fccc                ETH_Init
 .text.ETH_Start
                0x080100f8       0x24 ..\obj\stm32f4x7_eth.o
                0x080100f8                ETH_Start
 .text.ETH_MACTransmissionCmd
                0x0801011c       0x38 ..\obj\stm32f4x7_eth.o
                0x0801011c                ETH_MACTransmissionCmd
 .text.ETH_MACReceptionCmd
                0x08010154       0x38 ..\obj\stm32f4x7_eth.o
                0x08010154                ETH_MACReceptionCmd
 .text.ETH_MACAddressConfig
                0x0801018c       0x6c ..\obj\stm32f4x7_eth.o
                0x0801018c                ETH_MACAddressConfig
 .text.ETH_Get_Received_Frame_interrupt
                0x080101f8      0x144 ..\obj\stm32f4x7_eth.o
                0x080101f8                ETH_Get_Received_Frame_interrupt
 .text.ETH_Prepare_Transmit_Descriptors
                0x0801033c      0x16c ..\obj\stm32f4x7_eth.o
                0x0801033c                ETH_Prepare_Transmit_Descriptors
 .text.ETH_DMARxDescChainInit
                0x080104a8       0xa8 ..\obj\stm32f4x7_eth.o
                0x080104a8                ETH_DMARxDescChainInit
 .text.ETH_DMATxDescChainInit
                0x08010550       0x90 ..\obj\stm32f4x7_eth.o
                0x08010550                ETH_DMATxDescChainInit
 .text.ETH_DMATxDescChecksumInsertionConfig
                0x080105e0       0x20 ..\obj\stm32f4x7_eth.o
                0x080105e0                ETH_DMATxDescChecksumInsertionConfig
 .text.ETH_DMARxDescReceiveITConfig
                0x08010600       0x38 ..\obj\stm32f4x7_eth.o
                0x08010600                ETH_DMARxDescReceiveITConfig
 .text.ETH_SoftwareReset
                0x08010638       0x24 ..\obj\stm32f4x7_eth.o
                0x08010638                ETH_SoftwareReset
 .text.ETH_GetSoftwareResetStatus
                0x0801065c       0x38 ..\obj\stm32f4x7_eth.o
                0x0801065c                ETH_GetSoftwareResetStatus
 .text.ETH_GetDMAFlagStatus
                0x08010694       0x3c ..\obj\stm32f4x7_eth.o
                0x08010694                ETH_GetDMAFlagStatus
 .text.ETH_DMAITConfig
                0x080106d0       0x54 ..\obj\stm32f4x7_eth.o
                0x080106d0                ETH_DMAITConfig
 .text.ETH_DMAClearITPendingBit
                0x08010724       0x24 ..\obj\stm32f4x7_eth.o
                0x08010724                ETH_DMAClearITPendingBit
 .text.ETH_FlushTransmitFIFO
                0x08010748       0x28 ..\obj\stm32f4x7_eth.o
                0x08010748                ETH_FlushTransmitFIFO
 .text.ETH_DMATransmissionCmd
                0x08010770       0x50 ..\obj\stm32f4x7_eth.o
                0x08010770                ETH_DMATransmissionCmd
 .text.ETH_DMAReceptionCmd
                0x080107c0       0x50 ..\obj\stm32f4x7_eth.o
                0x080107c0                ETH_DMAReceptionCmd
 .text.ETH_ReadPHYRegister
                0x08010810       0xa0 ..\obj\stm32f4x7_eth.o
                0x08010810                ETH_ReadPHYRegister
 .text.ETH_WritePHYRegister
                0x080108b0       0xa4 ..\obj\stm32f4x7_eth.o
                0x080108b0                ETH_WritePHYRegister
 .text.ip4_addr_isbroadcast
                0x08010954       0x78 ..\obj\ip_addr.o
                0x08010954                ip4_addr_isbroadcast
 .text.eMBFuncWriteHoldingRegister
                0x080109cc       0x70 ..\obj\mbfuncholding.o
                0x080109cc                eMBFuncWriteHoldingRegister
 .text.eMBFuncWriteMultipleHoldingRegister
                0x08010a3c       0xbc ..\obj\mbfuncholding.o
                0x08010a3c                eMBFuncWriteMultipleHoldingRegister
 .text.eMBFuncReadHoldingRegister
                0x08010af8       0xe4 ..\obj\mbfuncholding.o
                0x08010af8                eMBFuncReadHoldingRegister
 .text.eMBFuncReadWriteMultipleHoldingRegister
                0x08010bdc      0x160 ..\obj\mbfuncholding.o
                0x08010bdc                eMBFuncReadWriteMultipleHoldingRegister
 .text.lwip_standard_chksum
                0x08010d3c       0xbc ..\obj\inet_chksum.o
 .text.inet_chksum
                0x08010df8       0x24 ..\obj\inet_chksum.o
                0x08010df8                inet_chksum
 .text.inet_chksum_pbuf
                0x08010e1c       0x98 ..\obj\inet_chksum.o
                0x08010e1c                inet_chksum_pbuf
 .text.LwIP_Init
                0x08010eb4       0x68 ..\obj\main.o
                0x08010eb4                LwIP_Init
 .text.Init_Task
                0x08010f1c       0x44 ..\obj\main.o
                0x08010f1c                Init_Task
 .text.main     0x08010f60       0x38 ..\obj\main.o
                0x08010f60                main
 .text.RCC_MCO1Config
                0x08010f98       0x3c ..\obj\stm32f4xx_rcc.o
                0x08010f98                RCC_MCO1Config
 .text.RCC_GetClocksFreq
                0x08010fd4      0x154 ..\obj\stm32f4xx_rcc.o
                0x08010fd4                RCC_GetClocksFreq
 .text.RCC_AHB1PeriphClockCmd
                0x08011128       0x3c ..\obj\stm32f4xx_rcc.o
                0x08011128                RCC_AHB1PeriphClockCmd
 .text.RCC_AHB2PeriphClockCmd
                0x08011164       0x3c ..\obj\stm32f4xx_rcc.o
                0x08011164                RCC_AHB2PeriphClockCmd
 .text.RCC_APB1PeriphClockCmd
                0x080111a0       0x3c ..\obj\stm32f4xx_rcc.o
                0x080111a0                RCC_APB1PeriphClockCmd
 .text.RCC_APB2PeriphClockCmd
                0x080111dc       0x3c ..\obj\stm32f4xx_rcc.o
                0x080111dc                RCC_APB2PeriphClockCmd
 .text.RCC_AHB1PeriphResetCmd
                0x08011218       0x3c ..\obj\stm32f4xx_rcc.o
                0x08011218                RCC_AHB1PeriphResetCmd
 .text.NMI_Handler
                0x08011254        0xc ..\obj\stm32f4xx_it.o
                0x08011254                NMI_Handler
 .text.HardFault_Handler
                0x08011260        0x8 ..\obj\stm32f4xx_it.o
                0x08011260                HardFault_Handler
 .text.MemManage_Handler
                0x08011268        0x8 ..\obj\stm32f4xx_it.o
                0x08011268                MemManage_Handler
 .text.BusFault_Handler
                0x08011270        0x8 ..\obj\stm32f4xx_it.o
                0x08011270                BusFault_Handler
 .text.UsageFault_Handler
                0x08011278        0x8 ..\obj\stm32f4xx_it.o
                0x08011278                UsageFault_Handler
 .text.DebugMon_Handler
                0x08011280        0xc ..\obj\stm32f4xx_it.o
                0x08011280                DebugMon_Handler
 .text.ETH_IRQHandler
                0x0801128c       0x5c ..\obj\stm32f4xx_it.o
                0x0801128c                ETH_IRQHandler
 .text.tcpip_tcp_timer
                0x080112e8       0x44 ..\obj\timers.o
 .text.tcp_timer_needed
                0x0801132c       0x40 ..\obj\timers.o
                0x0801132c                tcp_timer_needed
 .text.arp_timer
                0x0801136c       0x24 ..\obj\timers.o
 .text.dhcp_timer_coarse
                0x08011390       0x24 ..\obj\timers.o
 .text.dhcp_timer_fine
                0x080113b4       0x24 ..\obj\timers.o
 .text.sys_timeouts_init
                0x080113d8       0x38 ..\obj\timers.o
                0x080113d8                sys_timeouts_init
 .text.sys_timeout
                0x08011410       0xdc ..\obj\timers.o
                0x08011410                sys_timeout
 .text.sys_untimeout
                0x080114ec       0x8c ..\obj\timers.o
                0x080114ec                sys_untimeout
 .text.sys_timeouts_mbox_fetch
                0x08011578       0xac ..\obj\timers.o
                0x08011578                sys_timeouts_mbox_fetch
 .text.lwip_init
                0x08011624       0x24 ..\obj\init.o
                0x08011624                lwip_init
 .text.ETH_BSP_Config
                0x08011648       0x20 ..\obj\stm32f4x7_eth_bsp.o
                0x08011648                ETH_BSP_Config
 .text.ETH_MACDMA_Config
                0x08011668       0xc8 ..\obj\stm32f4x7_eth_bsp.o
 .text.ETH_GPIO_Config
                0x08011730      0x130 ..\obj\stm32f4x7_eth_bsp.o
 .text.ETH_NVIC_Config
                0x08011860       0x2c ..\obj\stm32f4x7_eth_bsp.o
 .text.eMBFuncReadInputRegister
                0x0801188c       0xe8 ..\obj\mbfuncinput.o
                0x0801188c                eMBFuncReadInputRegister
 .text.lwip_htons
                0x08011974       0x2c ..\obj\def.o
                0x08011974                lwip_htons
 .text.lwip_ntohs
                0x080119a0       0x1c ..\obj\def.o
                0x080119a0                lwip_ntohs
 .text.lwip_htonl
                0x080119bc       0x34 ..\obj\def.o
                0x080119bc                lwip_htonl
 .text.lwip_ntohl
                0x080119f0       0x18 ..\obj\def.o
                0x080119f0                lwip_ntohl
 .text.low_level_init
                0x08011a08      0x11c ..\obj\ethernetif.o
 .text.low_level_output
                0x08011b24       0xc0 ..\obj\ethernetif.o
 .text.low_level_input
                0x08011be4      0x100 ..\obj\ethernetif.o
 .text.ethernetif_input
                0x08011ce4       0x54 ..\obj\ethernetif.o
 .text.ethernetif_init
                0x08011d38       0x50 ..\obj\ethernetif.o
                0x08011d38                ethernetif_init
 .text.arp_timer
                0x08011d88       0x24 ..\obj\ethernetif.o
 .text.DCMI_DeInit
                0x08011dac       0x3c ..\obj\stm32f4xx_dcmi.o
                0x08011dac                DCMI_DeInit
 .text.DCMI_Init
                0x08011de8       0x80 ..\obj\stm32f4xx_dcmi.o
                0x08011de8                DCMI_Init
 .text.DCMI_JPEGCmd
                0x08011e68       0x38 ..\obj\stm32f4xx_dcmi.o
                0x08011e68                DCMI_JPEGCmd
 .text.DCMI_Cmd
                0x08011ea0       0x38 ..\obj\stm32f4xx_dcmi.o
                0x08011ea0                DCMI_Cmd
 .text.DCMI_CaptureCmd
                0x08011ed8       0x38 ..\obj\stm32f4xx_dcmi.o
                0x08011ed8                DCMI_CaptureCmd
 .text.etharp_free_entry
                0x08011f10       0x64 ..\obj\etharp.o
 .text.etharp_tmr
                0x08011f74       0xdc ..\obj\etharp.o
                0x08011f74                etharp_tmr
 .text.etharp_find_entry
                0x08012050      0x1fc ..\obj\etharp.o
 .text.etharp_send_ip
                0x0801224c       0x50 ..\obj\etharp.o
 .text.etharp_update_arp_entry
                0x0801229c      0x11c ..\obj\etharp.o
 .text.etharp_cleanup_netif
                0x080123b8       0x60 ..\obj\etharp.o
                0x080123b8                etharp_cleanup_netif
 .text.etharp_arp_input
                0x08012418      0x18c ..\obj\etharp.o
 .text.etharp_output_to_arp_index
                0x080125a4       0xa8 ..\obj\etharp.o
 .text.etharp_output
                0x0801264c      0x190 ..\obj\etharp.o
                0x0801264c                etharp_output
 .text.etharp_query
                0x080127dc      0x220 ..\obj\etharp.o
                0x080127dc                etharp_query
 .text.etharp_raw
                0x080129fc       0xf4 ..\obj\etharp.o
 .text.etharp_request
                0x08012af0       0x48 ..\obj\etharp.o
                0x08012af0                etharp_request
 .text.ethernet_input
                0x08012b38       0xfc ..\obj\etharp.o
                0x08012b38                ethernet_input
 .text.xTaskGenericCreate
                0x08012c34      0x1a4 ..\obj\tasks.o
                0x08012c34                xTaskGenericCreate
 .text.vTaskDelete
                0x08012dd8      0x104 ..\obj\tasks.o
                0x08012dd8                vTaskDelete
 .text.vTaskStartScheduler
                0x08012edc       0x80 ..\obj\tasks.o
                0x08012edc                vTaskStartScheduler
 .text.vTaskSuspendAll
                0x08012f5c       0x1c ..\obj\tasks.o
                0x08012f5c                vTaskSuspendAll
 .text.xTaskResumeAll
                0x08012f78      0x12c ..\obj\tasks.o
                0x08012f78                xTaskResumeAll
 .text.xTaskGetTickCount
                0x080130a4       0x20 ..\obj\tasks.o
                0x080130a4                xTaskGetTickCount
 .text.xTaskIncrementTick
                0x080130c4      0x180 ..\obj\tasks.o
                0x080130c4                xTaskIncrementTick
 .text.vTaskSwitchContext
                0x08013244       0xb4 ..\obj\tasks.o
                0x08013244                vTaskSwitchContext
 .text.vTaskPlaceOnEventList
                0x080132f8       0x9c ..\obj\tasks.o
                0x080132f8                vTaskPlaceOnEventList
 .text.xTaskRemoveFromEventList
                0x08013394       0xc8 ..\obj\tasks.o
                0x08013394                xTaskRemoveFromEventList
 .text.vTaskSetTimeOutState
                0x0801345c       0x44 ..\obj\tasks.o
                0x0801345c                vTaskSetTimeOutState
 .text.xTaskCheckForTimeOut
                0x080134a0       0xbc ..\obj\tasks.o
                0x080134a0                xTaskCheckForTimeOut
 .text.vTaskMissedYield
                0x0801355c       0x18 ..\obj\tasks.o
                0x0801355c                vTaskMissedYield
 .text.prvIdleTask
                0x08013574       0x30 ..\obj\tasks.o
 .text.prvInitialiseTCBVariables
                0x080135a4       0xa4 ..\obj\tasks.o
 .text.prvInitialiseTaskLists
                0x08013648       0x7c ..\obj\tasks.o
 .text.prvCheckTasksWaitingTermination
                0x080136c4       0x74 ..\obj\tasks.o
 .text.prvAddCurrentTaskToDelayedList
                0x08013738       0x6c ..\obj\tasks.o
 .text.prvAllocateTCBAndStack
                0x080137a4       0x70 ..\obj\tasks.o
 .text.prvDeleteTCB
                0x08013814       0x20 ..\obj\tasks.o
 .text.prvResetNextTaskUnblockTime
                0x08013834       0x48 ..\obj\tasks.o
 .text.vTaskPriorityInherit
                0x0801387c       0xf0 ..\obj\tasks.o
                0x0801387c                vTaskPriorityInherit
 .text.xTaskPriorityDisinherit
                0x0801396c       0xe8 ..\obj\tasks.o
                0x0801396c                xTaskPriorityDisinherit
 .text.pvTaskIncrementMutexHeldCount
                0x08013a54       0x28 ..\obj\tasks.o
                0x08013a54                pvTaskIncrementMutexHeldCount
 .text.pbuf_alloc
                0x08013a7c      0x1f4 ..\obj\pbuf.o
                0x08013a7c                pbuf_alloc
 .text.pbuf_realloc
                0x08013c70       0xc8 ..\obj\pbuf.o
                0x08013c70                pbuf_realloc
 .text.pbuf_header
                0x08013d38       0xe0 ..\obj\pbuf.o
                0x08013d38                pbuf_header
 .text.pbuf_free
                0x08013e18       0xa0 ..\obj\pbuf.o
                0x08013e18                pbuf_free
 .text.pbuf_clen
                0x08013eb8       0x30 ..\obj\pbuf.o
                0x08013eb8                pbuf_clen
 .text.pbuf_ref
                0x08013ee8       0x24 ..\obj\pbuf.o
                0x08013ee8                pbuf_ref
 .text.pbuf_cat
                0x08013f0c       0x5c ..\obj\pbuf.o
                0x08013f0c                pbuf_cat
 .text.pbuf_chain
                0x08013f68       0x20 ..\obj\pbuf.o
                0x08013f68                pbuf_chain
 .text.pbuf_copy
                0x08013f88      0x110 ..\obj\pbuf.o
                0x08013f88                pbuf_copy
 .text.pbuf_copy_partial
                0x08014098       0xcc ..\obj\pbuf.o
                0x08014098                pbuf_copy_partial
 .text.ADC_Ext_Init
                0x08014164       0x54 ..\obj\adc_dcmi.o
                0x08014164                ADC_Ext_Init
 .text.Timestamp_Init
                0x080141b8       0xb8 ..\obj\adc_dcmi.o
                0x080141b8                Timestamp_Init
 .text.ADC_GetLastTimestamp
                0x08014270       0x1c ..\obj\adc_dcmi.o
                0x08014270                ADC_GetLastTimestamp
 .text.ADC_GetLastVal
                0x0801428c      0x124 ..\obj\adc_dcmi.o
                0x0801428c                ADC_GetLastVal
 .text.ADC_DCMI_Tim_Init
                0x080143b0      0x158 ..\obj\adc_dcmi.o
                0x080143b0                ADC_DCMI_Tim_Init
 .text.ADC_DCMI_Core_Init
                0x08014508      0x1cc ..\obj\adc_dcmi.o
                0x08014508                ADC_DCMI_Core_Init
 .text.DMA2_Stream1_IRQHandler
                0x080146d4       0xe0 ..\obj\adc_dcmi.o
                0x080146d4                DMA2_Stream1_IRQHandler
 .text.netif_init
                0x080147b4        0xc ..\obj\netif.o
                0x080147b4                netif_init
 .text.netif_add
                0x080147c0       0x88 ..\obj\netif.o
                0x080147c0                netif_add
 .text.netif_set_addr
                0x08014848       0x2c ..\obj\netif.o
                0x08014848                netif_set_addr
 .text.netif_set_ipaddr
                0x08014874       0xb0 ..\obj\netif.o
                0x08014874                netif_set_ipaddr
 .text.netif_set_gw
                0x08014924       0x28 ..\obj\netif.o
                0x08014924                netif_set_gw
 .text.netif_set_netmask
                0x0801494c       0x28 ..\obj\netif.o
                0x0801494c                netif_set_netmask
 .text.netif_set_default
                0x08014974       0x1c ..\obj\netif.o
                0x08014974                netif_set_default
 .text.netif_set_up
                0x08014990       0x58 ..\obj\netif.o
                0x08014990                netif_set_up
 .text.netif_set_down
                0x080149e8       0x44 ..\obj\netif.o
                0x080149e8                netif_set_down
 .text.GPIO_Init
                0x08014a2c      0x11c ..\obj\stm32f4xx_gpio.o
                0x08014a2c                GPIO_Init
 .text.GPIO_SetBits
                0x08014b48       0x1c ..\obj\stm32f4xx_gpio.o
                0x08014b48                GPIO_SetBits
 .text.GPIO_ResetBits
                0x08014b64       0x1c ..\obj\stm32f4xx_gpio.o
                0x08014b64                GPIO_ResetBits
 .text.GPIO_ToggleBits
                0x08014b80       0x24 ..\obj\stm32f4xx_gpio.o
                0x08014b80                GPIO_ToggleBits
 .text.GPIO_PinAFConfig
                0x08014ba4       0x90 ..\obj\stm32f4xx_gpio.o
                0x08014ba4                GPIO_PinAFConfig
 .text.FLASH_Unlock
                0x08014c34       0x2c ..\obj\stm32f4xx_flash.o
                0x08014c34                FLASH_Unlock
 .text.FLASH_Lock
                0x08014c60       0x1c ..\obj\stm32f4xx_flash.o
                0x08014c60                FLASH_Lock
 .text.FLASH_EraseSector
                0x08014c7c       0xc0 ..\obj\stm32f4xx_flash.o
                0x08014c7c                FLASH_EraseSector
 .text.FLASH_ProgramWord
                0x08014d3c       0x68 ..\obj\stm32f4xx_flash.o
                0x08014d3c                FLASH_ProgramWord
 .text.FLASH_ClearFlag
                0x08014da4       0x1c ..\obj\stm32f4xx_flash.o
                0x08014da4                FLASH_ClearFlag
 .text.FLASH_GetStatus
                0x08014dc0       0x68 ..\obj\stm32f4xx_flash.o
                0x08014dc0                FLASH_GetStatus
 .text.FLASH_WaitForLastOperation
                0x08014e28       0x44 ..\obj\stm32f4xx_flash.o
                0x08014e28                FLASH_WaitForLastOperation
 .text.sys_mbox_new
                0x08014e6c       0x38 ..\obj\sys_arch.o
                0x08014e6c                sys_mbox_new
 .text.sys_mbox_trypost
                0x08014ea4       0x6c ..\obj\sys_arch.o
                0x08014ea4                sys_mbox_trypost
 .text.sys_arch_mbox_fetch
                0x08014f10       0xbc ..\obj\sys_arch.o
                0x08014f10                sys_arch_mbox_fetch
 .text.sys_mutex_new
                0x08014fcc       0x30 ..\obj\sys_arch.o
                0x08014fcc                sys_mutex_new
 .text.sys_mutex_lock
                0x08014ffc       0x28 ..\obj\sys_arch.o
                0x08014ffc                sys_mutex_lock
 .text.sys_mutex_unlock
                0x08015024       0x20 ..\obj\sys_arch.o
                0x08015024                sys_mutex_unlock
 .text.sys_init
                0x08015044        0xc ..\obj\sys_arch.o
                0x08015044                sys_init
 .text.sys_thread_new
                0x08015050       0x4c ..\obj\sys_arch.o
                0x08015050                sys_thread_new
 .text.vListInitialise
                0x0801509c       0x40 ..\obj\list.o
                0x0801509c                vListInitialise
 .text.vListInitialiseItem
                0x080150dc       0x18 ..\obj\list.o
                0x080150dc                vListInitialiseItem
 .text.vListInsertEnd
                0x080150f4       0x48 ..\obj\list.o
                0x080150f4                vListInsertEnd
 .text.vListInsert
                0x0801513c       0x70 ..\obj\list.o
                0x0801513c                vListInsert
 .text.uxListRemove
                0x080151ac       0x54 ..\obj\list.o
                0x080151ac                uxListRemove
 .text.SystemInit
                0x08015200       0x68 ..\obj\system_stm32f4xx.o
                0x08015200                SystemInit
 .text.SetSysClock
                0x08015268       0xf4 ..\obj\system_stm32f4xx.o
 .text._sbrk    0x0801535c       0x40 ..\obj\syscalls.o
                0x0801535c                _sbrk
 .text._close   0x0801539c       0x18 ..\obj\syscalls.o
                0x0801539c                _close
 .text._fstat   0x080153b4       0x20 ..\obj\syscalls.o
                0x080153b4                _fstat
 .text._isatty  0x080153d4       0x18 ..\obj\syscalls.o
                0x080153d4                _isatty
 .text._lseek   0x080153ec       0x1c ..\obj\syscalls.o
                0x080153ec                _lseek
 .text._read    0x08015408       0x1c ..\obj\syscalls.o
                0x08015408                _read
 .text._write   0x08015424       0x1c ..\obj\syscalls.o
                0x08015424                _write
 .text.DMA_Init
                0x08015440       0xac ..\obj\stm32f4xx_dma.o
                0x08015440                DMA_Init
 .text.DMA_Cmd  0x080154ec       0x38 ..\obj\stm32f4xx_dma.o
                0x080154ec                DMA_Cmd
 .text.DMA_ITConfig
                0x08015524       0x74 ..\obj\stm32f4xx_dma.o
                0x08015524                DMA_ITConfig
 .text.DMA_GetITStatus
                0x08015598       0xb0 ..\obj\stm32f4xx_dma.o
                0x08015598                DMA_GetITStatus
 .text.DMA_ClearITPendingBit
                0x08015648       0x5c ..\obj\stm32f4xx_dma.o
                0x08015648                DMA_ClearITPendingBit
 .text.prvvMBTCPLogFrame
                0x080156a4      0x18c ..\obj\portother.o
                0x080156a4                prvvMBTCPLogFrame
 .text.vMBPortLog
                0x08015830       0x44 ..\obj\portother.o
                0x08015830                vMBPortLog
 .text.bMBPortIsWithinException
                0x08015874       0x18 ..\obj\portother.o
                0x08015874                bMBPortIsWithinException
 .text.xQueueGenericReset
                0x0801588c       0xd0 ..\obj\queue.o
                0x0801588c                xQueueGenericReset
 .text.xQueueGenericCreate
                0x0801595c       0xb8 ..\obj\queue.o
                0x0801595c                xQueueGenericCreate
 .text.xQueueCreateMutex
                0x08015a14       0xa0 ..\obj\queue.o
                0x08015a14                xQueueCreateMutex
 .text.xQueueCreateCountingSemaphore
                0x08015ab4       0x7c ..\obj\queue.o
                0x08015ab4                xQueueCreateCountingSemaphore
 .text.xQueueGenericSend
                0x08015b30      0x1c0 ..\obj\queue.o
                0x08015b30                xQueueGenericSend
 .text.xQueueGenericSendFromISR
                0x08015cf0      0x118 ..\obj\queue.o
                0x08015cf0                xQueueGenericSendFromISR
 .text.xQueueGiveFromISR
                0x08015e08       0xd4 ..\obj\queue.o
                0x08015e08                xQueueGiveFromISR
 .text.xQueueGenericReceive
                0x08015edc      0x1e0 ..\obj\queue.o
                0x08015edc                xQueueGenericReceive
 .text.prvCopyDataToQueue
                0x080160bc       0xdc ..\obj\queue.o
 .text.prvCopyDataFromQueue
                0x08016198       0x4c ..\obj\queue.o
 .text.prvUnlockQueue
                0x080161e4       0x98 ..\obj\queue.o
 .text.prvIsQueueEmpty
                0x0801627c       0x2c ..\obj\queue.o
 .text.prvIsQueueFull
                0x080162a8       0x30 ..\obj\queue.o
 .text.pxPortInitialiseStack
                0x080162d8       0x64 ..\obj\port.o
                0x080162d8                pxPortInitialiseStack
 .text.prvTaskExitError
                0x0801633c       0x3c ..\obj\port.o
 .text.SVC_Handler
                0x08016378       0x20 ..\obj\port.o
                0x08016378                SVC_Handler
 .text.prvPortStartFirstTask
                0x08016398       0x20 ..\obj\port.o
 .text.xPortStartScheduler
                0x080163b8      0x118 ..\obj\port.o
                0x080163b8                xPortStartScheduler
 .text.vPortEnterCritical
                0x080164d0       0x5c ..\obj\port.o
                0x080164d0                vPortEnterCritical
 .text.vPortExitCritical
                0x0801652c       0x4c ..\obj\port.o
                0x0801652c                vPortExitCritical
 .text.PendSV_Handler
                0x08016578       0x60 ..\obj\port.o
                0x08016578                PendSV_Handler
 .text.SysTick_Handler
                0x080165d8       0x44 ..\obj\port.o
                0x080165d8                SysTick_Handler
 .text.vPortSetupTimerInterrupt
                0x0801661c       0x34 ..\obj\port.o
                0x0801661c                vPortSetupTimerInterrupt
 .text.vPortEnableVFP
                0x08016650       0x14 ..\obj\port.o
 .text.vPortValidateInterruptPriority
                0x08016664       0x78 ..\obj\port.o
                0x08016664                vPortValidateInterruptPriority
 .text.MB_TCP_Init
                0x080166dc       0x4c ..\obj\mbinit.o
                0x080166dc                MB_TCP_Init
 .text.MB_TCP_Task
                0x08016728       0x10 ..\obj\mbinit.o
                0x08016728                MB_TCP_Task
 .text.FLASH_ErasePage
                0x08016738       0x48 ..\obj\cfg_info.o
 .text.FlashWrite_32
                0x08016780       0x7c ..\obj\cfg_info.o
 .text.ConfigInfoRead
                0x080167fc       0x8c ..\obj\cfg_info.o
                0x080167fc                ConfigInfoRead
 .text.ConfigInfoWrite
                0x08016888       0x68 ..\obj\cfg_info.o
                0x08016888                ConfigInfoWrite
 .text.StartConfigInfoWrite
                0x080168f0       0x30 ..\obj\cfg_info.o
                0x080168f0                StartConfigInfoWrite
 .text.Flash_Write_Task
                0x08016920       0x18 ..\obj\cfg_info.o
                0x08016920                Flash_Write_Task
 .text.udp_init
                0x08016938        0xc ..\obj\udp.o
                0x08016938                udp_init
 .text.udp_new_port
                0x08016944       0x74 ..\obj\udp.o
 .text.udp_input
                0x080169b8      0x27c ..\obj\udp.o
                0x080169b8                udp_input
 .text.udp_sendto
                0x08016c34       0x40 ..\obj\udp.o
                0x08016c34                udp_sendto
 .text.udp_sendto_if
                0x08016c74      0x130 ..\obj\udp.o
                0x08016c74                udp_sendto_if
 .text.udp_bind
                0x08016da4       0xc0 ..\obj\udp.o
                0x08016da4                udp_bind
 .text.udp_new  0x08016e64       0x30 ..\obj\udp.o
                0x08016e64                udp_new
 .text.ip_route
                0x08016e94       0x78 ..\obj\ip.o
                0x08016e94                ip_route
 .text.ip_input
                0x08016f0c      0x234 ..\obj\ip.o
                0x08016f0c                ip_input
 .text.ip_output_if
                0x08017140       0xf4 ..\obj\ip.o
                0x08017140                ip_output_if
 .text.ip_output
                0x08017234       0x4c ..\obj\ip.o
                0x08017234                ip_output
 .text.eMBFuncReadCoils
                0x08017280      0x104 ..\obj\mbfunccoils.o
                0x08017280                eMBFuncReadCoils
 .text.eMBFuncWriteCoil
                0x08017384       0xb0 ..\obj\mbfunccoils.o
                0x08017384                eMBFuncWriteCoil
 .text.eMBFuncWriteMultipleCoils
                0x08017434       0xd8 ..\obj\mbfunccoils.o
                0x08017434                eMBFuncWriteMultipleCoils
 .text.icmp_input
                0x0801750c      0x1ec ..\obj\icmp.o
                0x0801750c                icmp_input
 .text.icmp_dest_unreach
                0x080176f8       0x20 ..\obj\icmp.o
                0x080176f8                icmp_dest_unreach
 .text.icmp_send_response
                0x08017718       0xac ..\obj\icmp.o
 .text.NVIC_PriorityGroupConfig
                0x080177c4       0x24 ..\obj\misc.o
                0x080177c4                NVIC_PriorityGroupConfig
 .text.NVIC_Init
                0x080177e8       0xc0 ..\obj\misc.o
                0x080177e8                NVIC_Init
 .text.udp_client_init
                0x080178a8       0x9c ..\obj\udp_send.o
                0x080178a8                udp_client_init
 .text.delay    0x08017944       0x20 ..\obj\udp_send.o
                0x08017944                delay
 .text.udp_client_send_buf
                0x08017964       0xb0 ..\obj\udp_send.o
                0x08017964                udp_client_send_buf
 .text.UDP_Send_Task
                0x08017a14       0x28 ..\obj\udp_send.o
                0x08017a14                UDP_Send_Task
 .text.eMBTCPDoInit
                0x08017a3c       0x2c ..\obj\mbtcp.o
                0x08017a3c                eMBTCPDoInit
 .text.eMBTCPStart
                0x08017a68        0xc ..\obj\mbtcp.o
                0x08017a68                eMBTCPStart
 .text.eMBTCPStop
                0x08017a74        0xc ..\obj\mbtcp.o
                0x08017a74                eMBTCPStop
 .text.eMBTCPReceive
                0x08017a80       0x74 ..\obj\mbtcp.o
                0x08017a80                eMBTCPReceive
 .text.eMBTCPSend
                0x08017af4       0x5c ..\obj\mbtcp.o
                0x08017af4                eMBTCPSend
 .text.dhcp_check
                0x08017b50       0x5c ..\obj\dhcp.o
 .text.dhcp_select
                0x08017bac      0x138 ..\obj\dhcp.o
 .text.dhcp_coarse_tmr
                0x08017ce4       0x5c ..\obj\dhcp.o
                0x08017ce4                dhcp_coarse_tmr
 .text.dhcp_fine_tmr
                0x08017d40       0x60 ..\obj\dhcp.o
                0x08017d40                dhcp_fine_tmr
 .text.dhcp_timeout
                0x08017da0       0xc8 ..\obj\dhcp.o
 .text.dhcp_t1_timeout
                0x08017e68       0x34 ..\obj\dhcp.o
 .text.dhcp_t2_timeout
                0x08017e9c       0x34 ..\obj\dhcp.o
 .text.dhcp_arp_reply
                0x08017ed0       0x40 ..\obj\dhcp.o
                0x08017ed0                dhcp_arp_reply
 .text.dhcp_decline
                0x08017f10       0xc4 ..\obj\dhcp.o
 .text.dhcp_discover
                0x08017fd4      0x104 ..\obj\dhcp.o
 .text.dhcp_bind
                0x080180d8      0x148 ..\obj\dhcp.o
 .text.dhcp_renew
                0x08018220       0xd4 ..\obj\dhcp.o
                0x08018220                dhcp_renew
 .text.dhcp_rebind
                0x080182f4       0xd8 ..\obj\dhcp.o
 .text.dhcp_reboot
                0x080183cc       0xf4 ..\obj\dhcp.o
 .text.dhcp_release
                0x080184c0      0x10c ..\obj\dhcp.o
                0x080184c0                dhcp_release
 .text.dhcp_set_state
                0x080185cc       0x34 ..\obj\dhcp.o
 .text.dhcp_option
                0x08018600       0x4c ..\obj\dhcp.o
 .text.dhcp_option_byte
                0x0801864c       0x30 ..\obj\dhcp.o
 .text.dhcp_option_short
                0x0801867c       0x54 ..\obj\dhcp.o
 .text.dhcp_option_long
                0x080186d0       0x98 ..\obj\dhcp.o
 .text.dhcp_create_msg
                0x08018768      0x224 ..\obj\dhcp.o
 .text.dhcp_delete_msg
                0x0801898c       0x34 ..\obj\dhcp.o
 .text.dhcp_option_trailer
                0x080189c0       0x68 ..\obj\dhcp.o
 .text.eMBRegInputCB
                0x08018a28       0xa0 ..\obj\mbfunc.o
                0x08018a28                eMBRegInputCB
 .text.eMBRegHoldingCB
                0x08018ac8      0x1a4 ..\obj\mbfunc.o
                0x08018ac8                eMBRegHoldingCB
 .text.eMBRegCoilsCB
                0x08018c6c       0x28 ..\obj\mbfunc.o
                0x08018c6c                eMBRegCoilsCB
 .text.eMBRegDiscreteCB
                0x08018c94       0x20 ..\obj\mbfunc.o
                0x08018c94                eMBRegDiscreteCB
 .text.pvPortMalloc
                0x08018cb4      0x11c ..\obj\heap_2.o
                0x08018cb4                pvPortMalloc
 .text.vPortFree
                0x08018dd0       0x70 ..\obj\heap_2.o
                0x08018dd0                vPortFree
 .text.prvHeapInit
                0x08018e40       0x50 ..\obj\heap_2.o
 .text.TIM_TimeBaseInit
                0x08018e90       0xd4 ..\obj\stm32f4xx_tim.o
                0x08018e90                TIM_TimeBaseInit
 .text.TIM_TimeBaseStructInit
                0x08018f64       0x34 ..\obj\stm32f4xx_tim.o
                0x08018f64                TIM_TimeBaseStructInit
 .text.TIM_SetCounter
                0x08018f98       0x1c ..\obj\stm32f4xx_tim.o
                0x08018f98                TIM_SetCounter
 .text.TIM_ARRPreloadConfig
                0x08018fb4       0x40 ..\obj\stm32f4xx_tim.o
                0x08018fb4                TIM_ARRPreloadConfig
 .text.TIM_Cmd  0x08018ff4       0x40 ..\obj\stm32f4xx_tim.o
                0x08018ff4                TIM_Cmd
 .text.TIM_OC1Init
                0x08019034       0xf4 ..\obj\stm32f4xx_tim.o
                0x08019034                TIM_OC1Init
 .text.TIM_OCStructInit
                0x08019128       0x44 ..\obj\stm32f4xx_tim.o
                0x08019128                TIM_OCStructInit
 .text.TIM_OC1PreloadConfig
                0x0801916c       0x38 ..\obj\stm32f4xx_tim.o
                0x0801916c                TIM_OC1PreloadConfig
 .text.TIM_CtrlPWMOutputs
                0x080191a4       0x4c ..\obj\stm32f4xx_tim.o
                0x080191a4                TIM_CtrlPWMOutputs
 .text.TIM_ETRClockMode2Config
                0x080191f0       0x3c ..\obj\stm32f4xx_tim.o
                0x080191f0                TIM_ETRClockMode2Config
 .text.TIM_SelectInputTrigger
                0x0801922c       0x38 ..\obj\stm32f4xx_tim.o
                0x0801922c                TIM_SelectInputTrigger
 .text.TIM_SelectOutputTrigger
                0x08019264       0x38 ..\obj\stm32f4xx_tim.o
                0x08019264                TIM_SelectOutputTrigger
 .text.TIM_SelectSlaveMode
                0x0801929c       0x38 ..\obj\stm32f4xx_tim.o
                0x0801929c                TIM_SelectSlaveMode
 .text.TIM_SelectMasterSlaveMode
                0x080192d4       0x38 ..\obj\stm32f4xx_tim.o
                0x080192d4                TIM_SelectMasterSlaveMode
 .text.TIM_ETRConfig
                0x0801930c       0x54 ..\obj\stm32f4xx_tim.o
                0x0801930c                TIM_ETRConfig
 .text.tcp_output_alloc_header
                0x08019360       0xd0 ..\obj\tcp_out.o
 .text.tcp_send_fin
                0x08019430       0x80 ..\obj\tcp_out.o
                0x08019430                tcp_send_fin
 .text.tcp_create_segment
                0x080194b0      0x104 ..\obj\tcp_out.o
 .text.tcp_pbuf_prealloc
                0x080195b4       0xa4 ..\obj\tcp_out.o
 .text.tcp_write_checks
                0x08019658       0xac ..\obj\tcp_out.o
 .text.tcp_write
                0x08019704      0x454 ..\obj\tcp_out.o
                0x08019704                tcp_write
 .text.tcp_enqueue_flags
                0x08019b58      0x18c ..\obj\tcp_out.o
                0x08019b58                tcp_enqueue_flags
 .text.tcp_send_empty_ack
                0x08019ce4       0x74 ..\obj\tcp_out.o
                0x08019ce4                tcp_send_empty_ack
 .text.tcp_output
                0x08019d58      0x2a8 ..\obj\tcp_out.o
                0x08019d58                tcp_output
 .text.tcp_output_segment
                0x0801a000      0x14c ..\obj\tcp_out.o
 .text.tcp_rst  0x0801a14c       0xb8 ..\obj\tcp_out.o
                0x0801a14c                tcp_rst
 .text.tcp_rexmit_rto
                0x0801a204       0x60 ..\obj\tcp_out.o
                0x0801a204                tcp_rexmit_rto
 .text.tcp_rexmit
                0x0801a264       0x94 ..\obj\tcp_out.o
                0x0801a264                tcp_rexmit
 .text.tcp_rexmit_fast
                0x0801a2f8       0xa4 ..\obj\tcp_out.o
                0x0801a2f8                tcp_rexmit_fast
 .text.tcp_keepalive
                0x0801a39c       0x58 ..\obj\tcp_out.o
                0x0801a39c                tcp_keepalive
 .text.tcp_zero_window_probe
                0x0801a3f4       0xf0 ..\obj\tcp_out.o
                0x0801a3f4                tcp_zero_window_probe
 .text.raw_input
                0x0801a4e4       0xc0 ..\obj\raw.o
                0x0801a4e4                raw_input
 .text.memcmp   0x0801a5a4       0x64 c:/program files/gnu tools arm embedded/4.9 2015q2/bin/../lib/gcc/arm-none-eabi/4.9.3/../../../../arm-none-eabi/lib/armv7e-m/softfp\libg.a(lib_a-memcmp.o)
                0x0801a5a4                memcmp
 .text          0x0801a608      0x134 c:/program files/gnu tools arm embedded/4.9 2015q2/bin/../lib/gcc/arm-none-eabi/4.9.3/../../../../arm-none-eabi/lib/armv7e-m/softfp\libg.a(lib_a-memcpy.o)
                0x0801a608                memcpy
 .text.memset   0x0801a73c       0x9c c:/program files/gnu tools arm embedded/4.9 2015q2/bin/../lib/gcc/arm-none-eabi/4.9.3/../../../../arm-none-eabi/lib/armv7e-m/softfp\libg.a(lib_a-memset.o)
                0x0801a73c                memset
 .text.printf   0x0801a7d8       0x28 c:/program files/gnu tools arm embedded/4.9 2015q2/bin/../lib/gcc/arm-none-eabi/4.9.3/../../../../arm-none-eabi/lib/armv7e-m/softfp\libg.a(lib_a-printf.o)
                0x0801a7d8                printf
 .text.snprintf
                0x0801a800       0x9c c:/program files/gnu tools arm embedded/4.9 2015q2/bin/../lib/gcc/arm-none-eabi/4.9.3/../../../../arm-none-eabi/lib/armv7e-m/softfp\libg.a(lib_a-snprintf.o)
                0x0801a800                snprintf
 *fill*         0x0801a89c        0x4 
 .text          0x0801a8a0      0x2dc c:/program files/gnu tools arm embedded/4.9 2015q2/bin/../lib/gcc/arm-none-eabi/4.9.3/../../../../arm-none-eabi/lib/armv7e-m/softfp\libg.a(lib_a-strcmp.o)
                0x0801a8a8                strcmp
 .text.strlen   0x0801ab7c       0x5c c:/program files/gnu tools arm embedded/4.9 2015q2/bin/../lib/gcc/arm-none-eabi/4.9.3/../../../../arm-none-eabi/lib/armv7e-m/softfp\libg.a(lib_a-strlen.o)
                0x0801ab7c                strlen
 .text._svfprintf_r
                0x0801abd8     0x14d0 c:/program files/gnu tools arm embedded/4.9 2015q2/bin/../lib/gcc/arm-none-eabi/4.9.3/../../../../arm-none-eabi/lib/armv7e-m/softfp\libg.a(lib_a-svfprintf.o)
                0x0801abd8                _svfprintf_r
 .text._vfprintf_r
                0x0801c0a8     0x1428 c:/program files/gnu tools arm embedded/4.9 2015q2/bin/../lib/gcc/arm-none-eabi/4.9.3/../../../../arm-none-eabi/lib/armv7e-m/softfp\libg.a(lib_a-vfprintf.o)
                0x0801c0a8                _vfprintf_r
 .text.__sbprintf
                0x0801d4d0       0x78 c:/program files/gnu tools arm embedded/4.9 2015q2/bin/../lib/gcc/arm-none-eabi/4.9.3/../../../../arm-none-eabi/lib/armv7e-m/softfp\libg.a(lib_a-vfprintf.o)
 .text.vprintf  0x0801d548       0x1c c:/program files/gnu tools arm embedded/4.9 2015q2/bin/../lib/gcc/arm-none-eabi/4.9.3/../../../../arm-none-eabi/lib/armv7e-m/softfp\libg.a(lib_a-vprintf.o)
                0x0801d548                vprintf
 .text.__swsetup_r
                0x0801d564       0xc4 c:/program files/gnu tools arm embedded/4.9 2015q2/bin/../lib/gcc/arm-none-eabi/4.9.3/../../../../arm-none-eabi/lib/armv7e-m/softfp\libg.a(lib_a-wsetup.o)
                0x0801d564                __swsetup_r
 .text.quorem   0x0801d628      0x12c c:/program files/gnu tools arm embedded/4.9 2015q2/bin/../lib/gcc/arm-none-eabi/4.9.3/../../../../arm-none-eabi/lib/armv7e-m/softfp\libg.a(lib_a-dtoa.o)
 *fill*         0x0801d754        0x4 
 .text._dtoa_r  0x0801d758      0xe90 c:/program files/gnu tools arm embedded/4.9 2015q2/bin/../lib/gcc/arm-none-eabi/4.9.3/../../../../arm-none-eabi/lib/armv7e-m/softfp\libg.a(lib_a-dtoa.o)
                0x0801d758                _dtoa_r
 .text.__sflush_r
                0x0801e5e8      0x154 c:/program files/gnu tools arm embedded/4.9 2015q2/bin/../lib/gcc/arm-none-eabi/4.9.3/../../../../arm-none-eabi/lib/armv7e-m/softfp\libg.a(lib_a-fflush.o)
                0x0801e5e8                __sflush_r
 .text._fflush_r
                0x0801e73c       0x2c c:/program files/gnu tools arm embedded/4.9 2015q2/bin/../lib/gcc/arm-none-eabi/4.9.3/../../../../arm-none-eabi/lib/armv7e-m/softfp\libg.a(lib_a-fflush.o)
                0x0801e73c                _fflush_r
 .text._cleanup_r
                0x0801e768        0xc c:/program files/gnu tools arm embedded/4.9 2015q2/bin/../lib/gcc/arm-none-eabi/4.9.3/../../../../arm-none-eabi/lib/armv7e-m/softfp\libg.a(lib_a-findfp.o)
                0x0801e768                _cleanup_r
 .text.__sinit.part.1
                0x0801e774       0xf0 c:/program files/gnu tools arm embedded/4.9 2015q2/bin/../lib/gcc/arm-none-eabi/4.9.3/../../../../arm-none-eabi/lib/armv7e-m/softfp\libg.a(lib_a-findfp.o)
 .text.__sinit  0x0801e864        0xc c:/program files/gnu tools arm embedded/4.9 2015q2/bin/../lib/gcc/arm-none-eabi/4.9.3/../../../../arm-none-eabi/lib/armv7e-m/softfp\libg.a(lib_a-findfp.o)
                0x0801e864                __sinit
 .text.__sfp_lock_acquire
                0x0801e870        0x4 c:/program files/gnu tools arm embedded/4.9 2015q2/bin/../lib/gcc/arm-none-eabi/4.9.3/../../../../arm-none-eabi/lib/armv7e-m/softfp\libg.a(lib_a-findfp.o)
                0x0801e870                __sfp_lock_acquire
 .text.__sfp_lock_release
                0x0801e874        0x4 c:/program files/gnu tools arm embedded/4.9 2015q2/bin/../lib/gcc/arm-none-eabi/4.9.3/../../../../arm-none-eabi/lib/armv7e-m/softfp\libg.a(lib_a-findfp.o)
                0x0801e874                __sfp_lock_release
 .text._malloc_trim_r
                0x0801e878       0x9c c:/program files/gnu tools arm embedded/4.9 2015q2/bin/../lib/gcc/arm-none-eabi/4.9.3/../../../../arm-none-eabi/lib/armv7e-m/softfp\libg.a(lib_a-freer.o)
                0x0801e878                _malloc_trim_r
 .text._free_r  0x0801e914      0x1b0 c:/program files/gnu tools arm embedded/4.9 2015q2/bin/../lib/gcc/arm-none-eabi/4.9.3/../../../../arm-none-eabi/lib/armv7e-m/softfp\libg.a(lib_a-freer.o)
                0x0801e914                _free_r
 .text._fwalk_reent
                0x0801eac4       0x54 c:/program files/gnu tools arm embedded/4.9 2015q2/bin/../lib/gcc/arm-none-eabi/4.9.3/../../../../arm-none-eabi/lib/armv7e-m/softfp\libg.a(lib_a-fwalk.o)
                0x0801eac4                _fwalk_reent
 .text.__locale_charset
                0x0801eb18        0x8 c:/program files/gnu tools arm embedded/4.9 2015q2/bin/../lib/gcc/arm-none-eabi/4.9.3/../../../../arm-none-eabi/lib/armv7e-m/softfp\libg.a(lib_a-locale.o)
                0x0801eb18                __locale_charset
 .text.__locale_mb_cur_max
                0x0801eb20        0xc c:/program files/gnu tools arm embedded/4.9 2015q2/bin/../lib/gcc/arm-none-eabi/4.9.3/../../../../arm-none-eabi/lib/armv7e-m/softfp\libg.a(lib_a-locale.o)
                0x0801eb20                __locale_mb_cur_max
 .text._localeconv_r
                0x0801eb2c        0x8 c:/program files/gnu tools arm embedded/4.9 2015q2/bin/../lib/gcc/arm-none-eabi/4.9.3/../../../../arm-none-eabi/lib/armv7e-m/softfp\libg.a(lib_a-locale.o)
                0x0801eb2c                _localeconv_r
 .text.__smakebuf_r
                0x0801eb34       0xe0 c:/program files/gnu tools arm embedded/4.9 2015q2/bin/../lib/gcc/arm-none-eabi/4.9.3/../../../../arm-none-eabi/lib/armv7e-m/softfp\libg.a(lib_a-makebuf.o)
                0x0801eb34                __smakebuf_r
 .text._malloc_r
                0x0801ec14      0x524 c:/program files/gnu tools arm embedded/4.9 2015q2/bin/../lib/gcc/arm-none-eabi/4.9.3/../../../../arm-none-eabi/lib/armv7e-m/softfp\libg.a(lib_a-mallocr.o)
                0x0801ec14                _malloc_r
 .text.memchr   0x0801f138       0x94 c:/program files/gnu tools arm embedded/4.9 2015q2/bin/../lib/gcc/arm-none-eabi/4.9.3/../../../../arm-none-eabi/lib/armv7e-m/softfp\libg.a(lib_a-memchr.o)
                0x0801f138                memchr
 .text.__malloc_lock
                0x0801f1cc        0x4 c:/program files/gnu tools arm embedded/4.9 2015q2/bin/../lib/gcc/arm-none-eabi/4.9.3/../../../../arm-none-eabi/lib/armv7e-m/softfp\libg.a(lib_a-mlock.o)
                0x0801f1cc                __malloc_lock
 .text.__malloc_unlock
                0x0801f1d0        0x4 c:/program files/gnu tools arm embedded/4.9 2015q2/bin/../lib/gcc/arm-none-eabi/4.9.3/../../../../arm-none-eabi/lib/armv7e-m/softfp\libg.a(lib_a-mlock.o)
                0x0801f1d0                __malloc_unlock
 .text._Balloc  0x0801f1d4       0x4c c:/program files/gnu tools arm embedded/4.9 2015q2/bin/../lib/gcc/arm-none-eabi/4.9.3/../../../../arm-none-eabi/lib/armv7e-m/softfp\libg.a(lib_a-mprec.o)
                0x0801f1d4                _Balloc
 .text._Bfree   0x0801f220       0x14 c:/program files/gnu tools arm embedded/4.9 2015q2/bin/../lib/gcc/arm-none-eabi/4.9.3/../../../../arm-none-eabi/lib/armv7e-m/softfp\libg.a(lib_a-mprec.o)
                0x0801f220                _Bfree
 .text.__multadd
                0x0801f234       0x84 c:/program files/gnu tools arm embedded/4.9 2015q2/bin/../lib/gcc/arm-none-eabi/4.9.3/../../../../arm-none-eabi/lib/armv7e-m/softfp\libg.a(lib_a-mprec.o)
                0x0801f234                __multadd
 .text.__hi0bits
                0x0801f2b8       0x40 c:/program files/gnu tools arm embedded/4.9 2015q2/bin/../lib/gcc/arm-none-eabi/4.9.3/../../../../arm-none-eabi/lib/armv7e-m/softfp\libg.a(lib_a-mprec.o)
                0x0801f2b8                __hi0bits
 .text.__lo0bits
                0x0801f2f8       0x5c c:/program files/gnu tools arm embedded/4.9 2015q2/bin/../lib/gcc/arm-none-eabi/4.9.3/../../../../arm-none-eabi/lib/armv7e-m/softfp\libg.a(lib_a-mprec.o)
                0x0801f2f8                __lo0bits
 .text.__i2b    0x0801f354       0x14 c:/program files/gnu tools arm embedded/4.9 2015q2/bin/../lib/gcc/arm-none-eabi/4.9.3/../../../../arm-none-eabi/lib/armv7e-m/softfp\libg.a(lib_a-mprec.o)
                0x0801f354                __i2b
 .text.__multiply
                0x0801f368      0x134 c:/program files/gnu tools arm embedded/4.9 2015q2/bin/../lib/gcc/arm-none-eabi/4.9.3/../../../../arm-none-eabi/lib/armv7e-m/softfp\libg.a(lib_a-mprec.o)
                0x0801f368                __multiply
 .text.__pow5mult
                0x0801f49c       0xa0 c:/program files/gnu tools arm embedded/4.9 2015q2/bin/../lib/gcc/arm-none-eabi/4.9.3/../../../../arm-none-eabi/lib/armv7e-m/softfp\libg.a(lib_a-mprec.o)
                0x0801f49c                __pow5mult
 .text.__lshift
                0x0801f53c       0xac c:/program files/gnu tools arm embedded/4.9 2015q2/bin/../lib/gcc/arm-none-eabi/4.9.3/../../../../arm-none-eabi/lib/armv7e-m/softfp\libg.a(lib_a-mprec.o)
                0x0801f53c                __lshift
 .text.__mcmp   0x0801f5e8       0x48 c:/program files/gnu tools arm embedded/4.9 2015q2/bin/../lib/gcc/arm-none-eabi/4.9.3/../../../../arm-none-eabi/lib/armv7e-m/softfp\libg.a(lib_a-mprec.o)
                0x0801f5e8                __mcmp
 .text.__mdiff  0x0801f630       0xd4 c:/program files/gnu tools arm embedded/4.9 2015q2/bin/../lib/gcc/arm-none-eabi/4.9.3/../../../../arm-none-eabi/lib/armv7e-m/softfp\libg.a(lib_a-mprec.o)
                0x0801f630                __mdiff
 .text.__d2b    0x0801f704       0xb8 c:/program files/gnu tools arm embedded/4.9 2015q2/bin/../lib/gcc/arm-none-eabi/4.9.3/../../../../arm-none-eabi/lib/armv7e-m/softfp\libg.a(lib_a-mprec.o)
                0x0801f704                __d2b
 .text.__fpclassifyd
                0x0801f7bc       0x58 c:/program files/gnu tools arm embedded/4.9 2015q2/bin/../lib/gcc/arm-none-eabi/4.9.3/../../../../arm-none-eabi/lib/armv7e-m/softfp\libg.a(lib_a-s_fpclassify.o)
                0x0801f7bc                __fpclassifyd
 .text._sbrk_r  0x0801f814       0x24 c:/program files/gnu tools arm embedded/4.9 2015q2/bin/../lib/gcc/arm-none-eabi/4.9.3/../../../../arm-none-eabi/lib/armv7e-m/softfp\libg.a(lib_a-sbrkr.o)
                0x0801f814                _sbrk_r
 .text.__sread  0x0801f838       0x24 c:/program files/gnu tools arm embedded/4.9 2015q2/bin/../lib/gcc/arm-none-eabi/4.9.3/../../../../arm-none-eabi/lib/armv7e-m/softfp\libg.a(lib_a-stdio.o)
                0x0801f838                __sread
 .text.__swrite
                0x0801f85c       0x38 c:/program files/gnu tools arm embedded/4.9 2015q2/bin/../lib/gcc/arm-none-eabi/4.9.3/../../../../arm-none-eabi/lib/armv7e-m/softfp\libg.a(lib_a-stdio.o)
                0x0801f85c                __swrite
 .text.__sseek  0x0801f894       0x20 c:/program files/gnu tools arm embedded/4.9 2015q2/bin/../lib/gcc/arm-none-eabi/4.9.3/../../../../arm-none-eabi/lib/armv7e-m/softfp\libg.a(lib_a-stdio.o)
                0x0801f894                __sseek
 .text.__sclose
                0x0801f8b4        0x8 c:/program files/gnu tools arm embedded/4.9 2015q2/bin/../lib/gcc/arm-none-eabi/4.9.3/../../../../arm-none-eabi/lib/armv7e-m/softfp\libg.a(lib_a-stdio.o)
                0x0801f8b4                __sclose
 .text.__ssprint_r
                0x0801f8bc      0x104 c:/program files/gnu tools arm embedded/4.9 2015q2/bin/../lib/gcc/arm-none-eabi/4.9.3/../../../../arm-none-eabi/lib/armv7e-m/softfp\libg.a(lib_a-svfiprintf.o)
                0x0801f8bc                __ssprint_r
 .text.__sprint_r.part.0
                0x0801f9c0       0x78 c:/program files/gnu tools arm embedded/4.9 2015q2/bin/../lib/gcc/arm-none-eabi/4.9.3/../../../../arm-none-eabi/lib/armv7e-m/softfp\libg.a(lib_a-vfiprintf.o)
 .text.__sprint_r
                0x0801fa38       0x18 c:/program files/gnu tools arm embedded/4.9 2015q2/bin/../lib/gcc/arm-none-eabi/4.9.3/../../../../arm-none-eabi/lib/armv7e-m/softfp\libg.a(lib_a-vfiprintf.o)
                0x0801fa38                __sprint_r
 .text._write_r
                0x0801fa50       0x28 c:/program files/gnu tools arm embedded/4.9 2015q2/bin/../lib/gcc/arm-none-eabi/4.9.3/../../../../arm-none-eabi/lib/armv7e-m/softfp\libg.a(lib_a-writer.o)
                0x0801fa50                _write_r
 .text._calloc_r
                0x0801fa78       0x60 c:/program files/gnu tools arm embedded/4.9 2015q2/bin/../lib/gcc/arm-none-eabi/4.9.3/../../../../arm-none-eabi/lib/armv7e-m/softfp\libg.a(lib_a-callocr.o)
                0x0801fa78                _calloc_r
 .text._close_r
                0x0801fad8       0x24 c:/program files/gnu tools arm embedded/4.9 2015q2/bin/../lib/gcc/arm-none-eabi/4.9.3/../../../../arm-none-eabi/lib/armv7e-m/softfp\libg.a(lib_a-closer.o)
                0x0801fad8                _close_r
 .text._fclose_r
                0x0801fafc       0x84 c:/program files/gnu tools arm embedded/4.9 2015q2/bin/../lib/gcc/arm-none-eabi/4.9.3/../../../../arm-none-eabi/lib/armv7e-m/softfp\libg.a(lib_a-fclose.o)
                0x0801fafc                _fclose_r
 .text.__fputwc
                0x0801fb80       0xb0 c:/program files/gnu tools arm embedded/4.9 2015q2/bin/../lib/gcc/arm-none-eabi/4.9.3/../../../../arm-none-eabi/lib/armv7e-m/softfp\libg.a(lib_a-fputwc.o)
                0x0801fb80                __fputwc
 .text._fputwc_r
                0x0801fc30       0x24 c:/program files/gnu tools arm embedded/4.9 2015q2/bin/../lib/gcc/arm-none-eabi/4.9.3/../../../../arm-none-eabi/lib/armv7e-m/softfp\libg.a(lib_a-fputwc.o)
                0x0801fc30                _fputwc_r
 .text._fstat_r
                0x0801fc54       0x28 c:/program files/gnu tools arm embedded/4.9 2015q2/bin/../lib/gcc/arm-none-eabi/4.9.3/../../../../arm-none-eabi/lib/armv7e-m/softfp\libg.a(lib_a-fstatr.o)
                0x0801fc54                _fstat_r
 .text.__sfvwrite_r
                0x0801fc7c      0x318 c:/program files/gnu tools arm embedded/4.9 2015q2/bin/../lib/gcc/arm-none-eabi/4.9.3/../../../../arm-none-eabi/lib/armv7e-m/softfp\libg.a(lib_a-fvwrite.o)
                0x0801fc7c                __sfvwrite_r
 .text._isatty_r
                0x0801ff94       0x24 c:/program files/gnu tools arm embedded/4.9 2015q2/bin/../lib/gcc/arm-none-eabi/4.9.3/../../../../arm-none-eabi/lib/armv7e-m/softfp\libg.a(lib_a-isattyr.o)
                0x0801ff94                _isatty_r
 .text._lseek_r
                0x0801ffb8       0x28 c:/program files/gnu tools arm embedded/4.9 2015q2/bin/../lib/gcc/arm-none-eabi/4.9.3/../../../../arm-none-eabi/lib/armv7e-m/softfp\libg.a(lib_a-lseekr.o)
                0x0801ffb8                _lseek_r
 .text.memmove  0x0801ffe0       0xc8 c:/program files/gnu tools arm embedded/4.9 2015q2/bin/../lib/gcc/arm-none-eabi/4.9.3/../../../../arm-none-eabi/lib/armv7e-m/softfp\libg.a(lib_a-memmove.o)
                0x0801ffe0                memmove
 .text._read_r  0x080200a8       0x28 c:/program files/gnu tools arm embedded/4.9 2015q2/bin/../lib/gcc/arm-none-eabi/4.9.3/../../../../arm-none-eabi/lib/armv7e-m/softfp\libg.a(lib_a-readr.o)
                0x080200a8                _read_r
 .text._realloc_r
                0x080200d0      0x3ec c:/program files/gnu tools arm embedded/4.9 2015q2/bin/../lib/gcc/arm-none-eabi/4.9.3/../../../../arm-none-eabi/lib/armv7e-m/softfp\libg.a(lib_a-reallocr.o)
                0x080200d0                _realloc_r
 .text.__swbuf_r
                0x080204bc       0xa8 c:/program files/gnu tools arm embedded/4.9 2015q2/bin/../lib/gcc/arm-none-eabi/4.9.3/../../../../arm-none-eabi/lib/armv7e-m/softfp\libg.a(lib_a-wbuf.o)
                0x080204bc                __swbuf_r
 .text._wcrtomb_r
                0x08020564       0x54 c:/program files/gnu tools arm embedded/4.9 2015q2/bin/../lib/gcc/arm-none-eabi/4.9.3/../../../../arm-none-eabi/lib/armv7e-m/softfp\libg.a(lib_a-wcrtomb.o)
                0x08020564                _wcrtomb_r
 .text.__ascii_wctomb
                0x080205b8       0x1c c:/program files/gnu tools arm embedded/4.9 2015q2/bin/../lib/gcc/arm-none-eabi/4.9.3/../../../../arm-none-eabi/lib/armv7e-m/softfp\libg.a(lib_a-wctomb_r.o)
                0x080205b8                __ascii_wctomb
 .text          0x080205d4      0x370 c:/program files/gnu tools arm embedded/4.9 2015q2/bin/../lib/gcc/arm-none-eabi/4.9.3/armv7e-m/softfp\libgcc.a(_arm_addsubdf3.o)
                0x080205d4                __aeabi_drsub
                0x080205dc                __aeabi_dsub
                0x080205dc                __subdf3
                0x080205e0                __aeabi_dadd
                0x080205e0                __adddf3
                0x08020858                __floatunsidf
                0x08020858                __aeabi_ui2d
                0x08020878                __floatsidf
                0x08020878                __aeabi_i2d
                0x0802089c                __aeabi_f2d
                0x0802089c                __extendsfdf2
                0x080208d8                __floatundidf
                0x080208d8                __aeabi_ul2d
                0x080208e8                __floatdidf
                0x080208e8                __aeabi_l2d
 .text          0x08020944      0x424 c:/program files/gnu tools arm embedded/4.9 2015q2/bin/../lib/gcc/arm-none-eabi/4.9.3/armv7e-m/softfp\libgcc.a(_arm_muldivdf3.o)
                0x08020944                __aeabi_dmul
                0x08020944                __muldf3
                0x08020b98                __divdf3
                0x08020b98                __aeabi_ddiv
 .text          0x08020d68      0x110 c:/program files/gnu tools arm embedded/4.9 2015q2/bin/../lib/gcc/arm-none-eabi/4.9.3/armv7e-m/softfp\libgcc.a(_arm_cmpdf2.o)
                0x08020d68                __gtdf2
                0x08020d68                __gedf2
                0x08020d70                __ltdf2
                0x08020d70                __ledf2
                0x08020d78                __nedf2
                0x08020d78                __eqdf2
                0x08020d78                __cmpdf2
                0x08020df4                __aeabi_cdrcmple
                0x08020e04                __aeabi_cdcmpeq
                0x08020e04                __aeabi_cdcmple
                0x08020e14                __aeabi_dcmpeq
                0x08020e28                __aeabi_dcmplt
                0x08020e3c                __aeabi_dcmple
                0x08020e50                __aeabi_dcmpge
                0x08020e64                __aeabi_dcmpgt
 .text          0x08020e78       0x50 c:/program files/gnu tools arm embedded/4.9 2015q2/bin/../lib/gcc/arm-none-eabi/4.9.3/armv7e-m/softfp\libgcc.a(_arm_fixdfsi.o)
                0x08020e78                __aeabi_d2iz
                0x08020e78                __fixdfsi
 .text          0x08020ec8       0x30 c:/program files/gnu tools arm embedded/4.9 2015q2/bin/../lib/gcc/arm-none-eabi/4.9.3/armv7e-m/softfp\libgcc.a(_aeabi_uldivmod.o)
                0x08020ec8                __aeabi_uldivmod
 .text          0x08020ef8       0x60 c:/program files/gnu tools arm embedded/4.9 2015q2/bin/../lib/gcc/arm-none-eabi/4.9.3/armv7e-m/softfp\libgcc.a(bpabi.o)
                0x08020ef8                __gnu_ldivmod_helper
                0x08020f28                __gnu_uldivmod_helper
 .text          0x08020f58        0x4 c:/program files/gnu tools arm embedded/4.9 2015q2/bin/../lib/gcc/arm-none-eabi/4.9.3/armv7e-m/softfp\libgcc.a(_dvmd_tls.o)
                0x08020f58                __aeabi_idiv0
                0x08020f58                __aeabi_ldiv0
 .text          0x08020f5c      0x29c c:/program files/gnu tools arm embedded/4.9 2015q2/bin/../lib/gcc/arm-none-eabi/4.9.3/armv7e-m/softfp\libgcc.a(_divdi3.o)
                0x08020f5c                __divdi3
 .text          0x080211f8      0x26c c:/program files/gnu tools arm embedded/4.9 2015q2/bin/../lib/gcc/arm-none-eabi/4.9.3/armv7e-m/softfp\libgcc.a(_udivdi3.o)
                0x080211f8                __udivdi3
 *(.init)
 *(.fini)
 *crtbegin.o(.ctors)
 *crtbegin?.o(.ctors)
 *(EXCLUDE_FILE(*crtend.o *crtend?.o) .ctors)
 *(SORT(.ctors.*))
 *(.ctors)
 *crtbegin.o(.dtors)
 *crtbegin?.o(.dtors)
 *(EXCLUDE_FILE(*crtend.o *crtend?.o) .dtors)
 *(SORT(.dtors.*))
 *(.dtors)
 *(.rodata*)
 .rodata        0x08021464       0xcc ..\obj\tcp.o
                0x080214dc                tcp_state_str
                0x08021508                tcp_backoff
                0x08021518                tcp_persist_backoff
                0x08021520                tcp_pcb_lists
 .rodata        0x08021530       0xf7 ..\obj\porttcp.o
 *fill*         0x08021627        0x1 
 .rodata        0x08021628       0x30 ..\obj\memp.o
 .rodata        0x08021658        0xd ..\obj\tcpip.o
 *fill*         0x08021665        0x3 
 .rodata        0x08021668        0x8 ..\obj\ip_addr.o
                0x08021668                ip_addr_any
                0x0802166c                ip_addr_broadcast
 .rodata        0x08021670        0xa ..\obj\main.o
 *fill*         0x0802167a        0x2 
 .rodata        0x0802167c        0x7 ..\obj\ethernetif.o
 *fill*         0x08021683        0x1 
 .rodata        0x08021684        0xe ..\obj\etharp.o
                0x08021684                ethbroadcast
                0x0802168c                ethzero
 *fill*         0x08021692        0x2 
 .rodata        0x08021694        0x5 ..\obj\tasks.o
 *fill*         0x08021699        0x3 
 .rodata        0x0802169c       0x86 ..\obj\portother.o
 *fill*         0x08021722        0x2 
 .rodata        0x08021724        0xc ..\obj\mbinit.o
 .rodata        0x08021730       0x39 ..\obj\cfg_info.o
                0x08021730                configInfoHard
 *fill*         0x08021769        0x3 
 .rodata        0x0802176c        0x9 ..\obj\udp_send.o
 *fill*         0x08021775        0x3 
 .rodata.zeroes.6911
                0x08021778       0x10 c:/program files/gnu tools arm embedded/4.9 2015q2/bin/../lib/gcc/arm-none-eabi/4.9.3/../../../../arm-none-eabi/lib/armv7e-m/softfp\libg.a(lib_a-svfprintf.o)
 .rodata.blanks.6910
                0x08021788       0x10 c:/program files/gnu tools arm embedded/4.9 2015q2/bin/../lib/gcc/arm-none-eabi/4.9.3/../../../../arm-none-eabi/lib/armv7e-m/softfp\libg.a(lib_a-svfprintf.o)
 .rodata.str1.4
                0x08021798       0x42 c:/program files/gnu tools arm embedded/4.9 2015q2/bin/../lib/gcc/arm-none-eabi/4.9.3/../../../../arm-none-eabi/lib/armv7e-m/softfp\libg.a(lib_a-svfprintf.o)
 *fill*         0x080217da        0x2 
 .rodata.zeroes.6926
                0x080217dc       0x10 c:/program files/gnu tools arm embedded/4.9 2015q2/bin/../lib/gcc/arm-none-eabi/4.9.3/../../../../arm-none-eabi/lib/armv7e-m/softfp\libg.a(lib_a-vfprintf.o)
 .rodata.str1.4
                0x00000000       0x42 c:/program files/gnu tools arm embedded/4.9 2015q2/bin/../lib/gcc/arm-none-eabi/4.9.3/../../../../arm-none-eabi/lib/armv7e-m/softfp\libg.a(lib_a-vfprintf.o)
 .rodata.blanks.6925
                0x080217ec       0x10 c:/program files/gnu tools arm embedded/4.9 2015q2/bin/../lib/gcc/arm-none-eabi/4.9.3/../../../../arm-none-eabi/lib/armv7e-m/softfp\libg.a(lib_a-vfprintf.o)
 .rodata.str1.4
                0x080217fc       0x10 c:/program files/gnu tools arm embedded/4.9 2015q2/bin/../lib/gcc/arm-none-eabi/4.9.3/../../../../arm-none-eabi/lib/armv7e-m/softfp\libg.a(lib_a-dtoa.o)
                                 0x12 (size before relaxing)
 .rodata.str1.4
                0x0802180c        0x2 c:/program files/gnu tools arm embedded/4.9 2015q2/bin/../lib/gcc/arm-none-eabi/4.9.3/../../../../arm-none-eabi/lib/armv7e-m/softfp\libg.a(lib_a-impure.o)
 *fill*         0x0802180e        0x2 
 .rodata.str1.4
                0x08021810        0xc c:/program files/gnu tools arm embedded/4.9 2015q2/bin/../lib/gcc/arm-none-eabi/4.9.3/../../../../arm-none-eabi/lib/armv7e-m/softfp\libg.a(lib_a-locale.o)
                                 0x12 (size before relaxing)
 *fill*         0x0802181c        0x4 
 .rodata.__mprec_tens
                0x08021820       0xc8 c:/program files/gnu tools arm embedded/4.9 2015q2/bin/../lib/gcc/arm-none-eabi/4.9.3/../../../../arm-none-eabi/lib/armv7e-m/softfp\libg.a(lib_a-mprec.o)
                0x08021820                __mprec_tens
 .rodata.p05.5302
                0x080218e8        0xc c:/program files/gnu tools arm embedded/4.9 2015q2/bin/../lib/gcc/arm-none-eabi/4.9.3/../../../../arm-none-eabi/lib/armv7e-m/softfp\libg.a(lib_a-mprec.o)
 *fill*         0x080218f4        0x4 
 .rodata.__mprec_bigtens
                0x080218f8       0x28 c:/program files/gnu tools arm embedded/4.9 2015q2/bin/../lib/gcc/arm-none-eabi/4.9.3/../../../../arm-none-eabi/lib/armv7e-m/softfp\libg.a(lib_a-mprec.o)
                0x080218f8                __mprec_bigtens
 *(.eh_fram e*)
                0x08021920                . = ALIGN (0x4)
                0x08021920                _param_start = .
 *(.param)
 *(.param.*)
                0x08021920                _param_stop = .

.glue_7         0x08021920        0x0
 .glue_7        0x00000000        0x0 linker stubs

.glue_7t        0x08021920        0x0
 .glue_7t       0x00000000        0x0 linker stubs

.vfp11_veneer   0x08021920        0x0
 .vfp11_veneer  0x00000000        0x0 linker stubs

.v4_bx          0x08021920        0x0
 .v4_bx         0x00000000        0x0 linker stubs

.iplt           0x08021920        0x0
 .iplt          0x00000000        0x0 ..\obj\stm32f4xx_syscfg.o

.ARM.extab
 *(.ARM.extab* .gnu.linkonce.armextab.*)
                0x08021920                __exidx_start = .

.ARM.exidx      0x08021920        0x8
 *(.ARM.exidx* .gnu.linkonce.armexidx.*)
 .ARM.exidx     0x08021920        0x8 c:/program files/gnu tools arm embedded/4.9 2015q2/bin/../lib/gcc/arm-none-eabi/4.9.3/armv7e-m/softfp\libgcc.a(_divdi3.o)
 .ARM.exidx     0x08021928        0x0 c:/program files/gnu tools arm embedded/4.9 2015q2/bin/../lib/gcc/arm-none-eabi/4.9.3/armv7e-m/softfp\libgcc.a(_udivdi3.o)
                                  0x8 (size before relaxing)
                0x08021928                __exidx_end = .
                0x08021928                __etext = .
                0x08021928                _sidata = __etext

.rel.dyn        0x08021928        0x0
 .rel.iplt      0x00000000        0x0 ..\obj\stm32f4xx_syscfg.o

.data           0x20000000      0x97c load address 0x08021928
                0x20000000                __data_start__ = .
                0x20000000                _sdata = __data_start__
 *(vtable)
 *(.data*)
 .data          0x20000000       0x84 ..\obj\mb.o
 .data          0x20000084        0x8 ..\obj\tcp.o
 .data          0x2000008c       0x10 ..\obj\stm32f4xx_rcc.o
 .data          0x2000009c        0x4 ..\obj\tasks.o
 .data          0x200000a0       0x14 ..\obj\system_stm32f4xx.o
                0x200000a0                SystemCoreClock
                0x200000a4                AHBPrescTable
 .data          0x200000b4       0x10 ..\obj\portother.o
 .data          0x200000c4        0x4 ..\obj\port.o
 .data          0x200000c8        0x5 ..\obj\mbinit.o
 *fill*         0x200000cd        0x1 
 .data          0x200000ce        0x2 ..\obj\udp.o
 .data          0x200000d0        0x4 ..\obj\dhcp.o
 .data          0x200000d4        0x4 ..\obj\mbfunc.o
 .data          0x200000d8        0x4 ..\obj\heap_2.o
 *fill*         0x200000dc        0x4 
 .data.impure_data
                0x200000e0      0x428 c:/program files/gnu tools arm embedded/4.9 2015q2/bin/../lib/gcc/arm-none-eabi/4.9.3/../../../../arm-none-eabi/lib/armv7e-m/softfp\libg.a(lib_a-impure.o)
 .data._impure_ptr
                0x20000508        0x4 c:/program files/gnu tools arm embedded/4.9 2015q2/bin/../lib/gcc/arm-none-eabi/4.9.3/../../../../arm-none-eabi/lib/armv7e-m/softfp\libg.a(lib_a-impure.o)
                0x20000508                _impure_ptr
 .data.lconv    0x2000050c       0x38 c:/program files/gnu tools arm embedded/4.9 2015q2/bin/../lib/gcc/arm-none-eabi/4.9.3/../../../../arm-none-eabi/lib/armv7e-m/softfp\libg.a(lib_a-locale.o)
 .data.lc_ctype_charset
                0x20000544       0x20 c:/program files/gnu tools arm embedded/4.9 2015q2/bin/../lib/gcc/arm-none-eabi/4.9.3/../../../../arm-none-eabi/lib/armv7e-m/softfp\libg.a(lib_a-locale.o)
 .data.__mb_cur_max
                0x20000564        0x4 c:/program files/gnu tools arm embedded/4.9 2015q2/bin/../lib/gcc/arm-none-eabi/4.9.3/../../../../arm-none-eabi/lib/armv7e-m/softfp\libg.a(lib_a-locale.o)
                0x20000564                __mb_cur_max
 .data.__malloc_av_
                0x20000568      0x408 c:/program files/gnu tools arm embedded/4.9 2015q2/bin/../lib/gcc/arm-none-eabi/4.9.3/../../../../arm-none-eabi/lib/armv7e-m/softfp\libg.a(lib_a-mallocr.o)
                0x20000568                __malloc_av_
 .data.__malloc_trim_threshold
                0x20000970        0x4 c:/program files/gnu tools arm embedded/4.9 2015q2/bin/../lib/gcc/arm-none-eabi/4.9.3/../../../../arm-none-eabi/lib/armv7e-m/softfp\libg.a(lib_a-mallocr.o)
                0x20000970                __malloc_trim_threshold
 .data.__malloc_sbrk_base
                0x20000974        0x4 c:/program files/gnu tools arm embedded/4.9 2015q2/bin/../lib/gcc/arm-none-eabi/4.9.3/../../../../arm-none-eabi/lib/armv7e-m/softfp\libg.a(lib_a-mallocr.o)
                0x20000974                __malloc_sbrk_base
 .data.__wctomb
                0x20000978        0x4 c:/program files/gnu tools arm embedded/4.9 2015q2/bin/../lib/gcc/arm-none-eabi/4.9.3/../../../../arm-none-eabi/lib/armv7e-m/softfp\libg.a(lib_a-wctomb_r.o)
                0x20000978                __wctomb
                0x2000097c                . = ALIGN (0x4)
                0x2000097c                PROVIDE (__preinit_array_start, .)
 *(.preinit_array)
                0x2000097c                PROVIDE (__preinit_array_end, .)
                0x2000097c                . = ALIGN (0x4)
                0x2000097c                PROVIDE (__init_array_start, .)
 *(SORT(.init_array.*))
 *(.init_array)
                0x2000097c                PROVIDE (__init_array_end, .)
                0x2000097c                . = ALIGN (0x4)
                0x2000097c                PROVIDE (__fini_array_start, .)
 *(SORT(.fini_array.*))
 *(.fini_array)
                0x2000097c                PROVIDE (__fini_array_end, .)
 *(.jcr*)
                0x2000097c                . = ALIGN (0x4)
                0x2000097c                __data_end__ = .
                0x2000097c                _edata = __data_end__

.igot.plt       0x2000097c        0x0 load address 0x080222a4
 .igot.plt      0x00000000        0x0 ..\obj\stm32f4xx_syscfg.o

.bss            0x20000980    0x1ce84 load address 0x080222a8
                0x20000980                . = ALIGN (0x4)
                0x20000980                __bss_start__ = .
                0x20000980                _sbss = __bss_start__
 *(.bss*)
 .bss           0x20000980       0x10 ..\obj\mem.o
 .bss           0x20000990       0x24 ..\obj\mb.o
 .bss           0x200009b4        0x2 ..\obj\tcp.o
 *fill*         0x200009b6        0x2 
 .bss           0x200009b8        0x4 ..\obj\portevent.o
 .bss           0x200009bc      0x112 ..\obj\porttcp.o
 *fill*         0x20000ace        0x2 
 .bss           0x20000ad0       0x22 ..\obj\mbfuncother.o
 *fill*         0x20000af2        0x2 
 .bss           0x20000af4       0x2c ..\obj\tcp_in.o
 .bss           0x20000b20     0x2a97 ..\obj\memp.o
 *fill*         0x200035b7        0x1 
 .bss           0x200035b8        0xc ..\obj\tcpip.o
 .bss           0x200035c4        0x8 ..\obj\timers.o
 .bss           0x200035cc        0x4 ..\obj\stm32f4x7_eth_bsp.o
                0x200035cc                EthInitStatus
 .bss           0x200035d0        0xc ..\obj\ethernetif.o
                0x200035d4                s_xSemaphore
 .bss           0x200035dc       0xc9 ..\obj\etharp.o
 *fill*         0x200036a5        0x3 
 .bss           0x200036a8       0xfc ..\obj\tasks.o
                0x200036a8                pxCurrentTCB
 *fill*         0x200037a4        0x4 
 .bss           0x200037a8       0x10 ..\obj\adc_dcmi.o
                0x200037a8                timestamp
                0x200037b0                xAdcBuf_Send_Semaphore
 .bss           0x200037b8        0x1 ..\obj\netif.o
 *fill*         0x200037b9        0x3 
 .bss           0x200037bc        0x4 ..\obj\sys_arch.o
                0x200037bc                xInsideISR
 .bss           0x200037c0        0x4 ..\obj\syscalls.o
 .bss           0x200037c4      0x204 ..\obj\portother.o
 .bss           0x200039c8        0x8 ..\obj\port.o
 .bss           0x200039d0        0x4 ..\obj\cfg_info.o
 .bss           0x200039d4        0x2 ..\obj\ip.o
 .bss           0x200039d6        0x2 ..\obj\udp_send.o
                0x200039d6                adc_buf_offset
 .bss           0x200039d8       0x28 ..\obj\mbfunc.o
 .bss           0x20003a00     0xc814 ..\obj\heap_2.o
 .bss           0x20010214        0x4 ..\obj\raw.o
 .bss.__malloc_max_total_mem
                0x20010218        0x4 c:/program files/gnu tools arm embedded/4.9 2015q2/bin/../lib/gcc/arm-none-eabi/4.9.3/../../../../arm-none-eabi/lib/armv7e-m/softfp\libg.a(lib_a-mallocr.o)
                0x20010218                __malloc_max_total_mem
 .bss.__malloc_max_sbrked_mem
                0x2001021c        0x4 c:/program files/gnu tools arm embedded/4.9 2015q2/bin/../lib/gcc/arm-none-eabi/4.9.3/../../../../arm-none-eabi/lib/armv7e-m/softfp\libg.a(lib_a-mallocr.o)
                0x2001021c                __malloc_max_sbrked_mem
 .bss.__malloc_top_pad
                0x20010220        0x4 c:/program files/gnu tools arm embedded/4.9 2015q2/bin/../lib/gcc/arm-none-eabi/4.9.3/../../../../arm-none-eabi/lib/armv7e-m/softfp\libg.a(lib_a-mallocr.o)
                0x20010220                __malloc_top_pad
 .bss.__malloc_current_mallinfo
                0x20010224       0x28 c:/program files/gnu tools arm embedded/4.9 2015q2/bin/../lib/gcc/arm-none-eabi/4.9.3/../../../../arm-none-eabi/lib/armv7e-m/softfp\libg.a(lib_a-mallocr.o)
                0x20010224                __malloc_current_mallinfo
 *(COMMON)
 COMMON         0x2001024c     0x1414 ..\obj\mem.o
                0x2001024c                ram_heap
 COMMON         0x20011660       0x1c ..\obj\tcp.o
                0x20011660                tcp_active_pcbs_changed
                0x20011664                tcp_active_pcbs
                0x20011668                tcp_ticks
                0x2001166c                tcp_listen_pcbs
                0x20011670                tcp_tmp_pcb
                0x20011674                tcp_bound_pcbs
                0x20011678                tcp_tw_pcbs
 COMMON         0x2001167c        0x4 ..\obj\tcp_in.o
                0x2001167c                tcp_input_pcb
 COMMON         0x20011680     0x3ce4 ..\obj\stm32f4x7_eth.o
                0x20011680                RX_Frame_Descriptor
                0x2001168c                DMARxDescToGet
                0x20011690                DMATxDescToSet
                0x20011694                DMATxDscrTab
                0x20011734                Rx_Buff
                0x200134f8                Frame_Rx_index
                0x200134fc                DMA_RX_FRAME_infos
                0x20013500                DMARxDscrTab
                0x200135a0                Tx_Buff
 COMMON         0x20015364       0x34 ..\obj\main.o
                0x20015364                xnetif
 COMMON         0x20015398     0x8018 ..\obj\adc_dcmi.o
                0x20015398                ADC_last_data
                0x200153a8                xADC_MB_Queue
                0x200153ac                ADC_buf_pnt
                0x200153b0                DCMIAdcRxBuff
 COMMON         0x2001d3b0        0x8 ..\obj\netif.o
                0x2001d3b0                netif_list
                0x2001d3b4                netif_default
 COMMON         0x2001d3b8       0x1c ..\obj\cfg_info.o
                0x2001d3b8                configInfo
 COMMON         0x2001d3d4        0x4 ..\obj\udp.o
                0x2001d3d4                udp_pcbs
 COMMON         0x2001d3d8       0x10 ..\obj\ip.o
                0x2001d3d8                current_iphdr_src
                0x2001d3dc                current_netif
                0x2001d3e0                current_iphdr_dest
                0x2001d3e4                current_header
 COMMON         0x2001d3e8      0x415 ..\obj\udp_send.o
                0x2001d3e8                client_pcb
                0x2001d3ec                DestIPaddr
                0x2001d3f0                pb
                0x2001d3f4                UDPPacket
 *fill*         0x2001d7fd        0x3 
 COMMON         0x2001d800        0x4 c:/program files/gnu tools arm embedded/4.9 2015q2/bin/../lib/gcc/arm-none-eabi/4.9.3/../../../../arm-none-eabi/lib/armv7e-m/softfp\libg.a(lib_a-reent.o)
                0x2001d800                errno
                0x2001d804                . = ALIGN (0x4)
                0x2001d804                __bss_end__ = .
                0x2001d804                _ebss = __bss_end__

.heap           0x2001d804        0x0
                0x2001d804                __end__ = .
                0x2001d804                _end = __end__
                0x2001d804                end = __end__
 *(.heap*)
                0x2001d804                __HeapLimit = .

.co_stack       0x2001d804      0x804 load address 0x0803f12c
                0x2001d808                . = ALIGN (0x8)
 *fill*         0x2001d804        0x4 
 *(.co_stack .co_stack.*)
 .co_stack      0x2001d808      0x800 ..\obj\startup_stm32f4xx.o
                0x2001d808                pulStack
                0x20020000                __StackTop = (ORIGIN (ram) + 0x20000)
                0x2001f7fc                __StackLimit = (__StackTop - SIZEOF (.co_stack))
                0x20020000                PROVIDE (__stack, __StackTop)
                0x00000001                ASSERT ((__StackLimit >= __HeapLimit), region ram  overflowed with stack)
LOAD ..\obj\stm32f4xx_syscfg.o
LOAD ..\obj\mem.o
LOAD ..\obj\stm32f4xx_sdio.o
LOAD ..\obj\mb.o
LOAD ..\obj\mbfuncdisc.o
LOAD ..\obj\tcp.o
LOAD ..\obj\err.o
LOAD ..\obj\portevent.o
LOAD ..\obj\porttcp.o
LOAD ..\obj\randm.o
LOAD ..\obj\mib_structs.o
LOAD ..\obj\mbfuncother.o
LOAD ..\obj\tcp_in.o
LOAD ..\obj\stm32f4xx_usart.o
LOAD ..\obj\stm32f4xx_pwr.o
LOAD ..\obj\slipif.o
LOAD ..\obj\memp.o
LOAD ..\obj\autoip.o
LOAD ..\obj\ip_frag.o
LOAD ..\obj\msg_out.o
LOAD ..\obj\netbuf.o
LOAD ..\obj\tcpip.o
LOAD ..\obj\mbutils.o
LOAD ..\obj\stm32f4xx_dac.o
LOAD ..\obj\asn1_dec.o
LOAD ..\obj\lcp.o
LOAD ..\obj\vj.o
LOAD ..\obj\startup_stm32f4xx.o
LOAD ..\obj\stm32f4x7_eth.o
LOAD ..\obj\sys.o
LOAD ..\obj\ip_addr.o
LOAD ..\obj\mbfuncholding.o
LOAD ..\obj\inet_chksum.o
LOAD ..\obj\main.o
LOAD ..\obj\mbcrc.o
LOAD ..\obj\stm32f4xx_rcc.o
LOAD ..\obj\mib2.o
LOAD ..\obj\stm32f4xx_it.o
LOAD ..\obj\netdb.o
LOAD ..\obj\timers.o
LOAD ..\obj\init.o
LOAD ..\obj\stm32f4xx_adc.o
LOAD ..\obj\stm32f4x7_eth_bsp.o
LOAD ..\obj\mbfuncinput.o
LOAD ..\obj\def.o
LOAD ..\obj\ethernetif.o
LOAD ..\obj\stm32f4xx_dcmi.o
LOAD ..\obj\chpms.o
LOAD ..\obj\etharp.o
LOAD ..\obj\mbfuncdiag.o
LOAD ..\obj\tasks.o
LOAD ..\obj\magic.o
LOAD ..\obj\pbuf.o
LOAD ..\obj\stats.o
LOAD ..\obj\inet.o
LOAD ..\obj\adc_dcmi.o
LOAD ..\obj\msg_in.o
LOAD ..\obj\netif.o
LOAD ..\obj\asn1_enc.o
LOAD ..\obj\fsm.o
LOAD ..\obj\api_msg.o
LOAD ..\obj\chap.o
LOAD ..\obj\stm32f4xx_gpio.o
LOAD ..\obj\stm32f4xx_flash.o
LOAD ..\obj\md5.o
LOAD ..\obj\sys_arch.o
LOAD ..\obj\list.o
LOAD ..\obj\mbrtu.o
LOAD ..\obj\system_stm32f4xx.o
LOAD ..\obj\syscalls.o
LOAD ..\obj\stm32f4xx_dma.o
LOAD ..\obj\portother.o
LOAD ..\obj\queue.o
LOAD ..\obj\port.o
LOAD ..\obj\sockets.o
LOAD ..\obj\igmp.o
LOAD ..\obj\pap.o
LOAD ..\obj\mbinit.o
LOAD ..\obj\cfg_info.o
LOAD ..\obj\croutine.o
LOAD ..\obj\udp.o
LOAD ..\obj\ip.o
LOAD ..\obj\stm32f4xx_spi.o
LOAD ..\obj\mbfunccoils.o
LOAD ..\obj\event_groups.o
LOAD ..\obj\auth.o
LOAD ..\obj\stm32f4xx_exti.o
LOAD ..\obj\icmp.o
LOAD ..\obj\ppp_oe.o
LOAD ..\obj\dns.o
LOAD ..\obj\netifapi.o
LOAD ..\obj\misc.o
LOAD ..\obj\api_lib.o
LOAD ..\obj\udp_send.o
LOAD ..\obj\mbtcp.o
LOAD ..\obj\dhcp.o
LOAD ..\obj\ppp.o
LOAD ..\obj\mbascii.o
LOAD ..\obj\mbfunc.o
LOAD ..\obj\heap_2.o
LOAD ..\obj\http_server.o
LOAD ..\obj\ipcp.o
LOAD ..\obj\stm32f4xx_tim.o
LOAD ..\obj\tcp_out.o
LOAD ..\obj\raw.o
START GROUP
LOAD c:/program files/gnu tools arm embedded/4.9 2015q2/bin/../lib/gcc/arm-none-eabi/4.9.3/armv7e-m/softfp\libgcc.a
LOAD c:/program files/gnu tools arm embedded/4.9 2015q2/bin/../lib/gcc/arm-none-eabi/4.9.3/../../../../arm-none-eabi/lib/armv7e-m/softfp\libg.a