Archive member included because of file (symbol)

c:/program files/gnu tools arm embedded/4.9 2015q2/bin/../lib/gcc/arm-none-eabi/4.9.3/../../../../arm-none-eabi/lib/armv7e-m/softfp\libg.a(lib_a-memcmp.o)
                              ..\obj\etharp.o (memcmp)
c:/program files/gnu tools arm embedded/4.9 2015q2/bin/../lib/gcc/arm-none-eabi/4.9.3/../../../../arm-none-eabi/lib/armv7e-m/softfp\libg.a(lib_a-memcpy.o)
                              ..\obj\porttcp.o (memcpy)
c:/program files/gnu tools arm embedded/4.9 2015q2/bin/../lib/gcc/arm-none-eabi/4.9.3/../../../../arm-none-eabi/lib/armv7e-m/softfp\libg.a(lib_a-memset.o)
                              ..\obj\mem.o (memset)
c:/program files/gnu tools arm embedded/4.9 2015q2/bin/../lib/gcc/arm-none-eabi/4.9.3/../../../../arm-none-eabi/lib/armv7e-m/softfp\libg.a(lib_a-printf.o)
                              ..\obj\portother.o (printf)
c:/program files/gnu tools arm embedded/4.9 2015q2/bin/../lib/gcc/arm-none-eabi/4.9.3/../../../../arm-none-eabi/lib/armv7e-m/softfp\libg.a(lib_a-snprintf.o)
                              ..\obj\portother.o (snprintf)
c:/program files/gnu tools arm embedded/4.9 2015q2/bin/../lib/gcc/arm-none-eabi/4.9.3/../../../../arm-none-eabi/lib/armv7e-m/softfp\libg.a(lib_a-sprintf.o)
                              ..\obj\http_server.o (sprintf)
c:/program files/gnu tools arm embedded/4.9 2015q2/bin/../lib/gcc/arm-none-eabi/4.9.3/../../../../arm-none-eabi/lib/armv7e-m/softfp\libg.a(lib_a-strcmp.o)
                              ..\obj\cfg_info.o (strcmp)
c:/program files/gnu tools arm embedded/4.9 2015q2/bin/../lib/gcc/arm-none-eabi/4.9.3/../../../../arm-none-eabi/lib/armv7e-m/softfp\libg.a(lib_a-strlen.o)
                              ..\obj\pbuf.o (strlen)
c:/program files/gnu tools arm embedded/4.9 2015q2/bin/../lib/gcc/arm-none-eabi/4.9.3/../../../../arm-none-eabi/lib/armv7e-m/softfp\libg.a(lib_a-strncmp.o)
                              ..\obj\http_server.o (strncmp)
c:/program files/gnu tools arm embedded/4.9 2015q2/bin/../lib/gcc/arm-none-eabi/4.9.3/../../../../arm-none-eabi/lib/armv7e-m/softfp\libg.a(lib_a-svfprintf.o)
                              c:/program files/gnu tools arm embedded/4.9 2015q2/bin/../lib/gcc/arm-none-eabi/4.9.3/../../../../arm-none-eabi/lib/armv7e-m/softfp\libg.a(lib_a-snprintf.o) (_svfprintf_r)
c:/program files/gnu tools arm embedded/4.9 2015q2/bin/../lib/gcc/arm-none-eabi/4.9.3/../../../../arm-none-eabi/lib/armv7e-m/softfp\libg.a(lib_a-vfprintf.o)
                              c:/program files/gnu tools arm embedded/4.9 2015q2/bin/../lib/gcc/arm-none-eabi/4.9.3/../../../../arm-none-eabi/lib/armv7e-m/softfp\libg.a(lib_a-printf.o) (_vfprintf_r)
c:/program files/gnu tools arm embedded/4.9 2015q2/bin/../lib/gcc/arm-none-eabi/4.9.3/../../../../arm-none-eabi/lib/armv7e-m/softfp\libg.a(lib_a-vprintf.o)
                              ..\obj\portother.o (vprintf)
c:/program files/gnu tools arm embedded/4.9 2015q2/bin/../lib/gcc/arm-none-eabi/4.9.3/../../../../arm-none-eabi/lib/armv7e-m/softfp\libg.a(lib_a-wsetup.o)
                              c:/program files/gnu tools arm embedded/4.9 2015q2/bin/../lib/gcc/arm-none-eabi/4.9.3/../../../../arm-none-eabi/lib/armv7e-m/softfp\libg.a(lib_a-vfprintf.o) (__swsetup_r)
c:/program files/gnu tools arm embedded/4.9 2015q2/bin/../lib/gcc/arm-none-eabi/4.9.3/../../../../arm-none-eabi/lib/armv7e-m/softfp\libg.a(lib_a-dtoa.o)
                              c:/program files/gnu tools arm embedded/4.9 2015q2/bin/../lib/gcc/arm-none-eabi/4.9.3/../../../../arm-none-eabi/lib/armv7e-m/softfp\libg.a(lib_a-svfprintf.o) (_dtoa_r)
c:/program files/gnu tools arm embedded/4.9 2015q2/bin/../lib/gcc/arm-none-eabi/4.9.3/../../../../arm-none-eabi/lib/armv7e-m/softfp\libg.a(lib_a-fflush.o)
                              c:/program files/gnu tools arm embedded/4.9 2015q2/bin/../lib/gcc/arm-none-eabi/4.9.3/../../../../arm-none-eabi/lib/armv7e-m/softfp\libg.a(lib_a-vfprintf.o) (_fflush_r)
c:/program files/gnu tools arm embedded/4.9 2015q2/bin/../lib/gcc/arm-none-eabi/4.9.3/../../../../arm-none-eabi/lib/armv7e-m/softfp\libg.a(lib_a-findfp.o)
                              c:/program files/gnu tools arm embedded/4.9 2015q2/bin/../lib/gcc/arm-none-eabi/4.9.3/../../../../arm-none-eabi/lib/armv7e-m/softfp\libg.a(lib_a-vfprintf.o) (__sinit)
c:/program files/gnu tools arm embedded/4.9 2015q2/bin/../lib/gcc/arm-none-eabi/4.9.3/../../../../arm-none-eabi/lib/armv7e-m/softfp\libg.a(lib_a-freer.o)
                              c:/program files/gnu tools arm embedded/4.9 2015q2/bin/../lib/gcc/arm-none-eabi/4.9.3/../../../../arm-none-eabi/lib/armv7e-m/softfp\libg.a(lib_a-wsetup.o) (_free_r)
c:/program files/gnu tools arm embedded/4.9 2015q2/bin/../lib/gcc/arm-none-eabi/4.9.3/../../../../arm-none-eabi/lib/armv7e-m/softfp\libg.a(lib_a-fwalk.o)
[...]
Memory Configuration

Name             Origin             Length             Attributes
rom              0x08000000         0x00100000         xr
ram              0x20000000         0x00020000         xrw
ram1             0x10000000         0x00010000         xrw
*default*        0x00000000         0xffffffff

Linker script and memory map

                0x20020000                _eram = 0x20020000

.text           0x08000000    0x15230
 *(.isr_vector)
 .isr_vector    0x08000000      0x188 ..\obj\startup_stm32f4xx.o
                0x08000000                g_pfnVectors
 *(.text*)
 .text.SYSCFG_ETH_MediaInterfaceConfig
                0x08000188       0x1c ..\obj\stm32f4xx_syscfg.o
                0x08000188                SYSCFG_ETH_MediaInterfaceConfig
 .text.plug_holes
                0x080001a4       0xbc ..\obj\mem.o
 .text.mem_init
                0x08000260       0x80 ..\obj\mem.o
                0x08000260                mem_init
 .text.mem_free
                0x080002e0       0x74 ..\obj\mem.o
                0x080002e0                mem_free
 .text.mem_trim
                0x08000354      0x188 ..\obj\mem.o
                0x08000354                mem_trim
 .text.mem_malloc
                0x080004dc      0x164 ..\obj\mem.o
                0x080004dc                mem_malloc
 .text.eMBTCPInit
                0x08000640       0xa4 ..\obj\mb.o
                0x08000640                eMBTCPInit
 .text.eMBEnable
                0x080006e4       0x38 ..\obj\mb.o
                0x080006e4                eMBEnable
 .text.eMBPoll  0x0800071c      0x170 ..\obj\mb.o
                0x0800071c                eMBPoll
 .text.eMBFuncReadDiscreteInputs
                0x0800088c      0x104 ..\obj\mbfuncdisc.o
                0x0800088c                eMBFuncReadDiscreteInputs
 .text.tcp_init
                0x08000990        0xc ..\obj\tcp.o
                0x08000990                tcp_init
 .text.tcp_tmr  0x0800099c       0x2c ..\obj\tcp.o
                0x0800099c                tcp_tmr
 .text.tcp_close_shutdown
                0x080009c8      0x250 ..\obj\tcp.o
 .text.tcp_close
                0x08000c18       0x30 ..\obj\tcp.o
                0x08000c18                tcp_close
 .text.tcp_abandon
                0x08000c48       0xc0 ..\obj\tcp.o
                0x08000c48                tcp_abandon
 .text.tcp_abort
                0x08000d08       0x18 ..\obj\tcp.o
                0x08000d08                tcp_abort
 .text.tcp_bind
                0x08000d20       0xdc ..\obj\tcp.o
                0x08000d20                tcp_bind
 .text.tcp_accept_null
                0x08000dfc       0x20 ..\obj\tcp.o
 .text.tcp_listen_with_backlog
                0x08000e1c      0x114 ..\obj\tcp.o
                0x08000e1c                tcp_listen_with_backlog
 .text.tcp_update_rcv_ann_wnd
                0x08000f30       0x84 ..\obj\tcp.o
                0x08000f30                tcp_update_rcv_ann_wnd
 .text.tcp_recved
                0x08000fb4       0x5c ..\obj\tcp.o
                0x08000fb4                tcp_recved
 .text.tcp_new_port
                0x08001010       0x8c ..\obj\tcp.o
 .text.tcp_slowtmr
                0x0800109c      0x42c ..\obj\tcp.o
                0x0800109c                tcp_slowtmr
 .text.tcp_fasttmr
                0x080014c8       0xa0 ..\obj\tcp.o
                0x080014c8                tcp_fasttmr
 .text.tcp_process_refused_data
                0x08001568       0xc8 ..\obj\tcp.o
                0x08001568                tcp_process_refused_data
 .text.tcp_segs_free
                0x08001630       0x28 ..\obj\tcp.o
                0x08001630                tcp_segs_free
 .text.tcp_seg_free
                0x08001658       0x30 ..\obj\tcp.o
                0x08001658                tcp_seg_free
 .text.tcp_recv_null
                0x08001688       0x48 ..\obj\tcp.o
                0x08001688                tcp_recv_null
 .text.tcp_kill_prio
                0x080016d0       0x80 ..\obj\tcp.o
 .text.tcp_kill_timewait
                0x08001750       0x5c ..\obj\tcp.o
 .text.tcp_alloc
                0x080017ac      0x114 ..\obj\tcp.o
                0x080017ac                tcp_alloc
 .text.tcp_new  0x080018c0       0x10 ..\obj\tcp.o
                0x080018c0                tcp_new
 .text.tcp_arg  0x080018d0       0x1c ..\obj\tcp.o
                0x080018d0                tcp_arg
 .text.tcp_recv
                0x080018ec       0x1c ..\obj\tcp.o
                0x080018ec                tcp_recv
 .text.tcp_err  0x08001908       0x1c ..\obj\tcp.o
                0x08001908                tcp_err
 .text.tcp_accept
                0x08001924       0x1c ..\obj\tcp.o
                0x08001924                tcp_accept
 .text.tcp_pcb_purge
                0x08001940       0x70 ..\obj\tcp.o
                0x08001940                tcp_pcb_purge
 .text.tcp_pcb_remove
                0x080019b0       0xa8 ..\obj\tcp.o
                0x080019b0                tcp_pcb_remove
 .text.tcp_next_iss
                0x08001a58       0x28 ..\obj\tcp.o
                0x08001a58                tcp_next_iss
 .text.tcp_eff_send_mss
                0x08001a80       0x40 ..\obj\tcp.o
                0x08001a80                tcp_eff_send_mss
 .text.xMBPortEventInit
                0x08001ac0       0x34 ..\obj\portevent.o
                0x08001ac0                xMBPortEventInit
 .text.xMBPortEventPost
                0x08001af4       0x4c ..\obj\portevent.o
                0x08001af4                xMBPortEventPost
 .text.xMBPortEventGet
                0x08001b40       0x34 ..\obj\portevent.o
                0x08001b40                xMBPortEventGet
 .text.xMBTCPPortInit
                0x08001b74       0xac ..\obj\porttcp.o
                0x08001b74                xMBTCPPortInit
 .text.prvvMBPortReleaseClient
                0x08001c20       0x8c ..\obj\porttcp.o
                0x08001c20                prvvMBPortReleaseClient
 .text.vMBTCPPortDisable
                0x08001cac       0x14 ..\obj\porttcp.o
                0x08001cac                vMBTCPPortDisable
 .text.prvxMBTCPPortAccept
                0x08001cc0       0xb0 ..\obj\porttcp.o
 .text.prvvMBTCPPortError
                0x08001d70       0x34 ..\obj\porttcp.o
 .text.prvxMBTCPPortReceive
                0x08001da4      0x10c ..\obj\porttcp.o
 .text.xMBTCPPortGetRequest
                0x08001eb0       0x34 ..\obj\porttcp.o
                0x08001eb0                xMBTCPPortGetRequest
 .text.xMBTCPPortSendResponse
                0x08001ee4       0x6c ..\obj\porttcp.o
                0x08001ee4                xMBTCPPortSendResponse
 .text.eMBSetSlaveID
                0x08001f50       0x9c ..\obj\mbfuncother.o
                0x08001f50                eMBSetSlaveID
 .text.eMBFuncReportSlaveID
                0x08001fec       0x3c ..\obj\mbfuncother.o
                0x08001fec                eMBFuncReportSlaveID
 .text.tcp_input
                0x08002028      0x5f0 ..\obj\tcp_in.o
                0x08002028                tcp_input
 .text.tcp_listen_input
                0x08002618      0x194 ..\obj\tcp_in.o
 .text.tcp_timewait_input
                0x080027ac       0xd8 ..\obj\tcp_in.o
 .text.tcp_process
                0x08002884      0x6b8 ..\obj\tcp_in.o
 .text.tcp_receive
                0x08002f3c      0x8e0 ..\obj\tcp_in.o
 .text.tcp_parseopt
                0x0800381c      0x104 ..\obj\tcp_in.o
 .text.memp_init
                0x08003920       0x98 ..\obj\memp.o
                0x08003920                memp_init
 .text.memp_malloc
                0x080039b8       0x44 ..\obj\memp.o
                0x080039b8                memp_malloc
 .text.memp_free
                0x080039fc       0x3c ..\obj\memp.o
                0x080039fc                memp_free
 .text.tcpip_thread
                0x08003a38      0x114 ..\obj\tcpip.o
 .text.tcpip_input
                0x08003b4c       0x64 ..\obj\tcpip.o
                0x08003b4c                tcpip_input
 .text.tcpip_init
                0x08003bb0       0x50 ..\obj\tcpip.o
                0x08003bb0                tcpip_init
 .text.prveMBError2Exception
                0x08003c00       0x40 ..\obj\mbutils.o
                0x08003c00                prveMBError2Exception
 .text.Default_Reset_Handler
                0x08003c40       0x6c ..\obj\startup_stm32f4xx.o
                0x08003c40                Default_Reset_Handler
                0x08003c40                Reset_Handler
 .text.Default_Handler
                0x08003cac        0x8 ..\obj\startup_stm32f4xx.o
                0x08003cac                RTC_Alarm_IRQHandler
                0x08003cac                HASH_RNG_IRQHandler
                0x08003cac                EXTI2_IRQHandler
                0x08003cac                TIM8_CC_IRQHandler
                0x08003cac                TIM1_CC_IRQHandler
                0x08003cac                DMA2_Stream5_IRQHandler
                0x08003cac                DMA1_Stream5_IRQHandler
                0x08003cac                PVD_IRQHandler
                0x08003cac                SDIO_IRQHandler
                0x08003cac                TAMP_STAMP_IRQHandler
                0x08003cac                CAN2_RX1_IRQHandler
                0x08003cac                EXTI3_IRQHandler
                0x08003cac                TIM8_TRG_COM_TIM14_IRQHandler
                0x08003cac                TIM1_UP_TIM10_IRQHandler
                0x08003cac                TIM8_UP_TIM13_IRQHandler
                0x08003cac                I2C3_ER_IRQHandler
                0x08003cac                EXTI0_IRQHandler
                0x08003cac                I2C2_EV_IRQHandler
                0x08003cac                DMA1_Stream2_IRQHandler
                0x08003cac                CAN1_RX0_IRQHandler
                0x08003cac                FPU_IRQHandler
                0x08003cac                OTG_HS_WKUP_IRQHandler
                0x08003cac                CAN2_SCE_IRQHandler
                0x08003cac                DMA2_Stream2_IRQHandler
                0x08003cac                SPI1_IRQHandler
                0x08003cac                TIM6_DAC_IRQHandler
                0x08003cac                TIM1_BRK_TIM9_IRQHandler
                0x08003cac                DCMI_IRQHandler
                0x08003cac                CAN2_RX0_IRQHandler
                0x08003cac                DMA2_Stream3_IRQHandler
                0x08003cac                USART6_IRQHandler
                0x08003cac                USART3_IRQHandler
                0x08003cac                CRYP_IRQHandler
                0x08003cac                CAN1_RX1_IRQHandler
                0x08003cac                UART5_IRQHandler
                0x08003cac                DMA2_Stream0_IRQHandler
                0x08003cac                TIM4_IRQHandler
                0x08003cac                I2C1_EV_IRQHandler
                0x08003cac                DMA1_Stream6_IRQHandler
                0x08003cac                DMA1_Stream1_IRQHandler
                0x08003cac                UART4_IRQHandler
                0x08003cac                TIM3_IRQHandler
                0x08003cac                RCC_IRQHandler
                0x08003cac                TIM8_BRK_TIM12_IRQHandler
                0x08003cac                EXTI15_10_IRQHandler
                0x08003cac                ADC_IRQHandler
                0x08003cac                DMA1_Stream7_IRQHandler
                0x08003cac                TIM7_IRQHandler
                0x08003cac                CAN2_TX_IRQHandler
                0x08003cac                TIM5_IRQHandler
                0x08003cac                DMA2_Stream7_IRQHandler
                0x08003cac                I2C3_EV_IRQHandler
                0x08003cac                EXTI9_5_IRQHandler
                0x08003cac                RTC_WKUP_IRQHandler
                0x08003cac                ETH_WKUP_IRQHandler
                0x08003cac                SPI2_IRQHandler
                0x08003cac                OTG_HS_EP1_IN_IRQHandler
                0x08003cac                DMA1_Stream0_IRQHandler
                0x08003cac                CAN1_TX_IRQHandler
                0x08003cac                EXTI4_IRQHandler
                0x08003cac                FSMC_IRQHandler
                0x08003cac                OTG_HS_EP1_OUT_IRQHandler
                0x08003cac                WWDG_IRQHandler
                0x08003cac                TIM2_IRQHandler
                0x08003cac                OTG_FS_WKUP_IRQHandler
                0x08003cac                TIM1_TRG_COM_TIM11_IRQHandler
                0x08003cac                OTG_HS_IRQHandler
                0x08003cac                EXTI1_IRQHandler
                0x08003cac                USART2_IRQHandler
                0x08003cac                I2C2_ER_IRQHandler
                0x08003cac                CAN1_SCE_IRQHandler
                0x08003cac                FLASH_IRQHandler
                0x08003cac                DMA2_Stream4_IRQHandler
                0x08003cac                USART1_IRQHandler
                0x08003cac                OTG_FS_IRQHandler
                0x08003cac                SPI3_IRQHandler
                0x08003cac                DMA1_Stream4_IRQHandler
                0x08003cac                I2C1_ER_IRQHandler
                0x08003cac                DMA2_Stream6_IRQHandler
                0x08003cac                DMA1_Stream3_IRQHandler
 .text.ETH_Delay
                0x08003cb4       0x28 ..\obj\stm32f4x7_eth.o
 .text.ETH_DeInit
                0x08003cdc       0x1c ..\obj\stm32f4x7_eth.o
                0x08003cdc                ETH_DeInit
 .text.ETH_StructInit
                0x08003cf8      0x15c ..\obj\stm32f4x7_eth.o
                0x08003cf8                ETH_StructInit
 .text.ETH_Init
                0x08003e54      0x42c ..\obj\stm32f4x7_eth.o
                0x08003e54                ETH_Init
 .text.ETH_Start
                0x08004280       0x24 ..\obj\stm32f4x7_eth.o
                0x08004280                ETH_Start
 .text.ETH_MACTransmissionCmd
                0x080042a4       0x38 ..\obj\stm32f4x7_eth.o
                0x080042a4                ETH_MACTransmissionCmd
 .text.ETH_MACReceptionCmd
                0x080042dc       0x38 ..\obj\stm32f4x7_eth.o
                0x080042dc                ETH_MACReceptionCmd
 .text.ETH_MACAddressConfig
                0x08004314       0x6c ..\obj\stm32f4x7_eth.o
                0x08004314                ETH_MACAddressConfig
 .text.ETH_Get_Received_Frame_interrupt
                0x08004380      0x144 ..\obj\stm32f4x7_eth.o
                0x08004380                ETH_Get_Received_Frame_interrupt
 .text.ETH_Prepare_Transmit_Descriptors
                0x080044c4      0x16c ..\obj\stm32f4x7_eth.o
                0x080044c4                ETH_Prepare_Transmit_Descriptors
 .text.ETH_DMARxDescChainInit
                0x08004630       0xa8 ..\obj\stm32f4x7_eth.o
                0x08004630                ETH_DMARxDescChainInit
 .text.ETH_DMATxDescChainInit
                0x080046d8       0x90 ..\obj\stm32f4x7_eth.o
                0x080046d8                ETH_DMATxDescChainInit
 .text.ETH_DMATxDescChecksumInsertionConfig
                0x08004768       0x20 ..\obj\stm32f4x7_eth.o
                0x08004768                ETH_DMATxDescChecksumInsertionConfig
 .text.ETH_DMARxDescReceiveITConfig
                0x08004788       0x38 ..\obj\stm32f4x7_eth.o
                0x08004788                ETH_DMARxDescReceiveITConfig
 .text.ETH_SoftwareReset
                0x080047c0       0x24 ..\obj\stm32f4x7_eth.o
                0x080047c0                ETH_SoftwareReset
 .text.ETH_GetSoftwareResetStatus
                0x080047e4       0x38 ..\obj\stm32f4x7_eth.o
                0x080047e4                ETH_GetSoftwareResetStatus
 .text.ETH_GetDMAFlagStatus
                0x0800481c       0x3c ..\obj\stm32f4x7_eth.o
                0x0800481c                ETH_GetDMAFlagStatus
 .text.ETH_DMAITConfig
                0x08004858       0x54 ..\obj\stm32f4x7_eth.o
                0x08004858                ETH_DMAITConfig
 .text.ETH_DMAClearITPendingBit
                0x080048ac       0x24 ..\obj\stm32f4x7_eth.o
                0x080048ac                ETH_DMAClearITPendingBit
 .text.ETH_FlushTransmitFIFO
                0x080048d0       0x28 ..\obj\stm32f4x7_eth.o
                0x080048d0                ETH_FlushTransmitFIFO
 .text.ETH_DMATransmissionCmd
                0x080048f8       0x50 ..\obj\stm32f4x7_eth.o
                0x080048f8                ETH_DMATransmissionCmd
 .text.ETH_DMAReceptionCmd
                0x08004948       0x50 ..\obj\stm32f4x7_eth.o
                0x08004948                ETH_DMAReceptionCmd
 .text.ETH_ReadPHYRegister
                0x08004998       0xa0 ..\obj\stm32f4x7_eth.o
                0x08004998                ETH_ReadPHYRegister
 .text.ETH_WritePHYRegister
                0x08004a38       0xa4 ..\obj\stm32f4x7_eth.o
                0x08004a38                ETH_WritePHYRegister
 .text.ip4_addr_isbroadcast
                0x08004adc       0x78 ..\obj\ip_addr.o
                0x08004adc                ip4_addr_isbroadcast
 .text.eMBFuncWriteHoldingRegister
                0x08004b54       0x70 ..\obj\mbfuncholding.o
                0x08004b54                eMBFuncWriteHoldingRegister
 .text.eMBFuncWriteMultipleHoldingRegister
                0x08004bc4       0xbc ..\obj\mbfuncholding.o
                0x08004bc4                eMBFuncWriteMultipleHoldingRegister
 .text.eMBFuncReadHoldingRegister
                0x08004c80       0xe4 ..\obj\mbfuncholding.o
                0x08004c80                eMBFuncReadHoldingRegister
 .text.eMBFuncReadWriteMultipleHoldingRegister
                0x08004d64      0x160 ..\obj\mbfuncholding.o
                0x08004d64                eMBFuncReadWriteMultipleHoldingRegister
 .text.lwip_standard_chksum
                0x08004ec4       0xbc ..\obj\inet_chksum.o
 .text.inet_chksum
                0x08004f80       0x24 ..\obj\inet_chksum.o
                0x08004f80                inet_chksum
 .text.inet_chksum_pbuf
                0x08004fa4       0x98 ..\obj\inet_chksum.o
                0x08004fa4                inet_chksum_pbuf
 .text.LwIP_Init
                0x0800503c       0x78 ..\obj\main.o
                0x0800503c                LwIP_Init
 .text.main     0x080050b4       0x40 ..\obj\main.o
                0x080050b4                main
 .text.RCC_MCO1Config
                0x080050f4       0x3c ..\obj\stm32f4xx_rcc.o
                0x080050f4                RCC_MCO1Config
 .text.RCC_GetClocksFreq
                0x08005130      0x154 ..\obj\stm32f4xx_rcc.o
                0x08005130                RCC_GetClocksFreq
 .text.RCC_AHB1PeriphClockCmd
                0x08005284       0x3c ..\obj\stm32f4xx_rcc.o
                0x08005284                RCC_AHB1PeriphClockCmd
 .text.RCC_AHB2PeriphClockCmd
                0x080052c0       0x3c ..\obj\stm32f4xx_rcc.o
                0x080052c0                RCC_AHB2PeriphClockCmd
 .text.RCC_APB1PeriphClockCmd
                0x080052fc       0x3c ..\obj\stm32f4xx_rcc.o
                0x080052fc                RCC_APB1PeriphClockCmd
 .text.RCC_APB2PeriphClockCmd
                0x08005338       0x3c ..\obj\stm32f4xx_rcc.o
                0x08005338                RCC_APB2PeriphClockCmd
 .text.RCC_AHB1PeriphResetCmd
                0x08005374       0x3c ..\obj\stm32f4xx_rcc.o
                0x08005374                RCC_AHB1PeriphResetCmd
 .text.NMI_Handler
                0x080053b0        0xc ..\obj\stm32f4xx_it.o
                0x080053b0                NMI_Handler
 .text.HardFault_Handler
                0x080053bc        0x8 ..\obj\stm32f4xx_it.o
                0x080053bc                HardFault_Handler
 .text.MemManage_Handler
                0x080053c4        0x8 ..\obj\stm32f4xx_it.o
                0x080053c4                MemManage_Handler
 .text.BusFault_Handler
                0x080053cc        0x8 ..\obj\stm32f4xx_it.o
                0x080053cc                BusFault_Handler
 .text.UsageFault_Handler
                0x080053d4        0x8 ..\obj\stm32f4xx_it.o
                0x080053d4                UsageFault_Handler
 .text.DebugMon_Handler
                0x080053dc        0xc ..\obj\stm32f4xx_it.o
                0x080053dc                DebugMon_Handler
 .text.ETH_IRQHandler
                0x080053e8       0x5c ..\obj\stm32f4xx_it.o
                0x080053e8                ETH_IRQHandler
 .text.tcpip_tcp_timer
                0x08005444       0x44 ..\obj\timers.o
 .text.tcp_timer_needed
                0x08005488       0x40 ..\obj\timers.o
                0x08005488                tcp_timer_needed
 .text.arp_timer
                0x080054c8       0x24 ..\obj\timers.o
 .text.dhcp_timer_coarse
                0x080054ec       0x24 ..\obj\timers.o
 .text.dhcp_timer_fine
                0x08005510       0x24 ..\obj\timers.o
 .text.sys_timeouts_init
                0x08005534       0x38 ..\obj\timers.o
                0x08005534                sys_timeouts_init
 .text.sys_timeout
                0x0800556c       0xdc ..\obj\timers.o
                0x0800556c                sys_timeout
 .text.sys_untimeout
                0x08005648       0x8c ..\obj\timers.o
                0x08005648                sys_untimeout
 .text.sys_timeouts_mbox_fetch
                0x080056d4       0xac ..\obj\timers.o
                0x080056d4                sys_timeouts_mbox_fetch
 .text.lwip_init
                0x08005780       0x24 ..\obj\init.o
                0x08005780                lwip_init
 .text.ETH_BSP_Config
                0x080057a4       0x20 ..\obj\stm32f4x7_eth_bsp.o
                0x080057a4                ETH_BSP_Config
 .text.ETH_MACDMA_Config
                0x080057c4       0xc8 ..\obj\stm32f4x7_eth_bsp.o
 .text.ETH_GPIO_Config
                0x0800588c      0x130 ..\obj\stm32f4x7_eth_bsp.o
 .text.ETH_NVIC_Config
                0x080059bc       0x2c ..\obj\stm32f4x7_eth_bsp.o
 .text.eMBFuncReadInputRegister
                0x080059e8       0xe8 ..\obj\mbfuncinput.o
                0x080059e8                eMBFuncReadInputRegister
 .text.lwip_htons
                0x08005ad0       0x2c ..\obj\def.o
                0x08005ad0                lwip_htons
 .text.lwip_ntohs
                0x08005afc       0x1c ..\obj\def.o
                0x08005afc                lwip_ntohs
 .text.lwip_htonl
                0x08005b18       0x34 ..\obj\def.o
                0x08005b18                lwip_htonl
 .text.lwip_ntohl
                0x08005b4c       0x18 ..\obj\def.o
                0x08005b4c                lwip_ntohl
 .text.low_level_init
                0x08005b64      0x11c ..\obj\ethernetif.o
 .text.low_level_output
                0x08005c80       0xc0 ..\obj\ethernetif.o
 .text.low_level_input
                0x08005d40      0x100 ..\obj\ethernetif.o
 .text.ethernetif_input
                0x08005e40       0x54 ..\obj\ethernetif.o
 .text.ethernetif_init
                0x08005e94       0x50 ..\obj\ethernetif.o
                0x08005e94                ethernetif_init
 .text.arp_timer
                0x08005ee4       0x24 ..\obj\ethernetif.o
 .text.DCMI_DeInit
                0x08005f08       0x3c ..\obj\stm32f4xx_dcmi.o
                0x08005f08                DCMI_DeInit
 .text.DCMI_Init
                0x08005f44       0x80 ..\obj\stm32f4xx_dcmi.o
                0x08005f44                DCMI_Init
 .text.DCMI_JPEGCmd
                0x08005fc4       0x38 ..\obj\stm32f4xx_dcmi.o
                0x08005fc4                DCMI_JPEGCmd
 .text.DCMI_Cmd
                0x08005ffc       0x38 ..\obj\stm32f4xx_dcmi.o
                0x08005ffc                DCMI_Cmd
 .text.DCMI_CaptureCmd
                0x08006034       0x38 ..\obj\stm32f4xx_dcmi.o
                0x08006034                DCMI_CaptureCmd
 .text.etharp_free_entry
                0x0800606c       0x64 ..\obj\etharp.o
 .text.etharp_tmr
                0x080060d0       0xdc ..\obj\etharp.o
                0x080060d0                etharp_tmr
 .text.etharp_find_entry
                0x080061ac      0x1fc ..\obj\etharp.o
 .text.etharp_send_ip
                0x080063a8       0x50 ..\obj\etharp.o
 .text.etharp_update_arp_entry
                0x080063f8      0x11c ..\obj\etharp.o
 .text.etharp_cleanup_netif
                0x08006514       0x60 ..\obj\etharp.o
                0x08006514                etharp_cleanup_netif
 .text.etharp_arp_input
                0x08006574      0x18c ..\obj\etharp.o
 .text.etharp_output_to_arp_index
                0x08006700       0xa8 ..\obj\etharp.o
 .text.etharp_output
                0x080067a8      0x190 ..\obj\etharp.o
                0x080067a8                etharp_output
 .text.etharp_query
                0x08006938      0x220 ..\obj\etharp.o
                0x08006938                etharp_query
 .text.etharp_raw
                0x08006b58       0xf4 ..\obj\etharp.o
 .text.etharp_request
                0x08006c4c       0x48 ..\obj\etharp.o
                0x08006c4c                etharp_request
 .text.ethernet_input
                0x08006c94       0xfc ..\obj\etharp.o
                0x08006c94                ethernet_input
 .text.xTaskGenericCreate
                0x08006d90      0x1a4 ..\obj\tasks.o
                0x08006d90                xTaskGenericCreate
 .text.vTaskStartScheduler
                0x08006f34       0x80 ..\obj\tasks.o
                0x08006f34                vTaskStartScheduler
 .text.vTaskSuspendAll
                0x08006fb4       0x1c ..\obj\tasks.o
                0x08006fb4                vTaskSuspendAll
 .text.xTaskResumeAll
                0x08006fd0      0x12c ..\obj\tasks.o
                0x08006fd0                xTaskResumeAll
 .text.xTaskGetTickCount
                0x080070fc       0x20 ..\obj\tasks.o
                0x080070fc                xTaskGetTickCount
 .text.xTaskIncrementTick
                0x0800711c      0x180 ..\obj\tasks.o
                0x0800711c                xTaskIncrementTick
 .text.vTaskSwitchContext
                0x0800729c       0xb4 ..\obj\tasks.o
                0x0800729c                vTaskSwitchContext
 .text.vTaskPlaceOnEventList
                0x08007350       0x9c ..\obj\tasks.o
                0x08007350                vTaskPlaceOnEventList
 .text.xTaskRemoveFromEventList
                0x080073ec       0xc8 ..\obj\tasks.o
                0x080073ec                xTaskRemoveFromEventList
 .text.vTaskSetTimeOutState
                0x080074b4       0x44 ..\obj\tasks.o
                0x080074b4                vTaskSetTimeOutState
 .text.xTaskCheckForTimeOut
                0x080074f8       0xbc ..\obj\tasks.o
                0x080074f8                xTaskCheckForTimeOut
 .text.vTaskMissedYield
                0x080075b4       0x18 ..\obj\tasks.o
                0x080075b4                vTaskMissedYield
 .text.prvIdleTask
                0x080075cc       0x30 ..\obj\tasks.o
 .text.prvInitialiseTCBVariables
                0x080075fc       0xa4 ..\obj\tasks.o
 .text.prvInitialiseTaskLists
                0x080076a0       0x7c ..\obj\tasks.o
 .text.prvCheckTasksWaitingTermination
                0x0800771c       0x74 ..\obj\tasks.o
 .text.prvAddCurrentTaskToDelayedList
                0x08007790       0x6c ..\obj\tasks.o
 .text.prvAllocateTCBAndStack
                0x080077fc       0x70 ..\obj\tasks.o
 .text.prvDeleteTCB
                0x0800786c       0x20 ..\obj\tasks.o
 .text.prvResetNextTaskUnblockTime
                0x0800788c       0x48 ..\obj\tasks.o
 .text.vTaskPriorityInherit
                0x080078d4       0xf0 ..\obj\tasks.o
                0x080078d4                vTaskPriorityInherit
 .text.xTaskPriorityDisinherit
                0x080079c4       0xe8 ..\obj\tasks.o
                0x080079c4                xTaskPriorityDisinherit
 .text.pvTaskIncrementMutexHeldCount
                0x08007aac       0x28 ..\obj\tasks.o
                0x08007aac                pvTaskIncrementMutexHeldCount
 .text.pbuf_alloc
                0x08007ad4      0x1f4 ..\obj\pbuf.o
                0x08007ad4                pbuf_alloc
 .text.pbuf_realloc
                0x08007cc8       0xc8 ..\obj\pbuf.o
                0x08007cc8                pbuf_realloc
 .text.pbuf_header
                0x08007d90       0xe0 ..\obj\pbuf.o
                0x08007d90                pbuf_header
 .text.pbuf_free
                0x08007e70       0xa0 ..\obj\pbuf.o
                0x08007e70                pbuf_free
 .text.pbuf_clen
                0x08007f10       0x30 ..\obj\pbuf.o
                0x08007f10                pbuf_clen
 .text.pbuf_ref
                0x08007f40       0x24 ..\obj\pbuf.o
                0x08007f40                pbuf_ref
 .text.pbuf_cat
                0x08007f64       0x5c ..\obj\pbuf.o
                0x08007f64                pbuf_cat
 .text.pbuf_chain
                0x08007fc0       0x20 ..\obj\pbuf.o
                0x08007fc0                pbuf_chain
 .text.pbuf_copy
                0x08007fe0      0x110 ..\obj\pbuf.o
                0x08007fe0                pbuf_copy
 .text.pbuf_copy_partial
                0x080080f0       0xcc ..\obj\pbuf.o
                0x080080f0                pbuf_copy_partial
 .text.ADC_Ext_Init
                0x080081bc       0x54 ..\obj\adc_dcmi.o
                0x080081bc                ADC_Ext_Init
 .text.Timestamp_Init
                0x08008210       0xb8 ..\obj\adc_dcmi.o
                0x08008210                Timestamp_Init
 .text.ADC_GetLastTimestamp
                0x080082c8       0x1c ..\obj\adc_dcmi.o
                0x080082c8                ADC_GetLastTimestamp
 .text.ADC_GetLastVal
                0x080082e4      0x124 ..\obj\adc_dcmi.o
                0x080082e4                ADC_GetLastVal
 .text.ADC_DCMI_Tim_Init
                0x08008408      0x160 ..\obj\adc_dcmi.o
                0x08008408                ADC_DCMI_Tim_Init
 .text.ADC_DCMI_Core_Init
                0x08008568      0x1cc ..\obj\adc_dcmi.o
                0x08008568                ADC_DCMI_Core_Init
 .text.DMA2_Stream1_IRQHandler
                0x08008734       0xe0 ..\obj\adc_dcmi.o
                0x08008734                DMA2_Stream1_IRQHandler
 .text.netif_init
                0x08008814        0xc ..\obj\netif.o
                0x08008814                netif_init
 .text.netif_add
                0x08008820       0x88 ..\obj\netif.o
                0x08008820                netif_add
 .text.netif_set_addr
                0x080088a8       0x2c ..\obj\netif.o
                0x080088a8                netif_set_addr
 .text.netif_set_ipaddr
                0x080088d4       0xb0 ..\obj\netif.o
                0x080088d4                netif_set_ipaddr
 .text.netif_set_gw
                0x08008984       0x28 ..\obj\netif.o
                0x08008984                netif_set_gw
 .text.netif_set_netmask
                0x080089ac       0x28 ..\obj\netif.o
                0x080089ac                netif_set_netmask
 .text.netif_set_default
                0x080089d4       0x1c ..\obj\netif.o
                0x080089d4                netif_set_default
 .text.netif_set_up
                0x080089f0       0x58 ..\obj\netif.o
                0x080089f0                netif_set_up
 .text.netif_set_down
                0x08008a48       0x44 ..\obj\netif.o
                0x08008a48                netif_set_down
 .text.GPIO_Init
                0x08008a8c      0x11c ..\obj\stm32f4xx_gpio.o
                0x08008a8c                GPIO_Init
 .text.GPIO_SetBits
                0x08008ba8       0x1c ..\obj\stm32f4xx_gpio.o
                0x08008ba8                GPIO_SetBits
 .text.GPIO_ResetBits
                0x08008bc4       0x1c ..\obj\stm32f4xx_gpio.o
                0x08008bc4                GPIO_ResetBits
 .text.GPIO_ToggleBits
                0x08008be0       0x24 ..\obj\stm32f4xx_gpio.o
                0x08008be0                GPIO_ToggleBits
 .text.GPIO_PinAFConfig
                0x08008c04       0x90 ..\obj\stm32f4xx_gpio.o
                0x08008c04                GPIO_PinAFConfig
 .text.sys_mbox_new
                0x08008c94       0x38 ..\obj\sys_arch.o
                0x08008c94                sys_mbox_new
 .text.sys_mbox_trypost
                0x08008ccc       0x6c ..\obj\sys_arch.o
                0x08008ccc                sys_mbox_trypost
 .text.sys_arch_mbox_fetch
                0x08008d38       0xbc ..\obj\sys_arch.o
                0x08008d38                sys_arch_mbox_fetch
 .text.sys_mutex_new
                0x08008df4       0x30 ..\obj\sys_arch.o
                0x08008df4                sys_mutex_new
 .text.sys_mutex_lock
                0x08008e24       0x28 ..\obj\sys_arch.o
                0x08008e24                sys_mutex_lock
 .text.sys_mutex_unlock
                0x08008e4c       0x20 ..\obj\sys_arch.o
                0x08008e4c                sys_mutex_unlock
 .text.sys_init
                0x08008e6c        0xc ..\obj\sys_arch.o
                0x08008e6c                sys_init
 .text.sys_thread_new
                0x08008e78       0x4c ..\obj\sys_arch.o
                0x08008e78                sys_thread_new
 .text.vListInitialise
                0x08008ec4       0x40 ..\obj\list.o
                0x08008ec4                vListInitialise
 .text.vListInitialiseItem
                0x08008f04       0x18 ..\obj\list.o
                0x08008f04                vListInitialiseItem
 .text.vListInsertEnd
                0x08008f1c       0x48 ..\obj\list.o
                0x08008f1c                vListInsertEnd
 .text.vListInsert
                0x08008f64       0x70 ..\obj\list.o
                0x08008f64                vListInsert
 .text.uxListRemove
                0x08008fd4       0x54 ..\obj\list.o
                0x08008fd4                uxListRemove
 .text.SystemInit
                0x08009028       0x68 ..\obj\system_stm32f4xx.o
                0x08009028                SystemInit
 .text.SetSysClock
                0x08009090       0xf4 ..\obj\system_stm32f4xx.o
 .text._sbrk    0x08009184       0x40 ..\obj\syscalls.o
                0x08009184                _sbrk
 .text._close   0x080091c4       0x18 ..\obj\syscalls.o
                0x080091c4                _close
 .text._fstat   0x080091dc       0x20 ..\obj\syscalls.o
                0x080091dc                _fstat
 .text._isatty  0x080091fc       0x18 ..\obj\syscalls.o
                0x080091fc                _isatty
 .text._lseek   0x08009214       0x1c ..\obj\syscalls.o
                0x08009214                _lseek
 .text._read    0x08009230       0x1c ..\obj\syscalls.o
                0x08009230                _read
 .text._write   0x0800924c       0x1c ..\obj\syscalls.o
                0x0800924c                _write
 .text.DMA_Init
                0x08009268       0xac ..\obj\stm32f4xx_dma.o
                0x08009268                DMA_Init
 .text.DMA_Cmd  0x08009314       0x38 ..\obj\stm32f4xx_dma.o
                0x08009314                DMA_Cmd
 .text.DMA_ITConfig
                0x0800934c       0x74 ..\obj\stm32f4xx_dma.o
                0x0800934c                DMA_ITConfig
 .text.DMA_GetITStatus
                0x080093c0       0xb0 ..\obj\stm32f4xx_dma.o
                0x080093c0                DMA_GetITStatus
 .text.DMA_ClearITPendingBit
                0x08009470       0x5c ..\obj\stm32f4xx_dma.o
                0x08009470                DMA_ClearITPendingBit
 .text.prvvMBTCPLogFrame
                0x080094cc      0x18c ..\obj\portother.o
                0x080094cc                prvvMBTCPLogFrame
 .text.vMBPortLog
                0x08009658       0x44 ..\obj\portother.o
                0x08009658                vMBPortLog
 .text.bMBPortIsWithinException
                0x0800969c       0x18 ..\obj\portother.o
                0x0800969c                bMBPortIsWithinException
 .text.xQueueGenericReset
                0x080096b4       0xd0 ..\obj\queue.o
                0x080096b4                xQueueGenericReset
 .text.xQueueGenericCreate
                0x08009784       0xb8 ..\obj\queue.o
                0x08009784                xQueueGenericCreate
 .text.xQueueCreateMutex
                0x0800983c       0xa0 ..\obj\queue.o
                0x0800983c                xQueueCreateMutex
 .text.xQueueCreateCountingSemaphore
                0x080098dc       0x7c ..\obj\queue.o
                0x080098dc                xQueueCreateCountingSemaphore
 .text.xQueueGenericSend
                0x08009958      0x1c0 ..\obj\queue.o
                0x08009958                xQueueGenericSend
 .text.xQueueGenericSendFromISR
                0x08009b18      0x118 ..\obj\queue.o
                0x08009b18                xQueueGenericSendFromISR
 .text.xQueueGiveFromISR
                0x08009c30       0xd4 ..\obj\queue.o
                0x08009c30                xQueueGiveFromISR
 .text.xQueueGenericReceive
                0x08009d04      0x1e0 ..\obj\queue.o
                0x08009d04                xQueueGenericReceive
 .text.prvCopyDataToQueue
                0x08009ee4       0xdc ..\obj\queue.o
 .text.prvCopyDataFromQueue
                0x08009fc0       0x4c ..\obj\queue.o
 .text.prvUnlockQueue
                0x0800a00c       0x98 ..\obj\queue.o
 .text.prvIsQueueEmpty
                0x0800a0a4       0x2c ..\obj\queue.o
 .text.prvIsQueueFull
                0x0800a0d0       0x30 ..\obj\queue.o
 .text.pxPortInitialiseStack
                0x0800a100       0x64 ..\obj\port.o
                0x0800a100                pxPortInitialiseStack
 .text.prvTaskExitError
                0x0800a164       0x3c ..\obj\port.o
 .text.SVC_Handler
                0x0800a1a0       0x20 ..\obj\port.o
                0x0800a1a0                SVC_Handler
 .text.prvPortStartFirstTask
                0x0800a1c0       0x20 ..\obj\port.o
 .text.xPortStartScheduler
                0x0800a1e0      0x118 ..\obj\port.o
                0x0800a1e0                xPortStartScheduler
 .text.vPortEnterCritical
                0x0800a2f8       0x5c ..\obj\port.o
                0x0800a2f8                vPortEnterCritical
 .text.vPortExitCritical
                0x0800a354       0x4c ..\obj\port.o
                0x0800a354                vPortExitCritical
 .text.PendSV_Handler
                0x0800a3a0       0x60 ..\obj\port.o
                0x0800a3a0                PendSV_Handler
 .text.SysTick_Handler
                0x0800a400       0x44 ..\obj\port.o
                0x0800a400                SysTick_Handler
 .text.vPortSetupTimerInterrupt
                0x0800a444       0x34 ..\obj\port.o
                0x0800a444                vPortSetupTimerInterrupt
 .text.vPortEnableVFP
                0x0800a478       0x14 ..\obj\port.o
 .text.vPortValidateInterruptPriority
                0x0800a48c       0x78 ..\obj\port.o
                0x0800a48c                vPortValidateInterruptPriority
 .text.Settings_Save
                0x0800a504       0x18 ..\obj\settings.o
                0x0800a504                Settings_Save
 .text.MB_TCP_Init
                0x0800a51c       0x4c ..\obj\mbinit.o
                0x0800a51c                MB_TCP_Init
 .text.MB_TCP_Task
                0x0800a568       0x10 ..\obj\mbinit.o
                0x0800a568                MB_TCP_Task
 .text.udp_init
                0x0800a578        0xc ..\obj\udp.o
                0x0800a578                udp_init
 .text.udp_new_port
                0x0800a584       0x74 ..\obj\udp.o
 .text.udp_input
                0x0800a5f8      0x27c ..\obj\udp.o
                0x0800a5f8                udp_input
 .text.udp_sendto
                0x0800a874       0x40 ..\obj\udp.o
                0x0800a874                udp_sendto
 .text.udp_sendto_if
                0x0800a8b4      0x130 ..\obj\udp.o
                0x0800a8b4                udp_sendto_if
 .text.udp_bind
                0x0800a9e4       0xc0 ..\obj\udp.o
                0x0800a9e4                udp_bind
 .text.udp_new  0x0800aaa4       0x30 ..\obj\udp.o
                0x0800aaa4                udp_new
 .text.ip_route
                0x0800aad4       0x78 ..\obj\ip.o
                0x0800aad4                ip_route
 .text.ip_input
                0x0800ab4c      0x234 ..\obj\ip.o
                0x0800ab4c                ip_input
 .text.ip_output_if
                0x0800ad80       0xf4 ..\obj\ip.o
                0x0800ad80                ip_output_if
 .text.ip_output
                0x0800ae74       0x4c ..\obj\ip.o
                0x0800ae74                ip_output
 .text.eMBFuncReadCoils
                0x0800aec0      0x104 ..\obj\mbfunccoils.o
                0x0800aec0                eMBFuncReadCoils
 .text.eMBFuncWriteCoil
                0x0800afc4       0xb0 ..\obj\mbfunccoils.o
                0x0800afc4                eMBFuncWriteCoil
 .text.eMBFuncWriteMultipleCoils
                0x0800b074       0xd8 ..\obj\mbfunccoils.o
                0x0800b074                eMBFuncWriteMultipleCoils
 .text.icmp_input
                0x0800b14c      0x1ec ..\obj\icmp.o
                0x0800b14c                icmp_input
 .text.icmp_dest_unreach
                0x0800b338       0x20 ..\obj\icmp.o
                0x0800b338                icmp_dest_unreach
 .text.icmp_send_response
                0x0800b358       0xac ..\obj\icmp.o
 .text.NVIC_PriorityGroupConfig
                0x0800b404       0x24 ..\obj\misc.o
                0x0800b404                NVIC_PriorityGroupConfig
 .text.NVIC_Init
                0x0800b428       0xc0 ..\obj\misc.o
                0x0800b428                NVIC_Init
 .text.udp_client_init
                0x0800b4e8       0x80 ..\obj\udp_send.o
                0x0800b4e8                udp_client_init
 .text.delay    0x0800b568       0x20 ..\obj\udp_send.o
                0x0800b568                delay
 .text.udp_client_send_buf
                0x0800b588       0xac ..\obj\udp_send.o
                0x0800b588                udp_client_send_buf
 .text.UDP_Send_Task
                0x0800b634       0x28 ..\obj\udp_send.o
                0x0800b634                UDP_Send_Task
 .text.eMBTCPDoInit
                0x0800b65c       0x2c ..\obj\mbtcp.o
                0x0800b65c                eMBTCPDoInit
 .text.eMBTCPStart
                0x0800b688        0xc ..\obj\mbtcp.o
                0x0800b688                eMBTCPStart
 .text.eMBTCPStop
                0x0800b694        0xc ..\obj\mbtcp.o
                0x0800b694                eMBTCPStop
 .text.eMBTCPReceive
                0x0800b6a0       0x74 ..\obj\mbtcp.o
                0x0800b6a0                eMBTCPReceive
 .text.eMBTCPSend
                0x0800b714       0x5c ..\obj\mbtcp.o
                0x0800b714                eMBTCPSend
 .text.dhcp_check
                0x0800b770       0x5c ..\obj\dhcp.o
 .text.dhcp_select
                0x0800b7cc      0x138 ..\obj\dhcp.o
 .text.dhcp_coarse_tmr
                0x0800b904       0x5c ..\obj\dhcp.o
                0x0800b904                dhcp_coarse_tmr
 .text.dhcp_fine_tmr
                0x0800b960       0x60 ..\obj\dhcp.o
                0x0800b960                dhcp_fine_tmr
 .text.dhcp_timeout
                0x0800b9c0       0xc8 ..\obj\dhcp.o
 .text.dhcp_t1_timeout
                0x0800ba88       0x34 ..\obj\dhcp.o
 .text.dhcp_t2_timeout
                0x0800babc       0x34 ..\obj\dhcp.o
 .text.dhcp_arp_reply
                0x0800baf0       0x40 ..\obj\dhcp.o
                0x0800baf0                dhcp_arp_reply
 .text.dhcp_decline
                0x0800bb30       0xc4 ..\obj\dhcp.o
 .text.dhcp_discover
                0x0800bbf4      0x104 ..\obj\dhcp.o
 .text.dhcp_bind
                0x0800bcf8      0x148 ..\obj\dhcp.o
 .text.dhcp_renew
                0x0800be40       0xd4 ..\obj\dhcp.o
                0x0800be40                dhcp_renew
 .text.dhcp_rebind
                0x0800bf14       0xd8 ..\obj\dhcp.o
 .text.dhcp_reboot
                0x0800bfec       0xf4 ..\obj\dhcp.o
 .text.dhcp_release
                0x0800c0e0      0x10c ..\obj\dhcp.o
                0x0800c0e0                dhcp_release
 .text.dhcp_set_state
                0x0800c1ec       0x34 ..\obj\dhcp.o
 .text.dhcp_option
                0x0800c220       0x4c ..\obj\dhcp.o
 .text.dhcp_option_byte
                0x0800c26c       0x30 ..\obj\dhcp.o
 .text.dhcp_option_short
                0x0800c29c       0x54 ..\obj\dhcp.o
 .text.dhcp_option_long
                0x0800c2f0       0x98 ..\obj\dhcp.o
 .text.dhcp_create_msg
                0x0800c388      0x224 ..\obj\dhcp.o
 .text.dhcp_delete_msg
                0x0800c5ac       0x34 ..\obj\dhcp.o
 .text.dhcp_option_trailer
                0x0800c5e0       0x68 ..\obj\dhcp.o
 .text.eMBRegInputCB
                0x0800c648       0xa0 ..\obj\mbfunc.o
                0x0800c648                eMBRegInputCB
 .text.eMBRegHoldingCB
                0x0800c6e8      0x1b8 ..\obj\mbfunc.o
                0x0800c6e8                eMBRegHoldingCB
 .text.eMBRegCoilsCB
                0x0800c8a0       0x28 ..\obj\mbfunc.o
                0x0800c8a0                eMBRegCoilsCB
 .text.eMBRegDiscreteCB
                0x0800c8c8       0x20 ..\obj\mbfunc.o
                0x0800c8c8                eMBRegDiscreteCB
 .text.pvPortMalloc
                0x0800c8e8      0x11c ..\obj\heap_2.o
                0x0800c8e8                pvPortMalloc
 .text.vPortFree
                0x0800ca04       0x70 ..\obj\heap_2.o
                0x0800ca04                vPortFree
 .text.prvHeapInit
                0x0800ca74       0x50 ..\obj\heap_2.o
 .text.TIM_TimeBaseInit
                0x0800cac4       0xd4 ..\obj\stm32f4xx_tim.o
                0x0800cac4                TIM_TimeBaseInit
 .text.TIM_TimeBaseStructInit
                0x0800cb98       0x34 ..\obj\stm32f4xx_tim.o
                0x0800cb98                TIM_TimeBaseStructInit
 .text.TIM_SetCounter
                0x0800cbcc       0x1c ..\obj\stm32f4xx_tim.o
                0x0800cbcc                TIM_SetCounter
 .text.TIM_ARRPreloadConfig
                0x0800cbe8       0x40 ..\obj\stm32f4xx_tim.o
                0x0800cbe8                TIM_ARRPreloadConfig
 .text.TIM_Cmd  0x0800cc28       0x40 ..\obj\stm32f4xx_tim.o
                0x0800cc28                TIM_Cmd
 .text.TIM_OC1Init
                0x0800cc68       0xf4 ..\obj\stm32f4xx_tim.o
                0x0800cc68                TIM_OC1Init
 .text.TIM_OCStructInit
                0x0800cd5c       0x44 ..\obj\stm32f4xx_tim.o
                0x0800cd5c                TIM_OCStructInit
 .text.TIM_OC1PreloadConfig
                0x0800cda0       0x38 ..\obj\stm32f4xx_tim.o
                0x0800cda0                TIM_OC1PreloadConfig
 .text.TIM_CtrlPWMOutputs
                0x0800cdd8       0x4c ..\obj\stm32f4xx_tim.o
                0x0800cdd8                TIM_CtrlPWMOutputs
 .text.TIM_ETRClockMode2Config
                0x0800ce24       0x3c ..\obj\stm32f4xx_tim.o
                0x0800ce24                TIM_ETRClockMode2Config
 .text.TIM_SelectInputTrigger
                0x0800ce60       0x38 ..\obj\stm32f4xx_tim.o
                0x0800ce60                TIM_SelectInputTrigger
 .text.TIM_SelectOutputTrigger
                0x0800ce98       0x38 ..\obj\stm32f4xx_tim.o
                0x0800ce98                TIM_SelectOutputTrigger
 .text.TIM_SelectSlaveMode
                0x0800ced0       0x38 ..\obj\stm32f4xx_tim.o
                0x0800ced0                TIM_SelectSlaveMode
 .text.TIM_SelectMasterSlaveMode
                0x0800cf08       0x38 ..\obj\stm32f4xx_tim.o
                0x0800cf08                TIM_SelectMasterSlaveMode
 .text.TIM_ETRConfig
                0x0800cf40       0x54 ..\obj\stm32f4xx_tim.o
                0x0800cf40                TIM_ETRConfig
 .text.tcp_output_alloc_header
                0x0800cf94       0xd0 ..\obj\tcp_out.o
 .text.tcp_send_fin
                0x0800d064       0x80 ..\obj\tcp_out.o
                0x0800d064                tcp_send_fin
 .text.tcp_create_segment
                0x0800d0e4      0x104 ..\obj\tcp_out.o
 .text.tcp_pbuf_prealloc
                0x0800d1e8       0xa4 ..\obj\tcp_out.o
 .text.tcp_write_checks
                0x0800d28c       0xac ..\obj\tcp_out.o
 .text.tcp_write
                0x0800d338      0x454 ..\obj\tcp_out.o
                0x0800d338                tcp_write
 .text.tcp_enqueue_flags
                0x0800d78c      0x18c ..\obj\tcp_out.o
                0x0800d78c                tcp_enqueue_flags
 .text.tcp_send_empty_ack
                0x0800d918       0x74 ..\obj\tcp_out.o
                0x0800d918                tcp_send_empty_ack
 .text.tcp_output
                0x0800d98c      0x2a8 ..\obj\tcp_out.o
                0x0800d98c                tcp_output
 .text.tcp_output_segment
                0x0800dc34      0x14c ..\obj\tcp_out.o
 .text.tcp_rst  0x0800dd80       0xb8 ..\obj\tcp_out.o
                0x0800dd80                tcp_rst
 .text.tcp_rexmit_rto
                0x0800de38       0x60 ..\obj\tcp_out.o
                0x0800de38                tcp_rexmit_rto
 .text.tcp_rexmit
                0x0800de98       0x94 ..\obj\tcp_out.o
                0x0800de98                tcp_rexmit
 .text.tcp_rexmit_fast
                0x0800df2c       0xa4 ..\obj\tcp_out.o
                0x0800df2c                tcp_rexmit_fast
 .text.tcp_keepalive
                0x0800dfd0       0x58 ..\obj\tcp_out.o
                0x0800dfd0                tcp_keepalive
 .text.tcp_zero_window_probe
                0x0800e028       0xf0 ..\obj\tcp_out.o
                0x0800e028                tcp_zero_window_probe
 .text.raw_input
                0x0800e118       0xc0 ..\obj\raw.o
                0x0800e118                raw_input
 .text.memcmp   0x0800e1d8       0x64 c:/program files/gnu tools arm embedded/4.9 2015q2/bin/../lib/gcc/arm-none-eabi/4.9.3/../../../../arm-none-eabi/lib/armv7e-m/softfp\libg.a(lib_a-memcmp.o)
                0x0800e1d8                memcmp
 .text          0x0800e23c      0x134 c:/program files/gnu tools arm embedded/4.9 2015q2/bin/../lib/gcc/arm-none-eabi/4.9.3/../../../../arm-none-eabi/lib/armv7e-m/softfp\libg.a(lib_a-memcpy.o)
                0x0800e23c                memcpy
 .text.memset   0x0800e370       0x9c c:/program files/gnu tools arm embedded/4.9 2015q2/bin/../lib/gcc/arm-none-eabi/4.9.3/../../../../arm-none-eabi/lib/armv7e-m/softfp\libg.a(lib_a-memset.o)
                0x0800e370                memset
 .text.printf   0x0800e40c       0x28 c:/program files/gnu tools arm embedded/4.9 2015q2/bin/../lib/gcc/arm-none-eabi/4.9.3/../../../../arm-none-eabi/lib/armv7e-m/softfp\libg.a(lib_a-printf.o)
                0x0800e40c                printf
 .text.snprintf
                0x0800e434       0x9c c:/program files/gnu tools arm embedded/4.9 2015q2/bin/../lib/gcc/arm-none-eabi/4.9.3/../../../../arm-none-eabi/lib/armv7e-m/softfp\libg.a(lib_a-snprintf.o)
                0x0800e434                snprintf
 .text.strlen   0x0800e4d0       0x5c c:/program files/gnu tools arm embedded/4.9 2015q2/bin/../lib/gcc/arm-none-eabi/4.9.3/../../../../arm-none-eabi/lib/armv7e-m/softfp\libg.a(lib_a-strlen.o)
                0x0800e4d0                strlen
 *fill*         0x0800e52c        0x4 
 .text._svfprintf_r
                0x0800e530     0x14d0 c:/program files/gnu tools arm embedded/4.9 2015q2/bin/../lib/gcc/arm-none-eabi/4.9.3/../../../../arm-none-eabi/lib/armv7e-m/softfp\libg.a(lib_a-svfprintf.o)
                0x0800e530                _svfprintf_r
 .text._vfprintf_r
                0x0800fa00     0x1428 c:/program files/gnu tools arm embedded/4.9 2015q2/bin/../lib/gcc/arm-none-eabi/4.9.3/../../../../arm-none-eabi/lib/armv7e-m/softfp\libg.a(lib_a-vfprintf.o)
                0x0800fa00                _vfprintf_r
 .text.__sbprintf
                0x08010e28       0x78 c:/program files/gnu tools arm embedded/4.9 2015q2/bin/../lib/gcc/arm-none-eabi/4.9.3/../../../../arm-none-eabi/lib/armv7e-m/softfp\libg.a(lib_a-vfprintf.o)
 .text.vprintf  0x08010ea0       0x1c c:/program files/gnu tools arm embedded/4.9 2015q2/bin/../lib/gcc/arm-none-eabi/4.9.3/../../../../arm-none-eabi/lib/armv7e-m/softfp\libg.a(lib_a-vprintf.o)
                0x08010ea0                vprintf
 .text.__swsetup_r
                0x08010ebc       0xc4 c:/program files/gnu tools arm embedded/4.9 2015q2/bin/../lib/gcc/arm-none-eabi/4.9.3/../../../../arm-none-eabi/lib/armv7e-m/softfp\libg.a(lib_a-wsetup.o)
                0x08010ebc                __swsetup_r
 .text.quorem   0x08010f80      0x12c c:/program files/gnu tools arm embedded/4.9 2015q2/bin/../lib/gcc/arm-none-eabi/4.9.3/../../../../arm-none-eabi/lib/armv7e-m/softfp\libg.a(lib_a-dtoa.o)
 *fill*         0x080110ac        0x4 
 .text._dtoa_r  0x080110b0      0xe90 c:/program files/gnu tools arm embedded/4.9 2015q2/bin/../lib/gcc/arm-none-eabi/4.9.3/../../../../arm-none-eabi/lib/armv7e-m/softfp\libg.a(lib_a-dtoa.o)
                0x080110b0                _dtoa_r
 .text.__sflush_r
                0x08011f40      0x154 c:/program files/gnu tools arm embedded/4.9 2015q2/bin/../lib/gcc/arm-none-eabi/4.9.3/../../../../arm-none-eabi/lib/armv7e-m/softfp\libg.a(lib_a-fflush.o)
                0x08011f40                __sflush_r
 .text._fflush_r
                0x08012094       0x2c c:/program files/gnu tools arm embedded/4.9 2015q2/bin/../lib/gcc/arm-none-eabi/4.9.3/../../../../arm-none-eabi/lib/armv7e-m/softfp\libg.a(lib_a-fflush.o)
                0x08012094                _fflush_r
 .text._cleanup_r
                0x080120c0        0xc c:/program files/gnu tools arm embedded/4.9 2015q2/bin/../lib/gcc/arm-none-eabi/4.9.3/../../../../arm-none-eabi/lib/armv7e-m/softfp\libg.a(lib_a-findfp.o)
                0x080120c0                _cleanup_r
 .text.__sinit.part.1
                0x080120cc       0xf0 c:/program files/gnu tools arm embedded/4.9 2015q2/bin/../lib/gcc/arm-none-eabi/4.9.3/../../../../arm-none-eabi/lib/armv7e-m/softfp\libg.a(lib_a-findfp.o)
 .text.__sinit  0x080121bc        0xc c:/program files/gnu tools arm embedded/4.9 2015q2/bin/../lib/gcc/arm-none-eabi/4.9.3/../../../../arm-none-eabi/lib/armv7e-m/softfp\libg.a(lib_a-findfp.o)
                0x080121bc                __sinit
 .text.__sfp_lock_acquire
                0x080121c8        0x4 c:/program files/gnu tools arm embedded/4.9 2015q2/bin/../lib/gcc/arm-none-eabi/4.9.3/../../../../arm-none-eabi/lib/armv7e-m/softfp\libg.a(lib_a-findfp.o)
                0x080121c8                __sfp_lock_acquire
 .text.__sfp_lock_release
                0x080121cc        0x4 c:/program files/gnu tools arm embedded/4.9 2015q2/bin/../lib/gcc/arm-none-eabi/4.9.3/../../../../arm-none-eabi/lib/armv7e-m/softfp\libg.a(lib_a-findfp.o)
                0x080121cc                __sfp_lock_release
 .text._malloc_trim_r
                0x080121d0       0x9c c:/program files/gnu tools arm embedded/4.9 2015q2/bin/../lib/gcc/arm-none-eabi/4.9.3/../../../../arm-none-eabi/lib/armv7e-m/softfp\libg.a(lib_a-freer.o)
                0x080121d0                _malloc_trim_r
 .text._free_r  0x0801226c      0x1b0 c:/program files/gnu tools arm embedded/4.9 2015q2/bin/../lib/gcc/arm-none-eabi/4.9.3/../../../../arm-none-eabi/lib/armv7e-m/softfp\libg.a(lib_a-freer.o)
                0x0801226c                _free_r
 .text._fwalk_reent
                0x0801241c       0x54 c:/program files/gnu tools arm embedded/4.9 2015q2/bin/../lib/gcc/arm-none-eabi/4.9.3/../../../../arm-none-eabi/lib/armv7e-m/softfp\libg.a(lib_a-fwalk.o)
                0x0801241c                _fwalk_reent
 .text.__locale_charset
                0x08012470        0x8 c:/program files/gnu tools arm embedded/4.9 2015q2/bin/../lib/gcc/arm-none-eabi/4.9.3/../../../../arm-none-eabi/lib/armv7e-m/softfp\libg.a(lib_a-locale.o)
                0x08012470                __locale_charset
 .text.__locale_mb_cur_max
                0x08012478        0xc c:/program files/gnu tools arm embedded/4.9 2015q2/bin/../lib/gcc/arm-none-eabi/4.9.3/../../../../arm-none-eabi/lib/armv7e-m/softfp\libg.a(lib_a-locale.o)
                0x08012478                __locale_mb_cur_max
 .text._localeconv_r
                0x08012484        0x8 c:/program files/gnu tools arm embedded/4.9 2015q2/bin/../lib/gcc/arm-none-eabi/4.9.3/../../../../arm-none-eabi/lib/armv7e-m/softfp\libg.a(lib_a-locale.o)
                0x08012484                _localeconv_r
 .text.__smakebuf_r
                0x0801248c       0xe0 c:/program files/gnu tools arm embedded/4.9 2015q2/bin/../lib/gcc/arm-none-eabi/4.9.3/../../../../arm-none-eabi/lib/armv7e-m/softfp\libg.a(lib_a-makebuf.o)
                0x0801248c                __smakebuf_r
 .text._malloc_r
                0x0801256c      0x524 c:/program files/gnu tools arm embedded/4.9 2015q2/bin/../lib/gcc/arm-none-eabi/4.9.3/../../../../arm-none-eabi/lib/armv7e-m/softfp\libg.a(lib_a-mallocr.o)
                0x0801256c                _malloc_r
 .text.memchr   0x08012a90       0x94 c:/program files/gnu tools arm embedded/4.9 2015q2/bin/../lib/gcc/arm-none-eabi/4.9.3/../../../../arm-none-eabi/lib/armv7e-m/softfp\libg.a(lib_a-memchr.o)
                0x08012a90                memchr
 .text.__malloc_lock
                0x08012b24        0x4 c:/program files/gnu tools arm embedded/4.9 2015q2/bin/../lib/gcc/arm-none-eabi/4.9.3/../../../../arm-none-eabi/lib/armv7e-m/softfp\libg.a(lib_a-mlock.o)
                0x08012b24                __malloc_lock
 .text.__malloc_unlock
                0x08012b28        0x4 c:/program files/gnu tools arm embedded/4.9 2015q2/bin/../lib/gcc/arm-none-eabi/4.9.3/../../../../arm-none-eabi/lib/armv7e-m/softfp\libg.a(lib_a-mlock.o)
                0x08012b28                __malloc_unlock
 .text._Balloc  0x08012b2c       0x4c c:/program files/gnu tools arm embedded/4.9 2015q2/bin/../lib/gcc/arm-none-eabi/4.9.3/../../../../arm-none-eabi/lib/armv7e-m/softfp\libg.a(lib_a-mprec.o)
                0x08012b2c                _Balloc
 .text._Bfree   0x08012b78       0x14 c:/program files/gnu tools arm embedded/4.9 2015q2/bin/../lib/gcc/arm-none-eabi/4.9.3/../../../../arm-none-eabi/lib/armv7e-m/softfp\libg.a(lib_a-mprec.o)
                0x08012b78                _Bfree
 .text.__multadd
                0x08012b8c       0x84 c:/program files/gnu tools arm embedded/4.9 2015q2/bin/../lib/gcc/arm-none-eabi/4.9.3/../../../../arm-none-eabi/lib/armv7e-m/softfp\libg.a(lib_a-mprec.o)
                0x08012b8c                __multadd
 .text.__hi0bits
                0x08012c10       0x40 c:/program files/gnu tools arm embedded/4.9 2015q2/bin/../lib/gcc/arm-none-eabi/4.9.3/../../../../arm-none-eabi/lib/armv7e-m/softfp\libg.a(lib_a-mprec.o)
                0x08012c10                __hi0bits
 .text.__lo0bits
                0x08012c50       0x5c c:/program files/gnu tools arm embedded/4.9 2015q2/bin/../lib/gcc/arm-none-eabi/4.9.3/../../../../arm-none-eabi/lib/armv7e-m/softfp\libg.a(lib_a-mprec.o)
                0x08012c50                __lo0bits
 .text.__i2b    0x08012cac       0x14 c:/program files/gnu tools arm embedded/4.9 2015q2/bin/../lib/gcc/arm-none-eabi/4.9.3/../../../../arm-none-eabi/lib/armv7e-m/softfp\libg.a(lib_a-mprec.o)
                0x08012cac                __i2b
 .text.__multiply
                0x08012cc0      0x134 c:/program files/gnu tools arm embedded/4.9 2015q2/bin/../lib/gcc/arm-none-eabi/4.9.3/../../../../arm-none-eabi/lib/armv7e-m/softfp\libg.a(lib_a-mprec.o)
                0x08012cc0                __multiply
 .text.__pow5mult
                0x08012df4       0xa0 c:/program files/gnu tools arm embedded/4.9 2015q2/bin/../lib/gcc/arm-none-eabi/4.9.3/../../../../arm-none-eabi/lib/armv7e-m/softfp\libg.a(lib_a-mprec.o)
                0x08012df4                __pow5mult
 .text.__lshift
                0x08012e94       0xac c:/program files/gnu tools arm embedded/4.9 2015q2/bin/../lib/gcc/arm-none-eabi/4.9.3/../../../../arm-none-eabi/lib/armv7e-m/softfp\libg.a(lib_a-mprec.o)
                0x08012e94                __lshift
 .text.__mcmp   0x08012f40       0x48 c:/program files/gnu tools arm embedded/4.9 2015q2/bin/../lib/gcc/arm-none-eabi/4.9.3/../../../../arm-none-eabi/lib/armv7e-m/softfp\libg.a(lib_a-mprec.o)
                0x08012f40                __mcmp
 .text.__mdiff  0x08012f88       0xd4 c:/program files/gnu tools arm embedded/4.9 2015q2/bin/../lib/gcc/arm-none-eabi/4.9.3/../../../../arm-none-eabi/lib/armv7e-m/softfp\libg.a(lib_a-mprec.o)
                0x08012f88                __mdiff
 .text.__d2b    0x0801305c       0xb8 c:/program files/gnu tools arm embedded/4.9 2015q2/bin/../lib/gcc/arm-none-eabi/4.9.3/../../../../arm-none-eabi/lib/armv7e-m/softfp\libg.a(lib_a-mprec.o)
                0x0801305c                __d2b
 .text.__fpclassifyd
                0x08013114       0x58 c:/program files/gnu tools arm embedded/4.9 2015q2/bin/../lib/gcc/arm-none-eabi/4.9.3/../../../../arm-none-eabi/lib/armv7e-m/softfp\libg.a(lib_a-s_fpclassify.o)
                0x08013114                __fpclassifyd
 .text._sbrk_r  0x0801316c       0x24 c:/program files/gnu tools arm embedded/4.9 2015q2/bin/../lib/gcc/arm-none-eabi/4.9.3/../../../../arm-none-eabi/lib/armv7e-m/softfp\libg.a(lib_a-sbrkr.o)
                0x0801316c                _sbrk_r
 .text.__sread  0x08013190       0x24 c:/program files/gnu tools arm embedded/4.9 2015q2/bin/../lib/gcc/arm-none-eabi/4.9.3/../../../../arm-none-eabi/lib/armv7e-m/softfp\libg.a(lib_a-stdio.o)
                0x08013190                __sread
 .text.__swrite
                0x080131b4       0x38 c:/program files/gnu tools arm embedded/4.9 2015q2/bin/../lib/gcc/arm-none-eabi/4.9.3/../../../../arm-none-eabi/lib/armv7e-m/softfp\libg.a(lib_a-stdio.o)
                0x080131b4                __swrite
 .text.__sseek  0x080131ec       0x20 c:/program files/gnu tools arm embedded/4.9 2015q2/bin/../lib/gcc/arm-none-eabi/4.9.3/../../../../arm-none-eabi/lib/armv7e-m/softfp\libg.a(lib_a-stdio.o)
                0x080131ec                __sseek
 .text.__sclose
                0x0801320c        0x8 c:/program files/gnu tools arm embedded/4.9 2015q2/bin/../lib/gcc/arm-none-eabi/4.9.3/../../../../arm-none-eabi/lib/armv7e-m/softfp\libg.a(lib_a-stdio.o)
                0x0801320c                __sclose
 .text.__ssprint_r
                0x08013214      0x104 c:/program files/gnu tools arm embedded/4.9 2015q2/bin/../lib/gcc/arm-none-eabi/4.9.3/../../../../arm-none-eabi/lib/armv7e-m/softfp\libg.a(lib_a-svfiprintf.o)
                0x08013214                __ssprint_r
 .text.__sprint_r.part.0
                0x08013318       0x78 c:/program files/gnu tools arm embedded/4.9 2015q2/bin/../lib/gcc/arm-none-eabi/4.9.3/../../../../arm-none-eabi/lib/armv7e-m/softfp\libg.a(lib_a-vfiprintf.o)
 .text.__sprint_r
                0x08013390       0x18 c:/program files/gnu tools arm embedded/4.9 2015q2/bin/../lib/gcc/arm-none-eabi/4.9.3/../../../../arm-none-eabi/lib/armv7e-m/softfp\libg.a(lib_a-vfiprintf.o)
                0x08013390                __sprint_r
 .text._write_r
                0x080133a8       0x28 c:/program files/gnu tools arm embedded/4.9 2015q2/bin/../lib/gcc/arm-none-eabi/4.9.3/../../../../arm-none-eabi/lib/armv7e-m/softfp\libg.a(lib_a-writer.o)
                0x080133a8                _write_r
 .text._calloc_r
                0x080133d0       0x60 c:/program files/gnu tools arm embedded/4.9 2015q2/bin/../lib/gcc/arm-none-eabi/4.9.3/../../../../arm-none-eabi/lib/armv7e-m/softfp\libg.a(lib_a-callocr.o)
                0x080133d0                _calloc_r
 .text._close_r
                0x08013430       0x24 c:/program files/gnu tools arm embedded/4.9 2015q2/bin/../lib/gcc/arm-none-eabi/4.9.3/../../../../arm-none-eabi/lib/armv7e-m/softfp\libg.a(lib_a-closer.o)
                0x08013430                _close_r
 .text._fclose_r
                0x08013454       0x84 c:/program files/gnu tools arm embedded/4.9 2015q2/bin/../lib/gcc/arm-none-eabi/4.9.3/../../../../arm-none-eabi/lib/armv7e-m/softfp\libg.a(lib_a-fclose.o)
                0x08013454                _fclose_r
 .text.__fputwc
                0x080134d8       0xb0 c:/program files/gnu tools arm embedded/4.9 2015q2/bin/../lib/gcc/arm-none-eabi/4.9.3/../../../../arm-none-eabi/lib/armv7e-m/softfp\libg.a(lib_a-fputwc.o)
                0x080134d8                __fputwc
 .text._fputwc_r
                0x08013588       0x24 c:/program files/gnu tools arm embedded/4.9 2015q2/bin/../lib/gcc/arm-none-eabi/4.9.3/../../../../arm-none-eabi/lib/armv7e-m/softfp\libg.a(lib_a-fputwc.o)
                0x08013588                _fputwc_r
 .text._fstat_r
                0x080135ac       0x28 c:/program files/gnu tools arm embedded/4.9 2015q2/bin/../lib/gcc/arm-none-eabi/4.9.3/../../../../arm-none-eabi/lib/armv7e-m/softfp\libg.a(lib_a-fstatr.o)
                0x080135ac                _fstat_r
 .text.__sfvwrite_r
                0x080135d4      0x318 c:/program files/gnu tools arm embedded/4.9 2015q2/bin/../lib/gcc/arm-none-eabi/4.9.3/../../../../arm-none-eabi/lib/armv7e-m/softfp\libg.a(lib_a-fvwrite.o)
                0x080135d4                __sfvwrite_r
 .text._isatty_r
                0x080138ec       0x24 c:/program files/gnu tools arm embedded/4.9 2015q2/bin/../lib/gcc/arm-none-eabi/4.9.3/../../../../arm-none-eabi/lib/armv7e-m/softfp\libg.a(lib_a-isattyr.o)
                0x080138ec                _isatty_r
 .text._lseek_r
                0x08013910       0x28 c:/program files/gnu tools arm embedded/4.9 2015q2/bin/../lib/gcc/arm-none-eabi/4.9.3/../../../../arm-none-eabi/lib/armv7e-m/softfp\libg.a(lib_a-lseekr.o)
                0x08013910                _lseek_r
 .text.memmove  0x08013938       0xc8 c:/program files/gnu tools arm embedded/4.9 2015q2/bin/../lib/gcc/arm-none-eabi/4.9.3/../../../../arm-none-eabi/lib/armv7e-m/softfp\libg.a(lib_a-memmove.o)
                0x08013938                memmove
 .text._read_r  0x08013a00       0x28 c:/program files/gnu tools arm embedded/4.9 2015q2/bin/../lib/gcc/arm-none-eabi/4.9.3/../../../../arm-none-eabi/lib/armv7e-m/softfp\libg.a(lib_a-readr.o)
                0x08013a00                _read_r
 .text._realloc_r
                0x08013a28      0x3ec c:/program files/gnu tools arm embedded/4.9 2015q2/bin/../lib/gcc/arm-none-eabi/4.9.3/../../../../arm-none-eabi/lib/armv7e-m/softfp\libg.a(lib_a-reallocr.o)
                0x08013a28                _realloc_r
 .text.__swbuf_r
                0x08013e14       0xa8 c:/program files/gnu tools arm embedded/4.9 2015q2/bin/../lib/gcc/arm-none-eabi/4.9.3/../../../../arm-none-eabi/lib/armv7e-m/softfp\libg.a(lib_a-wbuf.o)
                0x08013e14                __swbuf_r
 .text._wcrtomb_r
                0x08013ebc       0x54 c:/program files/gnu tools arm embedded/4.9 2015q2/bin/../lib/gcc/arm-none-eabi/4.9.3/../../../../arm-none-eabi/lib/armv7e-m/softfp\libg.a(lib_a-wcrtomb.o)
                0x08013ebc                _wcrtomb_r
 .text.__ascii_wctomb
                0x08013f10       0x1c c:/program files/gnu tools arm embedded/4.9 2015q2/bin/../lib/gcc/arm-none-eabi/4.9.3/../../../../arm-none-eabi/lib/armv7e-m/softfp\libg.a(lib_a-wctomb_r.o)
                0x08013f10                __ascii_wctomb
 .text          0x08013f2c      0x370 c:/program files/gnu tools arm embedded/4.9 2015q2/bin/../lib/gcc/arm-none-eabi/4.9.3/armv7e-m/softfp\libgcc.a(_arm_addsubdf3.o)
                0x08013f2c                __aeabi_drsub
                0x08013f34                __aeabi_dsub
                0x08013f34                __subdf3
                0x08013f38                __aeabi_dadd
                0x08013f38                __adddf3
                0x080141b0                __floatunsidf
                0x080141b0                __aeabi_ui2d
                0x080141d0                __floatsidf
                0x080141d0                __aeabi_i2d
                0x080141f4                __aeabi_f2d
                0x080141f4                __extendsfdf2
                0x08014230                __floatundidf
                0x08014230                __aeabi_ul2d
                0x08014240                __floatdidf
                0x08014240                __aeabi_l2d
 .text          0x0801429c      0x424 c:/program files/gnu tools arm embedded/4.9 2015q2/bin/../lib/gcc/arm-none-eabi/4.9.3/armv7e-m/softfp\libgcc.a(_arm_muldivdf3.o)
                0x0801429c                __aeabi_dmul
                0x0801429c                __muldf3
                0x080144f0                __divdf3
                0x080144f0                __aeabi_ddiv
 .text          0x080146c0      0x110 c:/program files/gnu tools arm embedded/4.9 2015q2/bin/../lib/gcc/arm-none-eabi/4.9.3/armv7e-m/softfp\libgcc.a(_arm_cmpdf2.o)
                0x080146c0                __gtdf2
                0x080146c0                __gedf2
                0x080146c8                __ltdf2
                0x080146c8                __ledf2
                0x080146d0                __nedf2
                0x080146d0                __eqdf2
                0x080146d0                __cmpdf2
                0x0801474c                __aeabi_cdrcmple
                0x0801475c                __aeabi_cdcmpeq
                0x0801475c                __aeabi_cdcmple
                0x0801476c                __aeabi_dcmpeq
                0x08014780                __aeabi_dcmplt
                0x08014794                __aeabi_dcmple
                0x080147a8                __aeabi_dcmpge
                0x080147bc                __aeabi_dcmpgt
 .text          0x080147d0       0x50 c:/program files/gnu tools arm embedded/4.9 2015q2/bin/../lib/gcc/arm-none-eabi/4.9.3/armv7e-m/softfp\libgcc.a(_arm_fixdfsi.o)
                0x080147d0                __aeabi_d2iz
                0x080147d0                __fixdfsi
 .text          0x08014820       0x30 c:/program files/gnu tools arm embedded/4.9 2015q2/bin/../lib/gcc/arm-none-eabi/4.9.3/armv7e-m/softfp\libgcc.a(_aeabi_uldivmod.o)
                0x08014820                __aeabi_uldivmod
 .text          0x08014850       0x60 c:/program files/gnu tools arm embedded/4.9 2015q2/bin/../lib/gcc/arm-none-eabi/4.9.3/armv7e-m/softfp\libgcc.a(bpabi.o)
                0x08014850                __gnu_ldivmod_helper
                0x08014880                __gnu_uldivmod_helper
 .text          0x080148b0        0x4 c:/program files/gnu tools arm embedded/4.9 2015q2/bin/../lib/gcc/arm-none-eabi/4.9.3/armv7e-m/softfp\libgcc.a(_dvmd_tls.o)
                0x080148b0                __aeabi_idiv0
                0x080148b0                __aeabi_ldiv0
 .text          0x080148b4      0x29c c:/program files/gnu tools arm embedded/4.9 2015q2/bin/../lib/gcc/arm-none-eabi/4.9.3/armv7e-m/softfp\libgcc.a(_divdi3.o)
                0x080148b4                __divdi3
 .text          0x08014b50      0x26c c:/program files/gnu tools arm embedded/4.9 2015q2/bin/../lib/gcc/arm-none-eabi/4.9.3/armv7e-m/softfp\libgcc.a(_udivdi3.o)
                0x08014b50                __udivdi3
 *(.init)
 *(.fini)
 *crtbegin.o(.ctors)
 *crtbegin?.o(.ctors)
 *(EXCLUDE_FILE(*crtend.o *crtend?.o) .ctors)
 *(SORT(.ctors.*))
 *(.ctors)
 *crtbegin.o(.dtors)
 *crtbegin?.o(.dtors)
 *(EXCLUDE_FILE(*crtend.o *crtend?.o) .dtors)
 *(SORT(.dtors.*))
 *(.dtors)
 *(.rodata*)
 .rodata        0x08014dbc       0xcc ..\obj\tcp.o
                0x08014e34                tcp_state_str
                0x08014e60                tcp_backoff
                0x08014e70                tcp_persist_backoff
                0x08014e78                tcp_pcb_lists
 .rodata        0x08014e88       0xf7 ..\obj\porttcp.o
 *fill*         0x08014f7f        0x1 
 .rodata        0x08014f80       0x30 ..\obj\memp.o
 .rodata        0x08014fb0        0xd ..\obj\tcpip.o
 *fill*         0x08014fbd        0x3 
 .rodata        0x08014fc0        0x8 ..\obj\ip_addr.o
                0x08014fc0                ip_addr_any
                0x08014fc4                ip_addr_broadcast
 .rodata        0x08014fc8        0x7 ..\obj\ethernetif.o
 *fill*         0x08014fcf        0x1 
 .rodata        0x08014fd0        0xe ..\obj\etharp.o
                0x08014fd0                ethbroadcast
                0x08014fd8                ethzero
 *fill*         0x08014fde        0x2 
 .rodata        0x08014fe0        0x5 ..\obj\tasks.o
 *fill*         0x08014fe5        0x3 
 .rodata        0x08014fe8       0x86 ..\obj\portother.o
 *fill*         0x0801506e        0x2 
 .rodata        0x08015070        0xc ..\obj\mbinit.o
 .rodata        0x0801507c        0x9 ..\obj\udp_send.o
 *fill*         0x08015085        0x3 
 .rodata.zeroes.6911
                0x08015088       0x10 c:/program files/gnu tools arm embedded/4.9 2015q2/bin/../lib/gcc/arm-none-eabi/4.9.3/../../../../arm-none-eabi/lib/armv7e-m/softfp\libg.a(lib_a-svfprintf.o)
 .rodata.blanks.6910
                0x08015098       0x10 c:/program files/gnu tools arm embedded/4.9 2015q2/bin/../lib/gcc/arm-none-eabi/4.9.3/../../../../arm-none-eabi/lib/armv7e-m/softfp\libg.a(lib_a-svfprintf.o)
 .rodata.str1.4
                0x080150a8       0x42 c:/program files/gnu tools arm embedded/4.9 2015q2/bin/../lib/gcc/arm-none-eabi/4.9.3/../../../../arm-none-eabi/lib/armv7e-m/softfp\libg.a(lib_a-svfprintf.o)
 *fill*         0x080150ea        0x2 
 .rodata.zeroes.6926
                0x080150ec       0x10 c:/program files/gnu tools arm embedded/4.9 2015q2/bin/../lib/gcc/arm-none-eabi/4.9.3/../../../../arm-none-eabi/lib/armv7e-m/softfp\libg.a(lib_a-vfprintf.o)
 .rodata.str1.4
                0x00000000       0x42 c:/program files/gnu tools arm embedded/4.9 2015q2/bin/../lib/gcc/arm-none-eabi/4.9.3/../../../../arm-none-eabi/lib/armv7e-m/softfp\libg.a(lib_a-vfprintf.o)
 .rodata.blanks.6925
                0x080150fc       0x10 c:/program files/gnu tools arm embedded/4.9 2015q2/bin/../lib/gcc/arm-none-eabi/4.9.3/../../../../arm-none-eabi/lib/armv7e-m/softfp\libg.a(lib_a-vfprintf.o)
 .rodata.str1.4
                0x0801510c       0x10 c:/program files/gnu tools arm embedded/4.9 2015q2/bin/../lib/gcc/arm-none-eabi/4.9.3/../../../../arm-none-eabi/lib/armv7e-m/softfp\libg.a(lib_a-dtoa.o)
                                 0x12 (size before relaxing)
 .rodata.str1.4
                0x0801511c        0x2 c:/program files/gnu tools arm embedded/4.9 2015q2/bin/../lib/gcc/arm-none-eabi/4.9.3/../../../../arm-none-eabi/lib/armv7e-m/softfp\libg.a(lib_a-impure.o)
 *fill*         0x0801511e        0x2 
 .rodata.str1.4
                0x08015120        0xc c:/program files/gnu tools arm embedded/4.9 2015q2/bin/../lib/gcc/arm-none-eabi/4.9.3/../../../../arm-none-eabi/lib/armv7e-m/softfp\libg.a(lib_a-locale.o)
                                 0x12 (size before relaxing)
 *fill*         0x0801512c        0x4 
 .rodata.__mprec_tens
                0x08015130       0xc8 c:/program files/gnu tools arm embedded/4.9 2015q2/bin/../lib/gcc/arm-none-eabi/4.9.3/../../../../arm-none-eabi/lib/armv7e-m/softfp\libg.a(lib_a-mprec.o)
                0x08015130                __mprec_tens
 .rodata.p05.5302
                0x080151f8        0xc c:/program files/gnu tools arm embedded/4.9 2015q2/bin/../lib/gcc/arm-none-eabi/4.9.3/../../../../arm-none-eabi/lib/armv7e-m/softfp\libg.a(lib_a-mprec.o)
 *fill*         0x08015204        0x4 
 .rodata.__mprec_bigtens
                0x08015208       0x28 c:/program files/gnu tools arm embedded/4.9 2015q2/bin/../lib/gcc/arm-none-eabi/4.9.3/../../../../arm-none-eabi/lib/armv7e-m/softfp\libg.a(lib_a-mprec.o)
                0x08015208                __mprec_bigtens
 *(.eh_fram e*)

.glue_7         0x08015230        0x0
 .glue_7        0x00000000        0x0 linker stubs

.glue_7t        0x08015230        0x0
 .glue_7t       0x00000000        0x0 linker stubs

.vfp11_veneer   0x08015230        0x0
 .vfp11_veneer  0x00000000        0x0 linker stubs

.v4_bx          0x08015230        0x0
 .v4_bx         0x00000000        0x0 linker stubs

.iplt           0x08015230        0x0
 .iplt          0x00000000        0x0 ..\obj\stm32f4xx_syscfg.o

.ARM.extab
 *(.ARM.extab* .gnu.linkonce.armextab.*)
                0x08015230                __exidx_start = .

.ARM.exidx      0x08015230        0x8
 *(.ARM.exidx* .gnu.linkonce.armexidx.*)
 .ARM.exidx     0x08015230        0x8 c:/program files/gnu tools arm embedded/4.9 2015q2/bin/../lib/gcc/arm-none-eabi/4.9.3/armv7e-m/softfp\libgcc.a(_divdi3.o)
 .ARM.exidx     0x08015238        0x0 c:/program files/gnu tools arm embedded/4.9 2015q2/bin/../lib/gcc/arm-none-eabi/4.9.3/armv7e-m/softfp\libgcc.a(_udivdi3.o)
                                  0x8 (size before relaxing)
                0x08015238                __exidx_end = .
                0x08015238                __etext = .
                0x08015238                _sidata = __etext

.rel.dyn        0x08015238        0x0
 .rel.iplt      0x00000000        0x0 ..\obj\stm32f4xx_syscfg.o

.data           0x20000000      0x97c load address 0x08015238
                0x20000000                __data_start__ = .
                0x20000000                _sdata = __data_start__
 *(vtable)
 *(.data*)
 .data          0x20000000       0x84 ..\obj\mb.o
 .data          0x20000084        0x8 ..\obj\tcp.o
 .data          0x2000008c       0x10 ..\obj\stm32f4xx_rcc.o
 .data          0x2000009c        0x4 ..\obj\tasks.o
 .data          0x200000a0       0x14 ..\obj\system_stm32f4xx.o
                0x200000a0                SystemCoreClock
                0x200000a4                AHBPrescTable
 .data          0x200000b4       0x10 ..\obj\portother.o
 .data          0x200000c4        0x4 ..\obj\port.o
 .data          0x200000c8        0x5 ..\obj\mbinit.o
 *fill*         0x200000cd        0x1 
 .data          0x200000ce        0x2 ..\obj\udp.o
 .data          0x200000d0        0x4 ..\obj\dhcp.o
 .data          0x200000d4        0x4 ..\obj\mbfunc.o
 .data          0x200000d8        0x4 ..\obj\heap_2.o
 *fill*         0x200000dc        0x4 
 .data.impure_data
                0x200000e0      0x428 c:/program files/gnu tools arm embedded/4.9 2015q2/bin/../lib/gcc/arm-none-eabi/4.9.3/../../../../arm-none-eabi/lib/armv7e-m/softfp\libg.a(lib_a-impure.o)
 .data._impure_ptr
                0x20000508        0x4 c:/program files/gnu tools arm embedded/4.9 2015q2/bin/../lib/gcc/arm-none-eabi/4.9.3/../../../../arm-none-eabi/lib/armv7e-m/softfp\libg.a(lib_a-impure.o)
                0x20000508                _impure_ptr
 .data.lconv    0x2000050c       0x38 c:/program files/gnu tools arm embedded/4.9 2015q2/bin/../lib/gcc/arm-none-eabi/4.9.3/../../../../arm-none-eabi/lib/armv7e-m/softfp\libg.a(lib_a-locale.o)
 .data.lc_ctype_charset
                0x20000544       0x20 c:/program files/gnu tools arm embedded/4.9 2015q2/bin/../lib/gcc/arm-none-eabi/4.9.3/../../../../arm-none-eabi/lib/armv7e-m/softfp\libg.a(lib_a-locale.o)
 .data.__mb_cur_max
                0x20000564        0x4 c:/program files/gnu tools arm embedded/4.9 2015q2/bin/../lib/gcc/arm-none-eabi/4.9.3/../../../../arm-none-eabi/lib/armv7e-m/softfp\libg.a(lib_a-locale.o)
                0x20000564                __mb_cur_max
 .data.__malloc_av_
                0x20000568      0x408 c:/program files/gnu tools arm embedded/4.9 2015q2/bin/../lib/gcc/arm-none-eabi/4.9.3/../../../../arm-none-eabi/lib/armv7e-m/softfp\libg.a(lib_a-mallocr.o)
                0x20000568                __malloc_av_
 .data.__malloc_trim_threshold
                0x20000970        0x4 c:/program files/gnu tools arm embedded/4.9 2015q2/bin/../lib/gcc/arm-none-eabi/4.9.3/../../../../arm-none-eabi/lib/armv7e-m/softfp\libg.a(lib_a-mallocr.o)
                0x20000970                __malloc_trim_threshold
 .data.__malloc_sbrk_base
                0x20000974        0x4 c:/program files/gnu tools arm embedded/4.9 2015q2/bin/../lib/gcc/arm-none-eabi/4.9.3/../../../../arm-none-eabi/lib/armv7e-m/softfp\libg.a(lib_a-mallocr.o)
                0x20000974                __malloc_sbrk_base
 .data.__wctomb
                0x20000978        0x4 c:/program files/gnu tools arm embedded/4.9 2015q2/bin/../lib/gcc/arm-none-eabi/4.9.3/../../../../arm-none-eabi/lib/armv7e-m/softfp\libg.a(lib_a-wctomb_r.o)
                0x20000978                __wctomb
                0x2000097c                . = ALIGN (0x4)
                0x2000097c                PROVIDE (__preinit_array_start, .)
 *(.preinit_array)
                0x2000097c                PROVIDE (__preinit_array_end, .)
                0x2000097c                . = ALIGN (0x4)
                0x2000097c                PROVIDE (__init_array_start, .)
 *(SORT(.init_array.*))
 *(.init_array)
                0x2000097c                PROVIDE (__init_array_end, .)
                0x2000097c                . = ALIGN (0x4)
                0x2000097c                PROVIDE (__fini_array_start, .)
 *(SORT(.fini_array.*))
 *(.fini_array)
                0x2000097c                PROVIDE (__fini_array_end, .)
 *(.jcr*)
                0x2000097c                . = ALIGN (0x4)
                0x2000097c                __data_end__ = .
                0x2000097c                _edata = __data_end__

.igot.plt       0x2000097c        0x0 load address 0x08015bb4
 .igot.plt      0x00000000        0x0 ..\obj\stm32f4xx_syscfg.o

.bss            0x20000980    0x19530 load address 0x08015bb8
                0x20000980                . = ALIGN (0x4)
                0x20000980                __bss_start__ = .
                0x20000980                _sbss = __bss_start__
 *(.bss*)
 .bss           0x20000980       0x10 ..\obj\mem.o
 .bss           0x20000990       0x24 ..\obj\mb.o
 .bss           0x200009b4        0x2 ..\obj\tcp.o
 *fill*         0x200009b6        0x2 
 .bss           0x200009b8        0x4 ..\obj\portevent.o
 .bss           0x200009bc      0x112 ..\obj\porttcp.o
 *fill*         0x20000ace        0x2 
 .bss           0x20000ad0       0x22 ..\obj\mbfuncother.o
 *fill*         0x20000af2        0x2 
 .bss           0x20000af4       0x2c ..\obj\tcp_in.o
 .bss           0x20000b20     0x2d57 ..\obj\memp.o
 *fill*         0x20003877        0x1 
 .bss           0x20003878        0xc ..\obj\tcpip.o
 .bss           0x20003884        0x8 ..\obj\timers.o
 .bss           0x2000388c        0x4 ..\obj\stm32f4x7_eth_bsp.o
                0x2000388c                EthInitStatus
 .bss           0x20003890        0xc ..\obj\ethernetif.o
                0x20003894                s_xSemaphore
 .bss           0x2000389c       0xc9 ..\obj\etharp.o
 *fill*         0x20003965        0x3 
 .bss           0x20003968       0xfc ..\obj\tasks.o
                0x20003968                pxCurrentTCB
 *fill*         0x20003a64        0x4 
 .bss           0x20003a68       0x10 ..\obj\adc_dcmi.o
                0x20003a68                timestamp
                0x20003a70                xAdcBuf_Send_Semaphore
 .bss           0x20003a78        0x1 ..\obj\netif.o
 *fill*         0x20003a79        0x3 
 .bss           0x20003a7c        0x4 ..\obj\sys_arch.o
                0x20003a7c                xInsideISR
 .bss           0x20003a80        0x4 ..\obj\syscalls.o
 .bss           0x20003a84      0x204 ..\obj\portother.o
 .bss           0x20003c88        0x8 ..\obj\port.o
 .bss           0x20003c90        0x2 ..\obj\ip.o
 .bss           0x20003c92        0x2 ..\obj\udp_send.o
                0x20003c92                adc_buf_offset
 .bss           0x20003c94       0x28 ..\obj\mbfunc.o
 .bss           0x20003cbc     0x5014 ..\obj\heap_2.o
 .bss           0x20008cd0        0x4 ..\obj\raw.o
 .bss.__malloc_max_total_mem
                0x20008cd4        0x4 c:/program files/gnu tools arm embedded/4.9 2015q2/bin/../lib/gcc/arm-none-eabi/4.9.3/../../../../arm-none-eabi/lib/armv7e-m/softfp\libg.a(lib_a-mallocr.o)
                0x20008cd4                __malloc_max_total_mem
 .bss.__malloc_max_sbrked_mem
                0x20008cd8        0x4 c:/program files/gnu tools arm embedded/4.9 2015q2/bin/../lib/gcc/arm-none-eabi/4.9.3/../../../../arm-none-eabi/lib/armv7e-m/softfp\libg.a(lib_a-mallocr.o)
                0x20008cd8                __malloc_max_sbrked_mem
 .bss.__malloc_top_pad
                0x20008cdc        0x4 c:/program files/gnu tools arm embedded/4.9 2015q2/bin/../lib/gcc/arm-none-eabi/4.9.3/../../../../arm-none-eabi/lib/armv7e-m/softfp\libg.a(lib_a-mallocr.o)
                0x20008cdc                __malloc_top_pad
 .bss.__malloc_current_mallinfo
                0x20008ce0       0x28 c:/program files/gnu tools arm embedded/4.9 2015q2/bin/../lib/gcc/arm-none-eabi/4.9.3/../../../../arm-none-eabi/lib/armv7e-m/softfp\libg.a(lib_a-mallocr.o)
                0x20008ce0                __malloc_current_mallinfo
 *(COMMON)
 COMMON         0x20008d08     0x5014 ..\obj\mem.o
                0x20008d08                ram_heap
 COMMON         0x2000dd1c       0x1c ..\obj\tcp.o
                0x2000dd1c                tcp_active_pcbs_changed
                0x2000dd20                tcp_active_pcbs
                0x2000dd24                tcp_ticks
                0x2000dd28                tcp_listen_pcbs
                0x2000dd2c                tcp_tmp_pcb
                0x2000dd30                tcp_bound_pcbs
                0x2000dd34                tcp_tw_pcbs
 COMMON         0x2000dd38        0x4 ..\obj\tcp_in.o
                0x2000dd38                tcp_input_pcb
 COMMON         0x2000dd3c     0x3ce4 ..\obj\stm32f4x7_eth.o
                0x2000dd3c                RX_Frame_Descriptor
                0x2000dd48                DMARxDescToGet
                0x2000dd4c                DMATxDescToSet
                0x2000dd50                DMATxDscrTab
                0x2000ddf0                Rx_Buff
                0x2000fbb4                Frame_Rx_index
                0x2000fbb8                DMA_RX_FRAME_infos
                0x2000fbbc                DMARxDscrTab
                0x2000fc5c                Tx_Buff
 COMMON         0x20011a20       0x34 ..\obj\main.o
                0x20011a20                xnetif
 COMMON         0x20011a54        0x4 ..\obj\tcp_send.o
                0x20011a54                client_pcb
 COMMON         0x20011a58     0x8018 ..\obj\adc_dcmi.o
                0x20011a58                ADC_last_data
                0x20011a68                xADC_MB_Queue
                0x20011a6c                ADC_buf_pnt
                0x20011a70                DCMIAdcRxBuff
 COMMON         0x20019a70        0x8 ..\obj\netif.o
                0x20019a70                netif_list
                0x20019a74                netif_default
 COMMON         0x20019a78        0xc ..\obj\settings.o
                0x20019a78                Stngs
 COMMON         0x20019a84        0x4 ..\obj\udp.o
                0x20019a84                udp_pcbs
 COMMON         0x20019a88       0x10 ..\obj\ip.o
                0x20019a88                current_iphdr_src
                0x20019a8c                current_netif
                0x20019a90                current_iphdr_dest
                0x20019a94                current_header
 COMMON         0x20019a98      0x411 ..\obj\udp_send.o
                0x20019a98                DestIPaddr
                0x20019a9c                pb
                0x20019aa0                UDPPacket
 *fill*         0x20019ea9        0x3 
 COMMON         0x20019eac        0x4 c:/program files/gnu tools arm embedded/4.9 2015q2/bin/../lib/gcc/arm-none-eabi/4.9.3/../../../../arm-none-eabi/lib/armv7e-m/softfp\libg.a(lib_a-reent.o)
                0x20019eac                errno
                0x20019eb0                . = ALIGN (0x4)
                0x20019eb0                __bss_end__ = .
                0x20019eb0                _ebss = __bss_end__

.heap           0x20019eb0        0x0
                0x20019eb0                __end__ = .
                0x20019eb0                _end = __end__
                0x20019eb0                end = __end__
 *(.heap*)
                0x20019eb0                __HeapLimit = .

.co_stack       0x20019eb0      0x800 load address 0x0802f0e8
                0x20019eb0                . = ALIGN (0x8)
 *(.co_stack .co_stack.*)
 .co_stack      0x20019eb0      0x800 ..\obj\startup_stm32f4xx.o
                0x20019eb0                pulStack
                0x20020000                __StackTop = (ORIGIN (ram) + 0x20000)
                0x2001f800                __StackLimit = (__StackTop - SIZEOF (.co_stack))
                0x20020000                PROVIDE (__stack, __StackTop)
                0x00000001                ASSERT ((__StackLimit >= __HeapLimit), region ram  overflowed with stack)
LOAD ..\obj\stm32f4xx_syscfg.o
LOAD ..\obj\mem.o
LOAD ..\obj\stm32f4xx_sdio.o
LOAD ..\obj\mb.o
LOAD ..\obj\mbfuncdisc.o
LOAD ..\obj\tcp.o
LOAD ..\obj\err.o
LOAD ..\obj\portevent.o
LOAD ..\obj\porttcp.o
LOAD ..\obj\randm.o
LOAD ..\obj\mib_structs.o
LOAD ..\obj\mbfuncother.o
LOAD ..\obj\tcp_in.o
LOAD ..\obj\stm32f4xx_usart.o
LOAD ..\obj\stm32f4xx_pwr.o
LOAD ..\obj\slipif.o
LOAD ..\obj\memp.o
LOAD ..\obj\autoip.o
LOAD ..\obj\ip_frag.o
LOAD ..\obj\msg_out.o
LOAD ..\obj\netbuf.o
LOAD ..\obj\tcpip.o
LOAD ..\obj\mbutils.o
LOAD ..\obj\stm32f4xx_dac.o
LOAD ..\obj\asn1_dec.o
LOAD ..\obj\lcp.o
LOAD ..\obj\vj.o
LOAD ..\obj\startup_stm32f4xx.o
LOAD ..\obj\stm32f4x7_eth.o
LOAD ..\obj\sys.o
LOAD ..\obj\ip_addr.o
LOAD ..\obj\mbfuncholding.o
LOAD ..\obj\inet_chksum.o
LOAD ..\obj\main.o
LOAD ..\obj\mbcrc.o
LOAD ..\obj\stm32f4xx_rcc.o
LOAD ..\obj\mib2.o
LOAD ..\obj\stm32f4xx_it.o
LOAD ..\obj\netdb.o
LOAD ..\obj\timers.o
LOAD ..\obj\init.o
LOAD ..\obj\stm32f4xx_adc.o
LOAD ..\obj\stm32f4x7_eth_bsp.o
LOAD ..\obj\mbfuncinput.o
LOAD ..\obj\def.o
LOAD ..\obj\ethernetif.o
LOAD ..\obj\stm32f4xx_dcmi.o
LOAD ..\obj\chpms.o
LOAD ..\obj\etharp.o
LOAD ..\obj\mbfuncdiag.o
LOAD ..\obj\tasks.o
LOAD ..\obj\magic.o
LOAD ..\obj\tcp_send.o
LOAD ..\obj\pbuf.o
LOAD ..\obj\stats.o
LOAD ..\obj\inet.o
LOAD ..\obj\adc_dcmi.o
LOAD ..\obj\msg_in.o
LOAD ..\obj\netif.o
LOAD ..\obj\asn1_enc.o
LOAD ..\obj\fsm.o
LOAD ..\obj\api_msg.o
LOAD ..\obj\chap.o
LOAD ..\obj\stm32f4xx_gpio.o
LOAD ..\obj\stm32f4xx_flash.o
LOAD ..\obj\md5.o
LOAD ..\obj\sys_arch.o
LOAD ..\obj\list.o
LOAD ..\obj\mbrtu.o
LOAD ..\obj\system_stm32f4xx.o
LOAD ..\obj\syscalls.o
LOAD ..\obj\stm32f4xx_dma.o
LOAD ..\obj\portother.o
LOAD ..\obj\queue.o
LOAD ..\obj\port.o
LOAD ..\obj\sockets.o
LOAD ..\obj\igmp.o
LOAD ..\obj\settings.o
LOAD ..\obj\pap.o
LOAD ..\obj\mbinit.o
LOAD ..\obj\cfg_info.o
LOAD ..\obj\croutine.o
LOAD ..\obj\udp.o
LOAD ..\obj\ip.o
LOAD ..\obj\stm32f4xx_spi.o
LOAD ..\obj\mbfunccoils.o
LOAD ..\obj\event_groups.o
LOAD ..\obj\auth.o
LOAD ..\obj\stm32f4xx_exti.o
LOAD ..\obj\icmp.o
LOAD ..\obj\ppp_oe.o
LOAD ..\obj\dns.o
LOAD ..\obj\netifapi.o
LOAD ..\obj\misc.o
LOAD ..\obj\api_lib.o
LOAD ..\obj\udp_send.o
LOAD ..\obj\mbtcp.o
LOAD ..\obj\dhcp.o
LOAD ..\obj\ppp.o
LOAD ..\obj\mbascii.o
LOAD ..\obj\mbfunc.o
LOAD ..\obj\heap_2.o
LOAD ..\obj\http_server.o
LOAD ..\obj\ipcp.o
LOAD ..\obj\stm32f4xx_tim.o
LOAD ..\obj\tcp_out.o
LOAD ..\obj\raw.o
LOAD ..\obj\eeprom.o
START GROUP
LOAD c:/program files/gnu tools arm embedded/4.9 2015q2/bin/../lib/gcc/arm-none-eabi/4.9.3/armv7e-m/softfp\libgcc.a
LOAD c:/program files/gnu tools arm embedded/4.9 2015q2/bin/../lib/gcc/arm-none-eabi/4.9.3/../../../../arm-none-eabi/lib/armv7e-m/softfp\libg.a
LOAD c:/program files/gnu tools arm embedded/4.9 2015q2/bin/../lib/gcc/arm-none-eabi/4.9.3/../../../../arm-none-eabi/lib/armv7e-m/softfp\libc.a
END GROUP
OUTPUT(LAN8720.elf elf32-littlearm)

.debug_info     0x00000000    0x1accd
 .debug_info    0x00000000      0x26c ..\obj\stm32f4xx_syscfg.o
 .debug_info    0x0000026c      0x370 ..\obj\mem.o
 .debug_info    0x000005dc      0x5f7 ..\obj\mb.o
 .debug_info    0x00000bd3      0x1b2 ..\obj\mbfuncdisc.o
 .debug_info    0x00000d85     0x1372 ..\obj\tcp.o
 .debug_info    0x000020f7      0x197 ..\obj\portevent.o
 .debug_info    0x0000228e      0x859 ..\obj\porttcp.o
 .debug_info    0x00002ae7      0x215 ..\obj\mbfuncother.o
 .debug_info    0x00002cfc      0xc9a ..\obj\tcp_in.o
 .debug_info    0x00003996      0x261 ..\obj\memp.o
 .debug_info    0x00003bf7      0xb4d ..\obj\tcpip.o
 .debug_info    0x00004744      0x273 ..\obj\mbutils.o
 .debug_info    0x000049b7       0xed ..\obj\startup_stm32f4xx.o
 .debug_info    0x00004aa4     0x190d ..\obj\stm32f4x7_eth.o
 .debug_info    0x000063b1      0x540 ..\obj\ip_addr.o
 .debug_info    0x000068f1      0x33b ..\obj\mbfuncholding.o
 .debug_info    0x00006c2c      0x39b ..\obj\inet_chksum.o
 .debug_info    0x00006fc7      0x6e0 ..\obj\main.o
 .debug_info    0x000076a7      0xc4d ..\obj\stm32f4xx_rcc.o
 .debug_info    0x000082f4      0x181 ..\obj\stm32f4xx_it.o
 .debug_info    0x00008475      0x8ca ..\obj\timers.o
 .debug_info    0x00008d3f       0x88 ..\obj\init.o
 .debug_info    0x00008dc7      0x817 ..\obj\stm32f4x7_eth_bsp.o
 .debug_info    0x000095de      0x1a4 ..\obj\mbfuncinput.o
 .debug_info    0x00009782       0xfd ..\obj\def.o
 .debug_info    0x0000987f      0xb18 ..\obj\ethernetif.o
 .debug_info    0x0000a397      0x54c ..\obj\stm32f4xx_dcmi.o
 .debug_info    0x0000a8e3      0xdea ..\obj\etharp.o
 .debug_info    0x0000b6cd     0x1b85 ..\obj\tasks.o
 .debug_info    0x0000d252      0x71c ..\obj\tcp_send.o
 .debug_info    0x0000d96e      0x857 ..\obj\pbuf.o
 .debug_info    0x0000e1c5      0xc54 ..\obj\adc_dcmi.o
 .debug_info    0x0000ee19      0xe45 ..\obj\netif.o
 .debug_info    0x0000fc5e      0x602 ..\obj\stm32f4xx_gpio.o
 .debug_info    0x00010260      0x6c3 ..\obj\sys_arch.o
 .debug_info    0x00010923      0x299 ..\obj\list.o
 .debug_info    0x00010bbc      0x592 ..\obj\system_stm32f4xx.o
 .debug_info    0x0001114e      0x3ee ..\obj\syscalls.o
 .debug_info    0x0001153c      0x739 ..\obj\stm32f4xx_dma.o
 .debug_info    0x00011c75      0x2ad ..\obj\portother.o
 .debug_info    0x00011f22     0x10ec ..\obj\queue.o
 .debug_info    0x0001300e      0x52b ..\obj\port.o
 .debug_info    0x00013539      0x3b1 ..\obj\settings.o
 .debug_info    0x000138ea       0xef ..\obj\mbinit.o
 .debug_info    0x000139d9      0xb4c ..\obj\udp.o
 .debug_info    0x00014525      0x92d ..\obj\ip.o
 .debug_info    0x00014e52      0x2cf ..\obj\mbfunccoils.o
 .debug_info    0x00015121      0x5af ..\obj\icmp.o
 .debug_info    0x000156d0      0x53d ..\obj\misc.o
 .debug_info    0x00015c0d      0x42e ..\obj\udp_send.o
 .debug_info    0x0001603b      0x22b ..\obj\mbtcp.o
 .debug_info    0x00016266     0x1062 ..\obj\dhcp.o
 .debug_info    0x000172c8      0x3d8 ..\obj\mbfunc.o
 .debug_info    0x000176a0      0x2d8 ..\obj\heap_2.o
 .debug_info    0x00017978     0x1c61 ..\obj\stm32f4xx_tim.o
 .debug_info    0x000195d9      0xfe4 ..\obj\tcp_out.o
 .debug_info    0x0001a5bd      0x710 ..\obj\raw.o

.debug_abbrev   0x00000000     0x507a
 .debug_abbrev  0x00000000      0x131 ..\obj\stm32f4xx_syscfg.o