Archive member included because of file (symbol)

c:/program files/gnu tools arm embedded/4.9 2015q2/bin/../lib/gcc/arm-none-eabi/4.9.3/../../../../arm-none-eabi/lib/armv7e-m/softfp\libg.a(lib_a-memcmp.o)
                              ..\obj\etharp.o (memcmp)
c:/program files/gnu tools arm embedded/4.9 2015q2/bin/../lib/gcc/arm-none-eabi/4.9.3/../../../../arm-none-eabi/lib/armv7e-m/softfp\libg.a(lib_a-memcpy.o)
                              ..\obj\porttcp.o (memcpy)
c:/program files/gnu tools arm embedded/4.9 2015q2/bin/../lib/gcc/arm-none-eabi/4.9.3/../../../../arm-none-eabi/lib/armv7e-m/softfp\libg.a(lib_a-memset.o)
                              ..\obj\mem.o (memset)
c:/program files/gnu tools arm embedded/4.9 2015q2/bin/../lib/gcc/arm-none-eabi/4.9.3/../../../../arm-none-eabi/lib/armv7e-m/softfp\libg.a(lib_a-printf.o)
                              ..\obj\portother.o (printf)
c:/program files/gnu tools arm embedded/4.9 2015q2/bin/../lib/gcc/arm-none-eabi/4.9.3/../../../../arm-none-eabi/lib/armv7e-m/softfp\libg.a(lib_a-snprintf.o)
                              ..\obj\portother.o (snprintf)
c:/program files/gnu tools arm embedded/4.9 2015q2/bin/../lib/gcc/arm-none-eabi/4.9.3/../../../../arm-none-eabi/lib/armv7e-m/softfp\libg.a(lib_a-sprintf.o)
                              ..\obj\http_server.o (sprintf)
c:/program files/gnu tools arm embedded/4.9 2015q2/bin/../lib/gcc/arm-none-eabi/4.9.3/../../../../arm-none-eabi/lib/armv7e-m/softfp\libg.a(lib_a-strlen.o)
                              ..\obj\pbuf.o (strlen)
c:/program files/gnu tools arm embedded/4.9 2015q2/bin/../lib/gcc/arm-none-eabi/4.9.3/../../../../arm-none-eabi/lib/armv7e-m/softfp\libg.a(lib_a-strncmp.o)
                              ..\obj\http_server.o (strncmp)
c:/program files/gnu tools arm embedded/4.9 2015q2/bin/../lib/gcc/arm-none-eabi/4.9.3/../../../../arm-none-eabi/lib/armv7e-m/softfp\libg.a(lib_a-svfprintf.o)
                              c:/program files/gnu tools arm embedded/4.9 2015q2/bin/../lib/gcc/arm-none-eabi/4.9.3/../../../../arm-none-eabi/lib/armv7e-m/softfp\libg.a(lib_a-snprintf.o) (_svfprintf_r)
c:/program files/gnu tools arm embedded/4.9 2015q2/bin/../lib/gcc/arm-none-eabi/4.9.3/../../../../arm-none-eabi/lib/armv7e-m/softfp\libg.a(lib_a-vfprintf.o)
                              c:/program files/gnu tools arm embedded/4.9 2015q2/bin/../lib/gcc/arm-none-eabi/4.9.3/../../../../arm-none-eabi/lib/armv7e-m/softfp\libg.a(lib_a-printf.o) (_vfprintf_r)
c:/program files/gnu tools arm embedded/4.9 2015q2/bin/../lib/gcc/arm-none-eabi/4.9.3/../../../../arm-none-eabi/lib/armv7e-m/softfp\libg.a(lib_a-vprintf.o)
                              ..\obj\portother.o (vprintf)
c:/program files/gnu tools arm embedded/4.9 2015q2/bin/../lib/gcc/arm-none-eabi/4.9.3/../../../../arm-none-eabi/lib/armv7e-m/softfp\libg.a(lib_a-wsetup.o)
                              c:/program files/gnu tools arm embedded/4.9 2015q2/bin/../lib/gcc/arm-none-eabi/4.9.3/../../../../arm-none-eabi/lib/armv7e-m/softfp\libg.a(lib_a-vfprintf.o) (__swsetup_r)
c:/program files/gnu tools arm embedded/4.9 2015q2/bin/../lib/gcc/arm-none-eabi/4.9.3/../../../../arm-none-eabi/lib/armv7e-m/softfp\libg.a(lib_a-dtoa.o)
                              c:/program files/gnu tools arm embedded/4.9 2015q2/bin/../lib/gcc/arm-none-eabi/4.9.3/../../../../arm-none-eabi/lib/armv7e-m/softfp\libg.a(lib_a-svfprintf.o) (_dtoa_r)
c:/program files/gnu tools arm embedded/4.9 2015q2/bin/../lib/gcc/arm-none-eabi/4.9.3/../../../../arm-none-eabi/lib/armv7e-m/softfp\libg.a(lib_a-fflush.o)
                              c:/program files/gnu tools arm embedded/4.9 2015q2/bin/../lib/gcc/arm-none-eabi/4.9.3/../../../../arm-none-eabi/lib/armv7e-m/softfp\libg.a(lib_a-vfprintf.o) (_fflush_r)
c:/program files/gnu tools arm embedded/4.9 2015q2/bin/../lib/gcc/arm-none-eabi/4.9.3/../../../../arm-none-eabi/lib/armv7e-m/softfp\libg.a(lib_a-findfp.o)
                              c:/program files/gnu tools arm embedded/4.9 2015q2/bin/../lib/gcc/arm-none-eabi/4.9.3/../../../../arm-none-eabi/lib/armv7e-m/softfp\libg.a(lib_a-vfprintf.o) (__sinit)
c:/program files/gnu tools arm embedded/4.9 2015q2/bin/../lib/gcc/arm-none-eabi/4.9.3/../../../../arm-none-eabi/lib/armv7e-m/softfp\libg.a(lib_a-freer.o)
                              c:/program files/gnu tools arm embedded/4.9 2015q2/bin/../lib/gcc/arm-none-eabi/4.9.3/../../../../arm-none-eabi/lib/armv7e-m/softfp\libg.a(lib_a-wsetup.o) (_free_r)
c:/program files/gnu tools arm embedded/4.9 2015q2/bin/../lib/gcc/arm-none-eabi/4.9.3/../../../../arm-none-eabi/lib/armv7e-m/softfp\libg.a(lib_a-fwalk.o)
                              c:/program files/gnu tools arm embedded/4.9 2015q2/bin/../lib/gcc/arm-none-eabi/4.9.3/../../../../arm-none-eabi/lib/armv7e-m/softfp\libg.a(lib_a-findfp.o) (_fwalk)
c:/program files/gnu tools arm embedded/4.9 2015q2/bin/../lib/gcc/arm-none-eabi/4.9.3/../../../../arm-none-eabi/lib/armv7e-m/softfp\libg.a(lib_a-impure.o)
[...]
Memory Configuration

Name             Origin             Length             Attributes
rom              0x08000000         0x00100000         xr
ram              0x20000000         0x00020000         xrw
ram1             0x10000000         0x00010000         xrw
*default*        0x00000000         0xffffffff

Linker script and memory map

                0x20020000                _eram = 0x20020000

.text           0x08000000    0x16c10
 *(.isr_vector)
 .isr_vector    0x08000000      0x188 ..\obj\startup_stm32f4xx.o
                0x08000000                g_pfnVectors
 *(.text*)
 .text.SYSCFG_ETH_MediaInterfaceConfig
                0x08000188       0x1c ..\obj\stm32f4xx_syscfg.o
                0x08000188                SYSCFG_ETH_MediaInterfaceConfig
 .text.plug_holes
                0x080001a4       0xbc ..\obj\mem.o
 .text.mem_init
                0x08000260       0x80 ..\obj\mem.o
                0x08000260                mem_init
 .text.mem_free
                0x080002e0       0x74 ..\obj\mem.o
                0x080002e0                mem_free
 .text.mem_trim
                0x08000354      0x188 ..\obj\mem.o
                0x08000354                mem_trim
 .text.mem_malloc
                0x080004dc      0x164 ..\obj\mem.o
                0x080004dc                mem_malloc
 .text.eMBTCPInit
                0x08000640       0xa4 ..\obj\mb.o
                0x08000640                eMBTCPInit
 .text.eMBEnable
                0x080006e4       0x38 ..\obj\mb.o
                0x080006e4                eMBEnable
 .text.eMBPoll  0x0800071c      0x170 ..\obj\mb.o
                0x0800071c                eMBPoll
 .text.eMBFuncReadDiscreteInputs
                0x0800088c      0x104 ..\obj\mbfuncdisc.o
                0x0800088c                eMBFuncReadDiscreteInputs
 .text.tcp_init
                0x08000990        0xc ..\obj\tcp.o
                0x08000990                tcp_init
 .text.tcp_tmr  0x0800099c       0x2c ..\obj\tcp.o
                0x0800099c                tcp_tmr
 .text.tcp_close_shutdown
                0x080009c8      0x250 ..\obj\tcp.o
 .text.tcp_close
                0x08000c18       0x30 ..\obj\tcp.o
                0x08000c18                tcp_close
 .text.tcp_shutdown
                0x08000c48       0x8c ..\obj\tcp.o
                0x08000c48                tcp_shutdown
 .text.tcp_abandon
                0x08000cd4       0xc0 ..\obj\tcp.o
                0x08000cd4                tcp_abandon
 .text.tcp_abort
                0x08000d94       0x18 ..\obj\tcp.o
                0x08000d94                tcp_abort
 .text.tcp_bind
                0x08000dac       0xdc ..\obj\tcp.o
                0x08000dac                tcp_bind
 .text.tcp_accept_null
                0x08000e88       0x20 ..\obj\tcp.o
 .text.tcp_listen_with_backlog
                0x08000ea8      0x114 ..\obj\tcp.o
                0x08000ea8                tcp_listen_with_backlog
 .text.tcp_update_rcv_ann_wnd
                0x08000fbc       0x84 ..\obj\tcp.o
                0x08000fbc                tcp_update_rcv_ann_wnd
 .text.tcp_recved
                0x08001040       0x5c ..\obj\tcp.o
                0x08001040                tcp_recved
 .text.tcp_new_port
                0x0800109c       0x8c ..\obj\tcp.o
 .text.tcp_slowtmr
                0x08001128      0x42c ..\obj\tcp.o
                0x08001128                tcp_slowtmr
 .text.tcp_fasttmr
                0x08001554       0xa0 ..\obj\tcp.o
                0x08001554                tcp_fasttmr
 .text.tcp_process_refused_data
                0x080015f4       0xc8 ..\obj\tcp.o
                0x080015f4                tcp_process_refused_data
 .text.tcp_segs_free
                0x080016bc       0x28 ..\obj\tcp.o
                0x080016bc                tcp_segs_free
 .text.tcp_seg_free
                0x080016e4       0x30 ..\obj\tcp.o
                0x080016e4                tcp_seg_free
 .text.tcp_recv_null
                0x08001714       0x48 ..\obj\tcp.o
                0x08001714                tcp_recv_null
 .text.tcp_kill_prio
                0x0800175c       0x80 ..\obj\tcp.o
 .text.tcp_kill_timewait
                0x080017dc       0x5c ..\obj\tcp.o
 .text.tcp_alloc
                0x08001838      0x114 ..\obj\tcp.o
                0x08001838                tcp_alloc
 .text.tcp_new  0x0800194c       0x10 ..\obj\tcp.o
                0x0800194c                tcp_new
 .text.tcp_arg  0x0800195c       0x1c ..\obj\tcp.o
                0x0800195c                tcp_arg
 .text.tcp_recv
                0x08001978       0x1c ..\obj\tcp.o
                0x08001978                tcp_recv
 .text.tcp_sent
                0x08001994       0x1c ..\obj\tcp.o
                0x08001994                tcp_sent
 .text.tcp_err  0x080019b0       0x1c ..\obj\tcp.o
                0x080019b0                tcp_err
 .text.tcp_accept
                0x080019cc       0x1c ..\obj\tcp.o
                0x080019cc                tcp_accept
 .text.tcp_poll
                0x080019e8       0x28 ..\obj\tcp.o
                0x080019e8                tcp_poll
 .text.tcp_pcb_purge
                0x08001a10       0x70 ..\obj\tcp.o
                0x08001a10                tcp_pcb_purge
 .text.tcp_pcb_remove
                0x08001a80       0xa8 ..\obj\tcp.o
                0x08001a80                tcp_pcb_remove
 .text.tcp_next_iss
                0x08001b28       0x28 ..\obj\tcp.o
                0x08001b28                tcp_next_iss
 .text.tcp_eff_send_mss
                0x08001b50       0x40 ..\obj\tcp.o
                0x08001b50                tcp_eff_send_mss
 .text.xMBPortEventInit
                0x08001b90       0x34 ..\obj\portevent.o
                0x08001b90                xMBPortEventInit
 .text.xMBPortEventPost
                0x08001bc4       0x4c ..\obj\portevent.o
                0x08001bc4                xMBPortEventPost
 .text.xMBPortEventGet
                0x08001c10       0x34 ..\obj\portevent.o
                0x08001c10                xMBPortEventGet
 .text.xMBTCPPortInit
                0x08001c44       0xac ..\obj\porttcp.o
                0x08001c44                xMBTCPPortInit
 .text.prvvMBPortReleaseClient
                0x08001cf0       0x8c ..\obj\porttcp.o
                0x08001cf0                prvvMBPortReleaseClient
 .text.vMBTCPPortDisable
                0x08001d7c       0x14 ..\obj\porttcp.o
                0x08001d7c                vMBTCPPortDisable
 .text.prvxMBTCPPortAccept
                0x08001d90       0xb0 ..\obj\porttcp.o
 .text.prvvMBTCPPortError
                0x08001e40       0x34 ..\obj\porttcp.o
 .text.prvxMBTCPPortReceive
                0x08001e74      0x10c ..\obj\porttcp.o
 .text.xMBTCPPortGetRequest
                0x08001f80       0x34 ..\obj\porttcp.o
                0x08001f80                xMBTCPPortGetRequest
 .text.xMBTCPPortSendResponse
                0x08001fb4       0x6c ..\obj\porttcp.o
                0x08001fb4                xMBTCPPortSendResponse
 .text.eMBSetSlaveID
                0x08002020       0x9c ..\obj\mbfuncother.o
                0x08002020                eMBSetSlaveID
 .text.eMBFuncReportSlaveID
                0x080020bc       0x3c ..\obj\mbfuncother.o
                0x080020bc                eMBFuncReportSlaveID
 .text.tcp_input
                0x080020f8      0x5f0 ..\obj\tcp_in.o
                0x080020f8                tcp_input
 .text.tcp_listen_input
                0x080026e8      0x194 ..\obj\tcp_in.o
 .text.tcp_timewait_input
                0x0800287c       0xd8 ..\obj\tcp_in.o
 .text.tcp_process
                0x08002954      0x6b8 ..\obj\tcp_in.o
 .text.tcp_receive
                0x0800300c      0x8e0 ..\obj\tcp_in.o
 .text.tcp_parseopt
                0x080038ec      0x104 ..\obj\tcp_in.o
 .text.memp_init
                0x080039f0       0x98 ..\obj\memp.o
                0x080039f0                memp_init
 .text.memp_malloc
                0x08003a88       0x44 ..\obj\memp.o
                0x08003a88                memp_malloc
 .text.memp_free
                0x08003acc       0x3c ..\obj\memp.o
                0x08003acc                memp_free
 .text.netbuf_delete
                0x08003b08       0x3c ..\obj\netbuf.o
                0x08003b08                netbuf_delete
 .text.netbuf_data
                0x08003b44       0x5c ..\obj\netbuf.o
                0x08003b44                netbuf_data
 .text.tcpip_thread
                0x08003ba0      0x114 ..\obj\tcpip.o
 .text.tcpip_input
                0x08003cb4       0x64 ..\obj\tcpip.o
                0x08003cb4                tcpip_input
 .text.tcpip_apimsg
                0x08003d18       0x48 ..\obj\tcpip.o
                0x08003d18                tcpip_apimsg
 .text.tcpip_init
                0x08003d60       0x50 ..\obj\tcpip.o
                0x08003d60                tcpip_init
 .text.prveMBError2Exception
                0x08003db0       0x40 ..\obj\mbutils.o
                0x08003db0                prveMBError2Exception
 .text.Default_Reset_Handler
                0x08003df0       0x6c ..\obj\startup_stm32f4xx.o
                0x08003df0                Default_Reset_Handler
                0x08003df0                Reset_Handler
 .text.Default_Handler
                0x08003e5c        0x8 ..\obj\startup_stm32f4xx.o
                0x08003e5c                RTC_Alarm_IRQHandler
                0x08003e5c                HASH_RNG_IRQHandler
                0x08003e5c                EXTI2_IRQHandler
                0x08003e5c                TIM8_CC_IRQHandler
                0x08003e5c                TIM1_CC_IRQHandler
                0x08003e5c                DMA2_Stream5_IRQHandler
                0x08003e5c                DMA1_Stream5_IRQHandler
                0x08003e5c                PVD_IRQHandler
                0x08003e5c                SDIO_IRQHandler
                0x08003e5c                TAMP_STAMP_IRQHandler
                0x08003e5c                CAN2_RX1_IRQHandler
                0x08003e5c                EXTI3_IRQHandler
                0x08003e5c                TIM8_TRG_COM_TIM14_IRQHandler
                0x08003e5c                TIM1_UP_TIM10_IRQHandler
                0x08003e5c                TIM8_UP_TIM13_IRQHandler
                0x08003e5c                I2C3_ER_IRQHandler
                0x08003e5c                EXTI0_IRQHandler
                0x08003e5c                I2C2_EV_IRQHandler
                0x08003e5c                DMA1_Stream2_IRQHandler
                0x08003e5c                CAN1_RX0_IRQHandler
                0x08003e5c                FPU_IRQHandler
                0x08003e5c                OTG_HS_WKUP_IRQHandler
                0x08003e5c                CAN2_SCE_IRQHandler
                0x08003e5c                DMA2_Stream2_IRQHandler
                0x08003e5c                SPI1_IRQHandler
                0x08003e5c                TIM6_DAC_IRQHandler
                0x08003e5c                TIM1_BRK_TIM9_IRQHandler
                0x08003e5c                CAN2_RX0_IRQHandler
                0x08003e5c                DMA2_Stream3_IRQHandler
                0x08003e5c                USART6_IRQHandler
                0x08003e5c                USART3_IRQHandler
                0x08003e5c                CRYP_IRQHandler
                0x08003e5c                CAN1_RX1_IRQHandler
                0x08003e5c                UART5_IRQHandler
                0x08003e5c                DMA2_Stream0_IRQHandler
                0x08003e5c                TIM4_IRQHandler
                0x08003e5c                I2C1_EV_IRQHandler
                0x08003e5c                DMA1_Stream6_IRQHandler
                0x08003e5c                DMA1_Stream1_IRQHandler
                0x08003e5c                UART4_IRQHandler
                0x08003e5c                TIM3_IRQHandler
                0x08003e5c                RCC_IRQHandler
                0x08003e5c                TIM8_BRK_TIM12_IRQHandler
                0x08003e5c                EXTI15_10_IRQHandler
                0x08003e5c                ADC_IRQHandler
                0x08003e5c                DMA1_Stream7_IRQHandler
                0x08003e5c                TIM7_IRQHandler
                0x08003e5c                CAN2_TX_IRQHandler
                0x08003e5c                TIM5_IRQHandler
                0x08003e5c                DMA2_Stream7_IRQHandler
                0x08003e5c                I2C3_EV_IRQHandler
                0x08003e5c                EXTI9_5_IRQHandler
                0x08003e5c                RTC_WKUP_IRQHandler
                0x08003e5c                ETH_WKUP_IRQHandler
                0x08003e5c                SPI2_IRQHandler
                0x08003e5c                OTG_HS_EP1_IN_IRQHandler
                0x08003e5c                DMA1_Stream0_IRQHandler
                0x08003e5c                CAN1_TX_IRQHandler
                0x08003e5c                EXTI4_IRQHandler
                0x08003e5c                FSMC_IRQHandler
                0x08003e5c                OTG_HS_EP1_OUT_IRQHandler
                0x08003e5c                WWDG_IRQHandler
                0x08003e5c                TIM2_IRQHandler
                0x08003e5c                OTG_FS_WKUP_IRQHandler
                0x08003e5c                TIM1_TRG_COM_TIM11_IRQHandler
                0x08003e5c                OTG_HS_IRQHandler
                0x08003e5c                EXTI1_IRQHandler
                0x08003e5c                USART2_IRQHandler
                0x08003e5c                I2C2_ER_IRQHandler
                0x08003e5c                CAN1_SCE_IRQHandler
                0x08003e5c                FLASH_IRQHandler
                0x08003e5c                DMA2_Stream4_IRQHandler
                0x08003e5c                USART1_IRQHandler
                0x08003e5c                OTG_FS_IRQHandler
                0x08003e5c                SPI3_IRQHandler
                0x08003e5c                DMA1_Stream4_IRQHandler
                0x08003e5c                I2C1_ER_IRQHandler
                0x08003e5c                DMA2_Stream6_IRQHandler
                0x08003e5c                DMA1_Stream3_IRQHandler
 .text.ETH_Delay
                0x08003e64       0x28 ..\obj\stm32f4x7_eth.o
 .text.ETH_DeInit
                0x08003e8c       0x1c ..\obj\stm32f4x7_eth.o
                0x08003e8c                ETH_DeInit
 .text.ETH_StructInit
                0x08003ea8      0x15c ..\obj\stm32f4x7_eth.o
                0x08003ea8                ETH_StructInit
 .text.ETH_Init
                0x08004004      0x42c ..\obj\stm32f4x7_eth.o
                0x08004004                ETH_Init
 .text.ETH_Start
                0x08004430       0x24 ..\obj\stm32f4x7_eth.o
                0x08004430                ETH_Start
 .text.ETH_MACTransmissionCmd
                0x08004454       0x38 ..\obj\stm32f4x7_eth.o
                0x08004454                ETH_MACTransmissionCmd
 .text.ETH_MACReceptionCmd
                0x0800448c       0x38 ..\obj\stm32f4x7_eth.o
                0x0800448c                ETH_MACReceptionCmd
 .text.ETH_MACAddressConfig
                0x080044c4       0x6c ..\obj\stm32f4x7_eth.o
                0x080044c4                ETH_MACAddressConfig
 .text.ETH_Get_Received_Frame_interrupt
                0x08004530      0x144 ..\obj\stm32f4x7_eth.o
                0x08004530                ETH_Get_Received_Frame_interrupt
 .text.ETH_Prepare_Transmit_Descriptors
                0x08004674      0x16c ..\obj\stm32f4x7_eth.o
                0x08004674                ETH_Prepare_Transmit_Descriptors
 .text.ETH_DMARxDescChainInit
                0x080047e0       0xa8 ..\obj\stm32f4x7_eth.o
                0x080047e0                ETH_DMARxDescChainInit
 .text.ETH_DMATxDescChainInit
                0x08004888       0x90 ..\obj\stm32f4x7_eth.o
                0x08004888                ETH_DMATxDescChainInit
 .text.ETH_DMATxDescChecksumInsertionConfig
                0x08004918       0x20 ..\obj\stm32f4x7_eth.o
                0x08004918                ETH_DMATxDescChecksumInsertionConfig
 .text.ETH_DMARxDescReceiveITConfig
                0x08004938       0x38 ..\obj\stm32f4x7_eth.o
                0x08004938                ETH_DMARxDescReceiveITConfig
 .text.ETH_SoftwareReset
                0x08004970       0x24 ..\obj\stm32f4x7_eth.o
                0x08004970                ETH_SoftwareReset
 .text.ETH_GetSoftwareResetStatus
                0x08004994       0x38 ..\obj\stm32f4x7_eth.o
                0x08004994                ETH_GetSoftwareResetStatus
 .text.ETH_GetDMAFlagStatus
                0x080049cc       0x3c ..\obj\stm32f4x7_eth.o
                0x080049cc                ETH_GetDMAFlagStatus
 .text.ETH_DMAITConfig
                0x08004a08       0x54 ..\obj\stm32f4x7_eth.o
                0x08004a08                ETH_DMAITConfig
 .text.ETH_DMAClearITPendingBit
                0x08004a5c       0x24 ..\obj\stm32f4x7_eth.o
                0x08004a5c                ETH_DMAClearITPendingBit
 .text.ETH_FlushTransmitFIFO
                0x08004a80       0x28 ..\obj\stm32f4x7_eth.o
                0x08004a80                ETH_FlushTransmitFIFO
 .text.ETH_DMATransmissionCmd
                0x08004aa8       0x50 ..\obj\stm32f4x7_eth.o
                0x08004aa8                ETH_DMATransmissionCmd
 .text.ETH_DMAReceptionCmd
                0x08004af8       0x50 ..\obj\stm32f4x7_eth.o
                0x08004af8                ETH_DMAReceptionCmd
 .text.ETH_ReadPHYRegister
                0x08004b48       0xa0 ..\obj\stm32f4x7_eth.o
                0x08004b48                ETH_ReadPHYRegister
 .text.ETH_WritePHYRegister
                0x08004be8       0xa4 ..\obj\stm32f4x7_eth.o
                0x08004be8                ETH_WritePHYRegister
 .text.ip4_addr_isbroadcast
                0x08004c8c       0x78 ..\obj\ip_addr.o
                0x08004c8c                ip4_addr_isbroadcast
 .text.eMBFuncWriteHoldingRegister
                0x08004d04       0x70 ..\obj\mbfuncholding.o
                0x08004d04                eMBFuncWriteHoldingRegister
 .text.eMBFuncWriteMultipleHoldingRegister
                0x08004d74       0xbc ..\obj\mbfuncholding.o
                0x08004d74                eMBFuncWriteMultipleHoldingRegister
 .text.eMBFuncReadHoldingRegister
                0x08004e30       0xe4 ..\obj\mbfuncholding.o
                0x08004e30                eMBFuncReadHoldingRegister
 .text.eMBFuncReadWriteMultipleHoldingRegister
                0x08004f14      0x160 ..\obj\mbfuncholding.o
                0x08004f14                eMBFuncReadWriteMultipleHoldingRegister
 .text.lwip_standard_chksum
                0x08005074       0xbc ..\obj\inet_chksum.o
 .text.inet_chksum
                0x08005130       0x24 ..\obj\inet_chksum.o
                0x08005130                inet_chksum
 .text.inet_chksum_pbuf
                0x08005154       0x98 ..\obj\inet_chksum.o
                0x08005154                inet_chksum_pbuf
 .text.LwIP_Init
                0x080051ec       0x60 ..\obj\main.o
                0x080051ec                LwIP_Init
 .text.main     0x0800524c       0x48 ..\obj\main.o
                0x0800524c                main
 .text.RCC_MCO1Config
                0x08005294       0x3c ..\obj\stm32f4xx_rcc.o
                0x08005294                RCC_MCO1Config
 .text.RCC_GetClocksFreq
                0x080052d0      0x154 ..\obj\stm32f4xx_rcc.o
                0x080052d0                RCC_GetClocksFreq
 .text.RCC_AHB1PeriphClockCmd
                0x08005424       0x3c ..\obj\stm32f4xx_rcc.o
                0x08005424                RCC_AHB1PeriphClockCmd
 .text.RCC_AHB2PeriphClockCmd
                0x08005460       0x3c ..\obj\stm32f4xx_rcc.o
                0x08005460                RCC_AHB2PeriphClockCmd
 .text.RCC_APB1PeriphClockCmd
                0x0800549c       0x3c ..\obj\stm32f4xx_rcc.o
                0x0800549c                RCC_APB1PeriphClockCmd
 .text.RCC_APB2PeriphClockCmd
                0x080054d8       0x3c ..\obj\stm32f4xx_rcc.o
                0x080054d8                RCC_APB2PeriphClockCmd
 .text.RCC_AHB1PeriphResetCmd
                0x08005514       0x3c ..\obj\stm32f4xx_rcc.o
                0x08005514                RCC_AHB1PeriphResetCmd
 .text.NMI_Handler
                0x08005550        0xc ..\obj\stm32f4xx_it.o
                0x08005550                NMI_Handler
 .text.HardFault_Handler
                0x0800555c        0x8 ..\obj\stm32f4xx_it.o
                0x0800555c                HardFault_Handler
 .text.MemManage_Handler
                0x08005564        0x8 ..\obj\stm32f4xx_it.o
                0x08005564                MemManage_Handler
 .text.BusFault_Handler
                0x0800556c        0x8 ..\obj\stm32f4xx_it.o
                0x0800556c                BusFault_Handler
 .text.UsageFault_Handler
                0x08005574        0x8 ..\obj\stm32f4xx_it.o
                0x08005574                UsageFault_Handler
 .text.DebugMon_Handler
                0x0800557c        0xc ..\obj\stm32f4xx_it.o
                0x0800557c                DebugMon_Handler
 .text.ETH_IRQHandler
                0x08005588       0x5c ..\obj\stm32f4xx_it.o
                0x08005588                ETH_IRQHandler
 .text.tcpip_tcp_timer
                0x080055e4       0x44 ..\obj\timers.o
 .text.tcp_timer_needed
                0x08005628       0x40 ..\obj\timers.o
                0x08005628                tcp_timer_needed
 .text.arp_timer
                0x08005668       0x24 ..\obj\timers.o
 .text.dhcp_timer_coarse
                0x0800568c       0x24 ..\obj\timers.o
 .text.dhcp_timer_fine
                0x080056b0       0x24 ..\obj\timers.o
 .text.sys_timeouts_init
                0x080056d4       0x38 ..\obj\timers.o
                0x080056d4                sys_timeouts_init
 .text.sys_timeout
                0x0800570c       0xdc ..\obj\timers.o
                0x0800570c                sys_timeout
 .text.sys_untimeout
                0x080057e8       0x8c ..\obj\timers.o
                0x080057e8                sys_untimeout
 .text.sys_timeouts_mbox_fetch
                0x08005874       0xac ..\obj\timers.o
                0x08005874                sys_timeouts_mbox_fetch
 .text.lwip_init
                0x08005920       0x24 ..\obj\init.o
                0x08005920                lwip_init
 .text.ETH_BSP_Config
                0x08005944       0x20 ..\obj\stm32f4x7_eth_bsp.o
                0x08005944                ETH_BSP_Config
 .text.ETH_MACDMA_Config
                0x08005964       0xc8 ..\obj\stm32f4x7_eth_bsp.o
 .text.ETH_GPIO_Config
                0x08005a2c      0x130 ..\obj\stm32f4x7_eth_bsp.o
 .text.ETH_NVIC_Config
                0x08005b5c       0x2c ..\obj\stm32f4x7_eth_bsp.o
 .text.eMBFuncReadInputRegister
                0x08005b88       0xe8 ..\obj\mbfuncinput.o
                0x08005b88                eMBFuncReadInputRegister
 .text.lwip_htons
                0x08005c70       0x2c ..\obj\def.o
                0x08005c70                lwip_htons
 .text.lwip_ntohs
                0x08005c9c       0x1c ..\obj\def.o
                0x08005c9c                lwip_ntohs
 .text.lwip_htonl
                0x08005cb8       0x34 ..\obj\def.o
                0x08005cb8                lwip_htonl
 .text.lwip_ntohl
                0x08005cec       0x18 ..\obj\def.o
                0x08005cec                lwip_ntohl
 .text.low_level_init
                0x08005d04      0x11c ..\obj\ethernetif.o
 .text.low_level_output
                0x08005e20       0xc0 ..\obj\ethernetif.o
 .text.low_level_input
                0x08005ee0      0x100 ..\obj\ethernetif.o
 .text.ethernetif_input
                0x08005fe0       0x54 ..\obj\ethernetif.o
 .text.ethernetif_init
                0x08006034       0x50 ..\obj\ethernetif.o
                0x08006034                ethernetif_init
 .text.arp_timer
                0x08006084       0x24 ..\obj\ethernetif.o
 .text.DCMI_DeInit
                0x080060a8       0x3c ..\obj\stm32f4xx_dcmi.o
                0x080060a8                DCMI_DeInit
 .text.DCMI_Init
                0x080060e4       0x80 ..\obj\stm32f4xx_dcmi.o
                0x080060e4                DCMI_Init
 .text.DCMI_Cmd
                0x08006164       0x38 ..\obj\stm32f4xx_dcmi.o
                0x08006164                DCMI_Cmd
 .text.DCMI_CaptureCmd
                0x0800619c       0x38 ..\obj\stm32f4xx_dcmi.o
                0x0800619c                DCMI_CaptureCmd
 .text.DCMI_ITConfig
                0x080061d4       0x44 ..\obj\stm32f4xx_dcmi.o
                0x080061d4                DCMI_ITConfig
 .text.DCMI_GetFlagStatus
                0x08006218       0x64 ..\obj\stm32f4xx_dcmi.o
                0x08006218                DCMI_GetFlagStatus
 .text.DCMI_ClearFlag
                0x0800627c       0x20 ..\obj\stm32f4xx_dcmi.o
                0x0800627c                DCMI_ClearFlag
 .text.etharp_free_entry
                0x0800629c       0x64 ..\obj\etharp.o
 .text.etharp_tmr
                0x08006300       0xdc ..\obj\etharp.o
                0x08006300                etharp_tmr
 .text.etharp_find_entry
                0x080063dc      0x1fc ..\obj\etharp.o
 .text.etharp_send_ip
                0x080065d8       0x50 ..\obj\etharp.o
 .text.etharp_update_arp_entry
                0x08006628      0x11c ..\obj\etharp.o
 .text.etharp_cleanup_netif
                0x08006744       0x60 ..\obj\etharp.o
                0x08006744                etharp_cleanup_netif
 .text.etharp_arp_input
                0x080067a4      0x18c ..\obj\etharp.o
 .text.etharp_output_to_arp_index
                0x08006930       0xa8 ..\obj\etharp.o
 .text.etharp_output
                0x080069d8      0x190 ..\obj\etharp.o
                0x080069d8                etharp_output
 .text.etharp_query
                0x08006b68      0x220 ..\obj\etharp.o
                0x08006b68                etharp_query
 .text.etharp_raw
                0x08006d88       0xf4 ..\obj\etharp.o
 .text.etharp_request
                0x08006e7c       0x48 ..\obj\etharp.o
                0x08006e7c                etharp_request
 .text.ethernet_input
                0x08006ec4       0xfc ..\obj\etharp.o
                0x08006ec4                ethernet_input
 .text.xTaskGenericCreate
                0x08006fc0      0x1a4 ..\obj\tasks.o
                0x08006fc0                xTaskGenericCreate
 .text.vTaskStartScheduler
                0x08007164       0x80 ..\obj\tasks.o
                0x08007164                vTaskStartScheduler
 .text.vTaskSuspendAll
                0x080071e4       0x1c ..\obj\tasks.o
                0x080071e4                vTaskSuspendAll
 .text.xTaskResumeAll
                0x08007200      0x12c ..\obj\tasks.o
                0x08007200                xTaskResumeAll
 .text.xTaskGetTickCount
                0x0800732c       0x20 ..\obj\tasks.o
                0x0800732c                xTaskGetTickCount
 .text.xTaskIncrementTick
                0x0800734c      0x180 ..\obj\tasks.o
                0x0800734c                xTaskIncrementTick
 .text.vTaskSwitchContext
                0x080074cc       0xb4 ..\obj\tasks.o
                0x080074cc                vTaskSwitchContext
 .text.vTaskPlaceOnEventList
                0x08007580       0x9c ..\obj\tasks.o
                0x08007580                vTaskPlaceOnEventList
 .text.xTaskRemoveFromEventList
                0x0800761c       0xc8 ..\obj\tasks.o
                0x0800761c                xTaskRemoveFromEventList
 .text.vTaskSetTimeOutState
                0x080076e4       0x44 ..\obj\tasks.o
                0x080076e4                vTaskSetTimeOutState
 .text.xTaskCheckForTimeOut
                0x08007728       0xbc ..\obj\tasks.o
                0x08007728                xTaskCheckForTimeOut
 .text.vTaskMissedYield
                0x080077e4       0x18 ..\obj\tasks.o
                0x080077e4                vTaskMissedYield
 .text.prvIdleTask
                0x080077fc       0x30 ..\obj\tasks.o
 .text.prvInitialiseTCBVariables
                0x0800782c       0xa4 ..\obj\tasks.o
 .text.prvInitialiseTaskLists
                0x080078d0       0x7c ..\obj\tasks.o
 .text.prvCheckTasksWaitingTermination
                0x0800794c       0x74 ..\obj\tasks.o
 .text.prvAddCurrentTaskToDelayedList
                0x080079c0       0x6c ..\obj\tasks.o
 .text.prvAllocateTCBAndStack
                0x08007a2c       0x70 ..\obj\tasks.o
 .text.prvDeleteTCB
                0x08007a9c       0x20 ..\obj\tasks.o
 .text.prvResetNextTaskUnblockTime
                0x08007abc       0x48 ..\obj\tasks.o
 .text.vTaskPriorityInherit
                0x08007b04       0xf0 ..\obj\tasks.o
                0x08007b04                vTaskPriorityInherit
 .text.xTaskPriorityDisinherit
                0x08007bf4       0xe8 ..\obj\tasks.o
                0x08007bf4                xTaskPriorityDisinherit
 .text.pvTaskIncrementMutexHeldCount
                0x08007cdc       0x28 ..\obj\tasks.o
                0x08007cdc                pvTaskIncrementMutexHeldCount
 .text.pbuf_alloc
                0x08007d04      0x1f4 ..\obj\pbuf.o
                0x08007d04                pbuf_alloc
 .text.pbuf_realloc
                0x08007ef8       0xc8 ..\obj\pbuf.o
                0x08007ef8                pbuf_realloc
 .text.pbuf_header
                0x08007fc0       0xe0 ..\obj\pbuf.o
                0x08007fc0                pbuf_header
 .text.pbuf_free
                0x080080a0       0xa0 ..\obj\pbuf.o
                0x080080a0                pbuf_free
 .text.pbuf_clen
                0x08008140       0x30 ..\obj\pbuf.o
                0x08008140                pbuf_clen
 .text.pbuf_ref
                0x08008170       0x24 ..\obj\pbuf.o
                0x08008170                pbuf_ref
 .text.pbuf_cat
                0x08008194       0x5c ..\obj\pbuf.o
                0x08008194                pbuf_cat
 .text.pbuf_chain
                0x080081f0       0x20 ..\obj\pbuf.o
                0x080081f0                pbuf_chain
 .text.pbuf_copy
                0x08008210      0x110 ..\obj\pbuf.o
                0x08008210                pbuf_copy
 .text.pbuf_copy_partial
                0x08008320       0xcc ..\obj\pbuf.o
                0x08008320                pbuf_copy_partial
 .text.ADC_Ext_Init
                0x080083ec       0x10 ..\obj\adc_dcmi.o
                0x080083ec                ADC_Ext_Init
 .text.ADC_DCMI_Tim_Init
                0x080083fc      0x1cc ..\obj\adc_dcmi.o
                0x080083fc                ADC_DCMI_Tim_Init
 .text.ADC_DCMI_Core_Init
                0x080085c8      0x204 ..\obj\adc_dcmi.o
                0x080085c8                ADC_DCMI_Core_Init
 .text.DMA2_Stream1_IRQHandler
                0x080087cc       0x68 ..\obj\adc_dcmi.o
                0x080087cc                DMA2_Stream1_IRQHandler
 .text.DCMI_IRQHandler
                0x08008834       0x68 ..\obj\adc_dcmi.o
                0x08008834                DCMI_IRQHandler
 .text.netif_init
                0x0800889c        0xc ..\obj\netif.o
                0x0800889c                netif_init
 .text.netif_add
                0x080088a8       0x88 ..\obj\netif.o
                0x080088a8                netif_add
 .text.netif_set_addr
                0x08008930       0x2c ..\obj\netif.o
                0x08008930                netif_set_addr
 .text.netif_set_ipaddr
                0x0800895c       0xb0 ..\obj\netif.o
                0x0800895c                netif_set_ipaddr
 .text.netif_set_gw
                0x08008a0c       0x28 ..\obj\netif.o
                0x08008a0c                netif_set_gw
 .text.netif_set_netmask
                0x08008a34       0x28 ..\obj\netif.o
                0x08008a34                netif_set_netmask
 .text.netif_set_default
                0x08008a5c       0x1c ..\obj\netif.o
                0x08008a5c                netif_set_default
 .text.netif_set_up
                0x08008a78       0x58 ..\obj\netif.o
                0x08008a78                netif_set_up
 .text.netif_set_down
                0x08008ad0       0x44 ..\obj\netif.o
                0x08008ad0                netif_set_down
 .text.recv_raw
                0x08008b14       0xd0 ..\obj\api_msg.o
 .text.recv_udp
                0x08008be4       0x9c ..\obj\api_msg.o
 .text.recv_tcp
                0x08008c80       0x9c ..\obj\api_msg.o
 .text.poll_tcp
                0x08008d1c       0x8c ..\obj\api_msg.o
 .text.sent_tcp
                0x08008da8       0x88 ..\obj\api_msg.o
 .text.err_tcp  0x08008e30       0xe4 ..\obj\api_msg.o
 .text.setup_tcp
                0x08008f14       0x50 ..\obj\api_msg.o
 .text.accept_function
                0x08008f64       0xd0 ..\obj\api_msg.o
 .text.pcb_new  0x08009034       0xe4 ..\obj\api_msg.o
 .text.do_newconn
                0x08009118       0x30 ..\obj\api_msg.o
                0x08009118                do_newconn
 .text.netconn_alloc
                0x08009148       0xc8 ..\obj\api_msg.o
                0x08009148                netconn_alloc
 .text.netconn_free
                0x08009210       0x28 ..\obj\api_msg.o
                0x08009210                netconn_free
 .text.netconn_drain
                0x08009238       0xe0 ..\obj\api_msg.o
 .text.do_close_internal
                0x08009318      0x194 ..\obj\api_msg.o
 .text.do_delconn
                0x080094ac      0x110 ..\obj\api_msg.o
                0x080094ac                do_delconn
 .text.do_bind  0x080095bc       0xbc ..\obj\api_msg.o
                0x080095bc                do_bind
 .text.do_listen
                0x08009678      0x114 ..\obj\api_msg.o
                0x08009678                do_listen
 .text.do_recv  0x0800978c       0x6c ..\obj\api_msg.o
                0x0800978c                do_recv
 .text.do_writemore
                0x080097f8      0x1cc ..\obj\api_msg.o
 .text.do_write
                0x080099c4       0x94 ..\obj\api_msg.o
                0x080099c4                do_write
 .text.do_close
                0x08009a58       0xa4 ..\obj\api_msg.o
                0x08009a58                do_close
 .text.GPIO_Init
                0x08009afc      0x11c ..\obj\stm32f4xx_gpio.o
                0x08009afc                GPIO_Init
 .text.GPIO_SetBits
                0x08009c18       0x1c ..\obj\stm32f4xx_gpio.o
                0x08009c18                GPIO_SetBits
 .text.GPIO_ResetBits
                0x08009c34       0x1c ..\obj\stm32f4xx_gpio.o
                0x08009c34                GPIO_ResetBits
 .text.GPIO_PinAFConfig
                0x08009c50       0x90 ..\obj\stm32f4xx_gpio.o
                0x08009c50                GPIO_PinAFConfig
 .text.sys_mbox_new
                0x08009ce0       0x38 ..\obj\sys_arch.o
                0x08009ce0                sys_mbox_new
 .text.sys_mbox_free
                0x08009d18       0x40 ..\obj\sys_arch.o
                0x08009d18                sys_mbox_free
 .text.sys_mbox_post
                0x08009d58       0x2c ..\obj\sys_arch.o
                0x08009d58                sys_mbox_post
 .text.sys_mbox_trypost
                0x08009d84       0x6c ..\obj\sys_arch.o
                0x08009d84                sys_mbox_trypost
 .text.sys_arch_mbox_fetch
                0x08009df0       0xbc ..\obj\sys_arch.o
                0x08009df0                sys_arch_mbox_fetch
 .text.sys_arch_mbox_tryfetch
                0x08009eac       0x6c ..\obj\sys_arch.o
                0x08009eac                sys_arch_mbox_tryfetch
 .text.sys_sem_new
                0x08009f18       0x68 ..\obj\sys_arch.o
                0x08009f18                sys_sem_new
 .text.sys_arch_sem_wait
                0x08009f80       0x88 ..\obj\sys_arch.o
                0x08009f80                sys_arch_sem_wait
 .text.sys_mutex_new
                0x0800a008       0x30 ..\obj\sys_arch.o
                0x0800a008                sys_mutex_new
 .text.sys_mutex_lock
                0x0800a038       0x28 ..\obj\sys_arch.o
                0x0800a038                sys_mutex_lock
 .text.sys_mutex_unlock
                0x0800a060       0x20 ..\obj\sys_arch.o
                0x0800a060                sys_mutex_unlock
 .text.sys_sem_signal
                0x0800a080       0x40 ..\obj\sys_arch.o
                0x0800a080                sys_sem_signal
 .text.sys_sem_free
                0x0800a0c0       0x18 ..\obj\sys_arch.o
                0x0800a0c0                sys_sem_free
 .text.sys_init
                0x0800a0d8        0xc ..\obj\sys_arch.o
                0x0800a0d8                sys_init
 .text.sys_thread_new
                0x0800a0e4       0x4c ..\obj\sys_arch.o
                0x0800a0e4                sys_thread_new
 .text.vListInitialise
                0x0800a130       0x40 ..\obj\list.o
                0x0800a130                vListInitialise
 .text.vListInitialiseItem
                0x0800a170       0x18 ..\obj\list.o
                0x0800a170                vListInitialiseItem
 .text.vListInsertEnd
                0x0800a188       0x48 ..\obj\list.o
                0x0800a188                vListInsertEnd
 .text.vListInsert
                0x0800a1d0       0x70 ..\obj\list.o
                0x0800a1d0                vListInsert
 .text.uxListRemove
                0x0800a240       0x54 ..\obj\list.o
                0x0800a240                uxListRemove
 .text.SystemInit
                0x0800a294       0x68 ..\obj\system_stm32f4xx.o
                0x0800a294                SystemInit
 .text.SetSysClock
                0x0800a2fc       0xf4 ..\obj\system_stm32f4xx.o
 .text._sbrk    0x0800a3f0       0x40 ..\obj\syscalls.o
                0x0800a3f0                _sbrk
 .text._close   0x0800a430       0x18 ..\obj\syscalls.o
                0x0800a430                _close
 .text._fstat   0x0800a448       0x20 ..\obj\syscalls.o
                0x0800a448                _fstat
 .text._isatty  0x0800a468       0x18 ..\obj\syscalls.o
                0x0800a468                _isatty
 .text._lseek   0x0800a480       0x1c ..\obj\syscalls.o
                0x0800a480                _lseek
 .text._read    0x0800a49c       0x1c ..\obj\syscalls.o
                0x0800a49c                _read
 .text._write   0x0800a4b8       0x1c ..\obj\syscalls.o
                0x0800a4b8                _write
 .text.DMA_Init
                0x0800a4d4       0xac ..\obj\stm32f4xx_dma.o
                0x0800a4d4                DMA_Init
 .text.DMA_Cmd  0x0800a580       0x38 ..\obj\stm32f4xx_dma.o
                0x0800a580                DMA_Cmd
 .text.DMA_ITConfig
                0x0800a5b8       0x74 ..\obj\stm32f4xx_dma.o
                0x0800a5b8                DMA_ITConfig
 .text.DMA_GetITStatus
                0x0800a62c       0xb0 ..\obj\stm32f4xx_dma.o
                0x0800a62c                DMA_GetITStatus
 .text.DMA_ClearITPendingBit
                0x0800a6dc       0x5c ..\obj\stm32f4xx_dma.o
                0x0800a6dc                DMA_ClearITPendingBit
 .text.prvvMBTCPLogFrame
                0x0800a738      0x18c ..\obj\portother.o
                0x0800a738                prvvMBTCPLogFrame
 .text.vMBPortLog
                0x0800a8c4       0x44 ..\obj\portother.o
                0x0800a8c4                vMBPortLog
 .text.bMBPortIsWithinException
                0x0800a908       0x18 ..\obj\portother.o
                0x0800a908                bMBPortIsWithinException
 .text.xQueueGenericReset
                0x0800a920       0xd0 ..\obj\queue.o
                0x0800a920                xQueueGenericReset
 .text.xQueueGenericCreate
                0x0800a9f0       0xb8 ..\obj\queue.o
                0x0800a9f0                xQueueGenericCreate
 .text.xQueueCreateMutex
                0x0800aaa8       0xa0 ..\obj\queue.o
                0x0800aaa8                xQueueCreateMutex
 .text.xQueueCreateCountingSemaphore
                0x0800ab48       0x7c ..\obj\queue.o
                0x0800ab48                xQueueCreateCountingSemaphore
 .text.xQueueGenericSend
                0x0800abc4      0x1c0 ..\obj\queue.o
                0x0800abc4                xQueueGenericSend
 .text.xQueueGenericSendFromISR
                0x0800ad84      0x118 ..\obj\queue.o
                0x0800ad84                xQueueGenericSendFromISR
 .text.xQueueGiveFromISR
                0x0800ae9c       0xd4 ..\obj\queue.o
                0x0800ae9c                xQueueGiveFromISR
 .text.xQueueGenericReceive
                0x0800af70      0x1e0 ..\obj\queue.o
                0x0800af70                xQueueGenericReceive
 .text.xQueueReceiveFromISR
                0x0800b150       0xe8 ..\obj\queue.o
                0x0800b150                xQueueReceiveFromISR
 .text.uxQueueMessagesWaiting
                0x0800b238       0x3c ..\obj\queue.o
                0x0800b238                uxQueueMessagesWaiting
 .text.vQueueDelete
                0x0800b274       0x34 ..\obj\queue.o
                0x0800b274                vQueueDelete
 .text.prvCopyDataToQueue
                0x0800b2a8       0xdc ..\obj\queue.o
 .text.prvCopyDataFromQueue
                0x0800b384       0x4c ..\obj\queue.o
 .text.prvUnlockQueue
                0x0800b3d0       0x98 ..\obj\queue.o
 .text.prvIsQueueEmpty
                0x0800b468       0x2c ..\obj\queue.o
 .text.prvIsQueueFull
                0x0800b494       0x30 ..\obj\queue.o
 .text.pxPortInitialiseStack
                0x0800b4c4       0x64 ..\obj\port.o
                0x0800b4c4                pxPortInitialiseStack
 .text.prvTaskExitError
                0x0800b528       0x3c ..\obj\port.o
 .text.SVC_Handler
                0x0800b564       0x20 ..\obj\port.o
                0x0800b564                SVC_Handler
 .text.prvPortStartFirstTask
                0x0800b584       0x20 ..\obj\port.o
 .text.xPortStartScheduler
                0x0800b5a4      0x118 ..\obj\port.o
                0x0800b5a4                xPortStartScheduler
 .text.vPortEnterCritical
                0x0800b6bc       0x5c ..\obj\port.o
                0x0800b6bc                vPortEnterCritical
 .text.vPortExitCritical
                0x0800b718       0x4c ..\obj\port.o
                0x0800b718                vPortExitCritical
 .text.PendSV_Handler
                0x0800b764       0x60 ..\obj\port.o
                0x0800b764                PendSV_Handler
 .text.SysTick_Handler
                0x0800b7c4       0x44 ..\obj\port.o
                0x0800b7c4                SysTick_Handler
 .text.vPortSetupTimerInterrupt
                0x0800b808       0x34 ..\obj\port.o
                0x0800b808                vPortSetupTimerInterrupt
 .text.vPortEnableVFP
                0x0800b83c       0x14 ..\obj\port.o
 .text.vPortValidateInterruptPriority
                0x0800b850       0x78 ..\obj\port.o
                0x0800b850                vPortValidateInterruptPriority
 .text.MB_TCP_Init
                0x0800b8c8       0x4c ..\obj\mbinit.o
                0x0800b8c8                MB_TCP_Init
 .text.MB_TCP_Task
                0x0800b914       0x10 ..\obj\mbinit.o
                0x0800b914                MB_TCP_Task
 .text.udp_init
                0x0800b924        0xc ..\obj\udp.o
                0x0800b924                udp_init
 .text.udp_new_port
                0x0800b930       0x74 ..\obj\udp.o
 .text.udp_input
                0x0800b9a4      0x27c ..\obj\udp.o
                0x0800b9a4                udp_input
 .text.udp_sendto_if
                0x0800bc20      0x130 ..\obj\udp.o
                0x0800bc20                udp_sendto_if
 .text.udp_bind
                0x0800bd50       0xc0 ..\obj\udp.o
                0x0800bd50                udp_bind
 .text.udp_recv
                0x0800be10       0x24 ..\obj\udp.o
                0x0800be10                udp_recv
 .text.udp_remove
                0x0800be34       0x60 ..\obj\udp.o
                0x0800be34                udp_remove
 .text.udp_new  0x0800be94       0x30 ..\obj\udp.o
                0x0800be94                udp_new
 .text.ip_route
                0x0800bec4       0x78 ..\obj\ip.o
                0x0800bec4                ip_route
 .text.ip_input
                0x0800bf3c      0x234 ..\obj\ip.o
                0x0800bf3c                ip_input
 .text.ip_output_if
                0x0800c170       0xf4 ..\obj\ip.o
                0x0800c170                ip_output_if
 .text.ip_output
                0x0800c264       0x4c ..\obj\ip.o
                0x0800c264                ip_output
 .text.eMBFuncReadCoils
                0x0800c2b0      0x104 ..\obj\mbfunccoils.o
                0x0800c2b0                eMBFuncReadCoils
 .text.eMBFuncWriteCoil
                0x0800c3b4       0xb0 ..\obj\mbfunccoils.o
                0x0800c3b4                eMBFuncWriteCoil
 .text.eMBFuncWriteMultipleCoils
                0x0800c464       0xd8 ..\obj\mbfunccoils.o
                0x0800c464                eMBFuncWriteMultipleCoils
 .text.icmp_input
                0x0800c53c      0x1ec ..\obj\icmp.o
                0x0800c53c                icmp_input
 .text.icmp_dest_unreach
                0x0800c728       0x20 ..\obj\icmp.o
                0x0800c728                icmp_dest_unreach
 .text.icmp_send_response
                0x0800c748       0xac ..\obj\icmp.o
 .text.NVIC_PriorityGroupConfig
                0x0800c7f4       0x24 ..\obj\misc.o
                0x0800c7f4                NVIC_PriorityGroupConfig
 .text.NVIC_Init
                0x0800c818       0xc0 ..\obj\misc.o
                0x0800c818                NVIC_Init
 .text.netconn_new_with_proto_and_callback
                0x0800c8d8       0x6c ..\obj\api_lib.o
                0x0800c8d8                netconn_new_with_proto_and_callback
 .text.netconn_delete
                0x0800c944       0x3c ..\obj\api_lib.o
                0x0800c944                netconn_delete
 .text.netconn_bind
                0x0800c980       0x60 ..\obj\api_lib.o
                0x0800c980                netconn_bind
 .text.netconn_listen_with_backlog
                0x0800c9e0       0x54 ..\obj\api_lib.o
                0x0800c9e0                netconn_listen_with_backlog
 .text.netconn_accept
                0x0800ca34       0x9c ..\obj\api_lib.o
                0x0800ca34                netconn_accept
 .text.netconn_recv_data
                0x0800cad0      0x108 ..\obj\api_lib.o
 .text.netconn_recv
                0x0800cbd8       0xc0 ..\obj\api_lib.o
                0x0800cbd8                netconn_recv
 .text.netconn_write_partly
                0x0800cc98       0xd0 ..\obj\api_lib.o
                0x0800cc98                netconn_write_partly
 .text.netconn_close_shutdown
                0x0800cd68       0x58 ..\obj\api_lib.o
 .text.netconn_close
                0x0800cdc0       0x1c ..\obj\api_lib.o
                0x0800cdc0                netconn_close
 .text.eMBTCPDoInit
                0x0800cddc       0x2c ..\obj\mbtcp.o
                0x0800cddc                eMBTCPDoInit
 .text.eMBTCPStart
                0x0800ce08        0xc ..\obj\mbtcp.o
                0x0800ce08                eMBTCPStart
 .text.eMBTCPStop
                0x0800ce14        0xc ..\obj\mbtcp.o
                0x0800ce14                eMBTCPStop
 .text.eMBTCPReceive
                0x0800ce20       0x74 ..\obj\mbtcp.o
                0x0800ce20                eMBTCPReceive
 .text.eMBTCPSend
                0x0800ce94       0x5c ..\obj\mbtcp.o
                0x0800ce94                eMBTCPSend
 .text.dhcp_check
                0x0800cef0       0x5c ..\obj\dhcp.o
 .text.dhcp_select
                0x0800cf4c      0x138 ..\obj\dhcp.o
 .text.dhcp_coarse_tmr
                0x0800d084       0x5c ..\obj\dhcp.o
                0x0800d084                dhcp_coarse_tmr
 .text.dhcp_fine_tmr
                0x0800d0e0       0x60 ..\obj\dhcp.o
                0x0800d0e0                dhcp_fine_tmr
 .text.dhcp_timeout
                0x0800d140       0xc8 ..\obj\dhcp.o
 .text.dhcp_t1_timeout
                0x0800d208       0x34 ..\obj\dhcp.o
 .text.dhcp_t2_timeout
                0x0800d23c       0x34 ..\obj\dhcp.o
 .text.dhcp_arp_reply
                0x0800d270       0x40 ..\obj\dhcp.o
                0x0800d270                dhcp_arp_reply
 .text.dhcp_decline
                0x0800d2b0       0xc4 ..\obj\dhcp.o
 .text.dhcp_discover
                0x0800d374      0x104 ..\obj\dhcp.o
 .text.dhcp_bind
                0x0800d478      0x148 ..\obj\dhcp.o
 .text.dhcp_renew
                0x0800d5c0       0xd4 ..\obj\dhcp.o
                0x0800d5c0                dhcp_renew
 .text.dhcp_rebind
                0x0800d694       0xd8 ..\obj\dhcp.o
 .text.dhcp_reboot
                0x0800d76c       0xf4 ..\obj\dhcp.o
 .text.dhcp_release
                0x0800d860      0x10c ..\obj\dhcp.o
                0x0800d860                dhcp_release
 .text.dhcp_set_state
                0x0800d96c       0x34 ..\obj\dhcp.o
 .text.dhcp_option
                0x0800d9a0       0x4c ..\obj\dhcp.o
 .text.dhcp_option_byte
                0x0800d9ec       0x30 ..\obj\dhcp.o
 .text.dhcp_option_short
                0x0800da1c       0x54 ..\obj\dhcp.o
 .text.dhcp_option_long
                0x0800da70       0x98 ..\obj\dhcp.o
 .text.dhcp_create_msg
                0x0800db08      0x224 ..\obj\dhcp.o
 .text.dhcp_delete_msg
                0x0800dd2c       0x34 ..\obj\dhcp.o
 .text.dhcp_option_trailer
                0x0800dd60       0x68 ..\obj\dhcp.o
 .text.eMBRegInputCB
                0x0800ddc8       0xb8 ..\obj\mbfunc.o
                0x0800ddc8                eMBRegInputCB
 .text.eMBRegHoldingCB
                0x0800de80       0xe8 ..\obj\mbfunc.o
                0x0800de80                eMBRegHoldingCB
 .text.eMBRegCoilsCB
                0x0800df68       0x28 ..\obj\mbfunc.o
                0x0800df68                eMBRegCoilsCB
 .text.eMBRegDiscreteCB
                0x0800df90       0x20 ..\obj\mbfunc.o
                0x0800df90                eMBRegDiscreteCB
 .text.pvPortMalloc
                0x0800dfb0      0x11c ..\obj\heap_2.o
                0x0800dfb0                pvPortMalloc
 .text.vPortFree
                0x0800e0cc       0x70 ..\obj\heap_2.o
                0x0800e0cc                vPortFree
 .text.prvHeapInit
                0x0800e13c       0x50 ..\obj\heap_2.o
 .text.http_server_serve
                0x0800e18c       0xa0 ..\obj\http_server.o
                0x0800e18c                http_server_serve
 .text.http_server_netconn_thread
                0x0800e22c       0x74 ..\obj\http_server.o
                0x0800e22c                http_server_netconn_thread
 .text.TIM_TimeBaseInit
                0x0800e2a0       0xd4 ..\obj\stm32f4xx_tim.o
                0x0800e2a0                TIM_TimeBaseInit
 .text.TIM_TimeBaseStructInit
                0x0800e374       0x34 ..\obj\stm32f4xx_tim.o
                0x0800e374                TIM_TimeBaseStructInit
 .text.TIM_ARRPreloadConfig
                0x0800e3a8       0x40 ..\obj\stm32f4xx_tim.o
                0x0800e3a8                TIM_ARRPreloadConfig
 .text.TIM_Cmd  0x0800e3e8       0x40 ..\obj\stm32f4xx_tim.o
                0x0800e3e8                TIM_Cmd
 .text.TIM_OC1Init
                0x0800e428       0xf4 ..\obj\stm32f4xx_tim.o
                0x0800e428                TIM_OC1Init
 .text.TIM_OCStructInit
                0x0800e51c       0x44 ..\obj\stm32f4xx_tim.o
                0x0800e51c                TIM_OCStructInit
 .text.TIM_OC1PreloadConfig
                0x0800e560       0x38 ..\obj\stm32f4xx_tim.o
                0x0800e560                TIM_OC1PreloadConfig
 .text.TIM_CtrlPWMOutputs
                0x0800e598       0x4c ..\obj\stm32f4xx_tim.o
                0x0800e598                TIM_CtrlPWMOutputs
 .text.TIM_ETRClockMode2Config
                0x0800e5e4       0x3c ..\obj\stm32f4xx_tim.o
                0x0800e5e4                TIM_ETRClockMode2Config
 .text.TIM_SelectInputTrigger
                0x0800e620       0x38 ..\obj\stm32f4xx_tim.o
                0x0800e620                TIM_SelectInputTrigger
 .text.TIM_SelectOutputTrigger
                0x0800e658       0x38 ..\obj\stm32f4xx_tim.o
                0x0800e658                TIM_SelectOutputTrigger
 .text.TIM_SelectSlaveMode
                0x0800e690       0x38 ..\obj\stm32f4xx_tim.o
                0x0800e690                TIM_SelectSlaveMode
 .text.TIM_SelectMasterSlaveMode
                0x0800e6c8       0x38 ..\obj\stm32f4xx_tim.o
                0x0800e6c8                TIM_SelectMasterSlaveMode
 .text.TIM_ETRConfig
                0x0800e700       0x54 ..\obj\stm32f4xx_tim.o
                0x0800e700                TIM_ETRConfig
 .text.tcp_output_alloc_header
                0x0800e754       0xd0 ..\obj\tcp_out.o
 .text.tcp_send_fin
                0x0800e824       0x80 ..\obj\tcp_out.o
                0x0800e824                tcp_send_fin
 .text.tcp_create_segment
                0x0800e8a4      0x104 ..\obj\tcp_out.o
 .text.tcp_pbuf_prealloc
                0x0800e9a8       0xa4 ..\obj\tcp_out.o
 .text.tcp_write_checks
                0x0800ea4c       0xac ..\obj\tcp_out.o
 .text.tcp_write
                0x0800eaf8      0x454 ..\obj\tcp_out.o
                0x0800eaf8                tcp_write
 .text.tcp_enqueue_flags
                0x0800ef4c      0x18c ..\obj\tcp_out.o
                0x0800ef4c                tcp_enqueue_flags
 .text.tcp_send_empty_ack
                0x0800f0d8       0x74 ..\obj\tcp_out.o
                0x0800f0d8                tcp_send_empty_ack
 .text.tcp_output
                0x0800f14c      0x2a8 ..\obj\tcp_out.o
                0x0800f14c                tcp_output
 .text.tcp_output_segment
                0x0800f3f4      0x14c ..\obj\tcp_out.o
 .text.tcp_rst  0x0800f540       0xb8 ..\obj\tcp_out.o
                0x0800f540                tcp_rst
 .text.tcp_rexmit_rto
                0x0800f5f8       0x60 ..\obj\tcp_out.o
                0x0800f5f8                tcp_rexmit_rto
 .text.tcp_rexmit
                0x0800f658       0x94 ..\obj\tcp_out.o
                0x0800f658                tcp_rexmit
 .text.tcp_rexmit_fast
                0x0800f6ec       0xa4 ..\obj\tcp_out.o
                0x0800f6ec                tcp_rexmit_fast
 .text.tcp_keepalive
                0x0800f790       0x58 ..\obj\tcp_out.o
                0x0800f790                tcp_keepalive
 .text.tcp_zero_window_probe
                0x0800f7e8       0xf0 ..\obj\tcp_out.o
                0x0800f7e8                tcp_zero_window_probe
 .text.raw_input
                0x0800f8d8       0xc0 ..\obj\raw.o
                0x0800f8d8                raw_input
 .text.raw_bind
                0x0800f998       0x2c ..\obj\raw.o
                0x0800f998                raw_bind
 .text.raw_recv
                0x0800f9c4       0x24 ..\obj\raw.o
                0x0800f9c4                raw_recv
 .text.raw_remove
                0x0800f9e8       0x60 ..\obj\raw.o
                0x0800f9e8                raw_remove
 .text.raw_new  0x0800fa48       0x4c ..\obj\raw.o
                0x0800fa48                raw_new
 .text.memcmp   0x0800fa94       0x64 c:/program files/gnu tools arm embedded/4.9 2015q2/bin/../lib/gcc/arm-none-eabi/4.9.3/../../../../arm-none-eabi/lib/armv7e-m/softfp\libg.a(lib_a-memcmp.o)
                0x0800fa94                memcmp
 .text          0x0800faf8      0x134 c:/program files/gnu tools arm embedded/4.9 2015q2/bin/../lib/gcc/arm-none-eabi/4.9.3/../../../../arm-none-eabi/lib/armv7e-m/softfp\libg.a(lib_a-memcpy.o)
                0x0800faf8                memcpy
 .text.memset   0x0800fc2c       0x9c c:/program files/gnu tools arm embedded/4.9 2015q2/bin/../lib/gcc/arm-none-eabi/4.9.3/../../../../arm-none-eabi/lib/armv7e-m/softfp\libg.a(lib_a-memset.o)
                0x0800fc2c                memset
 .text.printf   0x0800fcc8       0x28 c:/program files/gnu tools arm embedded/4.9 2015q2/bin/../lib/gcc/arm-none-eabi/4.9.3/../../../../arm-none-eabi/lib/armv7e-m/softfp\libg.a(lib_a-printf.o)
                0x0800fcc8                printf
 .text.snprintf
                0x0800fcf0       0x9c c:/program files/gnu tools arm embedded/4.9 2015q2/bin/../lib/gcc/arm-none-eabi/4.9.3/../../../../arm-none-eabi/lib/armv7e-m/softfp\libg.a(lib_a-snprintf.o)
                0x0800fcf0                snprintf
 .text.sprintf  0x0800fd8c       0x4c c:/program files/gnu tools arm embedded/4.9 2015q2/bin/../lib/gcc/arm-none-eabi/4.9.3/../../../../arm-none-eabi/lib/armv7e-m/softfp\libg.a(lib_a-sprintf.o)
                0x0800fd8c                sprintf
 .text.strlen   0x0800fdd8       0x5c c:/program files/gnu tools arm embedded/4.9 2015q2/bin/../lib/gcc/arm-none-eabi/4.9.3/../../../../arm-none-eabi/lib/armv7e-m/softfp\libg.a(lib_a-strlen.o)
                0x0800fdd8                strlen
 .text.strncmp  0x0800fe34       0x98 c:/program files/gnu tools arm embedded/4.9 2015q2/bin/../lib/gcc/arm-none-eabi/4.9.3/../../../../arm-none-eabi/lib/armv7e-m/softfp\libg.a(lib_a-strncmp.o)
                0x0800fe34                strncmp
 *fill*         0x0800fecc        0x4 
 .text._svfprintf_r
                0x0800fed0     0x14d0 c:/program files/gnu tools arm embedded/4.9 2015q2/bin/../lib/gcc/arm-none-eabi/4.9.3/../../../../arm-none-eabi/lib/armv7e-m/softfp\libg.a(lib_a-svfprintf.o)
                0x0800fed0                _svfprintf_r
 .text._vfprintf_r
                0x080113a0     0x1428 c:/program files/gnu tools arm embedded/4.9 2015q2/bin/../lib/gcc/arm-none-eabi/4.9.3/../../../../arm-none-eabi/lib/armv7e-m/softfp\libg.a(lib_a-vfprintf.o)
                0x080113a0                _vfprintf_r
 .text.__sbprintf
                0x080127c8       0x78 c:/program files/gnu tools arm embedded/4.9 2015q2/bin/../lib/gcc/arm-none-eabi/4.9.3/../../../../arm-none-eabi/lib/armv7e-m/softfp\libg.a(lib_a-vfprintf.o)
 .text.vprintf  0x08012840       0x1c c:/program files/gnu tools arm embedded/4.9 2015q2/bin/../lib/gcc/arm-none-eabi/4.9.3/../../../../arm-none-eabi/lib/armv7e-m/softfp\libg.a(lib_a-vprintf.o)
                0x08012840                vprintf
 .text.__swsetup_r
                0x0801285c       0xc4 c:/program files/gnu tools arm embedded/4.9 2015q2/bin/../lib/gcc/arm-none-eabi/4.9.3/../../../../arm-none-eabi/lib/armv7e-m/softfp\libg.a(lib_a-wsetup.o)
                0x0801285c                __swsetup_r
 .text.quorem   0x08012920      0x12c c:/program files/gnu tools arm embedded/4.9 2015q2/bin/../lib/gcc/arm-none-eabi/4.9.3/../../../../arm-none-eabi/lib/armv7e-m/softfp\libg.a(lib_a-dtoa.o)
 *fill*         0x08012a4c        0x4 
 .text._dtoa_r  0x08012a50      0xe90 c:/program files/gnu tools arm embedded/4.9 2015q2/bin/../lib/gcc/arm-none-eabi/4.9.3/../../../../arm-none-eabi/lib/armv7e-m/softfp\libg.a(lib_a-dtoa.o)
                0x08012a50                _dtoa_r
 .text.__sflush_r
                0x080138e0      0x154 c:/program files/gnu tools arm embedded/4.9 2015q2/bin/../lib/gcc/arm-none-eabi/4.9.3/../../../../arm-none-eabi/lib/armv7e-m/softfp\libg.a(lib_a-fflush.o)
                0x080138e0                __sflush_r
 .text._fflush_r
                0x08013a34       0x2c c:/program files/gnu tools arm embedded/4.9 2015q2/bin/../lib/gcc/arm-none-eabi/4.9.3/../../../../arm-none-eabi/lib/armv7e-m/softfp\libg.a(lib_a-fflush.o)
                0x08013a34                _fflush_r
 .text._cleanup_r
                0x08013a60        0xc c:/program files/gnu tools arm embedded/4.9 2015q2/bin/../lib/gcc/arm-none-eabi/4.9.3/../../../../arm-none-eabi/lib/armv7e-m/softfp\libg.a(lib_a-findfp.o)
                0x08013a60                _cleanup_r
 .text.__sinit.part.1
                0x08013a6c       0xf0 c:/program files/gnu tools arm embedded/4.9 2015q2/bin/../lib/gcc/arm-none-eabi/4.9.3/../../../../arm-none-eabi/lib/armv7e-m/softfp\libg.a(lib_a-findfp.o)
 .text.__sinit  0x08013b5c        0xc c:/program files/gnu tools arm embedded/4.9 2015q2/bin/../lib/gcc/arm-none-eabi/4.9.3/../../../../arm-none-eabi/lib/armv7e-m/softfp\libg.a(lib_a-findfp.o)
                0x08013b5c                __sinit
 .text.__sfp_lock_acquire
                0x08013b68        0x4 c:/program files/gnu tools arm embedded/4.9 2015q2/bin/../lib/gcc/arm-none-eabi/4.9.3/../../../../arm-none-eabi/lib/armv7e-m/softfp\libg.a(lib_a-findfp.o)
                0x08013b68                __sfp_lock_acquire
 .text.__sfp_lock_release
                0x08013b6c        0x4 c:/program files/gnu tools arm embedded/4.9 2015q2/bin/../lib/gcc/arm-none-eabi/4.9.3/../../../../arm-none-eabi/lib/armv7e-m/softfp\libg.a(lib_a-findfp.o)
                0x08013b6c                __sfp_lock_release
 .text._malloc_trim_r
                0x08013b70       0x9c c:/program files/gnu tools arm embedded/4.9 2015q2/bin/../lib/gcc/arm-none-eabi/4.9.3/../../../../arm-none-eabi/lib/armv7e-m/softfp\libg.a(lib_a-freer.o)
                0x08013b70                _malloc_trim_r
 .text._free_r  0x08013c0c      0x1b0 c:/program files/gnu tools arm embedded/4.9 2015q2/bin/../lib/gcc/arm-none-eabi/4.9.3/../../../../arm-none-eabi/lib/armv7e-m/softfp\libg.a(lib_a-freer.o)
                0x08013c0c                _free_r
 .text._fwalk_reent
                0x08013dbc       0x54 c:/program files/gnu tools arm embedded/4.9 2015q2/bin/../lib/gcc/arm-none-eabi/4.9.3/../../../../arm-none-eabi/lib/armv7e-m/softfp\libg.a(lib_a-fwalk.o)
                0x08013dbc                _fwalk_reent
 .text.__locale_charset
                0x08013e10        0x8 c:/program files/gnu tools arm embedded/4.9 2015q2/bin/../lib/gcc/arm-none-eabi/4.9.3/../../../../arm-none-eabi/lib/armv7e-m/softfp\libg.a(lib_a-locale.o)
                0x08013e10                __locale_charset
 .text.__locale_mb_cur_max
                0x08013e18        0xc c:/program files/gnu tools arm embedded/4.9 2015q2/bin/../lib/gcc/arm-none-eabi/4.9.3/../../../../arm-none-eabi/lib/armv7e-m/softfp\libg.a(lib_a-locale.o)
                0x08013e18                __locale_mb_cur_max
 .text._localeconv_r
                0x08013e24        0x8 c:/program files/gnu tools arm embedded/4.9 2015q2/bin/../lib/gcc/arm-none-eabi/4.9.3/../../../../arm-none-eabi/lib/armv7e-m/softfp\libg.a(lib_a-locale.o)
                0x08013e24                _localeconv_r
 .text.__smakebuf_r
                0x08013e2c       0xe0 c:/program files/gnu tools arm embedded/4.9 2015q2/bin/../lib/gcc/arm-none-eabi/4.9.3/../../../../arm-none-eabi/lib/armv7e-m/softfp\libg.a(lib_a-makebuf.o)
                0x08013e2c                __smakebuf_r
 .text._malloc_r
                0x08013f0c      0x524 c:/program files/gnu tools arm embedded/4.9 2015q2/bin/../lib/gcc/arm-none-eabi/4.9.3/../../../../arm-none-eabi/lib/armv7e-m/softfp\libg.a(lib_a-mallocr.o)
                0x08013f0c                _malloc_r
 .text.memchr   0x08014430       0x94 c:/program files/gnu tools arm embedded/4.9 2015q2/bin/../lib/gcc/arm-none-eabi/4.9.3/../../../../arm-none-eabi/lib/armv7e-m/softfp\libg.a(lib_a-memchr.o)
                0x08014430                memchr
 .text.__malloc_lock
                0x080144c4        0x4 c:/program files/gnu tools arm embedded/4.9 2015q2/bin/../lib/gcc/arm-none-eabi/4.9.3/../../../../arm-none-eabi/lib/armv7e-m/softfp\libg.a(lib_a-mlock.o)
                0x080144c4                __malloc_lock
 .text.__malloc_unlock
                0x080144c8        0x4 c:/program files/gnu tools arm embedded/4.9 2015q2/bin/../lib/gcc/arm-none-eabi/4.9.3/../../../../arm-none-eabi/lib/armv7e-m/softfp\libg.a(lib_a-mlock.o)
                0x080144c8                __malloc_unlock
 .text._Balloc  0x080144cc       0x4c c:/program files/gnu tools arm embedded/4.9 2015q2/bin/../lib/gcc/arm-none-eabi/4.9.3/../../../../arm-none-eabi/lib/armv7e-m/softfp\libg.a(lib_a-mprec.o)
                0x080144cc                _Balloc
 .text._Bfree   0x08014518       0x14 c:/program files/gnu tools arm embedded/4.9 2015q2/bin/../lib/gcc/arm-none-eabi/4.9.3/../../../../arm-none-eabi/lib/armv7e-m/softfp\libg.a(lib_a-mprec.o)
                0x08014518                _Bfree
 .text.__multadd
                0x0801452c       0x84 c:/program files/gnu tools arm embedded/4.9 2015q2/bin/../lib/gcc/arm-none-eabi/4.9.3/../../../../arm-none-eabi/lib/armv7e-m/softfp\libg.a(lib_a-mprec.o)
                0x0801452c                __multadd
 .text.__hi0bits
                0x080145b0       0x40 c:/program files/gnu tools arm embedded/4.9 2015q2/bin/../lib/gcc/arm-none-eabi/4.9.3/../../../../arm-none-eabi/lib/armv7e-m/softfp\libg.a(lib_a-mprec.o)
                0x080145b0                __hi0bits
 .text.__lo0bits
                0x080145f0       0x5c c:/program files/gnu tools arm embedded/4.9 2015q2/bin/../lib/gcc/arm-none-eabi/4.9.3/../../../../arm-none-eabi/lib/armv7e-m/softfp\libg.a(lib_a-mprec.o)
                0x080145f0                __lo0bits
 .text.__i2b    0x0801464c       0x14 c:/program files/gnu tools arm embedded/4.9 2015q2/bin/../lib/gcc/arm-none-eabi/4.9.3/../../../../arm-none-eabi/lib/armv7e-m/softfp\libg.a(lib_a-mprec.o)
                0x0801464c                __i2b
 .text.__multiply
                0x08014660      0x134 c:/program files/gnu tools arm embedded/4.9 2015q2/bin/../lib/gcc/arm-none-eabi/4.9.3/../../../../arm-none-eabi/lib/armv7e-m/softfp\libg.a(lib_a-mprec.o)
                0x08014660                __multiply
 .text.__pow5mult
                0x08014794       0xa0 c:/program files/gnu tools arm embedded/4.9 2015q2/bin/../lib/gcc/arm-none-eabi/4.9.3/../../../../arm-none-eabi/lib/armv7e-m/softfp\libg.a(lib_a-mprec.o)
                0x08014794                __pow5mult
 .text.__lshift
                0x08014834       0xac c:/program files/gnu tools arm embedded/4.9 2015q2/bin/../lib/gcc/arm-none-eabi/4.9.3/../../../../arm-none-eabi/lib/armv7e-m/softfp\libg.a(lib_a-mprec.o)
                0x08014834                __lshift
 .text.__mcmp   0x080148e0       0x48 c:/program files/gnu tools arm embedded/4.9 2015q2/bin/../lib/gcc/arm-none-eabi/4.9.3/../../../../arm-none-eabi/lib/armv7e-m/softfp\libg.a(lib_a-mprec.o)
                0x080148e0                __mcmp
 .text.__mdiff  0x08014928       0xd4 c:/program files/gnu tools arm embedded/4.9 2015q2/bin/../lib/gcc/arm-none-eabi/4.9.3/../../../../arm-none-eabi/lib/armv7e-m/softfp\libg.a(lib_a-mprec.o)
                0x08014928                __mdiff
 .text.__d2b    0x080149fc       0xb8 c:/program files/gnu tools arm embedded/4.9 2015q2/bin/../lib/gcc/arm-none-eabi/4.9.3/../../../../arm-none-eabi/lib/armv7e-m/softfp\libg.a(lib_a-mprec.o)
                0x080149fc                __d2b
 .text.__fpclassifyd
                0x08014ab4       0x58 c:/program files/gnu tools arm embedded/4.9 2015q2/bin/../lib/gcc/arm-none-eabi/4.9.3/../../../../arm-none-eabi/lib/armv7e-m/softfp\libg.a(lib_a-s_fpclassify.o)
                0x08014ab4                __fpclassifyd
 .text._sbrk_r  0x08014b0c       0x24 c:/program files/gnu tools arm embedded/4.9 2015q2/bin/../lib/gcc/arm-none-eabi/4.9.3/../../../../arm-none-eabi/lib/armv7e-m/softfp\libg.a(lib_a-sbrkr.o)
                0x08014b0c                _sbrk_r
 .text.__sread  0x08014b30       0x24 c:/program files/gnu tools arm embedded/4.9 2015q2/bin/../lib/gcc/arm-none-eabi/4.9.3/../../../../arm-none-eabi/lib/armv7e-m/softfp\libg.a(lib_a-stdio.o)
                0x08014b30                __sread
 .text.__swrite
                0x08014b54       0x38 c:/program files/gnu tools arm embedded/4.9 2015q2/bin/../lib/gcc/arm-none-eabi/4.9.3/../../../../arm-none-eabi/lib/armv7e-m/softfp\libg.a(lib_a-stdio.o)
                0x08014b54                __swrite
 .text.__sseek  0x08014b8c       0x20 c:/program files/gnu tools arm embedded/4.9 2015q2/bin/../lib/gcc/arm-none-eabi/4.9.3/../../../../arm-none-eabi/lib/armv7e-m/softfp\libg.a(lib_a-stdio.o)
                0x08014b8c                __sseek
 .text.__sclose
                0x08014bac        0x8 c:/program files/gnu tools arm embedded/4.9 2015q2/bin/../lib/gcc/arm-none-eabi/4.9.3/../../../../arm-none-eabi/lib/armv7e-m/softfp\libg.a(lib_a-stdio.o)
                0x08014bac                __sclose
 .text.__ssprint_r
                0x08014bb4      0x104 c:/program files/gnu tools arm embedded/4.9 2015q2/bin/../lib/gcc/arm-none-eabi/4.9.3/../../../../arm-none-eabi/lib/armv7e-m/softfp\libg.a(lib_a-svfiprintf.o)
                0x08014bb4                __ssprint_r
 .text.__sprint_r.part.0
                0x08014cb8       0x78 c:/program files/gnu tools arm embedded/4.9 2015q2/bin/../lib/gcc/arm-none-eabi/4.9.3/../../../../arm-none-eabi/lib/armv7e-m/softfp\libg.a(lib_a-vfiprintf.o)
 .text.__sprint_r
                0x08014d30       0x18 c:/program files/gnu tools arm embedded/4.9 2015q2/bin/../lib/gcc/arm-none-eabi/4.9.3/../../../../arm-none-eabi/lib/armv7e-m/softfp\libg.a(lib_a-vfiprintf.o)
                0x08014d30                __sprint_r
 .text._write_r
                0x08014d48       0x28 c:/program files/gnu tools arm embedded/4.9 2015q2/bin/../lib/gcc/arm-none-eabi/4.9.3/../../../../arm-none-eabi/lib/armv7e-m/softfp\libg.a(lib_a-writer.o)
                0x08014d48                _write_r
 .text._calloc_r
                0x08014d70       0x60 c:/program files/gnu tools arm embedded/4.9 2015q2/bin/../lib/gcc/arm-none-eabi/4.9.3/../../../../arm-none-eabi/lib/armv7e-m/softfp\libg.a(lib_a-callocr.o)
                0x08014d70                _calloc_r
 .text._close_r
                0x08014dd0       0x24 c:/program files/gnu tools arm embedded/4.9 2015q2/bin/../lib/gcc/arm-none-eabi/4.9.3/../../../../arm-none-eabi/lib/armv7e-m/softfp\libg.a(lib_a-closer.o)
                0x08014dd0                _close_r
 .text._fclose_r
                0x08014df4       0x84 c:/program files/gnu tools arm embedded/4.9 2015q2/bin/../lib/gcc/arm-none-eabi/4.9.3/../../../../arm-none-eabi/lib/armv7e-m/softfp\libg.a(lib_a-fclose.o)
                0x08014df4                _fclose_r
 .text.__fputwc
                0x08014e78       0xb0 c:/program files/gnu tools arm embedded/4.9 2015q2/bin/../lib/gcc/arm-none-eabi/4.9.3/../../../../arm-none-eabi/lib/armv7e-m/softfp\libg.a(lib_a-fputwc.o)
                0x08014e78                __fputwc
 .text._fputwc_r
                0x08014f28       0x24 c:/program files/gnu tools arm embedded/4.9 2015q2/bin/../lib/gcc/arm-none-eabi/4.9.3/../../../../arm-none-eabi/lib/armv7e-m/softfp\libg.a(lib_a-fputwc.o)
                0x08014f28                _fputwc_r
 .text._fstat_r
                0x08014f4c       0x28 c:/program files/gnu tools arm embedded/4.9 2015q2/bin/../lib/gcc/arm-none-eabi/4.9.3/../../../../arm-none-eabi/lib/armv7e-m/softfp\libg.a(lib_a-fstatr.o)
                0x08014f4c                _fstat_r
 .text.__sfvwrite_r
                0x08014f74      0x318 c:/program files/gnu tools arm embedded/4.9 2015q2/bin/../lib/gcc/arm-none-eabi/4.9.3/../../../../arm-none-eabi/lib/armv7e-m/softfp\libg.a(lib_a-fvwrite.o)
                0x08014f74                __sfvwrite_r
 .text._isatty_r
                0x0801528c       0x24 c:/program files/gnu tools arm embedded/4.9 2015q2/bin/../lib/gcc/arm-none-eabi/4.9.3/../../../../arm-none-eabi/lib/armv7e-m/softfp\libg.a(lib_a-isattyr.o)
                0x0801528c                _isatty_r
 .text._lseek_r
                0x080152b0       0x28 c:/program files/gnu tools arm embedded/4.9 2015q2/bin/../lib/gcc/arm-none-eabi/4.9.3/../../../../arm-none-eabi/lib/armv7e-m/softfp\libg.a(lib_a-lseekr.o)
                0x080152b0                _lseek_r
 .text.memmove  0x080152d8       0xc8 c:/program files/gnu tools arm embedded/4.9 2015q2/bin/../lib/gcc/arm-none-eabi/4.9.3/../../../../arm-none-eabi/lib/armv7e-m/softfp\libg.a(lib_a-memmove.o)
                0x080152d8                memmove
 .text._read_r  0x080153a0       0x28 c:/program files/gnu tools arm embedded/4.9 2015q2/bin/../lib/gcc/arm-none-eabi/4.9.3/../../../../arm-none-eabi/lib/armv7e-m/softfp\libg.a(lib_a-readr.o)
                0x080153a0                _read_r
 .text._realloc_r
                0x080153c8      0x3ec c:/program files/gnu tools arm embedded/4.9 2015q2/bin/../lib/gcc/arm-none-eabi/4.9.3/../../../../arm-none-eabi/lib/armv7e-m/softfp\libg.a(lib_a-reallocr.o)
                0x080153c8                _realloc_r
 .text.__swbuf_r
                0x080157b4       0xa8 c:/program files/gnu tools arm embedded/4.9 2015q2/bin/../lib/gcc/arm-none-eabi/4.9.3/../../../../arm-none-eabi/lib/armv7e-m/softfp\libg.a(lib_a-wbuf.o)
                0x080157b4                __swbuf_r
 .text._wcrtomb_r
                0x0801585c       0x54 c:/program files/gnu tools arm embedded/4.9 2015q2/bin/../lib/gcc/arm-none-eabi/4.9.3/../../../../arm-none-eabi/lib/armv7e-m/softfp\libg.a(lib_a-wcrtomb.o)
                0x0801585c                _wcrtomb_r
 .text.__ascii_wctomb
                0x080158b0       0x1c c:/program files/gnu tools arm embedded/4.9 2015q2/bin/../lib/gcc/arm-none-eabi/4.9.3/../../../../arm-none-eabi/lib/armv7e-m/softfp\libg.a(lib_a-wctomb_r.o)
                0x080158b0                __ascii_wctomb
 .text          0x080158cc      0x370 c:/program files/gnu tools arm embedded/4.9 2015q2/bin/../lib/gcc/arm-none-eabi/4.9.3/armv7e-m/softfp\libgcc.a(_arm_addsubdf3.o)
                0x080158cc                __aeabi_drsub
                0x080158d4                __aeabi_dsub
                0x080158d4                __subdf3
                0x080158d8                __aeabi_dadd
                0x080158d8                __adddf3
                0x08015b50                __floatunsidf
                0x08015b50                __aeabi_ui2d
                0x08015b70                __floatsidf
                0x08015b70                __aeabi_i2d
                0x08015b94                __aeabi_f2d
                0x08015b94                __extendsfdf2
                0x08015bd0                __floatundidf
                0x08015bd0                __aeabi_ul2d
                0x08015be0                __floatdidf
                0x08015be0                __aeabi_l2d
 .text          0x08015c3c      0x424 c:/program files/gnu tools arm embedded/4.9 2015q2/bin/../lib/gcc/arm-none-eabi/4.9.3/armv7e-m/softfp\libgcc.a(_arm_muldivdf3.o)
                0x08015c3c                __aeabi_dmul
                0x08015c3c                __muldf3
                0x08015e90                __divdf3
                0x08015e90                __aeabi_ddiv
 .text          0x08016060      0x110 c:/program files/gnu tools arm embedded/4.9 2015q2/bin/../lib/gcc/arm-none-eabi/4.9.3/armv7e-m/softfp\libgcc.a(_arm_cmpdf2.o)
                0x08016060                __gtdf2
                0x08016060                __gedf2
                0x08016068                __ltdf2
                0x08016068                __ledf2
                0x08016070                __nedf2
                0x08016070                __eqdf2
                0x08016070                __cmpdf2
                0x080160ec                __aeabi_cdrcmple
                0x080160fc                __aeabi_cdcmpeq
                0x080160fc                __aeabi_cdcmple
                0x0801610c                __aeabi_dcmpeq
                0x08016120                __aeabi_dcmplt
                0x08016134                __aeabi_dcmple
                0x08016148                __aeabi_dcmpge
                0x0801615c                __aeabi_dcmpgt
 .text          0x08016170       0x50 c:/program files/gnu tools arm embedded/4.9 2015q2/bin/../lib/gcc/arm-none-eabi/4.9.3/armv7e-m/softfp\libgcc.a(_arm_fixdfsi.o)
                0x08016170                __aeabi_d2iz
                0x08016170                __fixdfsi
 .text          0x080161c0       0x30 c:/program files/gnu tools arm embedded/4.9 2015q2/bin/../lib/gcc/arm-none-eabi/4.9.3/armv7e-m/softfp\libgcc.a(_aeabi_uldivmod.o)
                0x080161c0                __aeabi_uldivmod
 .text          0x080161f0       0x60 c:/program files/gnu tools arm embedded/4.9 2015q2/bin/../lib/gcc/arm-none-eabi/4.9.3/armv7e-m/softfp\libgcc.a(bpabi.o)
                0x080161f0                __gnu_ldivmod_helper
                0x08016220                __gnu_uldivmod_helper
 .text          0x08016250        0x4 c:/program files/gnu tools arm embedded/4.9 2015q2/bin/../lib/gcc/arm-none-eabi/4.9.3/armv7e-m/softfp\libgcc.a(_dvmd_tls.o)
                0x08016250                __aeabi_idiv0
                0x08016250                __aeabi_ldiv0
 .text          0x08016254      0x29c c:/program files/gnu tools arm embedded/4.9 2015q2/bin/../lib/gcc/arm-none-eabi/4.9.3/armv7e-m/softfp\libgcc.a(_divdi3.o)
                0x08016254                __divdi3
 .text          0x080164f0      0x26c c:/program files/gnu tools arm embedded/4.9 2015q2/bin/../lib/gcc/arm-none-eabi/4.9.3/armv7e-m/softfp\libgcc.a(_udivdi3.o)
                0x080164f0                __udivdi3
 *(.init)
 *(.fini)
 *crtbegin.o(.ctors)
 *crtbegin?.o(.ctors)
 *(EXCLUDE_FILE(*crtend.o *crtend?.o) .ctors)
 *(SORT(.ctors.*))
 *(.ctors)
 *crtbegin.o(.dtors)
 *crtbegin?.o(.dtors)
 *(EXCLUDE_FILE(*crtend.o *crtend?.o) .dtors)
 *(SORT(.dtors.*))
 *(.dtors)
 *(.rodata*)
 .rodata        0x0801675c       0xcc ..\obj\tcp.o
                0x080167d4                tcp_state_str
                0x08016800                tcp_backoff
                0x08016810                tcp_persist_backoff
                0x08016818                tcp_pcb_lists
 .rodata        0x08016828       0xf7 ..\obj\porttcp.o
 *fill*         0x0801691f        0x1 
 .rodata        0x08016920       0x30 ..\obj\memp.o
 .rodata        0x08016950        0xd ..\obj\tcpip.o
 *fill*         0x0801695d        0x3 
 .rodata        0x08016960        0x8 ..\obj\ip_addr.o
                0x08016960                ip_addr_any
                0x08016964                ip_addr_broadcast
 .rodata        0x08016968        0x5 ..\obj\main.o
 *fill*         0x0801696d        0x3 
 .rodata        0x08016970        0x7 ..\obj\ethernetif.o
 *fill*         0x08016977        0x1 
 .rodata        0x08016978        0xe ..\obj\etharp.o
                0x08016978                ethbroadcast
                0x08016980                ethzero
 *fill*         0x08016986        0x2 
 .rodata        0x08016988        0x5 ..\obj\tasks.o
 *fill*         0x0801698d        0x3 
 .rodata        0x08016990       0x86 ..\obj\portother.o
 *fill*         0x08016a16        0x2 
 .rodata        0x08016a18        0xc ..\obj\mbinit.o
 .rodata        0x08016a24       0x47 ..\obj\http_server.o
 *fill*         0x08016a6b        0x1 
 .rodata.zeroes.6911
                0x08016a6c       0x10 c:/program files/gnu tools arm embedded/4.9 2015q2/bin/../lib/gcc/arm-none-eabi/4.9.3/../../../../arm-none-eabi/lib/armv7e-m/softfp\libg.a(lib_a-svfprintf.o)
 .rodata.blanks.6910
                0x08016a7c       0x10 c:/program files/gnu tools arm embedded/4.9 2015q2/bin/../lib/gcc/arm-none-eabi/4.9.3/../../../../arm-none-eabi/lib/armv7e-m/softfp\libg.a(lib_a-svfprintf.o)
 .rodata.str1.4
                0x08016a8c       0x42 c:/program files/gnu tools arm embedded/4.9 2015q2/bin/../lib/gcc/arm-none-eabi/4.9.3/../../../../arm-none-eabi/lib/armv7e-m/softfp\libg.a(lib_a-svfprintf.o)
 *fill*         0x08016ace        0x2 
 .rodata.zeroes.6926
                0x08016ad0       0x10 c:/program files/gnu tools arm embedded/4.9 2015q2/bin/../lib/gcc/arm-none-eabi/4.9.3/../../../../arm-none-eabi/lib/armv7e-m/softfp\libg.a(lib_a-vfprintf.o)
 .rodata.str1.4
                0x00000000       0x42 c:/program files/gnu tools arm embedded/4.9 2015q2/bin/../lib/gcc/arm-none-eabi/4.9.3/../../../../arm-none-eabi/lib/armv7e-m/softfp\libg.a(lib_a-vfprintf.o)
 .rodata.blanks.6925
                0x08016ae0       0x10 c:/program files/gnu tools arm embedded/4.9 2015q2/bin/../lib/gcc/arm-none-eabi/4.9.3/../../../../arm-none-eabi/lib/armv7e-m/softfp\libg.a(lib_a-vfprintf.o)
 .rodata.str1.4
                0x08016af0       0x10 c:/program files/gnu tools arm embedded/4.9 2015q2/bin/../lib/gcc/arm-none-eabi/4.9.3/../../../../arm-none-eabi/lib/armv7e-m/softfp\libg.a(lib_a-dtoa.o)
                                 0x12 (size before relaxing)
 .rodata.str1.4
                0x08016b00        0x2 c:/program files/gnu tools arm embedded/4.9 2015q2/bin/../lib/gcc/arm-none-eabi/4.9.3/../../../../arm-none-eabi/lib/armv7e-m/softfp\libg.a(lib_a-impure.o)
 *fill*         0x08016b02        0x2 
 .rodata.str1.4
                0x08016b04        0xc c:/program files/gnu tools arm embedded/4.9 2015q2/bin/../lib/gcc/arm-none-eabi/4.9.3/../../../../arm-none-eabi/lib/armv7e-m/softfp\libg.a(lib_a-locale.o)
                                 0x12 (size before relaxing)
 .rodata.__mprec_tens
                0x08016b10       0xc8 c:/program files/gnu tools arm embedded/4.9 2015q2/bin/../lib/gcc/arm-none-eabi/4.9.3/../../../../arm-none-eabi/lib/armv7e-m/softfp\libg.a(lib_a-mprec.o)
                0x08016b10                __mprec_tens
 .rodata.p05.5302
                0x08016bd8        0xc c:/program files/gnu tools arm embedded/4.9 2015q2/bin/../lib/gcc/arm-none-eabi/4.9.3/../../../../arm-none-eabi/lib/armv7e-m/softfp\libg.a(lib_a-mprec.o)
 *fill*         0x08016be4        0x4 
 .rodata.__mprec_bigtens
                0x08016be8       0x28 c:/program files/gnu tools arm embedded/4.9 2015q2/bin/../lib/gcc/arm-none-eabi/4.9.3/../../../../arm-none-eabi/lib/armv7e-m/softfp\libg.a(lib_a-mprec.o)
                0x08016be8                __mprec_bigtens
 *(.eh_fram e*)

.glue_7         0x08016c10        0x0
 .glue_7        0x00000000        0x0 linker stubs

.glue_7t        0x08016c10        0x0
 .glue_7t       0x00000000        0x0 linker stubs

.vfp11_veneer   0x08016c10        0x0
 .vfp11_veneer  0x00000000        0x0 linker stubs

.v4_bx          0x08016c10        0x0
 .v4_bx         0x00000000        0x0 linker stubs

.iplt           0x08016c10        0x0
 .iplt          0x00000000        0x0 ..\obj\stm32f4xx_syscfg.o

.ARM.extab
 *(.ARM.extab* .gnu.linkonce.armextab.*)
                0x08016c10                __exidx_start = .

.ARM.exidx      0x08016c10        0x8
 *(.ARM.exidx* .gnu.linkonce.armexidx.*)
 .ARM.exidx     0x08016c10        0x8 c:/program files/gnu tools arm embedded/4.9 2015q2/bin/../lib/gcc/arm-none-eabi/4.9.3/armv7e-m/softfp\libgcc.a(_divdi3.o)
 .ARM.exidx     0x08016c18        0x0 c:/program files/gnu tools arm embedded/4.9 2015q2/bin/../lib/gcc/arm-none-eabi/4.9.3/armv7e-m/softfp\libgcc.a(_udivdi3.o)
                                  0x8 (size before relaxing)
                0x08016c18                __exidx_end = .
                0x08016c18                __etext = .
                0x08016c18                _sidata = __etext

.rel.dyn        0x08016c18        0x0
 .rel.iplt      0x00000000        0x0 ..\obj\stm32f4xx_syscfg.o

.data           0x20000000      0x97c load address 0x08016c18
                0x20000000                __data_start__ = .
                0x20000000                _sdata = __data_start__
 *(vtable)
 *(.data*)
 .data          0x20000000       0x84 ..\obj\mb.o
 .data          0x20000084        0x8 ..\obj\tcp.o
 .data          0x2000008c       0x10 ..\obj\stm32f4xx_rcc.o
 .data          0x2000009c        0x4 ..\obj\tasks.o
 .data          0x200000a0       0x14 ..\obj\system_stm32f4xx.o
                0x200000a0                SystemCoreClock
                0x200000a4                AHBPrescTable
 .data          0x200000b4       0x10 ..\obj\portother.o
 .data          0x200000c4        0x4 ..\obj\port.o
 .data          0x200000c8        0x5 ..\obj\mbinit.o
 *fill*         0x200000cd        0x1 
 .data          0x200000ce        0x2 ..\obj\udp.o
 .data          0x200000d0        0x4 ..\obj\dhcp.o
 .data          0x200000d4        0x4 ..\obj\mbfunc.o
 .data          0x200000d8        0x4 ..\obj\heap_2.o
 *fill*         0x200000dc        0x4 
 .data.impure_data
                0x200000e0      0x428 c:/program files/gnu tools arm embedded/4.9 2015q2/bin/../lib/gcc/arm-none-eabi/4.9.3/../../../../arm-none-eabi/lib/armv7e-m/softfp\libg.a(lib_a-impure.o)
 .data._impure_ptr
                0x20000508        0x4 c:/program files/gnu tools arm embedded/4.9 2015q2/bin/../lib/gcc/arm-none-eabi/4.9.3/../../../../arm-none-eabi/lib/armv7e-m/softfp\libg.a(lib_a-impure.o)
                0x20000508                _impure_ptr
 .data.lconv    0x2000050c       0x38 c:/program files/gnu tools arm embedded/4.9 2015q2/bin/../lib/gcc/arm-none-eabi/4.9.3/../../../../arm-none-eabi/lib/armv7e-m/softfp\libg.a(lib_a-locale.o)
 .data.lc_ctype_charset
                0x20000544       0x20 c:/program files/gnu tools arm embedded/4.9 2015q2/bin/../lib/gcc/arm-none-eabi/4.9.3/../../../../arm-none-eabi/lib/armv7e-m/softfp\libg.a(lib_a-locale.o)
 .data.__mb_cur_max
                0x20000564        0x4 c:/program files/gnu tools arm embedded/4.9 2015q2/bin/../lib/gcc/arm-none-eabi/4.9.3/../../../../arm-none-eabi/lib/armv7e-m/softfp\libg.a(lib_a-locale.o)
                0x20000564                __mb_cur_max
 .data.__malloc_av_
                0x20000568      0x408 c:/program files/gnu tools arm embedded/4.9 2015q2/bin/../lib/gcc/arm-none-eabi/4.9.3/../../../../arm-none-eabi/lib/armv7e-m/softfp\libg.a(lib_a-mallocr.o)
                0x20000568                __malloc_av_
 .data.__malloc_trim_threshold
                0x20000970        0x4 c:/program files/gnu tools arm embedded/4.9 2015q2/bin/../lib/gcc/arm-none-eabi/4.9.3/../../../../arm-none-eabi/lib/armv7e-m/softfp\libg.a(lib_a-mallocr.o)
                0x20000970                __malloc_trim_threshold
 .data.__malloc_sbrk_base
                0x20000974        0x4 c:/program files/gnu tools arm embedded/4.9 2015q2/bin/../lib/gcc/arm-none-eabi/4.9.3/../../../../arm-none-eabi/lib/armv7e-m/softfp\libg.a(lib_a-mallocr.o)
                0x20000974                __malloc_sbrk_base
 .data.__wctomb
                0x20000978        0x4 c:/program files/gnu tools arm embedded/4.9 2015q2/bin/../lib/gcc/arm-none-eabi/4.9.3/../../../../arm-none-eabi/lib/armv7e-m/softfp\libg.a(lib_a-wctomb_r.o)
                0x20000978                __wctomb
                0x2000097c                . = ALIGN (0x4)
                0x2000097c                PROVIDE (__preinit_array_start, .)
 *(.preinit_array)
                0x2000097c                PROVIDE (__preinit_array_end, .)
                0x2000097c                . = ALIGN (0x4)
                0x2000097c                PROVIDE (__init_array_start, .)
 *(SORT(.init_array.*))
 *(.init_array)
                0x2000097c                PROVIDE (__init_array_end, .)
                0x2000097c                . = ALIGN (0x4)
                0x2000097c                PROVIDE (__fini_array_start, .)
 *(SORT(.fini_array.*))
 *(.fini_array)
                0x2000097c                PROVIDE (__fini_array_end, .)
 *(.jcr*)
                0x2000097c                . = ALIGN (0x4)
                0x2000097c                __data_end__ = .
                0x2000097c                _edata = __data_end__

.igot.plt       0x2000097c        0x0 load address 0x08017594
 .igot.plt      0x00000000        0x0 ..\obj\stm32f4xx_syscfg.o

.bss            0x2000097c    0x10e30 load address 0x08017594
                0x2000097c                . = ALIGN (0x4)
                0x2000097c                __bss_start__ = .
                0x2000097c                _sbss = __bss_start__
 *(.bss*)
 .bss           0x2000097c       0x10 ..\obj\mem.o
 .bss           0x2000098c       0x24 ..\obj\mb.o
 .bss           0x200009b0        0x2 ..\obj\tcp.o
 *fill*         0x200009b2        0x2 
 .bss           0x200009b4        0x4 ..\obj\portevent.o
 .bss           0x200009b8      0x112 ..\obj\porttcp.o
 *fill*         0x20000aca        0x2 
 .bss           0x20000acc       0x22 ..\obj\mbfuncother.o
 *fill*         0x20000aee        0x2 
 .bss           0x20000af0       0x2c ..\obj\tcp_in.o
 .bss           0x20000b1c     0x2a97 ..\obj\memp.o
 *fill*         0x200035b3        0x1 
 .bss           0x200035b4        0xc ..\obj\tcpip.o
 .bss           0x200035c0        0x8 ..\obj\timers.o
 .bss           0x200035c8        0x4 ..\obj\stm32f4x7_eth_bsp.o
                0x200035c8                EthInitStatus
 .bss           0x200035cc        0xc ..\obj\ethernetif.o
                0x200035d0                s_xSemaphore
 .bss           0x200035d8       0xc9 ..\obj\etharp.o
 *fill*         0x200036a1        0x3 
 .bss           0x200036a4       0xfc ..\obj\tasks.o
                0x200036a4                pxCurrentTCB
 .bss           0x200037a0        0x1 ..\obj\adc_dcmi.o
                0x200037a0                ADC_buf_full_flag
 .bss           0x200037a1        0x1 ..\obj\netif.o
 *fill*         0x200037a2        0x2 
 .bss           0x200037a4        0x4 ..\obj\sys_arch.o
                0x200037a4                xInsideISR
 .bss           0x200037a8        0x4 ..\obj\syscalls.o
 .bss           0x200037ac      0x204 ..\obj\portother.o
 .bss           0x200039b0        0x8 ..\obj\port.o
 .bss           0x200039b8        0x2 ..\obj\ip.o
 *fill*         0x200039ba        0x2 
 .bss           0x200039bc       0x28 ..\obj\mbfunc.o
 .bss           0x200039e4     0x7814 ..\obj\heap_2.o
 .bss           0x2000b1f8        0x2 ..\obj\http_server.o
 *fill*         0x2000b1fa        0x2 
 .bss           0x2000b1fc        0x4 ..\obj\raw.o
 .bss.__malloc_max_total_mem
                0x2000b200        0x4 c:/program files/gnu tools arm embedded/4.9 2015q2/bin/../lib/gcc/arm-none-eabi/4.9.3/../../../../arm-none-eabi/lib/armv7e-m/softfp\libg.a(lib_a-mallocr.o)
                0x2000b200                __malloc_max_total_mem
 .bss.__malloc_max_sbrked_mem
                0x2000b204        0x4 c:/program files/gnu tools arm embedded/4.9 2015q2/bin/../lib/gcc/arm-none-eabi/4.9.3/../../../../arm-none-eabi/lib/armv7e-m/softfp\libg.a(lib_a-mallocr.o)
                0x2000b204                __malloc_max_sbrked_mem
 .bss.__malloc_top_pad
                0x2000b208        0x4 c:/program files/gnu tools arm embedded/4.9 2015q2/bin/../lib/gcc/arm-none-eabi/4.9.3/../../../../arm-none-eabi/lib/armv7e-m/softfp\libg.a(lib_a-mallocr.o)
                0x2000b208                __malloc_top_pad
 .bss.__malloc_current_mallinfo
                0x2000b20c       0x28 c:/program files/gnu tools arm embedded/4.9 2015q2/bin/../lib/gcc/arm-none-eabi/4.9.3/../../../../arm-none-eabi/lib/armv7e-m/softfp\libg.a(lib_a-mallocr.o)
                0x2000b20c                __malloc_current_mallinfo
 *(COMMON)
 COMMON         0x2000b234     0x1414 ..\obj\mem.o
                0x2000b234                ram_heap
 COMMON         0x2000c648       0x1c ..\obj\tcp.o
                0x2000c648                tcp_active_pcbs_changed
                0x2000c64c                tcp_active_pcbs
                0x2000c650                tcp_ticks
                0x2000c654                tcp_listen_pcbs
                0x2000c658                tcp_tmp_pcb
                0x2000c65c                tcp_bound_pcbs
                0x2000c660                tcp_tw_pcbs
 COMMON         0x2000c664        0x4 ..\obj\tcp_in.o
                0x2000c664                tcp_input_pcb
 COMMON         0x2000c668     0x3ce4 ..\obj\stm32f4x7_eth.o
                0x2000c668                RX_Frame_Descriptor
                0x2000c674                DMARxDescToGet
                0x2000c678                DMATxDescToSet
                0x2000c67c                DMATxDscrTab
                0x2000c71c                Rx_Buff
                0x2000e4e0                Frame_Rx_index
                0x2000e4e4                DMA_RX_FRAME_infos
                0x2000e4e8                DMARxDscrTab
                0x2000e588                Tx_Buff
 COMMON         0x2001034c       0x34 ..\obj\main.o
                0x2001034c                xnetif
 COMMON         0x20010380     0x100c ..\obj\adc_dcmi.o
                0x20010380                ADC_last_data
                0x20010388                ADC_buf_pnt
                0x2001038c                DCMIAdcRxBuff
 COMMON         0x2001138c        0x8 ..\obj\netif.o
                0x2001138c                netif_list
                0x20011390                netif_default
 COMMON         0x20011394        0x4 ..\obj\udp.o
                0x20011394                udp_pcbs
 COMMON         0x20011398       0x10 ..\obj\ip.o
                0x20011398                current_iphdr_src
                0x2001139c                current_netif
                0x200113a0                current_iphdr_dest
                0x200113a4                current_header
 COMMON         0x200113a8      0x400 ..\obj\http_server.o
                0x200113a8                data
 COMMON         0x200117a8        0x4 c:/program files/gnu tools arm embedded/4.9 2015q2/bin/../lib/gcc/arm-none-eabi/4.9.3/../../../../arm-none-eabi/lib/armv7e-m/softfp\libg.a(lib_a-reent.o)
                0x200117a8                errno
                0x200117ac                . = ALIGN (0x4)
                0x200117ac                __bss_end__ = .
                0x200117ac                _ebss = __bss_end__

.heap           0x200117ac        0x0
                0x200117ac                __end__ = .
                0x200117ac                _end = __end__
                0x200117ac                end = __end__
 *(.heap*)
                0x200117ac                __HeapLimit = .

.co_stack       0x200117ac      0x804 load address 0x080283c4
                0x200117b0                . = ALIGN (0x8)
 *fill*         0x200117ac        0x4 
 *(.co_stack .co_stack.*)
 .co_stack      0x200117b0      0x800 ..\obj\startup_stm32f4xx.o
                0x200117b0                pulStack
                0x20020000                __StackTop = (ORIGIN (ram) + 0x20000)
                0x2001f7fc                __StackLimit = (__StackTop - SIZEOF (.co_stack))
                0x20020000                PROVIDE (__stack, __StackTop)
                0x00000001                ASSERT ((__StackLimit >= __HeapLimit), region ram  overflowed with stack)
LOAD ..\obj\stm32f4xx_syscfg.o
LOAD ..\obj\mem.o
LOAD ..\obj\stm32f4xx_sdio.o
LOAD ..\obj\mb.o
LOAD ..\obj\mbfuncdisc.o
LOAD ..\obj\tcp.o
LOAD ..\obj\err.o
LOAD ..\obj\portevent.o
LOAD ..\obj\porttcp.o
LOAD ..\obj\randm.o
LOAD ..\obj\mib_structs.o
LOAD ..\obj\mbfuncother.o
LOAD ..\obj\tcp_in.o
LOAD ..\obj\stm32f4xx_usart.o
LOAD ..\obj\stm32f4xx_pwr.o
LOAD ..\obj\slipif.o
LOAD ..\obj\memp.o
LOAD ..\obj\autoip.o
LOAD ..\obj\ip_frag.o
LOAD ..\obj\msg_out.o
LOAD ..\obj\netbuf.o
LOAD ..\obj\tcpip.o
LOAD ..\obj\mbutils.o
LOAD ..\obj\stm32f4xx_dac.o
LOAD ..\obj\asn1_dec.o
LOAD ..\obj\lcp.o
LOAD ..\obj\vj.o
LOAD ..\obj\startup_stm32f4xx.o
LOAD ..\obj\stm32f4x7_eth.o
LOAD ..\obj\sys.o
LOAD ..\obj\ip_addr.o
LOAD ..\obj\mbfuncholding.o
LOAD ..\obj\inet_chksum.o
LOAD ..\obj\main.o
LOAD ..\obj\mbcrc.o
LOAD ..\obj\stm32f4xx_rcc.o
LOAD ..\obj\mib2.o