Archive member included because of file (symbol)

c:/program files/gnu tools arm embedded/4.9 2015q2/bin/../lib/gcc/arm-none-eabi/4.9.3/armv7e-m\libgcc.a(_arm_addsubdf3.o)
                              ..\obj\httpd_cgi_ssi.o (__aeabi_ui2d)
c:/program files/gnu tools arm embedded/4.9 2015q2/bin/../lib/gcc/arm-none-eabi/4.9.3/armv7e-m\libgcc.a(_arm_muldivdf3.o)
                              ..\obj\httpd_cgi_ssi.o (__aeabi_dmul)
c:/program files/gnu tools arm embedded/4.9 2015q2/bin/../lib/gcc/arm-none-eabi/4.9.3/armv7e-m\libgcc.a(_arm_fixunsdfsi.o)
                              ..\obj\httpd_cgi_ssi.o (__aeabi_d2uiz)
c:/program files/gnu tools arm embedded/4.9 2015q2/bin/../lib/gcc/arm-none-eabi/4.9.3/../../../../arm-none-eabi/lib/armv7e-m\libg.a(lib_a-memcmp.o)
                              ..\obj\autoip.o (memcmp)
c:/program files/gnu tools arm embedded/4.9 2015q2/bin/../lib/gcc/arm-none-eabi/4.9.3/../../../../arm-none-eabi/lib/armv7e-m\libg.a(lib_a-memcpy.o)
                              ..\obj\porttcp.o (memcpy)
c:/program files/gnu tools arm embedded/4.9 2015q2/bin/../lib/gcc/arm-none-eabi/4.9.3/../../../../arm-none-eabi/lib/armv7e-m\libg.a(lib_a-memset.o)
                              ..\obj\mem.o (memset)
c:/program files/gnu tools arm embedded/4.9 2015q2/bin/../lib/gcc/arm-none-eabi/4.9.3/../../../../arm-none-eabi/lib/armv7e-m\libg.a(lib_a-printf.o)
                              ..\obj\portother.o (printf)
c:/program files/gnu tools arm embedded/4.9 2015q2/bin/../lib/gcc/arm-none-eabi/4.9.3/../../../../arm-none-eabi/lib/armv7e-m\libg.a(lib_a-snprintf.o)
                              ..\obj\portother.o (snprintf)
c:/program files/gnu tools arm embedded/4.9 2015q2/bin/../lib/gcc/arm-none-eabi/4.9.3/../../../../arm-none-eabi/lib/armv7e-m\libg.a(lib_a-strchr.o)
                              ..\obj\httpd.o (strchr)
c:/program files/gnu tools arm embedded/4.9 2015q2/bin/../lib/gcc/arm-none-eabi/4.9.3/../../../../arm-none-eabi/lib/armv7e-m\libg.a(lib_a-strcmp.o)
                              ..\obj\fs.o (strcmp)
c:/program files/gnu tools arm embedded/4.9 2015q2/bin/../lib/gcc/arm-none-eabi/4.9.3/../../../../arm-none-eabi/lib/armv7e-m\libg.a(lib_a-strlen.o)
                              ..\obj\httpd.o (strlen)
c:/program files/gnu tools arm embedded/4.9 2015q2/bin/../lib/gcc/arm-none-eabi/4.9.3/../../../../arm-none-eabi/lib/armv7e-m\libg.a(lib_a-strncmp.o)
                              ..\obj\httpd.o (strncmp)
c:/program files/gnu tools arm embedded/4.9 2015q2/bin/../lib/gcc/arm-none-eabi/4.9.3/../../../../arm-none-eabi/lib/armv7e-m\libg.a(lib_a-strstr.o)
                              ..\obj\httpd.o (strstr)
c:/program files/gnu tools arm embedded/4.9 2015q2/bin/../lib/gcc/arm-none-eabi/4.9.3/../../../../arm-none-eabi/lib/armv7e-m\libg.a(lib_a-svfprintf.o)
                              c:/program files/gnu tools arm embedded/4.9 2015q2/bin/../lib/gcc/arm-none-eabi/4.9.3/../../../../arm-none-eabi/lib/armv7e-m\libg.a(lib_a-snprintf.o) (_svfprintf_r)
c:/program files/gnu tools arm embedded/4.9 2015q2/bin/../lib/gcc/arm-none-eabi/4.9.3/../../../../arm-none-eabi/lib/armv7e-m\libg.a(lib_a-vfprintf.o)
                              c:/program files/gnu tools arm embedded/4.9 2015q2/bin/../lib/gcc/arm-none-eabi/4.9.3/../../../../arm-none-eabi/lib/armv7e-m\libg.a(lib_a-printf.o) (_vfprintf_r)
c:/program files/gnu tools arm embedded/4.9 2015q2/bin/../lib/gcc/arm-none-eabi/4.9.3/../../../../arm-none-eabi/lib/armv7e-m\libg.a(lib_a-vprintf.o)
                              ..\obj\portother.o (vprintf)
c:/program files/gnu tools arm embedded/4.9 2015q2/bin/../lib/gcc/arm-none-eabi/4.9.3/../../../../arm-none-eabi/lib/armv7e-m\libg.a(lib_a-wsetup.o)
                              c:/program files/gnu tools arm embedded/4.9 2015q2/bin/../lib/gcc/arm-none-eabi/4.9.3/../../../../arm-none-eabi/lib/armv7e-m\libg.a(lib_a-vfprintf.o) (__swsetup_r)
c:/program files/gnu tools arm embedded/4.9 2015q2/bin/../lib/gcc/arm-none-eabi/4.9.3/../../../../arm-none-eabi/lib/armv7e-m\libg.a(lib_a-dtoa.o)
                              c:/program files/gnu tools arm embedded/4.9 2015q2/bin/../lib/gcc/arm-none-eabi/4.9.3/../../../../arm-none-eabi/lib/armv7e-m\libg.a(lib_a-svfprintf.o) (_dtoa_r)
c:/program files/gnu tools arm embedded/4.9 2015q2/bin/../lib/gcc/arm-none-eabi/4.9.3/../../../../arm-none-eabi/lib/armv7e-m\libg.a(lib_a-fflush.o)
                              c:/program files/gnu tools arm embedded/4.9 2015q2/bin/../lib/gcc/arm-none-eabi/4.9.3/../../../../arm-none-eabi/lib/armv7e-m\libg.a(lib_a-vfprintf.o) (_fflush_r)
c:/program files/gnu tools arm embedded/4.9 2015q2/bin/../lib/gcc/arm-none-eabi/4.9.3/../../../../arm-none-eabi/lib/armv7e-m\libg.a(lib_a-findfp.o)
                              c:/program files/gnu tools arm embedded/4.9 2015q2/bin/../lib/gcc/arm-none-eabi/4.9.3/../../../../arm-none-eabi/lib/armv7e-m\libg.a(lib_a-vfprintf.o) (__sinit)
[...]
Memory Configuration

Name             Origin             Length             Attributes
rom              0x08000000         0x00100000         xr
ram              0x20000000         0x00020000         xrw
ram1             0x10000000         0x00010000         xrw
*default*        0x00000000         0xffffffff

Linker script and memory map

                0x20020000                _eram = 0x20020000

.text           0x08000000    0x12358
 *(.isr_vector)
 .isr_vector    0x08000000      0x188 ..\obj\startup_stm32f4xx.o
                0x08000000                g_pfnVectors
 *(.text*)
 .text.SYSCFG_ETH_MediaInterfaceConfig
                0x08000188       0x1c ..\obj\stm32f4xx_syscfg.o
                0x08000188                SYSCFG_ETH_MediaInterfaceConfig
 .text.plug_holes
                0x080001a4       0xbc ..\obj\mem.o
 .text.mem_init
                0x08000260       0x84 ..\obj\mem.o
                0x08000260                mem_init
 .text.mem_free
                0x080002e4       0x5c ..\obj\mem.o
                0x080002e4                mem_free
 .text.mem_realloc
                0x08000340      0x174 ..\obj\mem.o
                0x08000340                mem_realloc
 .text.mem_malloc
                0x080004b4      0x144 ..\obj\mem.o
                0x080004b4                mem_malloc
 .text.eMBTCPInit
                0x080005f8       0xa4 ..\obj\mb.o
                0x080005f8                eMBTCPInit
 .text.eMBEnable
                0x0800069c       0x38 ..\obj\mb.o
                0x0800069c                eMBEnable
 .text.eMBPoll  0x080006d4      0x170 ..\obj\mb.o
                0x080006d4                eMBPoll
 .text.eMBFuncReadDiscreteInputs
                0x08000844      0x104 ..\obj\mbfuncdisc.o
                0x08000844                eMBFuncReadDiscreteInputs
 .text.tcp_tmr  0x08000948       0x2c ..\obj\tcp.o
                0x08000948                tcp_tmr
 .text.tcp_close
                0x08000974      0x164 ..\obj\tcp.o
                0x08000974                tcp_close
 .text.tcp_abandon
                0x08000ad8       0xe0 ..\obj\tcp.o
                0x08000ad8                tcp_abandon
 .text.tcp_bind
                0x08000bb8      0x17c ..\obj\tcp.o
                0x08000bb8                tcp_bind
 .text.tcp_accept_null
                0x08000d34       0x20 ..\obj\tcp.o
 .text.tcp_listen_with_backlog
                0x08000d54      0x10c ..\obj\tcp.o
                0x08000d54                tcp_listen_with_backlog
 .text.tcp_update_rcv_ann_wnd
                0x08000e60       0x84 ..\obj\tcp.o
                0x08000e60                tcp_update_rcv_ann_wnd
 .text.tcp_recved
                0x08000ee4       0x60 ..\obj\tcp.o
                0x08000ee4                tcp_recved
 .text.tcp_new_port
                0x08000f44       0xac ..\obj\tcp.o
 .text.tcp_connect
                0x08000ff0      0x174 ..\obj\tcp.o
                0x08000ff0                tcp_connect
 .text.tcp_slowtmr
                0x08001164      0x3d4 ..\obj\tcp.o
                0x08001164                tcp_slowtmr
 .text.tcp_fasttmr
                0x08001538       0xc0 ..\obj\tcp.o
                0x08001538                tcp_fasttmr
 .text.tcp_segs_free
                0x080015f8       0x38 ..\obj\tcp.o
                0x080015f8                tcp_segs_free
 .text.tcp_seg_free
                0x08001630       0x3c ..\obj\tcp.o
                0x08001630                tcp_seg_free
 .text.tcp_recv_null
                0x0800166c       0x48 ..\obj\tcp.o
                0x0800166c                tcp_recv_null
 .text.tcp_kill_prio
                0x080016b4       0x80 ..\obj\tcp.o
 .text.tcp_kill_timewait
                0x08001734       0x60 ..\obj\tcp.o
 .text.tcp_alloc
                0x08001794      0x10c ..\obj\tcp.o
                0x08001794                tcp_alloc
 .text.tcp_new  0x080018a0       0x10 ..\obj\tcp.o
                0x080018a0                tcp_new
 .text.tcp_arg  0x080018b0       0x1c ..\obj\tcp.o
                0x080018b0                tcp_arg
 .text.tcp_recv
                0x080018cc       0x1c ..\obj\tcp.o
                0x080018cc                tcp_recv
 .text.tcp_sent
                0x080018e8       0x1c ..\obj\tcp.o
                0x080018e8                tcp_sent
 .text.tcp_err  0x08001904       0x1c ..\obj\tcp.o
                0x08001904                tcp_err
 .text.tcp_accept
                0x08001920       0x1c ..\obj\tcp.o
                0x08001920                tcp_accept
 .text.tcp_pcb_purge
                0x0800193c       0x60 ..\obj\tcp.o
                0x0800193c                tcp_pcb_purge
 .text.tcp_pcb_remove
                0x0800199c       0xa8 ..\obj\tcp.o
                0x0800199c                tcp_pcb_remove
 .text.tcp_next_iss
                0x08001a44       0x28 ..\obj\tcp.o
                0x08001a44                tcp_next_iss
 .text.tcp_eff_send_mss
                0x08001a6c       0x40 ..\obj\tcp.o
                0x08001a6c                tcp_eff_send_mss
 .text.xMBPortEventInit
                0x08001aac       0x1c ..\obj\portevent.o
                0x08001aac                xMBPortEventInit
 .text.xMBPortEventPost
                0x08001ac8       0x2c ..\obj\portevent.o
                0x08001ac8                xMBPortEventPost
 .text.xMBPortEventGet
                0x08001af4       0x3c ..\obj\portevent.o
                0x08001af4                xMBPortEventGet
 .text.xMBTCPPortInit
                0x08001b30       0xac ..\obj\porttcp.o
                0x08001b30                xMBTCPPortInit
 .text.prvvMBPortReleaseClient
                0x08001bdc       0xb0 ..\obj\porttcp.o
                0x08001bdc                prvvMBPortReleaseClient
 .text.vMBTCPPortDisable
                0x08001c8c       0x14 ..\obj\porttcp.o
                0x08001c8c                vMBTCPPortDisable
 .text.prvxMBTCPPortAccept
                0x08001ca0       0xd4 ..\obj\porttcp.o
 .text.prvvMBTCPPortError
                0x08001d74       0x34 ..\obj\porttcp.o
 .text.prvxMBTCPPortReceive
                0x08001da8      0x10c ..\obj\porttcp.o
 .text.xMBTCPPortGetRequest
                0x08001eb4       0x34 ..\obj\porttcp.o
                0x08001eb4                xMBTCPPortGetRequest
 .text.xMBTCPPortSendResponse
                0x08001ee8       0x6c ..\obj\porttcp.o
                0x08001ee8                xMBTCPPortSendResponse
 .text.eMBSetSlaveID
                0x08001f54       0x9c ..\obj\mbfuncother.o
                0x08001f54                eMBSetSlaveID
 .text.eMBFuncReportSlaveID
                0x08001ff0       0x3c ..\obj\mbfuncother.o
                0x08001ff0                eMBFuncReportSlaveID
 .text.tcp_input
                0x0800202c      0x5d0 ..\obj\tcp_in.o
                0x0800202c                tcp_input
 .text.tcp_listen_input
                0x080025fc      0x1a4 ..\obj\tcp_in.o
 .text.tcp_timewait_input
                0x080027a0       0xe8 ..\obj\tcp_in.o
 .text.tcp_process
                0x08002888      0x6cc ..\obj\tcp_in.o
 .text.tcp_receive
                0x08002f54      0x890 ..\obj\tcp_in.o
 .text.tcp_parseopt
                0x080037e4      0x104 ..\obj\tcp_in.o
 .text.memp_init
                0x080038e8       0x98 ..\obj\memp.o
                0x080038e8                memp_init
 .text.memp_malloc
                0x08003980       0x44 ..\obj\memp.o
                0x08003980                memp_malloc
 .text.memp_free
                0x080039c4       0x3c ..\obj\memp.o
                0x080039c4                memp_free
 .text.autoip_handle_arp_conflict
                0x08003a00       0x40 ..\obj\autoip.o
 .text.autoip_create_addr
                0x08003a40       0x8c ..\obj\autoip.o
 .text.autoip_arp_announce
                0x08003acc       0x4c ..\obj\autoip.o
 .text.autoip_start
                0x08003b18       0xac ..\obj\autoip.o
                0x08003b18                autoip_start
 .text.autoip_start_probing
                0x08003bc4       0x88 ..\obj\autoip.o
 .text.autoip_arp_reply
                0x08003c4c       0xec ..\obj\autoip.o
                0x08003c4c                autoip_arp_reply
 .text.ip_reass_free_complete_datagram
                0x08003d38       0xb8 ..\obj\ip_frag.o
 .text.ip_reass_remove_oldest_datagram
                0x08003df0       0xb8 ..\obj\ip_frag.o
 .text.ip_reass_enqueue_new_datagram
                0x08003ea8       0x74 ..\obj\ip_frag.o
 .text.ip_reass_dequeue_datagram
                0x08003f1c       0x38 ..\obj\ip_frag.o
 .text.ip_reass_chain_frag_into_datagram_and_validate
                0x08003f54      0x1fc ..\obj\ip_frag.o
 .text.ip_reass
                0x08004150      0x268 ..\obj\ip_frag.o
                0x08004150                ip_reass
 .text.ip_frag  0x080043b8      0x1a4 ..\obj\ip_frag.o
                0x080043b8                ip_frag
 .text.prveMBError2Exception
                0x0800455c       0x40 ..\obj\mbutils.o
                0x0800455c                prveMBError2Exception
 .text.Default_Reset_Handler
                0x0800459c       0x5c ..\obj\startup_stm32f4xx.o
                0x0800459c                Default_Reset_Handler
                0x0800459c                Reset_Handler
 .text.Default_Handler
                0x080045f8        0x8 ..\obj\startup_stm32f4xx.o
                0x080045f8                RTC_Alarm_IRQHandler
                0x080045f8                HASH_RNG_IRQHandler
                0x080045f8                EXTI2_IRQHandler
                0x080045f8                TIM8_CC_IRQHandler
                0x080045f8                TIM1_CC_IRQHandler
                0x080045f8                DMA2_Stream5_IRQHandler
                0x080045f8                DMA1_Stream5_IRQHandler
                0x080045f8                PVD_IRQHandler
                0x080045f8                SDIO_IRQHandler
                0x080045f8                TAMP_STAMP_IRQHandler
                0x080045f8                CAN2_RX1_IRQHandler
                0x080045f8                EXTI3_IRQHandler
                0x080045f8                TIM8_TRG_COM_TIM14_IRQHandler
                0x080045f8                TIM1_UP_TIM10_IRQHandler
                0x080045f8                TIM8_UP_TIM13_IRQHandler
                0x080045f8                I2C3_ER_IRQHandler
                0x080045f8                EXTI0_IRQHandler
                0x080045f8                I2C2_EV_IRQHandler
                0x080045f8                DMA1_Stream2_IRQHandler
                0x080045f8                CAN1_RX0_IRQHandler
                0x080045f8                FPU_IRQHandler
                0x080045f8                OTG_HS_WKUP_IRQHandler
                0x080045f8                CAN2_SCE_IRQHandler
                0x080045f8                DMA2_Stream2_IRQHandler
                0x080045f8                SPI1_IRQHandler
                0x080045f8                TIM6_DAC_IRQHandler
                0x080045f8                TIM1_BRK_TIM9_IRQHandler
                0x080045f8                DCMI_IRQHandler
                0x080045f8                CAN2_RX0_IRQHandler
                0x080045f8                DMA2_Stream3_IRQHandler
                0x080045f8                USART6_IRQHandler
                0x080045f8                USART3_IRQHandler
                0x080045f8                CRYP_IRQHandler
                0x080045f8                CAN1_RX1_IRQHandler
                0x080045f8                UART5_IRQHandler
                0x080045f8                TIM4_IRQHandler
                0x080045f8                I2C1_EV_IRQHandler
                0x080045f8                DMA1_Stream6_IRQHandler
                0x080045f8                DMA1_Stream1_IRQHandler
                0x080045f8                UART4_IRQHandler
                0x080045f8                TIM3_IRQHandler
                0x080045f8                RCC_IRQHandler
                0x080045f8                TIM8_BRK_TIM12_IRQHandler
                0x080045f8                EXTI15_10_IRQHandler
                0x080045f8                ADC_IRQHandler
                0x080045f8                DMA1_Stream7_IRQHandler
                0x080045f8                TIM7_IRQHandler
                0x080045f8                CAN2_TX_IRQHandler
                0x080045f8                TIM5_IRQHandler
                0x080045f8                DMA2_Stream7_IRQHandler
                0x080045f8                I2C3_EV_IRQHandler
                0x080045f8                EXTI9_5_IRQHandler
                0x080045f8                RTC_WKUP_IRQHandler
                0x080045f8                ETH_WKUP_IRQHandler
                0x080045f8                SPI2_IRQHandler
                0x080045f8                OTG_HS_EP1_IN_IRQHandler
                0x080045f8                DMA1_Stream0_IRQHandler
                0x080045f8                CAN1_TX_IRQHandler
                0x080045f8                EXTI4_IRQHandler
                0x080045f8                FSMC_IRQHandler
                0x080045f8                ETH_IRQHandler
                0x080045f8                OTG_HS_EP1_OUT_IRQHandler
                0x080045f8                WWDG_IRQHandler
                0x080045f8                TIM2_IRQHandler
                0x080045f8                OTG_FS_WKUP_IRQHandler
                0x080045f8                TIM1_TRG_COM_TIM11_IRQHandler
                0x080045f8                OTG_HS_IRQHandler
                0x080045f8                EXTI1_IRQHandler
                0x080045f8                USART2_IRQHandler
                0x080045f8                I2C2_ER_IRQHandler
                0x080045f8                DMA2_Stream1_IRQHandler
                0x080045f8                CAN1_SCE_IRQHandler
                0x080045f8                FLASH_IRQHandler
                0x080045f8                DMA2_Stream4_IRQHandler
                0x080045f8                USART1_IRQHandler
                0x080045f8                OTG_FS_IRQHandler
                0x080045f8                SPI3_IRQHandler
                0x080045f8                DMA1_Stream4_IRQHandler
                0x080045f8                I2C1_ER_IRQHandler
                0x080045f8                DMA2_Stream6_IRQHandler
                0x080045f8                DMA1_Stream3_IRQHandler
 .text.ETH_Delay
                0x08004600       0x28 ..\obj\stm32f4x7_eth.o
 .text.ETH_DeInit
                0x08004628       0x1c ..\obj\stm32f4x7_eth.o
                0x08004628                ETH_DeInit
 .text.ETH_StructInit
                0x08004644      0x15c ..\obj\stm32f4x7_eth.o
                0x08004644                ETH_StructInit
 .text.ETH_Init
                0x080047a0      0x434 ..\obj\stm32f4x7_eth.o
                0x080047a0                ETH_Init
 .text.ETH_Start
                0x08004bd4       0x24 ..\obj\stm32f4x7_eth.o
                0x08004bd4                ETH_Start
 .text.ETH_MACTransmissionCmd
                0x08004bf8       0x38 ..\obj\stm32f4x7_eth.o
                0x08004bf8                ETH_MACTransmissionCmd
 .text.ETH_MACReceptionCmd
                0x08004c30       0x38 ..\obj\stm32f4x7_eth.o
                0x08004c30                ETH_MACReceptionCmd
 .text.ETH_MACAddressConfig
                0x08004c68       0x6c ..\obj\stm32f4x7_eth.o
                0x08004c68                ETH_MACAddressConfig
 .text.ETH_Get_Received_Frame
                0x08004cd4       0x84 ..\obj\stm32f4x7_eth.o
                0x08004cd4                ETH_Get_Received_Frame
 .text.ETH_Prepare_Transmit_Descriptors
                0x08004d58      0x16c ..\obj\stm32f4x7_eth.o
                0x08004d58                ETH_Prepare_Transmit_Descriptors
 .text.ETH_DMARxDescChainInit
                0x08004ec4       0xa8 ..\obj\stm32f4x7_eth.o
                0x08004ec4                ETH_DMARxDescChainInit
 .text.ETH_CheckFrameReceived
                0x08004f6c       0xd4 ..\obj\stm32f4x7_eth.o
                0x08004f6c                ETH_CheckFrameReceived
 .text.ETH_DMATxDescChainInit
                0x08005040       0x90 ..\obj\stm32f4x7_eth.o
                0x08005040                ETH_DMATxDescChainInit
 .text.ETH_DMATxDescChecksumInsertionConfig
                0x080050d0       0x20 ..\obj\stm32f4x7_eth.o
                0x080050d0                ETH_DMATxDescChecksumInsertionConfig
 .text.ETH_SoftwareReset
                0x080050f0       0x24 ..\obj\stm32f4x7_eth.o
                0x080050f0                ETH_SoftwareReset
 .text.ETH_GetSoftwareResetStatus
                0x08005114       0x38 ..\obj\stm32f4x7_eth.o
                0x08005114                ETH_GetSoftwareResetStatus
 .text.ETH_FlushTransmitFIFO
                0x0800514c       0x28 ..\obj\stm32f4x7_eth.o
                0x0800514c                ETH_FlushTransmitFIFO
 .text.ETH_DMATransmissionCmd
                0x08005174       0x50 ..\obj\stm32f4x7_eth.o
                0x08005174                ETH_DMATransmissionCmd
 .text.ETH_DMAReceptionCmd
                0x080051c4       0x50 ..\obj\stm32f4x7_eth.o
                0x080051c4                ETH_DMAReceptionCmd
 .text.ETH_ReadPHYRegister
                0x08005214       0xa0 ..\obj\stm32f4x7_eth.o
                0x08005214                ETH_ReadPHYRegister
 .text.ETH_WritePHYRegister
                0x080052b4       0xa4 ..\obj\stm32f4x7_eth.o
                0x080052b4                ETH_WritePHYRegister
 .text.ip_addr_isbroadcast
                0x08005358       0x7c ..\obj\ip_addr.o
                0x08005358                ip_addr_isbroadcast
 .text.eMBFuncWriteHoldingRegister
                0x080053d4       0x70 ..\obj\mbfuncholding.o
                0x080053d4                eMBFuncWriteHoldingRegister
 .text.eMBFuncWriteMultipleHoldingRegister
                0x08005444       0xbc ..\obj\mbfuncholding.o
                0x08005444                eMBFuncWriteMultipleHoldingRegister
 .text.eMBFuncReadHoldingRegister
                0x08005500       0xe4 ..\obj\mbfuncholding.o
                0x08005500                eMBFuncReadHoldingRegister
 .text.eMBFuncReadWriteMultipleHoldingRegister
                0x080055e4      0x160 ..\obj\mbfuncholding.o
                0x080055e4                eMBFuncReadWriteMultipleHoldingRegister
 .text.lwip_standard_chksum
                0x08005744       0x9c ..\obj\inet_chksum.o
 .text.inet_chksum
                0x080057e0       0x24 ..\obj\inet_chksum.o
                0x080057e0                inet_chksum
 .text.inet_chksum_pbuf
                0x08005804       0x98 ..\obj\inet_chksum.o
                0x08005804                inet_chksum_pbuf
 .text.main     0x0800589c       0x90 ..\obj\main.o
                0x0800589c                main
 .text.Time_Update
                0x0800592c       0x1c ..\obj\main.o
                0x0800592c                Time_Update
 .text.eMBRegInputCB
                0x08005948       0xac ..\obj\main.o
                0x08005948                eMBRegInputCB
 .text.eMBRegHoldingCB
                0x080059f4       0xe8 ..\obj\main.o
                0x080059f4                eMBRegHoldingCB
 .text.eMBRegCoilsCB
                0x08005adc       0x28 ..\obj\main.o
                0x08005adc                eMBRegCoilsCB
 .text.eMBRegDiscreteCB
                0x08005b04       0x20 ..\obj\main.o
                0x08005b04                eMBRegDiscreteCB
 .text.RCC_GetClocksFreq
                0x08005b24      0x154 ..\obj\stm32f4xx_rcc.o
                0x08005b24                RCC_GetClocksFreq
 .text.RCC_AHB1PeriphClockCmd
                0x08005c78       0x3c ..\obj\stm32f4xx_rcc.o
                0x08005c78                RCC_AHB1PeriphClockCmd
 .text.RCC_APB1PeriphClockCmd
                0x08005cb4       0x3c ..\obj\stm32f4xx_rcc.o
                0x08005cb4                RCC_APB1PeriphClockCmd
 .text.RCC_APB2PeriphClockCmd
                0x08005cf0       0x3c ..\obj\stm32f4xx_rcc.o
                0x08005cf0                RCC_APB2PeriphClockCmd
 .text.RCC_AHB1PeriphResetCmd
                0x08005d2c       0x3c ..\obj\stm32f4xx_rcc.o
                0x08005d2c                RCC_AHB1PeriphResetCmd
 .text.LwIP_Init
                0x08005d68       0x74 ..\obj\netconf.o
                0x08005d68                LwIP_Init
 .text.LwIP_Pkt_Handle
                0x08005ddc       0x10 ..\obj\netconf.o
                0x08005ddc                LwIP_Pkt_Handle
 .text.LwIP_Periodic_Handle
                0x08005dec       0x48 ..\obj\netconf.o
                0x08005dec                LwIP_Periodic_Handle
 .text.NMI_Handler
                0x08005e34        0xc ..\obj\stm32f4xx_it.o
                0x08005e34                NMI_Handler
 .text.HardFault_Handler
                0x08005e40        0x8 ..\obj\stm32f4xx_it.o
                0x08005e40                HardFault_Handler
 .text.MemManage_Handler
                0x08005e48        0x8 ..\obj\stm32f4xx_it.o
                0x08005e48                MemManage_Handler
 .text.BusFault_Handler
                0x08005e50        0x8 ..\obj\stm32f4xx_it.o
                0x08005e50                BusFault_Handler
 .text.UsageFault_Handler
                0x08005e58        0x8 ..\obj\stm32f4xx_it.o
                0x08005e58                UsageFault_Handler
 .text.SVC_Handler
                0x08005e60        0xc ..\obj\stm32f4xx_it.o
                0x08005e60                SVC_Handler
 .text.DebugMon_Handler
                0x08005e6c        0xc ..\obj\stm32f4xx_it.o
                0x08005e6c                DebugMon_Handler
 .text.PendSV_Handler
                0x08005e78        0xc ..\obj\stm32f4xx_it.o
                0x08005e78                PendSV_Handler
 .text.SysTick_Handler
                0x08005e84        0xc ..\obj\stm32f4xx_it.o
                0x08005e84                SysTick_Handler
 .text.ADC_Init
                0x08005e90       0xa8 ..\obj\stm32f4xx_adc.o
                0x08005e90                ADC_Init
 .text.ADC_CommonInit
                0x08005f38       0x50 ..\obj\stm32f4xx_adc.o
                0x08005f38                ADC_CommonInit
 .text.ADC_Cmd  0x08005f88       0x38 ..\obj\stm32f4xx_adc.o
                0x08005f88                ADC_Cmd
 .text.ADC_RegularChannelConfig
                0x08005fc0      0x194 ..\obj\stm32f4xx_adc.o
                0x08005fc0                ADC_RegularChannelConfig
 .text.ADC_DMACmd
                0x08006154       0x38 ..\obj\stm32f4xx_adc.o
                0x08006154                ADC_DMACmd
 .text.ADC_DMARequestAfterLastTransferCmd
                0x0800618c       0x38 ..\obj\stm32f4xx_adc.o
                0x0800618c                ADC_DMARequestAfterLastTransferCmd
 .text.NVIC_SetPriority
                0x080061c4       0x54 ..\obj\stm32f4x7_eth_bsp.o
 .text.SysTick_Config
                0x08006218       0x44 ..\obj\stm32f4x7_eth_bsp.o
 .text.ETH_BSP_Config
                0x0800625c       0x44 ..\obj\stm32f4x7_eth_bsp.o
                0x0800625c                ETH_BSP_Config
 .text.ETH_MACDMA_Config
                0x080062a0       0xbc ..\obj\stm32f4x7_eth_bsp.o
 .text.ETH_GPIO_Config
                0x0800635c      0x130 ..\obj\stm32f4x7_eth_bsp.o
 .text.eMBFuncReadInputRegister
                0x0800648c       0xe8 ..\obj\mbfuncinput.o
                0x0800648c                eMBFuncReadInputRegister
 .text.low_level_init
                0x08006574       0xb0 ..\obj\ethernetif.o
 .text.low_level_output
                0x08006624       0x68 ..\obj\ethernetif.o
 .text.low_level_input
                0x0800668c       0xf4 ..\obj\ethernetif.o
 .text.ethernetif_input
                0x08006780       0x48 ..\obj\ethernetif.o
                0x08006780                ethernetif_input
 .text.ethernetif_init
                0x080067c8       0x48 ..\obj\ethernetif.o
                0x080067c8                ethernetif_init
 .text.free_etharp_q
                0x08006810       0x34 ..\obj\etharp.o
 .text.etharp_tmr
                0x08006844       0xfc ..\obj\etharp.o
                0x08006844                etharp_tmr
 .text.find_entry
                0x08006940      0x2c0 ..\obj\etharp.o
 .text.etharp_send_ip
                0x08006c00       0x68 ..\obj\etharp.o
 .text.update_arp_entry
                0x08006c68      0x150 ..\obj\etharp.o
 .text.etharp_ip_input
                0x08006db8       0x50 ..\obj\etharp.o
                0x08006db8                etharp_ip_input
 .text.etharp_arp_input
                0x08006e08      0x1fc ..\obj\etharp.o
                0x08006e08                etharp_arp_input
 .text.etharp_output
                0x08007004       0xf8 ..\obj\etharp.o
                0x08007004                etharp_output
 .text.etharp_query
                0x080070fc      0x220 ..\obj\etharp.o
                0x080070fc                etharp_query
 .text.etharp_raw
                0x0800731c      0x148 ..\obj\etharp.o
                0x0800731c                etharp_raw
 .text.etharp_request
                0x08007464       0x48 ..\obj\etharp.o
                0x08007464                etharp_request
 .text.ethernet_input
                0x080074ac       0x88 ..\obj\etharp.o
                0x080074ac                ethernet_input
 .text.tcp_client_connect
                0x08007534       0x54 ..\obj\tcp_send.o
                0x08007534                tcp_client_connect
 .text.tcp_client_connected
                0x08007588       0x40 ..\obj\tcp_send.o
 .text.tcp_client_send
                0x080075c8       0x34 ..\obj\tcp_send.o
 .text.tcp_client_sent
                0x080075fc       0x2c ..\obj\tcp_send.o
 .text.tcp_client_connection_close
                0x08007628       0x1c ..\obj\tcp_send.o
 .text.pbuf_alloc
                0x08007644      0x1f4 ..\obj\pbuf.o
                0x08007644                pbuf_alloc
 .text.pbuf_realloc
                0x08007838       0xb0 ..\obj\pbuf.o
                0x08007838                pbuf_realloc
 .text.pbuf_header
                0x080078e8       0xe0 ..\obj\pbuf.o
                0x080078e8                pbuf_header
 .text.pbuf_free
                0x080079c8       0x88 ..\obj\pbuf.o
                0x080079c8                pbuf_free
 .text.pbuf_clen
                0x08007a50       0x30 ..\obj\pbuf.o
                0x08007a50                pbuf_clen
 .text.pbuf_ref
                0x08007a80       0x24 ..\obj\pbuf.o
                0x08007a80                pbuf_ref
 .text.pbuf_cat
                0x08007aa4       0x5c ..\obj\pbuf.o
                0x08007aa4                pbuf_cat
 .text.pbuf_chain
                0x08007b00       0x20 ..\obj\pbuf.o
                0x08007b00                pbuf_chain
 .text.pbuf_copy
                0x08007b20      0x100 ..\obj\pbuf.o
                0x08007b20                pbuf_copy
 .text.pbuf_copy_partial
                0x08007c20       0xcc ..\obj\pbuf.o
                0x08007c20                pbuf_copy_partial
 .text.htons    0x08007cec       0x2c ..\obj\inet.o
                0x08007cec                htons
 .text.ntohs    0x08007d18       0x1c ..\obj\inet.o
                0x08007d18                ntohs
 .text.htonl    0x08007d34       0x34 ..\obj\inet.o
                0x08007d34                htonl
 .text.ntohl    0x08007d68       0x18 ..\obj\inet.o
                0x08007d68                ntohl
 .text.netif_add
                0x08007d80       0x94 ..\obj\netif.o
                0x08007d80                netif_add
 .text.netif_set_addr
                0x08007e14       0x2c ..\obj\netif.o
                0x08007e14                netif_set_addr
 .text.netif_set_ipaddr
                0x08007e40       0xac ..\obj\netif.o
                0x08007e40                netif_set_ipaddr
 .text.netif_set_gw
                0x08007eec       0x28 ..\obj\netif.o
                0x08007eec                netif_set_gw
 .text.netif_set_netmask
                0x08007f14       0x28 ..\obj\netif.o
                0x08007f14                netif_set_netmask
 .text.netif_set_default
                0x08007f3c       0x1c ..\obj\netif.o
                0x08007f3c                netif_set_default
 .text.netif_set_up
                0x08007f58       0x58 ..\obj\netif.o
                0x08007f58                netif_set_up
 .text.netif_set_down
                0x08007fb0       0x40 ..\obj\netif.o
                0x08007fb0                netif_set_down
 .text.netif_is_up
                0x08007ff0       0x28 ..\obj\netif.o
                0x08007ff0                netif_is_up
 .text.GPIO_Init
                0x08008018      0x11c ..\obj\stm32f4xx_gpio.o
                0x08008018                GPIO_Init
 .text.GPIO_SetBits
                0x08008134       0x1c ..\obj\stm32f4xx_gpio.o
                0x08008134                GPIO_SetBits
 .text.GPIO_ResetBits
                0x08008150       0x1c ..\obj\stm32f4xx_gpio.o
                0x08008150                GPIO_ResetBits
 .text.GPIO_PinAFConfig
                0x0800816c       0x90 ..\obj\stm32f4xx_gpio.o
                0x0800816c                GPIO_PinAFConfig
 .text.SystemInit
                0x080081fc       0x58 ..\obj\system_stm32f4xx.o
                0x080081fc                SystemInit
 .text.SetSysClock
                0x08008254       0xf4 ..\obj\system_stm32f4xx.o
 .text._sbrk    0x08008348       0x40 ..\obj\syscalls.o
                0x08008348                _sbrk
 .text._close   0x08008388       0x18 ..\obj\syscalls.o
                0x08008388                _close
 .text._fstat   0x080083a0       0x20 ..\obj\syscalls.o
                0x080083a0                _fstat
 .text._isatty  0x080083c0       0x18 ..\obj\syscalls.o
                0x080083c0                _isatty
 .text._lseek   0x080083d8       0x1c ..\obj\syscalls.o
                0x080083d8                _lseek
 .text._read    0x080083f4       0x1c ..\obj\syscalls.o
                0x080083f4                _read
 .text._write   0x08008410       0x1c ..\obj\syscalls.o
                0x08008410                _write
 .text.DMA_DeInit
                0x0800842c      0x1a4 ..\obj\stm32f4xx_dma.o
                0x0800842c                DMA_DeInit
 .text.DMA_Init
                0x080085d0       0xac ..\obj\stm32f4xx_dma.o
                0x080085d0                DMA_Init
 .text.DMA_Cmd  0x0800867c       0x38 ..\obj\stm32f4xx_dma.o
                0x0800867c                DMA_Cmd
 .text.DMA_ClearFlag
                0x080086b4       0x5c ..\obj\stm32f4xx_dma.o
                0x080086b4                DMA_ClearFlag
 .text.DMA_ITConfig
                0x08008710       0x74 ..\obj\stm32f4xx_dma.o
                0x08008710                DMA_ITConfig
 .text.DMA_GetITStatus
                0x08008784       0xb0 ..\obj\stm32f4xx_dma.o
                0x08008784                DMA_GetITStatus
 .text.DMA_ClearITPendingBit
                0x08008834       0x5c ..\obj\stm32f4xx_dma.o
                0x08008834                DMA_ClearITPendingBit
 .text.prvvMBTCPLogFrame
                0x08008890      0x18c ..\obj\portother.o
                0x08008890                prvvMBTCPLogFrame
 .text.vMBPortLog
                0x08008a1c       0x44 ..\obj\portother.o
                0x08008a1c                vMBPortLog
 .text.ADC1_Init
                0x08008a60      0x208 ..\obj\adc.o
                0x08008a60                ADC1_Init
 .text.DMA2_Stream0_IRQHandler
                0x08008c68       0x68 ..\obj\adc.o
                0x08008c68                DMA2_Stream0_IRQHandler
 .text.udp_input
                0x08008cd0      0x290 ..\obj\udp.o
                0x08008cd0                udp_input
 .text.udp_sendto_if
                0x08008f60      0x128 ..\obj\udp.o
                0x08008f60                udp_sendto_if
 .text.udp_bind
                0x08009088       0xc0 ..\obj\udp.o
                0x08009088                udp_bind
 .text.ip_route
                0x08009148       0x70 ..\obj\ip.o
                0x08009148                ip_route
 .text.ip_input
                0x080091b8      0x278 ..\obj\ip.o
                0x080091b8                ip_input
 .text.ip_output_if
                0x08009430      0x194 ..\obj\ip.o
                0x08009430                ip_output_if
 .text.ip_output
                0x080095c4       0x4c ..\obj\ip.o
                0x080095c4                ip_output
 .text.eMBFuncReadCoils
                0x08009610      0x104 ..\obj\mbfunccoils.o
                0x08009610                eMBFuncReadCoils
 .text.eMBFuncWriteCoil
                0x08009714       0xb0 ..\obj\mbfunccoils.o
                0x08009714                eMBFuncWriteCoil
 .text.eMBFuncWriteMultipleCoils
                0x080097c4       0xd8 ..\obj\mbfunccoils.o
                0x080097c4                eMBFuncWriteMultipleCoils
 .text.icmp_input
                0x0800989c      0x200 ..\obj\icmp.o
                0x0800989c                icmp_input
 .text.icmp_dest_unreach
                0x08009a9c       0x20 ..\obj\icmp.o
                0x08009a9c                icmp_dest_unreach
 .text.icmp_time_exceeded
                0x08009abc       0x20 ..\obj\icmp.o
                0x08009abc                icmp_time_exceeded
 .text.icmp_send_response
                0x08009adc       0xa8 ..\obj\icmp.o
 .text.NVIC_PriorityGroupConfig
                0x08009b84       0x24 ..\obj\misc.o
                0x08009b84                NVIC_PriorityGroupConfig
 .text.NVIC_Init
                0x08009ba8       0xc0 ..\obj\misc.o
                0x08009ba8                NVIC_Init
 .text.SysTick_CLKSourceConfig
                0x08009c68       0x38 ..\obj\misc.o
                0x08009c68                SysTick_CLKSourceConfig
 .text.eMBTCPDoInit
                0x08009ca0       0x2c ..\obj\mbtcp.o
                0x08009ca0                eMBTCPDoInit
 .text.eMBTCPStart
                0x08009ccc        0xc ..\obj\mbtcp.o
                0x08009ccc                eMBTCPStart
 .text.eMBTCPStop
                0x08009cd8        0xc ..\obj\mbtcp.o
                0x08009cd8                eMBTCPStop
 .text.eMBTCPReceive
                0x08009ce4       0x74 ..\obj\mbtcp.o
                0x08009ce4                eMBTCPReceive
 .text.eMBTCPSend
                0x08009d58       0x5c ..\obj\mbtcp.o
                0x08009d58                eMBTCPSend
 .text.dhcp_arp_reply
                0x08009db4       0x40 ..\obj\dhcp.o
                0x08009db4                dhcp_arp_reply
 .text.dhcp_decline
                0x08009df4       0xd4 ..\obj\dhcp.o
 .text.dhcp_set_state
                0x08009ec8       0x2c ..\obj\dhcp.o
 .text.dhcp_option
                0x08009ef4       0x4c ..\obj\dhcp.o
 .text.dhcp_option_byte
                0x08009f40       0x30 ..\obj\dhcp.o
 .text.dhcp_option_long
                0x08009f70       0x98 ..\obj\dhcp.o
 .text.dhcp_create_request
                0x0800a008      0x1e8 ..\obj\dhcp.o
 .text.dhcp_delete_request
                0x0800a1f0       0x44 ..\obj\dhcp.o
 .text.dhcp_option_trailer
                0x0800a234       0x60 ..\obj\dhcp.o
 .text.TIM_TimeBaseInit
                0x0800a294       0xd4 ..\obj\stm32f4xx_tim.o
                0x0800a294                TIM_TimeBaseInit
 .text.TIM_TimeBaseStructInit
                0x0800a368       0x34 ..\obj\stm32f4xx_tim.o
                0x0800a368                TIM_TimeBaseStructInit
 .text.TIM_Cmd  0x0800a39c       0x40 ..\obj\stm32f4xx_tim.o
                0x0800a39c                TIM_Cmd
 .text.TIM_SelectOutputTrigger
                0x0800a3dc       0x38 ..\obj\stm32f4xx_tim.o
                0x0800a3dc                TIM_SelectOutputTrigger
 .text.tcp_output_set_header
                0x0800a414       0xec ..\obj\tcp_out.o
 .text.tcp_send_ctrl
                0x0800a500       0x2c ..\obj\tcp_out.o
                0x0800a500                tcp_send_ctrl
 .text.tcp_write
                0x0800a52c       0x64 ..\obj\tcp_out.o
                0x0800a52c                tcp_write
 .text.tcp_enqueue
                0x0800a590      0x570 ..\obj\tcp_out.o
                0x0800a590                tcp_enqueue
 .text.tcp_send_empty_ack
                0x0800ab00       0x84 ..\obj\tcp_out.o
                0x0800ab00                tcp_send_empty_ack
 .text.tcp_output
                0x0800ab84      0x2c8 ..\obj\tcp_out.o
                0x0800ab84                tcp_output
 .text.tcp_output_segment
                0x0800ae4c      0x144 ..\obj\tcp_out.o
 .text.tcp_rst  0x0800af90       0xf0 ..\obj\tcp_out.o
                0x0800af90                tcp_rst
 .text.tcp_rexmit_rto
                0x0800b080       0x60 ..\obj\tcp_out.o
                0x0800b080                tcp_rexmit_rto
 .text.tcp_rexmit
                0x0800b0e0       0x84 ..\obj\tcp_out.o
                0x0800b0e0                tcp_rexmit
 .text.tcp_rexmit_fast
                0x0800b164       0xac ..\obj\tcp_out.o
                0x0800b164                tcp_rexmit_fast
 .text.tcp_keepalive
                0x0800b210       0x5c ..\obj\tcp_out.o
                0x0800b210                tcp_keepalive
 .text.tcp_zero_window_probe
                0x0800b26c       0xe0 ..\obj\tcp_out.o
                0x0800b26c                tcp_zero_window_probe
 .text.raw_input
                0x0800b34c       0xac ..\obj\raw.o
                0x0800b34c                raw_input
 .text          0x0800b3f8      0x370 c:/program files/gnu tools arm embedded/4.9 2015q2/bin/../lib/gcc/arm-none-eabi/4.9.3/armv7e-m\libgcc.a(_arm_addsubdf3.o)
                0x0800b3f8                __aeabi_drsub
                0x0800b400                __aeabi_dsub
                0x0800b400                __subdf3
                0x0800b404                __aeabi_dadd
                0x0800b404                __adddf3
                0x0800b67c                __floatunsidf
                0x0800b67c                __aeabi_ui2d
                0x0800b69c                __floatsidf
                0x0800b69c                __aeabi_i2d
                0x0800b6c0                __aeabi_f2d
                0x0800b6c0                __extendsfdf2
                0x0800b6fc                __floatundidf
                0x0800b6fc                __aeabi_ul2d
                0x0800b70c                __floatdidf
                0x0800b70c                __aeabi_l2d
 .text          0x0800b768      0x424 c:/program files/gnu tools arm embedded/4.9 2015q2/bin/../lib/gcc/arm-none-eabi/4.9.3/armv7e-m\libgcc.a(_arm_muldivdf3.o)
                0x0800b768                __aeabi_dmul
                0x0800b768                __muldf3
                0x0800b9bc                __divdf3
                0x0800b9bc                __aeabi_ddiv
 .text.memcmp   0x0800bb8c       0x64 c:/program files/gnu tools arm embedded/4.9 2015q2/bin/../lib/gcc/arm-none-eabi/4.9.3/../../../../arm-none-eabi/lib/armv7e-m\libg.a(lib_a-memcmp.o)
                0x0800bb8c                memcmp
 .text          0x0800bbf0      0x134 c:/program files/gnu tools arm embedded/4.9 2015q2/bin/../lib/gcc/arm-none-eabi/4.9.3/../../../../arm-none-eabi/lib/armv7e-m\libg.a(lib_a-memcpy.o)
                0x0800bbf0                memcpy
 .text.memset   0x0800bd24       0x9c c:/program files/gnu tools arm embedded/4.9 2015q2/bin/../lib/gcc/arm-none-eabi/4.9.3/../../../../arm-none-eabi/lib/armv7e-m\libg.a(lib_a-memset.o)
                0x0800bd24                memset
 .text.printf   0x0800bdc0       0x28 c:/program files/gnu tools arm embedded/4.9 2015q2/bin/../lib/gcc/arm-none-eabi/4.9.3/../../../../arm-none-eabi/lib/armv7e-m\libg.a(lib_a-printf.o)
                0x0800bdc0                printf
 .text.snprintf
                0x0800bde8       0x9c c:/program files/gnu tools arm embedded/4.9 2015q2/bin/../lib/gcc/arm-none-eabi/4.9.3/../../../../arm-none-eabi/lib/armv7e-m\libg.a(lib_a-snprintf.o)
                0x0800bde8                snprintf
 .text.strlen   0x0800be84       0x5c c:/program files/gnu tools arm embedded/4.9 2015q2/bin/../lib/gcc/arm-none-eabi/4.9.3/../../../../arm-none-eabi/lib/armv7e-m\libg.a(lib_a-strlen.o)
                0x0800be84                strlen
 .text._svfprintf_r
                0x0800bee0     0x1494 c:/program files/gnu tools arm embedded/4.9 2015q2/bin/../lib/gcc/arm-none-eabi/4.9.3/../../../../arm-none-eabi/lib/armv7e-m\libg.a(lib_a-svfprintf.o)
                0x0800bee0                _svfprintf_r
 .text._vfprintf_r
                0x0800d374     0x13e8 c:/program files/gnu tools arm embedded/4.9 2015q2/bin/../lib/gcc/arm-none-eabi/4.9.3/../../../../arm-none-eabi/lib/armv7e-m\libg.a(lib_a-vfprintf.o)
                0x0800d374                _vfprintf_r
 .text.__sbprintf
                0x0800e75c       0x78 c:/program files/gnu tools arm embedded/4.9 2015q2/bin/../lib/gcc/arm-none-eabi/4.9.3/../../../../arm-none-eabi/lib/armv7e-m\libg.a(lib_a-vfprintf.o)
 .text.vprintf  0x0800e7d4       0x1c c:/program files/gnu tools arm embedded/4.9 2015q2/bin/../lib/gcc/arm-none-eabi/4.9.3/../../../../arm-none-eabi/lib/armv7e-m\libg.a(lib_a-vprintf.o)
                0x0800e7d4                vprintf
 .text.__swsetup_r
                0x0800e7f0       0xc4 c:/program files/gnu tools arm embedded/4.9 2015q2/bin/../lib/gcc/arm-none-eabi/4.9.3/../../../../arm-none-eabi/lib/armv7e-m\libg.a(lib_a-wsetup.o)
                0x0800e7f0                __swsetup_r
 .text.quorem   0x0800e8b4      0x12c c:/program files/gnu tools arm embedded/4.9 2015q2/bin/../lib/gcc/arm-none-eabi/4.9.3/../../../../arm-none-eabi/lib/armv7e-m\libg.a(lib_a-dtoa.o)
 .text._dtoa_r  0x0800e9e0      0xe94 c:/program files/gnu tools arm embedded/4.9 2015q2/bin/../lib/gcc/arm-none-eabi/4.9.3/../../../../arm-none-eabi/lib/armv7e-m\libg.a(lib_a-dtoa.o)
                0x0800e9e0                _dtoa_r
 .text.__sflush_r
                0x0800f874      0x154 c:/program files/gnu tools arm embedded/4.9 2015q2/bin/../lib/gcc/arm-none-eabi/4.9.3/../../../../arm-none-eabi/lib/armv7e-m\libg.a(lib_a-fflush.o)
                0x0800f874                __sflush_r
 .text._fflush_r
                0x0800f9c8       0x2c c:/program files/gnu tools arm embedded/4.9 2015q2/bin/../lib/gcc/arm-none-eabi/4.9.3/../../../../arm-none-eabi/lib/armv7e-m\libg.a(lib_a-fflush.o)
                0x0800f9c8                _fflush_r
 .text._cleanup_r
                0x0800f9f4        0xc c:/program files/gnu tools arm embedded/4.9 2015q2/bin/../lib/gcc/arm-none-eabi/4.9.3/../../../../arm-none-eabi/lib/armv7e-m\libg.a(lib_a-findfp.o)
                0x0800f9f4                _cleanup_r
 .text.__sinit.part.1
                0x0800fa00       0xf0 c:/program files/gnu tools arm embedded/4.9 2015q2/bin/../lib/gcc/arm-none-eabi/4.9.3/../../../../arm-none-eabi/lib/armv7e-m\libg.a(lib_a-findfp.o)
 .text.__sinit  0x0800faf0        0xc c:/program files/gnu tools arm embedded/4.9 2015q2/bin/../lib/gcc/arm-none-eabi/4.9.3/../../../../arm-none-eabi/lib/armv7e-m\libg.a(lib_a-findfp.o)
                0x0800faf0                __sinit
 .text.__sfp_lock_acquire
                0x0800fafc        0x4 c:/program files/gnu tools arm embedded/4.9 2015q2/bin/../lib/gcc/arm-none-eabi/4.9.3/../../../../arm-none-eabi/lib/armv7e-m\libg.a(lib_a-findfp.o)
                0x0800fafc                __sfp_lock_acquire
 .text.__sfp_lock_release
                0x0800fb00        0x4 c:/program files/gnu tools arm embedded/4.9 2015q2/bin/../lib/gcc/arm-none-eabi/4.9.3/../../../../arm-none-eabi/lib/armv7e-m\libg.a(lib_a-findfp.o)
                0x0800fb00                __sfp_lock_release
 .text._malloc_trim_r
                0x0800fb04       0x9c c:/program files/gnu tools arm embedded/4.9 2015q2/bin/../lib/gcc/arm-none-eabi/4.9.3/../../../../arm-none-eabi/lib/armv7e-m\libg.a(lib_a-freer.o)
                0x0800fb04                _malloc_trim_r
 .text._free_r  0x0800fba0      0x1b0 c:/program files/gnu tools arm embedded/4.9 2015q2/bin/../lib/gcc/arm-none-eabi/4.9.3/../../../../arm-none-eabi/lib/armv7e-m\libg.a(lib_a-freer.o)
                0x0800fba0                _free_r
 .text._fwalk_reent
                0x0800fd50       0x54 c:/program files/gnu tools arm embedded/4.9 2015q2/bin/../lib/gcc/arm-none-eabi/4.9.3/../../../../arm-none-eabi/lib/armv7e-m\libg.a(lib_a-fwalk.o)
                0x0800fd50                _fwalk_reent
 .text.__locale_charset
                0x0800fda4        0x8 c:/program files/gnu tools arm embedded/4.9 2015q2/bin/../lib/gcc/arm-none-eabi/4.9.3/../../../../arm-none-eabi/lib/armv7e-m\libg.a(lib_a-locale.o)
                0x0800fda4                __locale_charset
 .text.__locale_mb_cur_max
                0x0800fdac        0xc c:/program files/gnu tools arm embedded/4.9 2015q2/bin/../lib/gcc/arm-none-eabi/4.9.3/../../../../arm-none-eabi/lib/armv7e-m\libg.a(lib_a-locale.o)
                0x0800fdac                __locale_mb_cur_max
 .text._localeconv_r
                0x0800fdb8        0x8 c:/program files/gnu tools arm embedded/4.9 2015q2/bin/../lib/gcc/arm-none-eabi/4.9.3/../../../../arm-none-eabi/lib/armv7e-m\libg.a(lib_a-locale.o)
                0x0800fdb8                _localeconv_r
 .text.__smakebuf_r
                0x0800fdc0       0xe0 c:/program files/gnu tools arm embedded/4.9 2015q2/bin/../lib/gcc/arm-none-eabi/4.9.3/../../../../arm-none-eabi/lib/armv7e-m\libg.a(lib_a-makebuf.o)
                0x0800fdc0                __smakebuf_r
 .text._malloc_r
                0x0800fea0      0x524 c:/program files/gnu tools arm embedded/4.9 2015q2/bin/../lib/gcc/arm-none-eabi/4.9.3/../../../../arm-none-eabi/lib/armv7e-m\libg.a(lib_a-mallocr.o)
                0x0800fea0                _malloc_r
 .text.memchr   0x080103c4       0x94 c:/program files/gnu tools arm embedded/4.9 2015q2/bin/../lib/gcc/arm-none-eabi/4.9.3/../../../../arm-none-eabi/lib/armv7e-m\libg.a(lib_a-memchr.o)
                0x080103c4                memchr
 .text.__malloc_lock
                0x08010458        0x4 c:/program files/gnu tools arm embedded/4.9 2015q2/bin/../lib/gcc/arm-none-eabi/4.9.3/../../../../arm-none-eabi/lib/armv7e-m\libg.a(lib_a-mlock.o)
                0x08010458                __malloc_lock
 .text.__malloc_unlock
                0x0801045c        0x4 c:/program files/gnu tools arm embedded/4.9 2015q2/bin/../lib/gcc/arm-none-eabi/4.9.3/../../../../arm-none-eabi/lib/armv7e-m\libg.a(lib_a-mlock.o)
                0x0801045c                __malloc_unlock
 .text._Balloc  0x08010460       0x4c c:/program files/gnu tools arm embedded/4.9 2015q2/bin/../lib/gcc/arm-none-eabi/4.9.3/../../../../arm-none-eabi/lib/armv7e-m\libg.a(lib_a-mprec.o)
                0x08010460                _Balloc
 .text._Bfree   0x080104ac       0x14 c:/program files/gnu tools arm embedded/4.9 2015q2/bin/../lib/gcc/arm-none-eabi/4.9.3/../../../../arm-none-eabi/lib/armv7e-m\libg.a(lib_a-mprec.o)
                0x080104ac                _Bfree
 .text.__multadd
                0x080104c0       0x84 c:/program files/gnu tools arm embedded/4.9 2015q2/bin/../lib/gcc/arm-none-eabi/4.9.3/../../../../arm-none-eabi/lib/armv7e-m\libg.a(lib_a-mprec.o)
                0x080104c0                __multadd
 .text.__hi0bits
                0x08010544       0x40 c:/program files/gnu tools arm embedded/4.9 2015q2/bin/../lib/gcc/arm-none-eabi/4.9.3/../../../../arm-none-eabi/lib/armv7e-m\libg.a(lib_a-mprec.o)
                0x08010544                __hi0bits
 .text.__lo0bits
                0x08010584       0x5c c:/program files/gnu tools arm embedded/4.9 2015q2/bin/../lib/gcc/arm-none-eabi/4.9.3/../../../../arm-none-eabi/lib/armv7e-m\libg.a(lib_a-mprec.o)
                0x08010584                __lo0bits
 .text.__i2b    0x080105e0       0x14 c:/program files/gnu tools arm embedded/4.9 2015q2/bin/../lib/gcc/arm-none-eabi/4.9.3/../../../../arm-none-eabi/lib/armv7e-m\libg.a(lib_a-mprec.o)
                0x080105e0                __i2b
 .text.__multiply
                0x080105f4      0x134 c:/program files/gnu tools arm embedded/4.9 2015q2/bin/../lib/gcc/arm-none-eabi/4.9.3/../../../../arm-none-eabi/lib/armv7e-m\libg.a(lib_a-mprec.o)
                0x080105f4                __multiply
 .text.__pow5mult
                0x08010728       0xa0 c:/program files/gnu tools arm embedded/4.9 2015q2/bin/../lib/gcc/arm-none-eabi/4.9.3/../../../../arm-none-eabi/lib/armv7e-m\libg.a(lib_a-mprec.o)
                0x08010728                __pow5mult
 .text.__lshift
                0x080107c8       0xac c:/program files/gnu tools arm embedded/4.9 2015q2/bin/../lib/gcc/arm-none-eabi/4.9.3/../../../../arm-none-eabi/lib/armv7e-m\libg.a(lib_a-mprec.o)
                0x080107c8                __lshift
 .text.__mcmp   0x08010874       0x48 c:/program files/gnu tools arm embedded/4.9 2015q2/bin/../lib/gcc/arm-none-eabi/4.9.3/../../../../arm-none-eabi/lib/armv7e-m\libg.a(lib_a-mprec.o)
                0x08010874                __mcmp
 .text.__mdiff  0x080108bc       0xd4 c:/program files/gnu tools arm embedded/4.9 2015q2/bin/../lib/gcc/arm-none-eabi/4.9.3/../../../../arm-none-eabi/lib/armv7e-m\libg.a(lib_a-mprec.o)
                0x080108bc                __mdiff
 .text.__d2b    0x08010990       0xb8 c:/program files/gnu tools arm embedded/4.9 2015q2/bin/../lib/gcc/arm-none-eabi/4.9.3/../../../../arm-none-eabi/lib/armv7e-m\libg.a(lib_a-mprec.o)
                0x08010990                __d2b
 .text.__fpclassifyd
                0x08010a48       0x58 c:/program files/gnu tools arm embedded/4.9 2015q2/bin/../lib/gcc/arm-none-eabi/4.9.3/../../../../arm-none-eabi/lib/armv7e-m\libg.a(lib_a-s_fpclassify.o)
                0x08010a48                __fpclassifyd
 .text._sbrk_r  0x08010aa0       0x24 c:/program files/gnu tools arm embedded/4.9 2015q2/bin/../lib/gcc/arm-none-eabi/4.9.3/../../../../arm-none-eabi/lib/armv7e-m\libg.a(lib_a-sbrkr.o)
                0x08010aa0                _sbrk_r
 .text.__sread  0x08010ac4       0x24 c:/program files/gnu tools arm embedded/4.9 2015q2/bin/../lib/gcc/arm-none-eabi/4.9.3/../../../../arm-none-eabi/lib/armv7e-m\libg.a(lib_a-stdio.o)
                0x08010ac4                __sread
 .text.__swrite
                0x08010ae8       0x38 c:/program files/gnu tools arm embedded/4.9 2015q2/bin/../lib/gcc/arm-none-eabi/4.9.3/../../../../arm-none-eabi/lib/armv7e-m\libg.a(lib_a-stdio.o)
                0x08010ae8                __swrite
 .text.__sseek  0x08010b20       0x20 c:/program files/gnu tools arm embedded/4.9 2015q2/bin/../lib/gcc/arm-none-eabi/4.9.3/../../../../arm-none-eabi/lib/armv7e-m\libg.a(lib_a-stdio.o)
                0x08010b20                __sseek
 .text.__sclose
                0x08010b40        0x8 c:/program files/gnu tools arm embedded/4.9 2015q2/bin/../lib/gcc/arm-none-eabi/4.9.3/../../../../arm-none-eabi/lib/armv7e-m\libg.a(lib_a-stdio.o)
                0x08010b40                __sclose
 .text.__ssprint_r
                0x08010b48      0x104 c:/program files/gnu tools arm embedded/4.9 2015q2/bin/../lib/gcc/arm-none-eabi/4.9.3/../../../../arm-none-eabi/lib/armv7e-m\libg.a(lib_a-svfiprintf.o)
                0x08010b48                __ssprint_r
 .text.__sprint_r.part.0
                0x08010c4c       0x78 c:/program files/gnu tools arm embedded/4.9 2015q2/bin/../lib/gcc/arm-none-eabi/4.9.3/../../../../arm-none-eabi/lib/armv7e-m\libg.a(lib_a-vfiprintf.o)
 .text.__sprint_r
                0x08010cc4       0x18 c:/program files/gnu tools arm embedded/4.9 2015q2/bin/../lib/gcc/arm-none-eabi/4.9.3/../../../../arm-none-eabi/lib/armv7e-m\libg.a(lib_a-vfiprintf.o)
                0x08010cc4                __sprint_r
 .text._write_r
                0x08010cdc       0x28 c:/program files/gnu tools arm embedded/4.9 2015q2/bin/../lib/gcc/arm-none-eabi/4.9.3/../../../../arm-none-eabi/lib/armv7e-m\libg.a(lib_a-writer.o)
                0x08010cdc                _write_r
 .text._calloc_r
                0x08010d04       0x60 c:/program files/gnu tools arm embedded/4.9 2015q2/bin/../lib/gcc/arm-none-eabi/4.9.3/../../../../arm-none-eabi/lib/armv7e-m\libg.a(lib_a-callocr.o)
                0x08010d04                _calloc_r
 .text._close_r
                0x08010d64       0x24 c:/program files/gnu tools arm embedded/4.9 2015q2/bin/../lib/gcc/arm-none-eabi/4.9.3/../../../../arm-none-eabi/lib/armv7e-m\libg.a(lib_a-closer.o)
                0x08010d64                _close_r
 .text._fclose_r
                0x08010d88       0x84 c:/program files/gnu tools arm embedded/4.9 2015q2/bin/../lib/gcc/arm-none-eabi/4.9.3/../../../../arm-none-eabi/lib/armv7e-m\libg.a(lib_a-fclose.o)
                0x08010d88                _fclose_r
 .text.__fputwc
                0x08010e0c       0xb0 c:/program files/gnu tools arm embedded/4.9 2015q2/bin/../lib/gcc/arm-none-eabi/4.9.3/../../../../arm-none-eabi/lib/armv7e-m\libg.a(lib_a-fputwc.o)
                0x08010e0c                __fputwc
 .text._fputwc_r
                0x08010ebc       0x24 c:/program files/gnu tools arm embedded/4.9 2015q2/bin/../lib/gcc/arm-none-eabi/4.9.3/../../../../arm-none-eabi/lib/armv7e-m\libg.a(lib_a-fputwc.o)
                0x08010ebc                _fputwc_r
 .text._fstat_r
                0x08010ee0       0x28 c:/program files/gnu tools arm embedded/4.9 2015q2/bin/../lib/gcc/arm-none-eabi/4.9.3/../../../../arm-none-eabi/lib/armv7e-m\libg.a(lib_a-fstatr.o)
                0x08010ee0                _fstat_r
 .text.__sfvwrite_r
                0x08010f08      0x318 c:/program files/gnu tools arm embedded/4.9 2015q2/bin/../lib/gcc/arm-none-eabi/4.9.3/../../../../arm-none-eabi/lib/armv7e-m\libg.a(lib_a-fvwrite.o)
                0x08010f08                __sfvwrite_r
 .text._isatty_r
                0x08011220       0x24 c:/program files/gnu tools arm embedded/4.9 2015q2/bin/../lib/gcc/arm-none-eabi/4.9.3/../../../../arm-none-eabi/lib/armv7e-m\libg.a(lib_a-isattyr.o)
                0x08011220                _isatty_r
 .text._lseek_r
                0x08011244       0x28 c:/program files/gnu tools arm embedded/4.9 2015q2/bin/../lib/gcc/arm-none-eabi/4.9.3/../../../../arm-none-eabi/lib/armv7e-m\libg.a(lib_a-lseekr.o)
                0x08011244                _lseek_r
 .text.memmove  0x0801126c       0xc8 c:/program files/gnu tools arm embedded/4.9 2015q2/bin/../lib/gcc/arm-none-eabi/4.9.3/../../../../arm-none-eabi/lib/armv7e-m\libg.a(lib_a-memmove.o)
                0x0801126c                memmove
 .text._read_r  0x08011334       0x28 c:/program files/gnu tools arm embedded/4.9 2015q2/bin/../lib/gcc/arm-none-eabi/4.9.3/../../../../arm-none-eabi/lib/armv7e-m\libg.a(lib_a-readr.o)
                0x08011334                _read_r
 .text._realloc_r
                0x0801135c      0x3ec c:/program files/gnu tools arm embedded/4.9 2015q2/bin/../lib/gcc/arm-none-eabi/4.9.3/../../../../arm-none-eabi/lib/armv7e-m\libg.a(lib_a-reallocr.o)
                0x0801135c                _realloc_r
 .text.__swbuf_r
                0x08011748       0xa8 c:/program files/gnu tools arm embedded/4.9 2015q2/bin/../lib/gcc/arm-none-eabi/4.9.3/../../../../arm-none-eabi/lib/armv7e-m\libg.a(lib_a-wbuf.o)
                0x08011748                __swbuf_r
 .text._wcrtomb_r
                0x080117f0       0x54 c:/program files/gnu tools arm embedded/4.9 2015q2/bin/../lib/gcc/arm-none-eabi/4.9.3/../../../../arm-none-eabi/lib/armv7e-m\libg.a(lib_a-wcrtomb.o)
                0x080117f0                _wcrtomb_r
 .text.__ascii_wctomb
                0x08011844       0x1c c:/program files/gnu tools arm embedded/4.9 2015q2/bin/../lib/gcc/arm-none-eabi/4.9.3/../../../../arm-none-eabi/lib/armv7e-m\libg.a(lib_a-wctomb_r.o)
                0x08011844                __ascii_wctomb
 .text          0x08011860      0x110 c:/program files/gnu tools arm embedded/4.9 2015q2/bin/../lib/gcc/arm-none-eabi/4.9.3/armv7e-m\libgcc.a(_arm_cmpdf2.o)
                0x08011860                __gtdf2
                0x08011860                __gedf2
                0x08011868                __ltdf2
                0x08011868                __ledf2
                0x08011870                __nedf2
                0x08011870                __eqdf2
                0x08011870                __cmpdf2
                0x080118ec                __aeabi_cdrcmple
                0x080118fc                __aeabi_cdcmpeq
                0x080118fc                __aeabi_cdcmple
                0x0801190c                __aeabi_dcmpeq
                0x08011920                __aeabi_dcmplt
                0x08011934                __aeabi_dcmple
                0x08011948                __aeabi_dcmpge
                0x0801195c                __aeabi_dcmpgt
 .text          0x08011970       0x50 c:/program files/gnu tools arm embedded/4.9 2015q2/bin/../lib/gcc/arm-none-eabi/4.9.3/armv7e-m\libgcc.a(_arm_fixdfsi.o)
                0x08011970                __aeabi_d2iz
                0x08011970                __fixdfsi
 .text          0x080119c0       0x30 c:/program files/gnu tools arm embedded/4.9 2015q2/bin/../lib/gcc/arm-none-eabi/4.9.3/armv7e-m\libgcc.a(_aeabi_uldivmod.o)
                0x080119c0                __aeabi_uldivmod
 .text          0x080119f0       0x60 c:/program files/gnu tools arm embedded/4.9 2015q2/bin/../lib/gcc/arm-none-eabi/4.9.3/armv7e-m\libgcc.a(bpabi.o)
                0x080119f0                __gnu_ldivmod_helper
                0x08011a20                __gnu_uldivmod_helper
 .text          0x08011a50        0x4 c:/program files/gnu tools arm embedded/4.9 2015q2/bin/../lib/gcc/arm-none-eabi/4.9.3/armv7e-m\libgcc.a(_dvmd_tls.o)
                0x08011a50                __aeabi_idiv0
                0x08011a50                __aeabi_ldiv0
 .text          0x08011a54      0x29c c:/program files/gnu tools arm embedded/4.9 2015q2/bin/../lib/gcc/arm-none-eabi/4.9.3/armv7e-m\libgcc.a(_divdi3.o)
                0x08011a54                __divdi3
 .text          0x08011cf0      0x26c c:/program files/gnu tools arm embedded/4.9 2015q2/bin/../lib/gcc/arm-none-eabi/4.9.3/armv7e-m\libgcc.a(_udivdi3.o)
                0x08011cf0                __udivdi3
 *(.init)
 *(.fini)
 *crtbegin.o(.ctors)
 *crtbegin?.o(.ctors)
 *(EXCLUDE_FILE(*crtend.o *crtend?.o) .ctors)
 *(SORT(.ctors.*))
 *(.ctors)
 *crtbegin.o(.dtors)
 *crtbegin?.o(.dtors)
 *(EXCLUDE_FILE(*crtend.o *crtend?.o) .dtors)
 *(SORT(.dtors.*))
 *(.dtors)
 *(.rodata*)
 .rodata        0x08011f5c       0x8f ..\obj\tcp.o
                0x08011fd4                tcp_backoff
                0x08011fe4                tcp_persist_backoff
 *fill*         0x08011feb        0x1 
 .rodata        0x08011fec       0xf7 ..\obj\porttcp.o
 *fill*         0x080120e3        0x1 
 .rodata        0x080120e4       0x26 ..\obj\memp.o
 *fill*         0x0801210a        0x2 
 .rodata        0x0801210c        0x8 ..\obj\ip_addr.o
                0x0801210c                ip_addr_any
                0x08012110                ip_addr_broadcast
 .rodata        0x08012114        0x6 ..\obj\ethernetif.o
 *fill*         0x0801211a        0x2 
 .rodata        0x0801211c        0xe ..\obj\etharp.o
                0x0801211c                ethbroadcast
                0x08012124                ethzero
 *fill*         0x0801212a        0x2 
 .rodata        0x0801212c       0x86 ..\obj\portother.o
 *fill*         0x080121b2        0x2 
 .rodata.zeroes.6911
                0x080121b4       0x10 c:/program files/gnu tools arm embedded/4.9 2015q2/bin/../lib/gcc/arm-none-eabi/4.9.3/../../../../arm-none-eabi/lib/armv7e-m\libg.a(lib_a-svfprintf.o)
 .rodata.blanks.6910
                0x080121c4       0x10 c:/program files/gnu tools arm embedded/4.9 2015q2/bin/../lib/gcc/arm-none-eabi/4.9.3/../../../../arm-none-eabi/lib/armv7e-m\libg.a(lib_a-svfprintf.o)
 .rodata.str1.4
                0x080121d4       0x42 c:/program files/gnu tools arm embedded/4.9 2015q2/bin/../lib/gcc/arm-none-eabi/4.9.3/../../../../arm-none-eabi/lib/armv7e-m\libg.a(lib_a-svfprintf.o)
 *fill*         0x08012216        0x2 
 .rodata.zeroes.6926
                0x08012218       0x10 c:/program files/gnu tools arm embedded/4.9 2015q2/bin/../lib/gcc/arm-none-eabi/4.9.3/../../../../arm-none-eabi/lib/armv7e-m\libg.a(lib_a-vfprintf.o)
 .rodata.str1.4
                0x00000000       0x42 c:/program files/gnu tools arm embedded/4.9 2015q2/bin/../lib/gcc/arm-none-eabi/4.9.3/../../../../arm-none-eabi/lib/armv7e-m\libg.a(lib_a-vfprintf.o)
 .rodata.blanks.6925
                0x08012228       0x10 c:/program files/gnu tools arm embedded/4.9 2015q2/bin/../lib/gcc/arm-none-eabi/4.9.3/../../../../arm-none-eabi/lib/armv7e-m\libg.a(lib_a-vfprintf.o)
 .rodata.str1.4
                0x08012238       0x10 c:/program files/gnu tools arm embedded/4.9 2015q2/bin/../lib/gcc/arm-none-eabi/4.9.3/../../../../arm-none-eabi/lib/armv7e-m\libg.a(lib_a-dtoa.o)
                                 0x12 (size before relaxing)
 .rodata.str1.4
                0x08012248        0x2 c:/program files/gnu tools arm embedded/4.9 2015q2/bin/../lib/gcc/arm-none-eabi/4.9.3/../../../../arm-none-eabi/lib/armv7e-m\libg.a(lib_a-impure.o)
 *fill*         0x0801224a        0x2 
 .rodata.str1.4
                0x0801224c        0xc c:/program files/gnu tools arm embedded/4.9 2015q2/bin/../lib/gcc/arm-none-eabi/4.9.3/../../../../arm-none-eabi/lib/armv7e-m\libg.a(lib_a-locale.o)
                                 0x12 (size before relaxing)
 .rodata.__mprec_tens
                0x08012258       0xc8 c:/program files/gnu tools arm embedded/4.9 2015q2/bin/../lib/gcc/arm-none-eabi/4.9.3/../../../../arm-none-eabi/lib/armv7e-m\libg.a(lib_a-mprec.o)
                0x08012258                __mprec_tens
 .rodata.p05.5302
                0x08012320        0xc c:/program files/gnu tools arm embedded/4.9 2015q2/bin/../lib/gcc/arm-none-eabi/4.9.3/../../../../arm-none-eabi/lib/armv7e-m\libg.a(lib_a-mprec.o)
 *fill*         0x0801232c        0x4 
 .rodata.__mprec_bigtens
                0x08012330       0x28 c:/program files/gnu tools arm embedded/4.9 2015q2/bin/../lib/gcc/arm-none-eabi/4.9.3/../../../../arm-none-eabi/lib/armv7e-m\libg.a(lib_a-mprec.o)
                0x08012330                __mprec_bigtens
 *(.eh_fram e*)

.glue_7         0x08012358        0x0
 .glue_7        0x00000000        0x0 linker stubs

.glue_7t        0x08012358        0x0
 .glue_7t       0x00000000        0x0 linker stubs

.vfp11_veneer   0x08012358        0x0
 .vfp11_veneer  0x00000000        0x0 linker stubs

.v4_bx          0x08012358        0x0
 .v4_bx         0x00000000        0x0 linker stubs

.iplt           0x08012358        0x0
 .iplt          0x00000000        0x0 ..\obj\stm32f4xx_syscfg.o

.ARM.extab
 *(.ARM.extab* .gnu.linkonce.armextab.*)
                0x08012358                __exidx_start = .

.ARM.exidx      0x08012358        0x8
 *(.ARM.exidx* .gnu.linkonce.armexidx.*)
 .ARM.exidx     0x08012358        0x8 c:/program files/gnu tools arm embedded/4.9 2015q2/bin/../lib/gcc/arm-none-eabi/4.9.3/armv7e-m\libgcc.a(_divdi3.o)
 .ARM.exidx     0x08012360        0x0 c:/program files/gnu tools arm embedded/4.9 2015q2/bin/../lib/gcc/arm-none-eabi/4.9.3/armv7e-m\libgcc.a(_udivdi3.o)
                                  0x8 (size before relaxing)
                0x08012360                __exidx_end = .
                0x08012360                __etext = .
                0x08012360                _sidata = __etext

.rel.dyn        0x08012360        0x0
 .rel.iplt      0x00000000        0x0 ..\obj\stm32f4xx_syscfg.o

.data           0x20000000      0x98c load address 0x08012360
                0x20000000                __data_start__ = .
                0x20000000                _sdata = __data_start__
 *(vtable)
 *(.data*)
 .data          0x20000000       0x84 ..\obj\mb.o
 .data          0x20000084       0x34 ..\obj\tcp.o
                0x20000084                tcp_state_str
 .data          0x200000b8       0x12 ..\obj\main.o
 *fill*         0x200000ca        0x2 
 .data          0x200000cc       0x10 ..\obj\stm32f4xx_rcc.o
 .data          0x200000dc       0x10 ..\obj\portother.o
 .data          0x200000ec        0x4 ..\obj\dhcp.o
 .data.impure_data
                0x200000f0      0x428 c:/program files/gnu tools arm embedded/4.9 2015q2/bin/../lib/gcc/arm-none-eabi/4.9.3/../../../../arm-none-eabi/lib/armv7e-m\libg.a(lib_a-impure.o)
 .data._impure_ptr
                0x20000518        0x4 c:/program files/gnu tools arm embedded/4.9 2015q2/bin/../lib/gcc/arm-none-eabi/4.9.3/../../../../arm-none-eabi/lib/armv7e-m\libg.a(lib_a-impure.o)
                0x20000518                _impure_ptr
 .data.lconv    0x2000051c       0x38 c:/program files/gnu tools arm embedded/4.9 2015q2/bin/../lib/gcc/arm-none-eabi/4.9.3/../../../../arm-none-eabi/lib/armv7e-m\libg.a(lib_a-locale.o)
 .data.lc_ctype_charset
                0x20000554       0x20 c:/program files/gnu tools arm embedded/4.9 2015q2/bin/../lib/gcc/arm-none-eabi/4.9.3/../../../../arm-none-eabi/lib/armv7e-m\libg.a(lib_a-locale.o)
 .data.__mb_cur_max
                0x20000574        0x4 c:/program files/gnu tools arm embedded/4.9 2015q2/bin/../lib/gcc/arm-none-eabi/4.9.3/../../../../arm-none-eabi/lib/armv7e-m\libg.a(lib_a-locale.o)
                0x20000574                __mb_cur_max
 .data.__malloc_av_
                0x20000578      0x408 c:/program files/gnu tools arm embedded/4.9 2015q2/bin/../lib/gcc/arm-none-eabi/4.9.3/../../../../arm-none-eabi/lib/armv7e-m\libg.a(lib_a-mallocr.o)
                0x20000578                __malloc_av_
 .data.__malloc_trim_threshold
                0x20000980        0x4 c:/program files/gnu tools arm embedded/4.9 2015q2/bin/../lib/gcc/arm-none-eabi/4.9.3/../../../../arm-none-eabi/lib/armv7e-m\libg.a(lib_a-mallocr.o)
                0x20000980                __malloc_trim_threshold
 .data.__malloc_sbrk_base
                0x20000984        0x4 c:/program files/gnu tools arm embedded/4.9 2015q2/bin/../lib/gcc/arm-none-eabi/4.9.3/../../../../arm-none-eabi/lib/armv7e-m\libg.a(lib_a-mallocr.o)
                0x20000984                __malloc_sbrk_base
 .data.__wctomb
                0x20000988        0x4 c:/program files/gnu tools arm embedded/4.9 2015q2/bin/../lib/gcc/arm-none-eabi/4.9.3/../../../../arm-none-eabi/lib/armv7e-m\libg.a(lib_a-wctomb_r.o)
                0x20000988                __wctomb
                0x2000098c                . = ALIGN (0x4)
                0x2000098c                PROVIDE (__preinit_array_start, .)
 *(.preinit_array)
                0x2000098c                PROVIDE (__preinit_array_end, .)
                0x2000098c                . = ALIGN (0x4)
                0x2000098c                PROVIDE (__init_array_start, .)
 *(SORT(.init_array.*))
 *(.init_array)
                0x2000098c                PROVIDE (__init_array_end, .)
                0x2000098c                . = ALIGN (0x4)
                0x2000098c                PROVIDE (__fini_array_start, .)
 *(SORT(.fini_array.*))
 *(.fini_array)
                0x2000098c                PROVIDE (__fini_array_end, .)
 *(.jcr*)
                0x2000098c                . = ALIGN (0x4)
                0x2000098c                __data_end__ = .
                0x2000098c                _edata = __data_end__

.igot.plt       0x2000098c        0x0 load address 0x08012cec
 .igot.plt      0x00000000        0x0 ..\obj\stm32f4xx_syscfg.o

.bss            0x2000098c     0xe594 load address 0x08012cec
                0x2000098c                . = ALIGN (0x4)
                0x2000098c                __bss_start__ = .
                0x2000098c                _sbss = __bss_start__
 *(.bss*)
 .bss           0x2000098c      0x821 ..\obj\mem.o
 *fill*         0x200011ad        0x3 
 .bss           0x200011b0       0x24 ..\obj\mb.o
 .bss           0x200011d4        0x1 ..\obj\tcp.o
 .bss           0x200011d5        0x2 ..\obj\portevent.o
 *fill*         0x200011d7        0x1 
 .bss           0x200011d8      0x112 ..\obj\porttcp.o
 *fill*         0x200012ea        0x2 
 .bss           0x200012ec       0x22 ..\obj\mbfuncother.o
 *fill*         0x2000130e        0x2 
 .bss           0x20001310       0x30 ..\obj\tcp_in.o
 .bss           0x20001340     0x1457 ..\obj\memp.o
 *fill*         0x20002797        0x1 
 .bss           0x20002798      0x5e8 ..\obj\ip_frag.o
 .bss           0x20002d80      0x11c ..\obj\main.o
                0x20002e8c                LocalTime
                0x20002e90                buf_transmit_flag
                0x20002e94                loc_time_buf
 .bss           0x20002e9c        0xc ..\obj\netconf.o
                0x20002e9c                TCPTimer
                0x20002ea0                ARPTimer
                0x20002ea4                IPaddress
 .bss           0x20002ea8        0x5 ..\obj\stm32f4x7_eth_bsp.o
                0x20002ea8                EthInitStatus
                0x20002eac                EthLinkStatus
 *fill*         0x20002ead        0x3 
 .bss           0x20002eb0       0xc9 ..\obj\etharp.o
 .bss           0x20002f79        0x1 ..\obj\netif.o
 *fill*         0x20002f7a        0x2 
 .bss           0x20002f7c        0x4 ..\obj\syscalls.o
 .bss           0x20002f80      0x200 ..\obj\portother.o
 .bss           0x20003180        0x1 ..\obj\adc.o
                0x20003180                ADC_buf_full_flag
 *fill*         0x20003181        0x1 
 .bss           0x20003182        0x2 ..\obj\ip.o
 .bss           0x20003184        0x4 ..\obj\raw.o
 .bss.__malloc_max_total_mem
                0x20003188        0x4 c:/program files/gnu tools arm embedded/4.9 2015q2/bin/../lib/gcc/arm-none-eabi/4.9.3/../../../../arm-none-eabi/lib/armv7e-m\libg.a(lib_a-mallocr.o)
                0x20003188                __malloc_max_total_mem
 .bss.__malloc_max_sbrked_mem
                0x2000318c        0x4 c:/program files/gnu tools arm embedded/4.9 2015q2/bin/../lib/gcc/arm-none-eabi/4.9.3/../../../../arm-none-eabi/lib/armv7e-m\libg.a(lib_a-mallocr.o)
                0x2000318c                __malloc_max_sbrked_mem
 .bss.__malloc_top_pad
                0x20003190        0x4 c:/program files/gnu tools arm embedded/4.9 2015q2/bin/../lib/gcc/arm-none-eabi/4.9.3/../../../../arm-none-eabi/lib/armv7e-m\libg.a(lib_a-mallocr.o)
                0x20003190                __malloc_top_pad
 .bss.__malloc_current_mallinfo
                0x20003194       0x28 c:/program files/gnu tools arm embedded/4.9 2015q2/bin/../lib/gcc/arm-none-eabi/4.9.3/../../../../arm-none-eabi/lib/armv7e-m\libg.a(lib_a-mallocr.o)
                0x20003194                __malloc_current_mallinfo
 *(COMMON)
 COMMON         0x200031bc       0x18 ..\obj\tcp.o
                0x200031bc                tcp_active_pcbs
                0x200031c0                tcp_ticks
                0x200031c4                tcp_listen_pcbs
                0x200031c8                tcp_tmp_pcb
                0x200031cc                tcp_bound_pcbs
                0x200031d0                tcp_tw_pcbs
 COMMON         0x200031d4        0x4 ..\obj\tcp_in.o
                0x200031d4                tcp_input_pcb
 COMMON         0x200031d8     0x3ce4 ..\obj\stm32f4x7_eth.o
                0x200031d8                RX_Frame_Descriptor
                0x200031e4                DMARxDescToGet
                0x200031e8                DMATxDescToSet
                0x200031ec                DMATxDscrTab
                0x2000328c                Rx_Buff
                0x20005050                Frame_Rx_index
                0x20005054                DMA_RX_FRAME_infos
                0x20005058                DMARxDscrTab
                0x200050f8                Tx_Buff
 COMMON         0x20006ebc       0x44 ..\obj\netconf.o
                0x20006ebc                netif
 COMMON         0x20006f00        0x4 ..\obj\tcp_send.o
                0x20006f00                client_pcb
 COMMON         0x20006f04        0x8 ..\obj\netif.o
                0x20006f04                netif_list
                0x20006f08                netif_default
 COMMON         0x20006f0c     0x8004 ..\obj\adc.o
                0x20006f0c                ADC_buf_pnt
                0x20006f10                ADC_Buf
 COMMON         0x2000ef10        0x4 ..\obj\udp.o
                0x2000ef10                udp_pcbs
 COMMON         0x2000ef14        0x8 ..\obj\ip.o
                0x2000ef14                current_netif
                0x2000ef18                current_header
 COMMON         0x2000ef1c        0x4 c:/program files/gnu tools arm embedded/4.9 2015q2/bin/../lib/gcc/arm-none-eabi/4.9.3/../../../../arm-none-eabi/lib/armv7e-m\libg.a(lib_a-reent.o)
                0x2000ef1c                errno
                0x2000ef20                . = ALIGN (0x4)
                0x2000ef20                __bss_end__ = .
                0x2000ef20                _ebss = __bss_end__

.heap           0x2000ef20        0x0
                0x2000ef20                __end__ = .
                0x2000ef20                _end = __end__
                0x2000ef20                end = __end__
 *(.heap*)
                0x2000ef20                __HeapLimit = .

.co_stack       0x2000ef20      0x800 load address 0x08021280
                0x2000ef20                . = ALIGN (0x8)
 *(.co_stack .co_stack.*)
 .co_stack      0x2000ef20      0x800 ..\obj\startup_stm32f4xx.o
                0x2000ef20                pulStack
                0x20020000                __StackTop = (ORIGIN (ram) + 0x20000)
                0x2001f800                __StackLimit = (__StackTop - SIZEOF (.co_stack))
                0x20020000                PROVIDE (__stack, __StackTop)
                0x00000001                ASSERT ((__StackLimit >= __HeapLimit), region ram  overflowed with stack)
LOAD ..\obj\stm32f4xx_syscfg.o
LOAD ..\obj\mem.o
LOAD ..\obj\stm32f4xx_sdio.o
LOAD ..\obj\mb.o
LOAD ..\obj\mbfuncdisc.o
LOAD ..\obj\tcp.o
LOAD ..\obj\err.o
LOAD ..\obj\portevent.o
LOAD ..\obj\porttcp.o
LOAD ..\obj\mbfuncother.o
LOAD ..\obj\tcp_in.o
LOAD ..\obj\stm32f4xx_usart.o
LOAD ..\obj\stm32f4xx_pwr.o
LOAD ..\obj\slipif.o
LOAD ..\obj\memp.o
LOAD ..\obj\autoip.o
LOAD ..\obj\ip_frag.o
LOAD ..\obj\netbuf.o
LOAD ..\obj\tcpip.o
LOAD ..\obj\mbutils.o
LOAD ..\obj\stm32f4xx_dac.o
LOAD ..\obj\fs.o
LOAD ..\obj\startup_stm32f4xx.o
LOAD ..\obj\stm32f4_discovery.o
LOAD ..\obj\stm32f4x7_eth.o
LOAD ..\obj\sys.o
LOAD ..\obj\ip_addr.o
LOAD ..\obj\mbfuncholding.o
LOAD ..\obj\inet_chksum.o
LOAD ..\obj\main.o
LOAD ..\obj\mbcrc.o
LOAD ..\obj\stm32f4xx_rcc.o
LOAD ..\obj\netconf.o
LOAD ..\obj\stm32f4xx_it.o
LOAD ..\obj\netdb.o
LOAD ..\obj\init.o
LOAD ..\obj\stm32f4xx_adc.o
LOAD ..\obj\stm32f4x7_eth_bsp.o
LOAD ..\obj\mbfuncinput.o
LOAD ..\obj\ethernetif.o
LOAD ..\obj\etharp.o
LOAD ..\obj\mbfuncdiag.o
LOAD ..\obj\httpd.o
LOAD ..\obj\tcp_send.o
LOAD ..\obj\httpd_cgi_ssi.o
LOAD ..\obj\pbuf.o
LOAD ..\obj\stats.o
LOAD ..\obj\inet.o
LOAD ..\obj\netif.o
LOAD ..\obj\api_msg.o
LOAD ..\obj\stm32f4xx_gpio.o
LOAD ..\obj\mbrtu.o
LOAD ..\obj\system_stm32f4xx.o
LOAD ..\obj\syscalls.o
LOAD ..\obj\stm32f4xx_dma.o
LOAD ..\obj\portother.o
LOAD ..\obj\adc.o
LOAD ..\obj\sockets.o
LOAD ..\obj\igmp.o
LOAD ..\obj\udp.o
LOAD ..\obj\ip.o
LOAD ..\obj\mbfunccoils.o
LOAD ..\obj\stm32f4xx_exti.o
LOAD ..\obj\icmp.o
LOAD ..\obj\dns.o
LOAD ..\obj\netifapi.o
LOAD ..\obj\misc.o
LOAD ..\obj\api_lib.o
LOAD ..\obj\mbtcp.o
LOAD ..\obj\dhcp.o
LOAD ..\obj\mbascii.o
LOAD ..\obj\stm32f4xx_tim.o
LOAD ..\obj\tcp_out.o
LOAD ..\obj\loopif.o
LOAD ..\obj\raw.o
START GROUP
LOAD c:/program files/gnu tools arm embedded/4.9 2015q2/bin/../lib/gcc/arm-none-eabi/4.9.3/armv7e-m\libgcc.a
LOAD c:/program files/gnu tools arm embedded/4.9 2015q2/bin/../lib/gcc/arm-none-eabi/4.9.3/../../../../arm-none-eabi/lib/armv7e-m\libg.a
LOAD c:/program files/gnu tools arm embedded/4.9 2015q2/bin/../lib/gcc/arm-none-eabi/4.9.3/../../../../arm-none-eabi/lib/armv7e-m\libc.a
END GROUP
OUTPUT(LAN8720.elf elf32-littlearm)

.debug_info     0x00000000    0x161fd
 .debug_info    0x00000000      0x26c ..\obj\stm32f4xx_syscfg.o
 .debug_info    0x0000026c      0x345 ..\obj\mem.o
 .debug_info    0x000005b1      0x5fb ..\obj\mb.o
 .debug_info    0x00000bac      0x1b6 ..\obj\mbfuncdisc.o
 .debug_info    0x00000d62     0x1172 ..\obj\tcp.o
 .debug_info    0x00001ed4      0x14c ..\obj\portevent.o
 .debug_info    0x00002020      0x8de ..\obj\porttcp.o
 .debug_info    0x000028fe      0x219 ..\obj\mbfuncother.o
 .debug_info    0x00002b17      0xc1a ..\obj\tcp_in.o
 .debug_info    0x00003731      0x253 ..\obj\memp.o
 .debug_info    0x00003984      0x682 ..\obj\autoip.o
 .debug_info    0x00004006      0x8d8 ..\obj\ip_frag.o
 .debug_info    0x000048de      0x26c ..\obj\mbutils.o
 .debug_info    0x00004b4a       0xed ..\obj\startup_stm32f4xx.o
 .debug_info    0x00004c37     0x190f ..\obj\stm32f4x7_eth.o
 .debug_info    0x00006546      0x32e ..\obj\ip_addr.o
 .debug_info    0x00006874      0x33f ..\obj\mbfuncholding.o
 .debug_info    0x00006bb3      0x2a0 ..\obj\inet_chksum.o
 .debug_info    0x00006e53      0x413 ..\obj\main.o
 .debug_info    0x00007266      0xc4d ..\obj\stm32f4xx_rcc.o
 .debug_info    0x00007eb3      0x70a ..\obj\netconf.o
 .debug_info    0x000085bd      0x12f ..\obj\stm32f4xx_it.o
 .debug_info    0x000086ec      0xc38 ..\obj\stm32f4xx_adc.o
 .debug_info    0x00009324      0xb7a ..\obj\stm32f4x7_eth_bsp.o
 .debug_info    0x00009e9e      0x1a8 ..\obj\mbfuncinput.o
 .debug_info    0x0000a046      0xaa1 ..\obj\ethernetif.o
 .debug_info    0x0000aae7      0xf20 ..\obj\etharp.o
 .debug_info    0x0000ba07      0x72a ..\obj\tcp_send.o
 .debug_info    0x0000c131      0x658 ..\obj\pbuf.o
 .debug_info    0x0000c789      0x2e1 ..\obj\inet.o
 .debug_info    0x0000ca6a      0xf10 ..\obj\netif.o
 .debug_info    0x0000d97a      0x602 ..\obj\stm32f4xx_gpio.o
 .debug_info    0x0000df7c      0x592 ..\obj\system_stm32f4xx.o
 .debug_info    0x0000e50e      0x3ee ..\obj\syscalls.o
 .debug_info    0x0000e8fc      0x739 ..\obj\stm32f4xx_dma.o
 .debug_info    0x0000f035      0x221 ..\obj\portother.o
 .debug_info    0x0000f256      0xb0f ..\obj\adc.o
 .debug_info    0x0000fd65      0xaea ..\obj\udp.o
 .debug_info    0x0001084f      0x8e9 ..\obj\ip.o
 .debug_info    0x00011138      0x2d3 ..\obj\mbfunccoils.o
 .debug_info    0x0001140b      0x5c0 ..\obj\icmp.o
 .debug_info    0x000119cb      0x53d ..\obj\misc.o
 .debug_info    0x00011f08      0x22f ..\obj\mbtcp.o
 .debug_info    0x00012137     0x10b7 ..\obj\dhcp.o
 .debug_info    0x000131ee     0x1c61 ..\obj\stm32f4xx_tim.o
 .debug_info    0x00014e4f      0xcef ..\obj\tcp_out.o
 .debug_info    0x00015b3e      0x6bf ..\obj\raw.o

.debug_abbrev   0x00000000     0x42ce
 .debug_abbrev  0x00000000      0x131 ..\obj\stm32f4xx_syscfg.o
 .debug_abbrev  0x00000131      0x15e ..\obj\mem.o
 .debug_abbrev  0x0000028f      0x173 ..\obj\mb.o
 .debug_abbrev  0x00000402       0x8e ..\obj\mbfuncdisc.o
 .debug_abbrev  0x00000490      0x2c4 ..\obj\tcp.o
 .debug_abbrev  0x00000754       0xaa ..\obj\portevent.o
 .debug_abbrev  0x000007fe      0x22f ..\obj\porttcp.o
 .debug_abbrev  0x00000a2d       0xa9 ..\obj\mbfuncother.o
 .debug_abbrev  0x00000ad6      0x1e9 ..\obj\tcp_in.o
 .debug_abbrev  0x00000cbf      0x11e ..\obj\memp.o
 .debug_abbrev  0x00000ddd      0x1ae ..\obj\autoip.o
 .debug_abbrev  0x00000f8b      0x1e8 ..\obj\ip_frag.o
 .debug_abbrev  0x00001173       0xc4 ..\obj\mbutils.o
 .debug_abbrev  0x00001237       0xb0 ..\obj\startup_stm32f4xx.o
 .debug_abbrev  0x000012e7      0x240 ..\obj\stm32f4x7_eth.o
 .debug_abbrev  0x00001527       0xfc ..\obj\ip_addr.o
 .debug_abbrev  0x00001623       0xaa ..\obj\mbfuncholding.o
 .debug_abbrev  0x000016cd      0x13c ..\obj\inet_chksum.o
 .debug_abbrev  0x00001809      0x15e ..\obj\main.o
 .debug_abbrev  0x00001967      0x1e3 ..\obj\stm32f4xx_rcc.o
 .debug_abbrev  0x00001b4a      0x141 ..\obj\netconf.o
 .debug_abbrev  0x00001c8b       0x7d ..\obj\stm32f4xx_it.o
 .debug_abbrev  0x00001d08      0x196 ..\obj\stm32f4xx_adc.o
 .debug_abbrev  0x00001e9e      0x1cb ..\obj\stm32f4x7_eth_bsp.o
 .debug_abbrev  0x00002069       0x8e ..\obj\mbfuncinput.o
 .debug_abbrev  0x000020f7      0x21c ..\obj\ethernetif.o
 .debug_abbrev  0x00002313      0x20a ..\obj\etharp.o
 .debug_abbrev  0x0000251d      0x187 ..\obj\tcp_send.o
 .debug_abbrev  0x000026a4      0x1a3 ..\obj\pbuf.o
 .debug_abbrev  0x00002847      0x130 ..\obj\inet.o
 .debug_abbrev  0x00002977      0x256 ..\obj\netif.o
 .debug_abbrev  0x00002bcd      0x1a3 ..\obj\stm32f4xx_gpio.o
 .debug_abbrev  0x00002d70      0x136 ..\obj\system_stm32f4xx.o
 .debug_abbrev  0x00002ea6       0xe2 ..\obj\syscalls.o
 .debug_abbrev  0x00002f88      0x155 ..\obj\stm32f4xx_dma.o
 .debug_abbrev  0x000030dd       0xee ..\obj\portother.o
 .debug_abbrev  0x000031cb      0x149 ..\obj\adc.o
 .debug_abbrev  0x00003314      0x20c ..\obj\udp.o
 .debug_abbrev  0x00003520      0x195 ..\obj\ip.o
 .debug_abbrev  0x000036b5       0xbc ..\obj\mbfunccoils.o
 .debug_abbrev  0x00003771      0x1a3 ..\obj\icmp.o
 .debug_abbrev  0x00003914      0x145 ..\obj\misc.o
 .debug_abbrev  0x00003a59       0xe1 ..\obj\mbtcp.o
 .debug_abbrev  0x00003b3a      0x229 ..\obj\dhcp.o
 .debug_abbrev  0x00003d63      0x187 ..\obj\stm32f4xx_tim.o
 .debug_abbrev  0x00003eea      0x224 ..\obj\tcp_out.o
 .debug_abbrev  0x0000410e      0x1c0 ..\obj\raw.o

.debug_aranges  0x00000000     0x16b8
 .debug_aranges
                0x00000000       0x48 ..\obj\stm32f4xx_syscfg.o
 .debug_aranges
                0x00000048       0x48 ..\obj\mem.o
 .debug_aranges
                0x00000090       0x50 ..\obj\mb.o
 .debug_aranges
                0x000000e0       0x20 ..\obj\mbfuncdisc.o
 .debug_aranges
                0x00000100      0x110 ..\obj\tcp.o
 .debug_aranges
                0x00000210       0x30 ..\obj\portevent.o
 .debug_aranges
                0x00000240       0x60 ..\obj\porttcp.o
 .debug_aranges
                0x000002a0       0x28 ..\obj\mbfuncother.o
 .debug_aranges
                0x000002c8       0x48 ..\obj\tcp_in.o
 .debug_aranges
                0x00000310       0x30 ..\obj\memp.o
 .debug_aranges
                0x00000340       0x78 ..\obj\autoip.o
 .debug_aranges
                0x000003b8       0x58 ..\obj\ip_frag.o
 .debug_aranges
                0x00000410       0x30 ..\obj\mbutils.o
 .debug_aranges
                0x00000440       0x28 ..\obj\startup_stm32f4xx.o
 .debug_aranges
                0x00000468      0x2b8 ..\obj\stm32f4x7_eth.o
 .debug_aranges
                0x00000720       0x20 ..\obj\ip_addr.o
 .debug_aranges
                0x00000740       0x38 ..\obj\mbfuncholding.o
 .debug_aranges
                0x00000778       0x38 ..\obj\inet_chksum.o
 .debug_aranges
                0x000007b0       0x50 ..\obj\main.o
 .debug_aranges
                0x00000800      0x178 ..\obj\stm32f4xx_rcc.o
 .debug_aranges
                0x00000978       0x30 ..\obj\netconf.o
 .debug_aranges
                0x000009a8       0x60 ..\obj\stm32f4xx_it.o
 .debug_aranges
                0x00000a08      0x148 ..\obj\stm32f4xx_adc.o
 .debug_aranges
                0x00000b50       0x40 ..\obj\stm32f4x7_eth_bsp.o
 .debug_aranges
                0x00000b90       0x20 ..\obj\mbfuncinput.o
 .debug_aranges
                0x00000bb0       0x40 ..\obj\ethernetif.o
 .debug_aranges
                0x00000bf0       0x80 ..\obj\etharp.o
 .debug_aranges
                0x00000c70       0x40 ..\obj\tcp_send.o
 .debug_aranges
                0x00000cb0       0x80 ..\obj\pbuf.o
 .debug_aranges
                0x00000d30       0x50 ..\obj\inet.o
 .debug_aranges
                0x00000d80       0x90 ..\obj\netif.o
 .debug_aranges
                0x00000e10       0x88 ..\obj\stm32f4xx_gpio.o
 .debug_aranges
                0x00000e98       0x30 ..\obj\system_stm32f4xx.o
 .debug_aranges
                0x00000ec8       0x60 ..\obj\syscalls.o
 .debug_aranges
                0x00000f28       0xb0 ..\obj\stm32f4xx_dma.o
 .debug_aranges
                0x00000fd8       0x28 ..\obj\portother.o
 .debug_aranges
                0x00001000       0x28 ..\obj\adc.o
 .debug_aranges
                0x00001028       0x68 ..\obj\udp.o
 .debug_aranges
                0x00001090       0x38 ..\obj\ip.o
 .debug_aranges
                0x000010c8       0x30 ..\obj\mbfunccoils.o
 .debug_aranges
                0x000010f8       0x38 ..\obj\icmp.o
 .debug_aranges
                0x00001130       0x40 ..\obj\misc.o
 .debug_aranges
                0x00001170       0x40 ..\obj\mbtcp.o
 .debug_aranges
                0x000011b0      0x138 ..\obj\dhcp.o
 .debug_aranges
                0x000012e8      0x2f8 ..\obj\stm32f4xx_tim.o
 .debug_aranges
                0x000015e0       0x80 ..\obj\tcp_out.o
 .debug_aranges
                0x00001660       0x58 ..\obj\raw.o

.debug_ranges   0x00000000     0x13c8
 .debug_ranges  0x00000000       0x38 ..\obj\stm32f4xx_syscfg.o
 .debug_ranges  0x00000038       0x38 ..\obj\mem.o
 .debug_ranges  0x00000070       0x40 ..\obj\mb.o
 .debug_ranges  0x000000b0       0x10 ..\obj\mbfuncdisc.o
 .debug_ranges  0x000000c0      0x100 ..\obj\tcp.o
 .debug_ranges  0x000001c0       0x20 ..\obj\portevent.o
 .debug_ranges  0x000001e0       0x50 ..\obj\porttcp.o
 .debug_ranges  0x00000230       0x18 ..\obj\mbfuncother.o
 .debug_ranges  0x00000248       0x38 ..\obj\tcp_in.o
 .debug_ranges  0x00000280       0x20 ..\obj\memp.o
 .debug_ranges  0x000002a0       0x68 ..\obj\autoip.o
 .debug_ranges  0x00000308       0x48 ..\obj\ip_frag.o
 .debug_ranges  0x00000350       0x20 ..\obj\mbutils.o
 .debug_ranges  0x00000370       0x18 ..\obj\startup_stm32f4xx.o
 .debug_ranges  0x00000388      0x2a8 ..\obj\stm32f4x7_eth.o
 .debug_ranges  0x00000630       0x10 ..\obj\ip_addr.o
 .debug_ranges  0x00000640       0x28 ..\obj\mbfuncholding.o
 .debug_ranges  0x00000668       0x28 ..\obj\inet_chksum.o
 .debug_ranges  0x00000690       0x40 ..\obj\main.o
 .debug_ranges  0x000006d0      0x168 ..\obj\stm32f4xx_rcc.o
 .debug_ranges  0x00000838       0x20 ..\obj\netconf.o
 .debug_ranges  0x00000858       0x50 ..\obj\stm32f4xx_it.o
 .debug_ranges  0x000008a8      0x138 ..\obj\stm32f4xx_adc.o
 .debug_ranges  0x000009e0       0x30 ..\obj\stm32f4x7_eth_bsp.o
 .debug_ranges  0x00000a10       0x10 ..\obj\mbfuncinput.o
 .debug_ranges  0x00000a20       0x30 ..\obj\ethernetif.o
 .debug_ranges  0x00000a50       0x70 ..\obj\etharp.o
 .debug_ranges  0x00000ac0       0x30 ..\obj\tcp_send.o
 .debug_ranges  0x00000af0       0x70 ..\obj\pbuf.o
 .debug_ranges  0x00000b60       0x40 ..\obj\inet.o
 .debug_ranges  0x00000ba0       0x80 ..\obj\netif.o
 .debug_ranges  0x00000c20       0x78 ..\obj\stm32f4xx_gpio.o
 .debug_ranges  0x00000c98       0x20 ..\obj\system_stm32f4xx.o
 .debug_ranges  0x00000cb8       0x50 ..\obj\syscalls.o
 .debug_ranges  0x00000d08       0xa0 ..\obj\stm32f4xx_dma.o
 .debug_ranges  0x00000da8       0x18 ..\obj\portother.o
 .debug_ranges  0x00000dc0       0x18 ..\obj\adc.o
 .debug_ranges  0x00000dd8       0x58 ..\obj\udp.o
 .debug_ranges  0x00000e30       0x28 ..\obj\ip.o
 .debug_ranges  0x00000e58       0x20 ..\obj\mbfunccoils.o
 .debug_ranges  0x00000e78       0x28 ..\obj\icmp.o
 .debug_ranges  0x00000ea0       0x30 ..\obj\misc.o
 .debug_ranges  0x00000ed0       0x30 ..\obj\mbtcp.o
 .debug_ranges  0x00000f00      0x128 ..\obj\dhcp.o
 .debug_ranges  0x00001028      0x2e8 ..\obj\stm32f4xx_tim.o
 .debug_ranges  0x00001310       0x70 ..\obj\tcp_out.o
 .debug_ranges  0x00001380       0x48 ..\obj\raw.o

.debug_line     0x00000000     0x9cf5
 .debug_line    0x00000000      0x243 ..\obj\stm32f4xx_syscfg.o
 .debug_line    0x00000243      0x228 ..\obj\mem.o
 .debug_line    0x0000046b      0x250 ..\obj\mb.o
 .debug_line    0x000006bb      0x144 ..\obj\mbfuncdisc.o
 .debug_line    0x000007ff      0x795 ..\obj\tcp.o
 .debug_line    0x00000f94       0xf9 ..\obj\portevent.o
 .debug_line    0x0000108d      0x2c9 ..\obj\porttcp.o
 .debug_line    0x00001356      0x1b4 ..\obj\mbfuncother.o
 .debug_line    0x0000150a      0x6d8 ..\obj\tcp_in.o
 .debug_line    0x00001be2      0x185 ..\obj\memp.o
 .debug_line    0x00001d67      0x37e ..\obj\autoip.o
 .debug_line    0x000020e5      0x3a1 ..\obj\ip_frag.o
 .debug_line    0x00002486      0x159 ..\obj\mbutils.o
 .debug_line    0x000025df       0xae ..\obj\startup_stm32f4xx.o
 .debug_line    0x0000268d      0xb35 ..\obj\stm32f4x7_eth.o
 .debug_line    0x000031c2      0x19f ..\obj\ip_addr.o
 .debug_line    0x00003361      0x1d7 ..\obj\mbfuncholding.o
 .debug_line    0x00003538      0x201 ..\obj\inet_chksum.o
 .debug_line    0x00003739      0x2ca ..\obj\main.o
 .debug_line    0x00003a03      0x5d9 ..\obj\stm32f4xx_rcc.o
 .debug_line    0x00003fdc      0x2d9 ..\obj\netconf.o
 .debug_line    0x000042b5      0x236 ..\obj\stm32f4xx_it.o
 .debug_line    0x000044eb      0x58a ..\obj\stm32f4xx_adc.o
 .debug_line    0x00004a75      0x380 ..\obj\stm32f4x7_eth_bsp.o
 .debug_line    0x00004df5      0x13a ..\obj\mbfuncinput.o
 .debug_line    0x00004f2f      0x3d3 ..\obj\ethernetif.o
 .debug_line    0x00005302      0x4e4 ..\obj\etharp.o
 .debug_line    0x000057e6      0x2dd ..\obj\tcp_send.o
 .debug_line    0x00005ac3      0x3c1 ..\obj\pbuf.o
 .debug_line    0x00005e84      0x26d ..\obj\inet.o
 .debug_line    0x000060f1      0x3b0 ..\obj\netif.o
 .debug_line    0x000064a1      0x37b ..\obj\stm32f4xx_gpio.o
 .debug_line    0x0000681c      0x20e ..\obj\system_stm32f4xx.o
 .debug_line    0x00006a2a      0x179 ..\obj\syscalls.o
 .debug_line    0x00006ba3      0x414 ..\obj\stm32f4xx_dma.o
 .debug_line    0x00006fb7      0x149 ..\obj\portother.o
 .debug_line    0x00007100      0x2c1 ..\obj\adc.o
 .debug_line    0x000073c1      0x3e0 ..\obj\udp.o
 .debug_line    0x000077a1      0x2fc ..\obj\ip.o
 .debug_line    0x00007a9d      0x1a9 ..\obj\mbfunccoils.o
 .debug_line    0x00007c46      0x223 ..\obj\icmp.o
 .debug_line    0x00007e69      0x27d ..\obj\misc.o
 .debug_line    0x000080e6      0x162 ..\obj\mbtcp.o
 .debug_line    0x00008248      0x83d ..\obj\dhcp.o
 .debug_line    0x00008a85      0xaa2 ..\obj\stm32f4xx_tim.o
 .debug_line    0x00009527      0x522 ..\obj\tcp_out.o
 .debug_line    0x00009a49      0x2ac ..\obj\raw.o

.debug_str      0x00000000     0x6f3f
 .debug_str     0x00000000      0x2a2 ..\obj\stm32f4xx_syscfg.o
                                0x300 (size before relaxing)
 .debug_str     0x000002a2      0x142 ..\obj\mem.o
                                0x265 (size before relaxing)
 .debug_str     0x000003e4      0x4ae ..\obj\mb.o
                                0x638 (size before relaxing)
 .debug_str     0x00000892       0xad ..\obj\mbfuncdisc.o
                                0x36f (size before relaxing)
 .debug_str     0x0000093f      0x5b3 ..\obj\tcp.o
                                0x82b (size before relaxing)
 .debug_str     0x00000ef2       0xa1 ..\obj\portevent.o
                                0x242 (size before relaxing)
 .debug_str     0x00000f93      0x1d9 ..\obj\porttcp.o
                                0x626 (size before relaxing)
 .debug_str     0x0000116c       0xc4 ..\obj\mbfuncother.o
                                0x398 (size before relaxing)
 .debug_str     0x00001230      0x159 ..\obj\tcp_in.o
                                0x6c2 (size before relaxing)
 .debug_str     0x00001389       0x9e ..\obj\memp.o
                                0x29f (size before relaxing)
 .debug_str     0x00001427      0x1da ..\obj\autoip.o
                                0x414 (size before relaxing)
 .debug_str     0x00001601      0x27f ..\obj\ip_frag.o
                                0x583 (size before relaxing)
 .debug_str     0x00001880       0xe5 ..\obj\mbutils.o
                                0x39e (size before relaxing)
 .debug_str     0x00001965       0xbc ..\obj\startup_stm32f4xx.o
                                0x153 (size before relaxing)
 .debug_str     0x00001a21     0x127d ..\obj\stm32f4x7_eth.o
                               0x1472 (size before relaxing)
 .debug_str     0x00002c9e       0x81 ..\obj\ip_addr.o
                                0x295 (size before relaxing)
 .debug_str     0x00002d1f      0x161 ..\obj\mbfuncholding.o
                                0x44d (size before relaxing)
 .debug_str     0x00002e80       0xb5 ..\obj\inet_chksum.o
                                0x25f (size before relaxing)
 .debug_str     0x00002f35      0x17c ..\obj\main.o
                                0x3cc (size before relaxing)
 .debug_str     0x000030b1      0x5e9 ..\obj\stm32f4xx_rcc.o
                                0x85c (size before relaxing)
 .debug_str     0x0000369a      0x1fb ..\obj\netconf.o
                                0x4b1 (size before relaxing)
 .debug_str     0x00003895       0xf5 ..\obj\stm32f4xx_it.o
                                0x21d (size before relaxing)
 .debug_str     0x0000398a      0x640 ..\obj\stm32f4xx_adc.o
                                0x810 (size before relaxing)
 .debug_str     0x00003fca      0x82a ..\obj\stm32f4x7_eth_bsp.o
                                0xe31 (size before relaxing)
 .debug_str     0x000047f4       0x6c ..\obj\mbfuncinput.o
                                0x363 (size before relaxing)
 .debug_str     0x00004860       0xaa ..\obj\ethernetif.o
                                0x6cd (size before relaxing)
 .debug_str     0x0000490a      0x278 ..\obj\etharp.o
                                0x806 (size before relaxing)
 .debug_str     0x00004b82       0xd8 ..\obj\tcp_send.o
                                0x51f (size before relaxing)
 .debug_str     0x00004c5a      0x188 ..\obj\pbuf.o
                                0x431 (size before relaxing)
 .debug_str     0x00004de2       0x97 ..\obj\inet.o
                                0x208 (size before relaxing)
 .debug_str     0x00004e79      0x154 ..\obj\netif.o
                                0x7b5 (size before relaxing)
 .debug_str     0x00004fcd      0x1a9 ..\obj\stm32f4xx_gpio.o
                                0x4af (size before relaxing)
 .debug_str     0x00005176       0xd0 ..\obj\system_stm32f4xx.o
                                0x3b6 (size before relaxing)
 .debug_str     0x00005246      0x157 ..\obj\syscalls.o
                                0x2ea (size before relaxing)
 .debug_str     0x0000539d      0x380 ..\obj\stm32f4xx_dma.o
                                0x54e (size before relaxing)
 .debug_str     0x0000571d       0xe6 ..\obj\portother.o
                                0x296 (size before relaxing)
 .debug_str     0x00005803      0x21b ..\obj\adc.o
                                0xd29 (size before relaxing)
 .debug_str     0x00005a1e      0x15e ..\obj\udp.o
                                0x668 (size before relaxing)
 .debug_str     0x00005b7c       0xbf ..\obj\ip.o
                                0x549 (size before relaxing)
 .debug_str     0x00005c3b       0xc9 ..\obj\mbfunccoils.o
                                0x3d7 (size before relaxing)
 .debug_str     0x00005d04       0xcc ..\obj\icmp.o
                                0x402 (size before relaxing)
 .debug_str     0x00005dd0      0x118 ..\obj\misc.o
                                0x3da (size before relaxing)
 .debug_str     0x00005ee8       0xb4 ..\obj\mbtcp.o