Archive member included because of file (symbol)

c:/program files/gnu tools arm embedded/4.9 2015q2/bin/../lib/gcc/arm-none-eabi/4.9.3/../../../../arm-none-eabi/lib/armv7e-m/softfp\libg.a(lib_a-memcmp.o)
                              ..\obj\etharp.o (memcmp)
c:/program files/gnu tools arm embedded/4.9 2015q2/bin/../lib/gcc/arm-none-eabi/4.9.3/../../../../arm-none-eabi/lib/armv7e-m/softfp\libg.a(lib_a-memcpy.o)
                              ..\obj\porttcp.o (memcpy)
c:/program files/gnu tools arm embedded/4.9 2015q2/bin/../lib/gcc/arm-none-eabi/4.9.3/../../../../arm-none-eabi/lib/armv7e-m/softfp\libg.a(lib_a-memset.o)
                              ..\obj\mem.o (memset)
c:/program files/gnu tools arm embedded/4.9 2015q2/bin/../lib/gcc/arm-none-eabi/4.9.3/../../../../arm-none-eabi/lib/armv7e-m/softfp\libg.a(lib_a-printf.o)
                              ..\obj\portother.o (printf)
c:/program files/gnu tools arm embedded/4.9 2015q2/bin/../lib/gcc/arm-none-eabi/4.9.3/../../../../arm-none-eabi/lib/armv7e-m/softfp\libg.a(lib_a-snprintf.o)
                              ..\obj\portother.o (snprintf)
c:/program files/gnu tools arm embedded/4.9 2015q2/bin/../lib/gcc/arm-none-eabi/4.9.3/../../../../arm-none-eabi/lib/armv7e-m/softfp\libg.a(lib_a-sprintf.o)
                              ..\obj\http_server.o (sprintf)
c:/program files/gnu tools arm embedded/4.9 2015q2/bin/../lib/gcc/arm-none-eabi/4.9.3/../../../../arm-none-eabi/lib/armv7e-m/softfp\libg.a(lib_a-strlen.o)
                              ..\obj\pbuf.o (strlen)
c:/program files/gnu tools arm embedded/4.9 2015q2/bin/../lib/gcc/arm-none-eabi/4.9.3/../../../../arm-none-eabi/lib/armv7e-m/softfp\libg.a(lib_a-strncmp.o)
                              ..\obj\http_server.o (strncmp)
c:/program files/gnu tools arm embedded/4.9 2015q2/bin/../lib/gcc/arm-none-eabi/4.9.3/../../../../arm-none-eabi/lib/armv7e-m/softfp\libg.a(lib_a-svfprintf.o)
                              c:/program files/gnu tools arm embedded/4.9 2015q2/bin/../lib/gcc/arm-none-eabi/4.9.3/../../../../arm-none-eabi/lib/armv7e-m/softfp\libg.a(lib_a-snprintf.o) (_svfprintf_r)
c:/program files/gnu tools arm embedded/4.9 2015q2/bin/../lib/gcc/arm-none-eabi/4.9.3/../../../../arm-none-eabi/lib/armv7e-m/softfp\libg.a(lib_a-vfprintf.o)
                              c:/program files/gnu tools arm embedded/4.9 2015q2/bin/../lib/gcc/arm-none-eabi/4.9.3/../../../../arm-none-eabi/lib/armv7e-m/softfp\libg.a(lib_a-printf.o) (_vfprintf_r)
c:/program files/gnu tools arm embedded/4.9 2015q2/bin/../lib/gcc/arm-none-eabi/4.9.3/../../../../arm-none-eabi/lib/armv7e-m/softfp\libg.a(lib_a-vprintf.o)
                              ..\obj\portother.o (vprintf)
c:/program files/gnu tools arm embedded/4.9 2015q2/bin/../lib/gcc/arm-none-eabi/4.9.3/../../../../arm-none-eabi/lib/armv7e-m/softfp\libg.a(lib_a-wsetup.o)
                              c:/program files/gnu tools arm embedded/4.9 2015q2/bin/../lib/gcc/arm-none-eabi/4.9.3/../../../../arm-none-eabi/lib/armv7e-m/softfp\libg.a(lib_a-vfprintf.o) (__swsetup_r)
c:/program files/gnu tools arm embedded/4.9 2015q2/bin/../lib/gcc/arm-none-eabi/4.9.3/../../../../arm-none-eabi/lib/armv7e-m/softfp\libg.a(lib_a-dtoa.o)
                              c:/program files/gnu tools arm embedded/4.9 2015q2/bin/../lib/gcc/arm-none-eabi/4.9.3/../../../../arm-none-eabi/lib/armv7e-m/softfp\libg.a(lib_a-svfprintf.o) (_dtoa_r)
c:/program files/gnu tools arm embedded/4.9 2015q2/bin/../lib/gcc/arm-none-eabi/4.9.3/../../../../arm-none-eabi/lib/armv7e-m/softfp\libg.a(lib_a-fflush.o)
                              c:/program files/gnu tools arm embedded/4.9 2015q2/bin/../lib/gcc/arm-none-eabi/4.9.3/../../../../arm-none-eabi/lib/armv7e-m/softfp\libg.a(lib_a-vfprintf.o) (_fflush_r)
c:/program files/gnu tools arm embedded/4.9 2015q2/bin/../lib/gcc/arm-none-eabi/4.9.3/../../../../arm-none-eabi/lib/armv7e-m/softfp\libg.a(lib_a-findfp.o)
                              c:/program files/gnu tools arm embedded/4.9 2015q2/bin/../lib/gcc/arm-none-eabi/4.9.3/../../../../arm-none-eabi/lib/armv7e-m/softfp\libg.a(lib_a-vfprintf.o) (__sinit)
c:/program files/gnu tools arm embedded/4.9 2015q2/bin/../lib/gcc/arm-none-eabi/4.9.3/../../../../arm-none-eabi/lib/armv7e-m/softfp\libg.a(lib_a-freer.o)
                              c:/program files/gnu tools arm embedded/4.9 2015q2/bin/../lib/gcc/arm-none-eabi/4.9.3/../../../../arm-none-eabi/lib/armv7e-m/softfp\libg.a(lib_a-wsetup.o) (_free_r)
c:/program files/gnu tools arm embedded/4.9 2015q2/bin/../lib/gcc/arm-none-eabi/4.9.3/../../../../arm-none-eabi/lib/armv7e-m/softfp\libg.a(lib_a-fwalk.o)
                              c:/program files/gnu tools arm embedded/4.9 2015q2/bin/../lib/gcc/arm-none-eabi/4.9.3/../../../../arm-none-eabi/lib/armv7e-m/softfp\libg.a(lib_a-findfp.o) (_fwalk)
c:/program files/gnu tools arm embedded/4.9 2015q2/bin/../lib/gcc/arm-none-eabi/4.9.3/../../../../arm-none-eabi/lib/armv7e-m/softfp\libg.a(lib_a-impure.o)
[...]
Memory Configuration

Name             Origin             Length             Attributes
rom              0x08000000         0x00100000         xr
ram              0x20000000         0x00020000         xrw
ram1             0x10000000         0x00010000         xrw
*default*        0x00000000         0xffffffff

Linker script and memory map

                0x20020000                _eram = 0x20020000

.text           0x08000000    0x15030
 *(.isr_vector)
 .isr_vector    0x08000000      0x188 ..\obj\startup_stm32f4xx.o
                0x08000000                g_pfnVectors
 *(.text*)
 .text.SYSCFG_ETH_MediaInterfaceConfig
                0x08000188       0x1c ..\obj\stm32f4xx_syscfg.o
                0x08000188                SYSCFG_ETH_MediaInterfaceConfig
 .text.plug_holes
                0x080001a4       0xbc ..\obj\mem.o
 .text.mem_init
                0x08000260       0x80 ..\obj\mem.o
                0x08000260                mem_init
 .text.mem_free
                0x080002e0       0x74 ..\obj\mem.o
                0x080002e0                mem_free
 .text.mem_trim
                0x08000354      0x188 ..\obj\mem.o
                0x08000354                mem_trim
 .text.mem_malloc
                0x080004dc      0x164 ..\obj\mem.o
                0x080004dc                mem_malloc
 .text.eMBTCPInit
                0x08000640       0xa4 ..\obj\mb.o
                0x08000640                eMBTCPInit
 .text.eMBEnable
                0x080006e4       0x38 ..\obj\mb.o
                0x080006e4                eMBEnable
 .text.eMBPoll  0x0800071c      0x170 ..\obj\mb.o
                0x0800071c                eMBPoll
 .text.eMBFuncReadDiscreteInputs
                0x0800088c      0x104 ..\obj\mbfuncdisc.o
                0x0800088c                eMBFuncReadDiscreteInputs
 .text.tcp_init
                0x08000990        0xc ..\obj\tcp.o
                0x08000990                tcp_init
 .text.tcp_tmr  0x0800099c       0x2c ..\obj\tcp.o
                0x0800099c                tcp_tmr
 .text.tcp_close_shutdown
                0x080009c8      0x250 ..\obj\tcp.o
 .text.tcp_close
                0x08000c18       0x30 ..\obj\tcp.o
                0x08000c18                tcp_close
 .text.tcp_abandon
                0x08000c48       0xc0 ..\obj\tcp.o
                0x08000c48                tcp_abandon
 .text.tcp_abort
                0x08000d08       0x18 ..\obj\tcp.o
                0x08000d08                tcp_abort
 .text.tcp_bind
                0x08000d20       0xdc ..\obj\tcp.o
                0x08000d20                tcp_bind
 .text.tcp_accept_null
                0x08000dfc       0x20 ..\obj\tcp.o
 .text.tcp_listen_with_backlog
                0x08000e1c      0x114 ..\obj\tcp.o
                0x08000e1c                tcp_listen_with_backlog
 .text.tcp_update_rcv_ann_wnd
                0x08000f30       0x84 ..\obj\tcp.o
                0x08000f30                tcp_update_rcv_ann_wnd
 .text.tcp_recved
                0x08000fb4       0x5c ..\obj\tcp.o
                0x08000fb4                tcp_recved
 .text.tcp_new_port
                0x08001010       0x8c ..\obj\tcp.o
 .text.tcp_slowtmr
                0x0800109c      0x42c ..\obj\tcp.o
                0x0800109c                tcp_slowtmr
 .text.tcp_fasttmr
                0x080014c8       0xa0 ..\obj\tcp.o
                0x080014c8                tcp_fasttmr
 .text.tcp_process_refused_data
                0x08001568       0xc8 ..\obj\tcp.o
                0x08001568                tcp_process_refused_data
 .text.tcp_segs_free
                0x08001630       0x28 ..\obj\tcp.o
                0x08001630                tcp_segs_free
 .text.tcp_seg_free
                0x08001658       0x30 ..\obj\tcp.o
                0x08001658                tcp_seg_free
 .text.tcp_recv_null
                0x08001688       0x48 ..\obj\tcp.o
                0x08001688                tcp_recv_null
 .text.tcp_kill_prio
                0x080016d0       0x80 ..\obj\tcp.o
 .text.tcp_kill_timewait
                0x08001750       0x5c ..\obj\tcp.o
 .text.tcp_alloc
                0x080017ac      0x114 ..\obj\tcp.o
                0x080017ac                tcp_alloc
 .text.tcp_new  0x080018c0       0x10 ..\obj\tcp.o
                0x080018c0                tcp_new
 .text.tcp_arg  0x080018d0       0x1c ..\obj\tcp.o
                0x080018d0                tcp_arg
 .text.tcp_recv
                0x080018ec       0x1c ..\obj\tcp.o
                0x080018ec                tcp_recv
 .text.tcp_err  0x08001908       0x1c ..\obj\tcp.o
                0x08001908                tcp_err
 .text.tcp_accept
                0x08001924       0x1c ..\obj\tcp.o
                0x08001924                tcp_accept
 .text.tcp_pcb_purge
                0x08001940       0x70 ..\obj\tcp.o
                0x08001940                tcp_pcb_purge
 .text.tcp_pcb_remove
                0x080019b0       0xa8 ..\obj\tcp.o
                0x080019b0                tcp_pcb_remove
 .text.tcp_next_iss
                0x08001a58       0x28 ..\obj\tcp.o
                0x08001a58                tcp_next_iss
 .text.tcp_eff_send_mss
                0x08001a80       0x40 ..\obj\tcp.o
                0x08001a80                tcp_eff_send_mss
 .text.xMBPortEventInit
                0x08001ac0       0x34 ..\obj\portevent.o
                0x08001ac0                xMBPortEventInit
 .text.xMBPortEventPost
                0x08001af4       0x4c ..\obj\portevent.o
                0x08001af4                xMBPortEventPost
 .text.xMBPortEventGet
                0x08001b40       0x34 ..\obj\portevent.o
                0x08001b40                xMBPortEventGet
 .text.xMBTCPPortInit
                0x08001b74       0xac ..\obj\porttcp.o
                0x08001b74                xMBTCPPortInit
 .text.prvvMBPortReleaseClient
                0x08001c20       0x8c ..\obj\porttcp.o
                0x08001c20                prvvMBPortReleaseClient
 .text.vMBTCPPortDisable
                0x08001cac       0x14 ..\obj\porttcp.o
                0x08001cac                vMBTCPPortDisable
 .text.prvxMBTCPPortAccept
                0x08001cc0       0xb0 ..\obj\porttcp.o
 .text.prvvMBTCPPortError
                0x08001d70       0x34 ..\obj\porttcp.o
 .text.prvxMBTCPPortReceive
                0x08001da4      0x10c ..\obj\porttcp.o
 .text.xMBTCPPortGetRequest
                0x08001eb0       0x34 ..\obj\porttcp.o
                0x08001eb0                xMBTCPPortGetRequest
 .text.xMBTCPPortSendResponse
                0x08001ee4       0x6c ..\obj\porttcp.o
                0x08001ee4                xMBTCPPortSendResponse
 .text.eMBSetSlaveID
                0x08001f50       0x9c ..\obj\mbfuncother.o
                0x08001f50                eMBSetSlaveID
 .text.eMBFuncReportSlaveID
                0x08001fec       0x3c ..\obj\mbfuncother.o
                0x08001fec                eMBFuncReportSlaveID
 .text.tcp_input
                0x08002028      0x5f0 ..\obj\tcp_in.o
                0x08002028                tcp_input
 .text.tcp_listen_input
                0x08002618      0x194 ..\obj\tcp_in.o
 .text.tcp_timewait_input
                0x080027ac       0xd8 ..\obj\tcp_in.o
 .text.tcp_process
                0x08002884      0x6b8 ..\obj\tcp_in.o
 .text.tcp_receive
                0x08002f3c      0x8e0 ..\obj\tcp_in.o
 .text.tcp_parseopt
                0x0800381c      0x104 ..\obj\tcp_in.o
 .text.memp_init
                0x08003920       0x98 ..\obj\memp.o
                0x08003920                memp_init
 .text.memp_malloc
                0x080039b8       0x44 ..\obj\memp.o
                0x080039b8                memp_malloc
 .text.memp_free
                0x080039fc       0x3c ..\obj\memp.o
                0x080039fc                memp_free
 .text.tcpip_thread
                0x08003a38      0x114 ..\obj\tcpip.o
 .text.tcpip_input
                0x08003b4c       0x64 ..\obj\tcpip.o
                0x08003b4c                tcpip_input
 .text.tcpip_init
                0x08003bb0       0x50 ..\obj\tcpip.o
                0x08003bb0                tcpip_init
 .text.prveMBError2Exception
                0x08003c00       0x40 ..\obj\mbutils.o
                0x08003c00                prveMBError2Exception
 .text.Default_Reset_Handler
                0x08003c40       0x6c ..\obj\startup_stm32f4xx.o
                0x08003c40                Default_Reset_Handler
                0x08003c40                Reset_Handler
 .text.Default_Handler
                0x08003cac        0x8 ..\obj\startup_stm32f4xx.o
                0x08003cac                RTC_Alarm_IRQHandler
                0x08003cac                HASH_RNG_IRQHandler
                0x08003cac                EXTI2_IRQHandler
                0x08003cac                TIM8_CC_IRQHandler
                0x08003cac                TIM1_CC_IRQHandler
                0x08003cac                DMA2_Stream5_IRQHandler
                0x08003cac                DMA1_Stream5_IRQHandler
                0x08003cac                PVD_IRQHandler
                0x08003cac                SDIO_IRQHandler
                0x08003cac                TAMP_STAMP_IRQHandler
                0x08003cac                CAN2_RX1_IRQHandler
                0x08003cac                EXTI3_IRQHandler
                0x08003cac                TIM8_TRG_COM_TIM14_IRQHandler
                0x08003cac                TIM1_UP_TIM10_IRQHandler
                0x08003cac                TIM8_UP_TIM13_IRQHandler
                0x08003cac                I2C3_ER_IRQHandler
                0x08003cac                EXTI0_IRQHandler
                0x08003cac                I2C2_EV_IRQHandler
                0x08003cac                DMA1_Stream2_IRQHandler
                0x08003cac                CAN1_RX0_IRQHandler
                0x08003cac                FPU_IRQHandler
                0x08003cac                OTG_HS_WKUP_IRQHandler
                0x08003cac                CAN2_SCE_IRQHandler
                0x08003cac                DMA2_Stream2_IRQHandler
                0x08003cac                SPI1_IRQHandler
                0x08003cac                TIM6_DAC_IRQHandler
                0x08003cac                TIM1_BRK_TIM9_IRQHandler
                0x08003cac                DCMI_IRQHandler
                0x08003cac                CAN2_RX0_IRQHandler
                0x08003cac                DMA2_Stream3_IRQHandler
                0x08003cac                USART6_IRQHandler
                0x08003cac                USART3_IRQHandler
                0x08003cac                CRYP_IRQHandler
                0x08003cac                CAN1_RX1_IRQHandler
                0x08003cac                UART5_IRQHandler
                0x08003cac                DMA2_Stream0_IRQHandler
                0x08003cac                TIM4_IRQHandler
                0x08003cac                I2C1_EV_IRQHandler
                0x08003cac                DMA1_Stream6_IRQHandler
                0x08003cac                DMA1_Stream1_IRQHandler
                0x08003cac                UART4_IRQHandler
                0x08003cac                TIM3_IRQHandler
                0x08003cac                RCC_IRQHandler
                0x08003cac                TIM8_BRK_TIM12_IRQHandler
                0x08003cac                EXTI15_10_IRQHandler
                0x08003cac                ADC_IRQHandler
                0x08003cac                DMA1_Stream7_IRQHandler
                0x08003cac                TIM7_IRQHandler
                0x08003cac                CAN2_TX_IRQHandler
                0x08003cac                TIM5_IRQHandler
                0x08003cac                DMA2_Stream7_IRQHandler
                0x08003cac                I2C3_EV_IRQHandler
                0x08003cac                EXTI9_5_IRQHandler
                0x08003cac                RTC_WKUP_IRQHandler
                0x08003cac                ETH_WKUP_IRQHandler
                0x08003cac                SPI2_IRQHandler
                0x08003cac                OTG_HS_EP1_IN_IRQHandler
                0x08003cac                DMA1_Stream0_IRQHandler
                0x08003cac                CAN1_TX_IRQHandler
                0x08003cac                EXTI4_IRQHandler
                0x08003cac                FSMC_IRQHandler
                0x08003cac                OTG_HS_EP1_OUT_IRQHandler
                0x08003cac                WWDG_IRQHandler
                0x08003cac                TIM2_IRQHandler
                0x08003cac                OTG_FS_WKUP_IRQHandler
                0x08003cac                TIM1_TRG_COM_TIM11_IRQHandler
                0x08003cac                OTG_HS_IRQHandler
                0x08003cac                EXTI1_IRQHandler
                0x08003cac                USART2_IRQHandler
                0x08003cac                I2C2_ER_IRQHandler
                0x08003cac                CAN1_SCE_IRQHandler
                0x08003cac                FLASH_IRQHandler
                0x08003cac                DMA2_Stream4_IRQHandler
                0x08003cac                USART1_IRQHandler
                0x08003cac                OTG_FS_IRQHandler
                0x08003cac                SPI3_IRQHandler
                0x08003cac                DMA1_Stream4_IRQHandler
                0x08003cac                I2C1_ER_IRQHandler
                0x08003cac                DMA2_Stream6_IRQHandler
                0x08003cac                DMA1_Stream3_IRQHandler
 .text.ETH_Delay
                0x08003cb4       0x28 ..\obj\stm32f4x7_eth.o
 .text.ETH_DeInit
                0x08003cdc       0x1c ..\obj\stm32f4x7_eth.o
                0x08003cdc                ETH_DeInit
 .text.ETH_StructInit
                0x08003cf8      0x15c ..\obj\stm32f4x7_eth.o
                0x08003cf8                ETH_StructInit
 .text.ETH_Init
                0x08003e54      0x42c ..\obj\stm32f4x7_eth.o
                0x08003e54                ETH_Init
 .text.ETH_Start
                0x08004280       0x24 ..\obj\stm32f4x7_eth.o
                0x08004280                ETH_Start
 .text.ETH_MACTransmissionCmd
                0x080042a4       0x38 ..\obj\stm32f4x7_eth.o
                0x080042a4                ETH_MACTransmissionCmd
 .text.ETH_MACReceptionCmd
                0x080042dc       0x38 ..\obj\stm32f4x7_eth.o
                0x080042dc                ETH_MACReceptionCmd
 .text.ETH_MACAddressConfig
                0x08004314       0x6c ..\obj\stm32f4x7_eth.o
                0x08004314                ETH_MACAddressConfig
 .text.ETH_Get_Received_Frame_interrupt
                0x08004380      0x144 ..\obj\stm32f4x7_eth.o
                0x08004380                ETH_Get_Received_Frame_interrupt
 .text.ETH_Prepare_Transmit_Descriptors
                0x080044c4      0x16c ..\obj\stm32f4x7_eth.o
                0x080044c4                ETH_Prepare_Transmit_Descriptors
 .text.ETH_DMARxDescChainInit
                0x08004630       0xa8 ..\obj\stm32f4x7_eth.o
                0x08004630                ETH_DMARxDescChainInit
 .text.ETH_DMATxDescChainInit
                0x080046d8       0x90 ..\obj\stm32f4x7_eth.o
                0x080046d8                ETH_DMATxDescChainInit
 .text.ETH_DMATxDescChecksumInsertionConfig
                0x08004768       0x20 ..\obj\stm32f4x7_eth.o
                0x08004768                ETH_DMATxDescChecksumInsertionConfig
 .text.ETH_DMARxDescReceiveITConfig
                0x08004788       0x38 ..\obj\stm32f4x7_eth.o
                0x08004788                ETH_DMARxDescReceiveITConfig
 .text.ETH_SoftwareReset
                0x080047c0       0x24 ..\obj\stm32f4x7_eth.o
                0x080047c0                ETH_SoftwareReset
 .text.ETH_GetSoftwareResetStatus
                0x080047e4       0x38 ..\obj\stm32f4x7_eth.o
                0x080047e4                ETH_GetSoftwareResetStatus
 .text.ETH_GetDMAFlagStatus
                0x0800481c       0x3c ..\obj\stm32f4x7_eth.o
                0x0800481c                ETH_GetDMAFlagStatus
 .text.ETH_DMAITConfig
                0x08004858       0x54 ..\obj\stm32f4x7_eth.o
                0x08004858                ETH_DMAITConfig
 .text.ETH_DMAClearITPendingBit
                0x080048ac       0x24 ..\obj\stm32f4x7_eth.o
                0x080048ac                ETH_DMAClearITPendingBit
 .text.ETH_FlushTransmitFIFO
                0x080048d0       0x28 ..\obj\stm32f4x7_eth.o
                0x080048d0                ETH_FlushTransmitFIFO
 .text.ETH_DMATransmissionCmd
                0x080048f8       0x50 ..\obj\stm32f4x7_eth.o
                0x080048f8                ETH_DMATransmissionCmd
 .text.ETH_DMAReceptionCmd
                0x08004948       0x50 ..\obj\stm32f4x7_eth.o
                0x08004948                ETH_DMAReceptionCmd
 .text.ETH_ReadPHYRegister
                0x08004998       0xa0 ..\obj\stm32f4x7_eth.o
                0x08004998                ETH_ReadPHYRegister
 .text.ETH_WritePHYRegister
                0x08004a38       0xa4 ..\obj\stm32f4x7_eth.o
                0x08004a38                ETH_WritePHYRegister
 .text.ip4_addr_isbroadcast
                0x08004adc       0x78 ..\obj\ip_addr.o
                0x08004adc                ip4_addr_isbroadcast
 .text.eMBFuncWriteHoldingRegister
                0x08004b54       0x70 ..\obj\mbfuncholding.o
                0x08004b54                eMBFuncWriteHoldingRegister
 .text.eMBFuncWriteMultipleHoldingRegister
                0x08004bc4       0xbc ..\obj\mbfuncholding.o
                0x08004bc4                eMBFuncWriteMultipleHoldingRegister
 .text.eMBFuncReadHoldingRegister
                0x08004c80       0xe4 ..\obj\mbfuncholding.o
                0x08004c80                eMBFuncReadHoldingRegister
 .text.eMBFuncReadWriteMultipleHoldingRegister
                0x08004d64      0x160 ..\obj\mbfuncholding.o
                0x08004d64                eMBFuncReadWriteMultipleHoldingRegister
 .text.lwip_standard_chksum
                0x08004ec4       0xbc ..\obj\inet_chksum.o
 .text.inet_chksum
                0x08004f80       0x24 ..\obj\inet_chksum.o
                0x08004f80                inet_chksum
 .text.inet_chksum_pbuf
                0x08004fa4       0x98 ..\obj\inet_chksum.o
                0x08004fa4                inet_chksum_pbuf
 .text.LwIP_Init
                0x0800503c       0x60 ..\obj\main.o
                0x0800503c                LwIP_Init
 .text.main     0x0800509c       0x28 ..\obj\main.o
                0x0800509c                main
 .text.RCC_MCO1Config
                0x080050c4       0x3c ..\obj\stm32f4xx_rcc.o
                0x080050c4                RCC_MCO1Config
 .text.RCC_GetClocksFreq
                0x08005100      0x154 ..\obj\stm32f4xx_rcc.o
                0x08005100                RCC_GetClocksFreq
 .text.RCC_AHB1PeriphClockCmd
                0x08005254       0x3c ..\obj\stm32f4xx_rcc.o
                0x08005254                RCC_AHB1PeriphClockCmd
 .text.RCC_AHB2PeriphClockCmd
                0x08005290       0x3c ..\obj\stm32f4xx_rcc.o
                0x08005290                RCC_AHB2PeriphClockCmd
 .text.RCC_APB1PeriphClockCmd
                0x080052cc       0x3c ..\obj\stm32f4xx_rcc.o
                0x080052cc                RCC_APB1PeriphClockCmd
 .text.RCC_APB2PeriphClockCmd
                0x08005308       0x3c ..\obj\stm32f4xx_rcc.o
                0x08005308                RCC_APB2PeriphClockCmd
 .text.RCC_AHB1PeriphResetCmd
                0x08005344       0x3c ..\obj\stm32f4xx_rcc.o
                0x08005344                RCC_AHB1PeriphResetCmd
 .text.NMI_Handler
                0x08005380        0xc ..\obj\stm32f4xx_it.o
                0x08005380                NMI_Handler
 .text.HardFault_Handler
                0x0800538c        0x8 ..\obj\stm32f4xx_it.o
                0x0800538c                HardFault_Handler
 .text.MemManage_Handler
                0x08005394        0x8 ..\obj\stm32f4xx_it.o
                0x08005394                MemManage_Handler
 .text.BusFault_Handler
                0x0800539c        0x8 ..\obj\stm32f4xx_it.o
                0x0800539c                BusFault_Handler
 .text.UsageFault_Handler
                0x080053a4        0x8 ..\obj\stm32f4xx_it.o
                0x080053a4                UsageFault_Handler
 .text.DebugMon_Handler
                0x080053ac        0xc ..\obj\stm32f4xx_it.o
                0x080053ac                DebugMon_Handler
 .text.ETH_IRQHandler
                0x080053b8       0x5c ..\obj\stm32f4xx_it.o
                0x080053b8                ETH_IRQHandler
 .text.tcpip_tcp_timer
                0x08005414       0x44 ..\obj\timers.o
 .text.tcp_timer_needed
                0x08005458       0x40 ..\obj\timers.o
                0x08005458                tcp_timer_needed
 .text.arp_timer
                0x08005498       0x24 ..\obj\timers.o
 .text.dhcp_timer_coarse
                0x080054bc       0x24 ..\obj\timers.o
 .text.dhcp_timer_fine
                0x080054e0       0x24 ..\obj\timers.o
 .text.sys_timeouts_init
                0x08005504       0x38 ..\obj\timers.o
                0x08005504                sys_timeouts_init
 .text.sys_timeout
                0x0800553c       0xdc ..\obj\timers.o
                0x0800553c                sys_timeout
 .text.sys_untimeout
                0x08005618       0x8c ..\obj\timers.o
                0x08005618                sys_untimeout
 .text.sys_timeouts_mbox_fetch
                0x080056a4       0xac ..\obj\timers.o
                0x080056a4                sys_timeouts_mbox_fetch
 .text.lwip_init
                0x08005750       0x24 ..\obj\init.o
                0x08005750                lwip_init
 .text.ETH_BSP_Config
                0x08005774       0x20 ..\obj\stm32f4x7_eth_bsp.o
                0x08005774                ETH_BSP_Config
 .text.ETH_MACDMA_Config
                0x08005794       0xc8 ..\obj\stm32f4x7_eth_bsp.o
 .text.ETH_GPIO_Config
                0x0800585c      0x130 ..\obj\stm32f4x7_eth_bsp.o
 .text.ETH_NVIC_Config
                0x0800598c       0x2c ..\obj\stm32f4x7_eth_bsp.o
 .text.eMBFuncReadInputRegister
                0x080059b8       0xe8 ..\obj\mbfuncinput.o
                0x080059b8                eMBFuncReadInputRegister
 .text.lwip_htons
                0x08005aa0       0x2c ..\obj\def.o
                0x08005aa0                lwip_htons
 .text.lwip_ntohs
                0x08005acc       0x1c ..\obj\def.o
                0x08005acc                lwip_ntohs
 .text.lwip_htonl
                0x08005ae8       0x34 ..\obj\def.o
                0x08005ae8                lwip_htonl
 .text.lwip_ntohl
                0x08005b1c       0x18 ..\obj\def.o
                0x08005b1c                lwip_ntohl
 .text.low_level_init
                0x08005b34      0x11c ..\obj\ethernetif.o
 .text.low_level_output
                0x08005c50       0xc0 ..\obj\ethernetif.o
 .text.low_level_input
                0x08005d10      0x100 ..\obj\ethernetif.o
 .text.ethernetif_input
                0x08005e10       0x54 ..\obj\ethernetif.o
 .text.ethernetif_init
                0x08005e64       0x50 ..\obj\ethernetif.o
                0x08005e64                ethernetif_init
 .text.arp_timer
                0x08005eb4       0x24 ..\obj\ethernetif.o
 .text.DCMI_DeInit
                0x08005ed8       0x3c ..\obj\stm32f4xx_dcmi.o
                0x08005ed8                DCMI_DeInit
 .text.DCMI_Init
                0x08005f14       0x80 ..\obj\stm32f4xx_dcmi.o
                0x08005f14                DCMI_Init
 .text.DCMI_JPEGCmd
                0x08005f94       0x38 ..\obj\stm32f4xx_dcmi.o
                0x08005f94                DCMI_JPEGCmd
 .text.DCMI_Cmd
                0x08005fcc       0x38 ..\obj\stm32f4xx_dcmi.o
                0x08005fcc                DCMI_Cmd
 .text.DCMI_CaptureCmd
                0x08006004       0x38 ..\obj\stm32f4xx_dcmi.o
                0x08006004                DCMI_CaptureCmd
 .text.etharp_free_entry
                0x0800603c       0x64 ..\obj\etharp.o
 .text.etharp_tmr
                0x080060a0       0xdc ..\obj\etharp.o
                0x080060a0                etharp_tmr
 .text.etharp_find_entry
                0x0800617c      0x1fc ..\obj\etharp.o
 .text.etharp_send_ip
                0x08006378       0x50 ..\obj\etharp.o
 .text.etharp_update_arp_entry
                0x080063c8      0x11c ..\obj\etharp.o
 .text.etharp_cleanup_netif
                0x080064e4       0x60 ..\obj\etharp.o
                0x080064e4                etharp_cleanup_netif
 .text.etharp_arp_input
                0x08006544      0x18c ..\obj\etharp.o
 .text.etharp_output_to_arp_index
                0x080066d0       0xa8 ..\obj\etharp.o
 .text.etharp_output
                0x08006778      0x190 ..\obj\etharp.o
                0x08006778                etharp_output
 .text.etharp_query
                0x08006908      0x220 ..\obj\etharp.o
                0x08006908                etharp_query
 .text.etharp_raw
                0x08006b28       0xf4 ..\obj\etharp.o
 .text.etharp_request
                0x08006c1c       0x48 ..\obj\etharp.o
                0x08006c1c                etharp_request
 .text.ethernet_input
                0x08006c64       0xfc ..\obj\etharp.o
                0x08006c64                ethernet_input
 .text.xTaskGenericCreate
                0x08006d60      0x1a4 ..\obj\tasks.o
                0x08006d60                xTaskGenericCreate
 .text.vTaskStartScheduler
                0x08006f04       0x80 ..\obj\tasks.o
                0x08006f04                vTaskStartScheduler
 .text.vTaskSuspendAll
                0x08006f84       0x1c ..\obj\tasks.o
                0x08006f84                vTaskSuspendAll
 .text.xTaskResumeAll
                0x08006fa0      0x12c ..\obj\tasks.o
                0x08006fa0                xTaskResumeAll
 .text.xTaskGetTickCount
                0x080070cc       0x20 ..\obj\tasks.o
                0x080070cc                xTaskGetTickCount
 .text.xTaskIncrementTick
                0x080070ec      0x180 ..\obj\tasks.o
                0x080070ec                xTaskIncrementTick
 .text.vTaskSwitchContext
                0x0800726c       0xb4 ..\obj\tasks.o
                0x0800726c                vTaskSwitchContext
 .text.vTaskPlaceOnEventList
                0x08007320       0x9c ..\obj\tasks.o
                0x08007320                vTaskPlaceOnEventList
 .text.xTaskRemoveFromEventList
                0x080073bc       0xc8 ..\obj\tasks.o
                0x080073bc                xTaskRemoveFromEventList
 .text.vTaskSetTimeOutState
                0x08007484       0x44 ..\obj\tasks.o
                0x08007484                vTaskSetTimeOutState
 .text.xTaskCheckForTimeOut
                0x080074c8       0xbc ..\obj\tasks.o
                0x080074c8                xTaskCheckForTimeOut
 .text.vTaskMissedYield
                0x08007584       0x18 ..\obj\tasks.o
                0x08007584                vTaskMissedYield
 .text.prvIdleTask
                0x0800759c       0x30 ..\obj\tasks.o
 .text.prvInitialiseTCBVariables
                0x080075cc       0xa4 ..\obj\tasks.o
 .text.prvInitialiseTaskLists
                0x08007670       0x7c ..\obj\tasks.o
 .text.prvCheckTasksWaitingTermination
                0x080076ec       0x74 ..\obj\tasks.o
 .text.prvAddCurrentTaskToDelayedList
                0x08007760       0x6c ..\obj\tasks.o
 .text.prvAllocateTCBAndStack
                0x080077cc       0x70 ..\obj\tasks.o
 .text.prvDeleteTCB
                0x0800783c       0x20 ..\obj\tasks.o
 .text.prvResetNextTaskUnblockTime
                0x0800785c       0x48 ..\obj\tasks.o
 .text.vTaskPriorityInherit
                0x080078a4       0xf0 ..\obj\tasks.o
                0x080078a4                vTaskPriorityInherit
 .text.xTaskPriorityDisinherit
                0x08007994       0xe8 ..\obj\tasks.o
                0x08007994                xTaskPriorityDisinherit
 .text.pvTaskIncrementMutexHeldCount
                0x08007a7c       0x28 ..\obj\tasks.o
                0x08007a7c                pvTaskIncrementMutexHeldCount
 .text.pbuf_alloc
                0x08007aa4      0x1f4 ..\obj\pbuf.o
                0x08007aa4                pbuf_alloc
 .text.pbuf_realloc
                0x08007c98       0xc8 ..\obj\pbuf.o
                0x08007c98                pbuf_realloc
 .text.pbuf_header
                0x08007d60       0xe0 ..\obj\pbuf.o
                0x08007d60                pbuf_header
 .text.pbuf_free
                0x08007e40       0xa0 ..\obj\pbuf.o
                0x08007e40                pbuf_free
 .text.pbuf_clen
                0x08007ee0       0x30 ..\obj\pbuf.o
                0x08007ee0                pbuf_clen
 .text.pbuf_ref
                0x08007f10       0x24 ..\obj\pbuf.o
                0x08007f10                pbuf_ref
 .text.pbuf_cat
                0x08007f34       0x5c ..\obj\pbuf.o
                0x08007f34                pbuf_cat
 .text.pbuf_chain
                0x08007f90       0x20 ..\obj\pbuf.o
                0x08007f90                pbuf_chain
 .text.pbuf_copy
                0x08007fb0      0x110 ..\obj\pbuf.o
                0x08007fb0                pbuf_copy
 .text.pbuf_copy_partial
                0x080080c0       0xcc ..\obj\pbuf.o
                0x080080c0                pbuf_copy_partial
 .text.ADC_Ext_Init
                0x0800818c       0x54 ..\obj\adc_dcmi.o
                0x0800818c                ADC_Ext_Init
 .text.Timestamp_Init
                0x080081e0       0xb8 ..\obj\adc_dcmi.o
                0x080081e0                Timestamp_Init
 .text.ADC_GetLastTimestamp
                0x08008298       0x1c ..\obj\adc_dcmi.o
                0x08008298                ADC_GetLastTimestamp
 .text.ADC_GetLastVal
                0x080082b4       0x40 ..\obj\adc_dcmi.o
                0x080082b4                ADC_GetLastVal
 .text.ADC_DCMI_Tim_Init
                0x080082f4      0x160 ..\obj\adc_dcmi.o
                0x080082f4                ADC_DCMI_Tim_Init
 .text.ADC_DCMI_Core_Init
                0x08008454      0x1cc ..\obj\adc_dcmi.o
                0x08008454                ADC_DCMI_Core_Init
 .text.DMA2_Stream1_IRQHandler
                0x08008620       0xe0 ..\obj\adc_dcmi.o
                0x08008620                DMA2_Stream1_IRQHandler
 .text.netif_init
                0x08008700        0xc ..\obj\netif.o
                0x08008700                netif_init
 .text.netif_add
                0x0800870c       0x88 ..\obj\netif.o
                0x0800870c                netif_add
 .text.netif_set_addr
                0x08008794       0x2c ..\obj\netif.o
                0x08008794                netif_set_addr
 .text.netif_set_ipaddr
                0x080087c0       0xb0 ..\obj\netif.o
                0x080087c0                netif_set_ipaddr
 .text.netif_set_gw
                0x08008870       0x28 ..\obj\netif.o
                0x08008870                netif_set_gw
 .text.netif_set_netmask
                0x08008898       0x28 ..\obj\netif.o
                0x08008898                netif_set_netmask
 .text.netif_set_default
                0x080088c0       0x1c ..\obj\netif.o
                0x080088c0                netif_set_default
 .text.netif_set_up
                0x080088dc       0x58 ..\obj\netif.o
                0x080088dc                netif_set_up
 .text.netif_set_down
                0x08008934       0x44 ..\obj\netif.o
                0x08008934                netif_set_down
 .text.GPIO_Init
                0x08008978      0x11c ..\obj\stm32f4xx_gpio.o
                0x08008978                GPIO_Init
 .text.GPIO_SetBits
                0x08008a94       0x1c ..\obj\stm32f4xx_gpio.o
                0x08008a94                GPIO_SetBits
 .text.GPIO_ResetBits
                0x08008ab0       0x1c ..\obj\stm32f4xx_gpio.o
                0x08008ab0                GPIO_ResetBits
 .text.GPIO_ToggleBits
                0x08008acc       0x24 ..\obj\stm32f4xx_gpio.o
                0x08008acc                GPIO_ToggleBits
 .text.GPIO_PinAFConfig
                0x08008af0       0x90 ..\obj\stm32f4xx_gpio.o
                0x08008af0                GPIO_PinAFConfig
 .text.sys_mbox_new
                0x08008b80       0x38 ..\obj\sys_arch.o
                0x08008b80                sys_mbox_new
 .text.sys_mbox_trypost
                0x08008bb8       0x6c ..\obj\sys_arch.o
                0x08008bb8                sys_mbox_trypost
 .text.sys_arch_mbox_fetch
                0x08008c24       0xbc ..\obj\sys_arch.o
                0x08008c24                sys_arch_mbox_fetch
 .text.sys_mutex_new
                0x08008ce0       0x30 ..\obj\sys_arch.o
                0x08008ce0                sys_mutex_new
 .text.sys_mutex_lock
                0x08008d10       0x28 ..\obj\sys_arch.o
                0x08008d10                sys_mutex_lock
 .text.sys_mutex_unlock
                0x08008d38       0x20 ..\obj\sys_arch.o
                0x08008d38                sys_mutex_unlock
 .text.sys_init
                0x08008d58        0xc ..\obj\sys_arch.o
                0x08008d58                sys_init
 .text.sys_thread_new
                0x08008d64       0x4c ..\obj\sys_arch.o
                0x08008d64                sys_thread_new
 .text.vListInitialise
                0x08008db0       0x40 ..\obj\list.o
                0x08008db0                vListInitialise
 .text.vListInitialiseItem
                0x08008df0       0x18 ..\obj\list.o
                0x08008df0                vListInitialiseItem
 .text.vListInsertEnd
                0x08008e08       0x48 ..\obj\list.o
                0x08008e08                vListInsertEnd
 .text.vListInsert
                0x08008e50       0x70 ..\obj\list.o
                0x08008e50                vListInsert
 .text.uxListRemove
                0x08008ec0       0x54 ..\obj\list.o
                0x08008ec0                uxListRemove
 .text.SystemInit
                0x08008f14       0x68 ..\obj\system_stm32f4xx.o
                0x08008f14                SystemInit
 .text.SetSysClock
                0x08008f7c       0xf4 ..\obj\system_stm32f4xx.o
 .text._sbrk    0x08009070       0x40 ..\obj\syscalls.o
                0x08009070                _sbrk
 .text._close   0x080090b0       0x18 ..\obj\syscalls.o
                0x080090b0                _close
 .text._fstat   0x080090c8       0x20 ..\obj\syscalls.o
                0x080090c8                _fstat
 .text._isatty  0x080090e8       0x18 ..\obj\syscalls.o
                0x080090e8                _isatty
 .text._lseek   0x08009100       0x1c ..\obj\syscalls.o
                0x08009100                _lseek
 .text._read    0x0800911c       0x1c ..\obj\syscalls.o
                0x0800911c                _read
 .text._write   0x08009138       0x1c ..\obj\syscalls.o
                0x08009138                _write
 .text.DMA_Init
                0x08009154       0xac ..\obj\stm32f4xx_dma.o
                0x08009154                DMA_Init
 .text.DMA_Cmd  0x08009200       0x38 ..\obj\stm32f4xx_dma.o
                0x08009200                DMA_Cmd
 .text.DMA_ITConfig
                0x08009238       0x74 ..\obj\stm32f4xx_dma.o
                0x08009238                DMA_ITConfig
 .text.DMA_GetITStatus
                0x080092ac       0xb0 ..\obj\stm32f4xx_dma.o
                0x080092ac                DMA_GetITStatus
 .text.DMA_ClearITPendingBit
                0x0800935c       0x5c ..\obj\stm32f4xx_dma.o
                0x0800935c                DMA_ClearITPendingBit
 .text.prvvMBTCPLogFrame
                0x080093b8      0x18c ..\obj\portother.o
                0x080093b8                prvvMBTCPLogFrame
 .text.vMBPortLog
                0x08009544       0x44 ..\obj\portother.o
                0x08009544                vMBPortLog
 .text.bMBPortIsWithinException
                0x08009588       0x18 ..\obj\portother.o
                0x08009588                bMBPortIsWithinException
 .text.xQueueGenericReset
                0x080095a0       0xd0 ..\obj\queue.o
                0x080095a0                xQueueGenericReset
 .text.xQueueGenericCreate
                0x08009670       0xb8 ..\obj\queue.o
                0x08009670                xQueueGenericCreate
 .text.xQueueCreateMutex
                0x08009728       0xa0 ..\obj\queue.o
                0x08009728                xQueueCreateMutex
 .text.xQueueCreateCountingSemaphore
                0x080097c8       0x7c ..\obj\queue.o
                0x080097c8                xQueueCreateCountingSemaphore
 .text.xQueueGenericSend
                0x08009844      0x1c0 ..\obj\queue.o
                0x08009844                xQueueGenericSend
 .text.xQueueGenericSendFromISR
                0x08009a04      0x118 ..\obj\queue.o
                0x08009a04                xQueueGenericSendFromISR
 .text.xQueueGiveFromISR
                0x08009b1c       0xd4 ..\obj\queue.o
                0x08009b1c                xQueueGiveFromISR
 .text.xQueueGenericReceive
                0x08009bf0      0x1e0 ..\obj\queue.o
                0x08009bf0                xQueueGenericReceive
 .text.prvCopyDataToQueue
                0x08009dd0       0xdc ..\obj\queue.o
 .text.prvCopyDataFromQueue
                0x08009eac       0x4c ..\obj\queue.o
 .text.prvUnlockQueue
                0x08009ef8       0x98 ..\obj\queue.o
 .text.prvIsQueueEmpty
                0x08009f90       0x2c ..\obj\queue.o
 .text.prvIsQueueFull
                0x08009fbc       0x30 ..\obj\queue.o
 .text.pxPortInitialiseStack
                0x08009fec       0x64 ..\obj\port.o
                0x08009fec                pxPortInitialiseStack
 .text.prvTaskExitError
                0x0800a050       0x3c ..\obj\port.o
 .text.SVC_Handler
                0x0800a08c       0x20 ..\obj\port.o
                0x0800a08c                SVC_Handler
 .text.prvPortStartFirstTask
                0x0800a0ac       0x20 ..\obj\port.o
 .text.xPortStartScheduler
                0x0800a0cc      0x118 ..\obj\port.o
                0x0800a0cc                xPortStartScheduler
 .text.vPortEnterCritical
                0x0800a1e4       0x5c ..\obj\port.o
                0x0800a1e4                vPortEnterCritical
 .text.vPortExitCritical
                0x0800a240       0x4c ..\obj\port.o
                0x0800a240                vPortExitCritical
 .text.PendSV_Handler
                0x0800a28c       0x60 ..\obj\port.o
                0x0800a28c                PendSV_Handler
 .text.SysTick_Handler
                0x0800a2ec       0x44 ..\obj\port.o
                0x0800a2ec                SysTick_Handler
 .text.vPortSetupTimerInterrupt
                0x0800a330       0x34 ..\obj\port.o
                0x0800a330                vPortSetupTimerInterrupt
 .text.vPortEnableVFP
                0x0800a364       0x14 ..\obj\port.o
 .text.vPortValidateInterruptPriority
                0x0800a378       0x78 ..\obj\port.o
                0x0800a378                vPortValidateInterruptPriority
 .text.MB_TCP_Init
                0x0800a3f0       0x4c ..\obj\mbinit.o
                0x0800a3f0                MB_TCP_Init
 .text.MB_TCP_Task
                0x0800a43c       0x10 ..\obj\mbinit.o
                0x0800a43c                MB_TCP_Task
 .text.udp_init
                0x0800a44c        0xc ..\obj\udp.o
                0x0800a44c                udp_init
 .text.udp_new_port
                0x0800a458       0x74 ..\obj\udp.o
 .text.udp_input
                0x0800a4cc      0x27c ..\obj\udp.o
                0x0800a4cc                udp_input
 .text.udp_sendto
                0x0800a748       0x40 ..\obj\udp.o
                0x0800a748                udp_sendto
 .text.udp_sendto_if
                0x0800a788      0x130 ..\obj\udp.o
                0x0800a788                udp_sendto_if
 .text.udp_bind
                0x0800a8b8       0xc0 ..\obj\udp.o
                0x0800a8b8                udp_bind
 .text.udp_new  0x0800a978       0x30 ..\obj\udp.o
                0x0800a978                udp_new
 .text.ip_route
                0x0800a9a8       0x78 ..\obj\ip.o
                0x0800a9a8                ip_route
 .text.ip_input
                0x0800aa20      0x234 ..\obj\ip.o
                0x0800aa20                ip_input
 .text.ip_output_if
                0x0800ac54       0xf4 ..\obj\ip.o
                0x0800ac54                ip_output_if
 .text.ip_output
                0x0800ad48       0x4c ..\obj\ip.o
                0x0800ad48                ip_output
 .text.eMBFuncReadCoils
                0x0800ad94      0x104 ..\obj\mbfunccoils.o
                0x0800ad94                eMBFuncReadCoils
 .text.eMBFuncWriteCoil
                0x0800ae98       0xb0 ..\obj\mbfunccoils.o
                0x0800ae98                eMBFuncWriteCoil
 .text.eMBFuncWriteMultipleCoils
                0x0800af48       0xd8 ..\obj\mbfunccoils.o
                0x0800af48                eMBFuncWriteMultipleCoils
 .text.icmp_input
                0x0800b020      0x1ec ..\obj\icmp.o
                0x0800b020                icmp_input
 .text.icmp_dest_unreach
                0x0800b20c       0x20 ..\obj\icmp.o
                0x0800b20c                icmp_dest_unreach
 .text.icmp_send_response
                0x0800b22c       0xac ..\obj\icmp.o
 .text.NVIC_PriorityGroupConfig
                0x0800b2d8       0x24 ..\obj\misc.o
                0x0800b2d8                NVIC_PriorityGroupConfig
 .text.NVIC_Init
                0x0800b2fc       0xc0 ..\obj\misc.o
                0x0800b2fc                NVIC_Init
 .text.udp_client_init
                0x0800b3bc       0x80 ..\obj\udp_send.o
                0x0800b3bc                udp_client_init
 .text.delay    0x0800b43c       0x20 ..\obj\udp_send.o
                0x0800b43c                delay
 .text.udp_client_send_buf
                0x0800b45c       0xac ..\obj\udp_send.o
                0x0800b45c                udp_client_send_buf
 .text.UDP_Send_Task
                0x0800b508       0x28 ..\obj\udp_send.o
                0x0800b508                UDP_Send_Task
 .text.eMBTCPDoInit
                0x0800b530       0x2c ..\obj\mbtcp.o
                0x0800b530                eMBTCPDoInit
 .text.eMBTCPStart
                0x0800b55c        0xc ..\obj\mbtcp.o
                0x0800b55c                eMBTCPStart
 .text.eMBTCPStop
                0x0800b568        0xc ..\obj\mbtcp.o
                0x0800b568                eMBTCPStop
 .text.eMBTCPReceive
                0x0800b574       0x74 ..\obj\mbtcp.o
                0x0800b574                eMBTCPReceive
 .text.eMBTCPSend
                0x0800b5e8       0x5c ..\obj\mbtcp.o
                0x0800b5e8                eMBTCPSend
 .text.dhcp_check
                0x0800b644       0x5c ..\obj\dhcp.o
 .text.dhcp_select
                0x0800b6a0      0x138 ..\obj\dhcp.o
 .text.dhcp_coarse_tmr
                0x0800b7d8       0x5c ..\obj\dhcp.o
                0x0800b7d8                dhcp_coarse_tmr
 .text.dhcp_fine_tmr
                0x0800b834       0x60 ..\obj\dhcp.o
                0x0800b834                dhcp_fine_tmr
 .text.dhcp_timeout
                0x0800b894       0xc8 ..\obj\dhcp.o
 .text.dhcp_t1_timeout
                0x0800b95c       0x34 ..\obj\dhcp.o
 .text.dhcp_t2_timeout
                0x0800b990       0x34 ..\obj\dhcp.o
 .text.dhcp_arp_reply
                0x0800b9c4       0x40 ..\obj\dhcp.o
                0x0800b9c4                dhcp_arp_reply
 .text.dhcp_decline
                0x0800ba04       0xc4 ..\obj\dhcp.o
 .text.dhcp_discover
                0x0800bac8      0x104 ..\obj\dhcp.o
 .text.dhcp_bind
                0x0800bbcc      0x148 ..\obj\dhcp.o
 .text.dhcp_renew
                0x0800bd14       0xd4 ..\obj\dhcp.o
                0x0800bd14                dhcp_renew
 .text.dhcp_rebind
                0x0800bde8       0xd8 ..\obj\dhcp.o
 .text.dhcp_reboot
                0x0800bec0       0xf4 ..\obj\dhcp.o
 .text.dhcp_release
                0x0800bfb4      0x10c ..\obj\dhcp.o
                0x0800bfb4                dhcp_release
 .text.dhcp_set_state
                0x0800c0c0       0x34 ..\obj\dhcp.o
 .text.dhcp_option
                0x0800c0f4       0x4c ..\obj\dhcp.o
 .text.dhcp_option_byte
                0x0800c140       0x30 ..\obj\dhcp.o
 .text.dhcp_option_short
                0x0800c170       0x54 ..\obj\dhcp.o
 .text.dhcp_option_long
                0x0800c1c4       0x98 ..\obj\dhcp.o
 .text.dhcp_create_msg
                0x0800c25c      0x224 ..\obj\dhcp.o
 .text.dhcp_delete_msg
                0x0800c480       0x34 ..\obj\dhcp.o
 .text.dhcp_option_trailer
                0x0800c4b4       0x68 ..\obj\dhcp.o
 .text.eMBRegInputCB
                0x0800c51c       0xa0 ..\obj\mbfunc.o
                0x0800c51c                eMBRegInputCB
 .text.eMBRegHoldingCB
                0x0800c5bc       0xe8 ..\obj\mbfunc.o
                0x0800c5bc                eMBRegHoldingCB
 .text.eMBRegCoilsCB
                0x0800c6a4       0x28 ..\obj\mbfunc.o
                0x0800c6a4                eMBRegCoilsCB
 .text.eMBRegDiscreteCB
                0x0800c6cc       0x20 ..\obj\mbfunc.o
                0x0800c6cc                eMBRegDiscreteCB
 .text.pvPortMalloc
                0x0800c6ec      0x11c ..\obj\heap_2.o
                0x0800c6ec                pvPortMalloc
 .text.vPortFree
                0x0800c808       0x70 ..\obj\heap_2.o
                0x0800c808                vPortFree
 .text.prvHeapInit
                0x0800c878       0x50 ..\obj\heap_2.o
 .text.TIM_TimeBaseInit
                0x0800c8c8       0xd4 ..\obj\stm32f4xx_tim.o
                0x0800c8c8                TIM_TimeBaseInit
 .text.TIM_TimeBaseStructInit
                0x0800c99c       0x34 ..\obj\stm32f4xx_tim.o
                0x0800c99c                TIM_TimeBaseStructInit
 .text.TIM_SetCounter
                0x0800c9d0       0x1c ..\obj\stm32f4xx_tim.o
                0x0800c9d0                TIM_SetCounter
 .text.TIM_ARRPreloadConfig
                0x0800c9ec       0x40 ..\obj\stm32f4xx_tim.o
                0x0800c9ec                TIM_ARRPreloadConfig
 .text.TIM_Cmd  0x0800ca2c       0x40 ..\obj\stm32f4xx_tim.o
                0x0800ca2c                TIM_Cmd
 .text.TIM_OC1Init
                0x0800ca6c       0xf4 ..\obj\stm32f4xx_tim.o
                0x0800ca6c                TIM_OC1Init
 .text.TIM_OCStructInit
                0x0800cb60       0x44 ..\obj\stm32f4xx_tim.o
                0x0800cb60                TIM_OCStructInit
 .text.TIM_OC1PreloadConfig
                0x0800cba4       0x38 ..\obj\stm32f4xx_tim.o
                0x0800cba4                TIM_OC1PreloadConfig
 .text.TIM_CtrlPWMOutputs
                0x0800cbdc       0x4c ..\obj\stm32f4xx_tim.o
                0x0800cbdc                TIM_CtrlPWMOutputs
 .text.TIM_ETRClockMode2Config
                0x0800cc28       0x3c ..\obj\stm32f4xx_tim.o
                0x0800cc28                TIM_ETRClockMode2Config
 .text.TIM_SelectInputTrigger
                0x0800cc64       0x38 ..\obj\stm32f4xx_tim.o
                0x0800cc64                TIM_SelectInputTrigger
 .text.TIM_SelectOutputTrigger
                0x0800cc9c       0x38 ..\obj\stm32f4xx_tim.o
                0x0800cc9c                TIM_SelectOutputTrigger
 .text.TIM_SelectSlaveMode
                0x0800ccd4       0x38 ..\obj\stm32f4xx_tim.o
                0x0800ccd4                TIM_SelectSlaveMode
 .text.TIM_SelectMasterSlaveMode
                0x0800cd0c       0x38 ..\obj\stm32f4xx_tim.o
                0x0800cd0c                TIM_SelectMasterSlaveMode
 .text.TIM_ETRConfig
                0x0800cd44       0x54 ..\obj\stm32f4xx_tim.o
                0x0800cd44                TIM_ETRConfig
 .text.tcp_output_alloc_header
                0x0800cd98       0xd0 ..\obj\tcp_out.o
 .text.tcp_send_fin
                0x0800ce68       0x80 ..\obj\tcp_out.o
                0x0800ce68                tcp_send_fin
 .text.tcp_create_segment
                0x0800cee8      0x104 ..\obj\tcp_out.o
 .text.tcp_pbuf_prealloc
                0x0800cfec       0xa4 ..\obj\tcp_out.o
 .text.tcp_write_checks
                0x0800d090       0xac ..\obj\tcp_out.o
 .text.tcp_write
                0x0800d13c      0x454 ..\obj\tcp_out.o
                0x0800d13c                tcp_write
 .text.tcp_enqueue_flags
                0x0800d590      0x18c ..\obj\tcp_out.o
                0x0800d590                tcp_enqueue_flags
 .text.tcp_send_empty_ack
                0x0800d71c       0x74 ..\obj\tcp_out.o
                0x0800d71c                tcp_send_empty_ack
 .text.tcp_output
                0x0800d790      0x2a8 ..\obj\tcp_out.o
                0x0800d790                tcp_output
 .text.tcp_output_segment
                0x0800da38      0x14c ..\obj\tcp_out.o
 .text.tcp_rst  0x0800db84       0xb8 ..\obj\tcp_out.o
                0x0800db84                tcp_rst
 .text.tcp_rexmit_rto
                0x0800dc3c       0x60 ..\obj\tcp_out.o
                0x0800dc3c                tcp_rexmit_rto
 .text.tcp_rexmit
                0x0800dc9c       0x94 ..\obj\tcp_out.o
                0x0800dc9c                tcp_rexmit
 .text.tcp_rexmit_fast
                0x0800dd30       0xa4 ..\obj\tcp_out.o
                0x0800dd30                tcp_rexmit_fast
 .text.tcp_keepalive
                0x0800ddd4       0x58 ..\obj\tcp_out.o
                0x0800ddd4                tcp_keepalive
 .text.tcp_zero_window_probe
                0x0800de2c       0xf0 ..\obj\tcp_out.o
                0x0800de2c                tcp_zero_window_probe
 .text.raw_input
                0x0800df1c       0xc0 ..\obj\raw.o
                0x0800df1c                raw_input
 .text.memcmp   0x0800dfdc       0x64 c:/program files/gnu tools arm embedded/4.9 2015q2/bin/../lib/gcc/arm-none-eabi/4.9.3/../../../../arm-none-eabi/lib/armv7e-m/softfp\libg.a(lib_a-memcmp.o)
                0x0800dfdc                memcmp
 .text          0x0800e040      0x134 c:/program files/gnu tools arm embedded/4.9 2015q2/bin/../lib/gcc/arm-none-eabi/4.9.3/../../../../arm-none-eabi/lib/armv7e-m/softfp\libg.a(lib_a-memcpy.o)
                0x0800e040                memcpy
 .text.memset   0x0800e174       0x9c c:/program files/gnu tools arm embedded/4.9 2015q2/bin/../lib/gcc/arm-none-eabi/4.9.3/../../../../arm-none-eabi/lib/armv7e-m/softfp\libg.a(lib_a-memset.o)
                0x0800e174                memset
 .text.printf   0x0800e210       0x28 c:/program files/gnu tools arm embedded/4.9 2015q2/bin/../lib/gcc/arm-none-eabi/4.9.3/../../../../arm-none-eabi/lib/armv7e-m/softfp\libg.a(lib_a-printf.o)
                0x0800e210                printf
 .text.snprintf
                0x0800e238       0x9c c:/program files/gnu tools arm embedded/4.9 2015q2/bin/../lib/gcc/arm-none-eabi/4.9.3/../../../../arm-none-eabi/lib/armv7e-m/softfp\libg.a(lib_a-snprintf.o)
                0x0800e238                snprintf
 .text.strlen   0x0800e2d4       0x5c c:/program files/gnu tools arm embedded/4.9 2015q2/bin/../lib/gcc/arm-none-eabi/4.9.3/../../../../arm-none-eabi/lib/armv7e-m/softfp\libg.a(lib_a-strlen.o)
                0x0800e2d4                strlen
 .text._svfprintf_r
                0x0800e330     0x14d0 c:/program files/gnu tools arm embedded/4.9 2015q2/bin/../lib/gcc/arm-none-eabi/4.9.3/../../../../arm-none-eabi/lib/armv7e-m/softfp\libg.a(lib_a-svfprintf.o)
                0x0800e330                _svfprintf_r
 .text._vfprintf_r
                0x0800f800     0x1428 c:/program files/gnu tools arm embedded/4.9 2015q2/bin/../lib/gcc/arm-none-eabi/4.9.3/../../../../arm-none-eabi/lib/armv7e-m/softfp\libg.a(lib_a-vfprintf.o)
                0x0800f800                _vfprintf_r
 .text.__sbprintf
                0x08010c28       0x78 c:/program files/gnu tools arm embedded/4.9 2015q2/bin/../lib/gcc/arm-none-eabi/4.9.3/../../../../arm-none-eabi/lib/armv7e-m/softfp\libg.a(lib_a-vfprintf.o)
 .text.vprintf  0x08010ca0       0x1c c:/program files/gnu tools arm embedded/4.9 2015q2/bin/../lib/gcc/arm-none-eabi/4.9.3/../../../../arm-none-eabi/lib/armv7e-m/softfp\libg.a(lib_a-vprintf.o)
                0x08010ca0                vprintf
 .text.__swsetup_r
                0x08010cbc       0xc4 c:/program files/gnu tools arm embedded/4.9 2015q2/bin/../lib/gcc/arm-none-eabi/4.9.3/../../../../arm-none-eabi/lib/armv7e-m/softfp\libg.a(lib_a-wsetup.o)
                0x08010cbc                __swsetup_r
 .text.quorem   0x08010d80      0x12c c:/program files/gnu tools arm embedded/4.9 2015q2/bin/../lib/gcc/arm-none-eabi/4.9.3/../../../../arm-none-eabi/lib/armv7e-m/softfp\libg.a(lib_a-dtoa.o)
 *fill*         0x08010eac        0x4 
 .text._dtoa_r  0x08010eb0      0xe90 c:/program files/gnu tools arm embedded/4.9 2015q2/bin/../lib/gcc/arm-none-eabi/4.9.3/../../../../arm-none-eabi/lib/armv7e-m/softfp\libg.a(lib_a-dtoa.o)
                0x08010eb0                _dtoa_r
 .text.__sflush_r
                0x08011d40      0x154 c:/program files/gnu tools arm embedded/4.9 2015q2/bin/../lib/gcc/arm-none-eabi/4.9.3/../../../../arm-none-eabi/lib/armv7e-m/softfp\libg.a(lib_a-fflush.o)
                0x08011d40                __sflush_r
 .text._fflush_r
                0x08011e94       0x2c c:/program files/gnu tools arm embedded/4.9 2015q2/bin/../lib/gcc/arm-none-eabi/4.9.3/../../../../arm-none-eabi/lib/armv7e-m/softfp\libg.a(lib_a-fflush.o)
                0x08011e94                _fflush_r
 .text._cleanup_r
                0x08011ec0        0xc c:/program files/gnu tools arm embedded/4.9 2015q2/bin/../lib/gcc/arm-none-eabi/4.9.3/../../../../arm-none-eabi/lib/armv7e-m/softfp\libg.a(lib_a-findfp.o)
                0x08011ec0                _cleanup_r
 .text.__sinit.part.1
                0x08011ecc       0xf0 c:/program files/gnu tools arm embedded/4.9 2015q2/bin/../lib/gcc/arm-none-eabi/4.9.3/../../../../arm-none-eabi/lib/armv7e-m/softfp\libg.a(lib_a-findfp.o)
 .text.__sinit  0x08011fbc        0xc c:/program files/gnu tools arm embedded/4.9 2015q2/bin/../lib/gcc/arm-none-eabi/4.9.3/../../../../arm-none-eabi/lib/armv7e-m/softfp\libg.a(lib_a-findfp.o)
                0x08011fbc                __sinit
 .text.__sfp_lock_acquire
                0x08011fc8        0x4 c:/program files/gnu tools arm embedded/4.9 2015q2/bin/../lib/gcc/arm-none-eabi/4.9.3/../../../../arm-none-eabi/lib/armv7e-m/softfp\libg.a(lib_a-findfp.o)
                0x08011fc8                __sfp_lock_acquire
 .text.__sfp_lock_release
                0x08011fcc        0x4 c:/program files/gnu tools arm embedded/4.9 2015q2/bin/../lib/gcc/arm-none-eabi/4.9.3/../../../../arm-none-eabi/lib/armv7e-m/softfp\libg.a(lib_a-findfp.o)
                0x08011fcc                __sfp_lock_release
 .text._malloc_trim_r
                0x08011fd0       0x9c c:/program files/gnu tools arm embedded/4.9 2015q2/bin/../lib/gcc/arm-none-eabi/4.9.3/../../../../arm-none-eabi/lib/armv7e-m/softfp\libg.a(lib_a-freer.o)
                0x08011fd0                _malloc_trim_r
 .text._free_r  0x0801206c      0x1b0 c:/program files/gnu tools arm embedded/4.9 2015q2/bin/../lib/gcc/arm-none-eabi/4.9.3/../../../../arm-none-eabi/lib/armv7e-m/softfp\libg.a(lib_a-freer.o)
                0x0801206c                _free_r
 .text._fwalk_reent
                0x0801221c       0x54 c:/program files/gnu tools arm embedded/4.9 2015q2/bin/../lib/gcc/arm-none-eabi/4.9.3/../../../../arm-none-eabi/lib/armv7e-m/softfp\libg.a(lib_a-fwalk.o)
                0x0801221c                _fwalk_reent
 .text.__locale_charset
                0x08012270        0x8 c:/program files/gnu tools arm embedded/4.9 2015q2/bin/../lib/gcc/arm-none-eabi/4.9.3/../../../../arm-none-eabi/lib/armv7e-m/softfp\libg.a(lib_a-locale.o)
                0x08012270                __locale_charset
 .text.__locale_mb_cur_max
                0x08012278        0xc c:/program files/gnu tools arm embedded/4.9 2015q2/bin/../lib/gcc/arm-none-eabi/4.9.3/../../../../arm-none-eabi/lib/armv7e-m/softfp\libg.a(lib_a-locale.o)
                0x08012278                __locale_mb_cur_max
 .text._localeconv_r
                0x08012284        0x8 c:/program files/gnu tools arm embedded/4.9 2015q2/bin/../lib/gcc/arm-none-eabi/4.9.3/../../../../arm-none-eabi/lib/armv7e-m/softfp\libg.a(lib_a-locale.o)
                0x08012284                _localeconv_r
 .text.__smakebuf_r
                0x0801228c       0xe0 c:/program files/gnu tools arm embedded/4.9 2015q2/bin/../lib/gcc/arm-none-eabi/4.9.3/../../../../arm-none-eabi/lib/armv7e-m/softfp\libg.a(lib_a-makebuf.o)
                0x0801228c                __smakebuf_r
 .text._malloc_r
                0x0801236c      0x524 c:/program files/gnu tools arm embedded/4.9 2015q2/bin/../lib/gcc/arm-none-eabi/4.9.3/../../../../arm-none-eabi/lib/armv7e-m/softfp\libg.a(lib_a-mallocr.o)
                0x0801236c                _malloc_r
 .text.memchr   0x08012890       0x94 c:/program files/gnu tools arm embedded/4.9 2015q2/bin/../lib/gcc/arm-none-eabi/4.9.3/../../../../arm-none-eabi/lib/armv7e-m/softfp\libg.a(lib_a-memchr.o)
                0x08012890                memchr
 .text.__malloc_lock
                0x08012924        0x4 c:/program files/gnu tools arm embedded/4.9 2015q2/bin/../lib/gcc/arm-none-eabi/4.9.3/../../../../arm-none-eabi/lib/armv7e-m/softfp\libg.a(lib_a-mlock.o)
                0x08012924                __malloc_lock
 .text.__malloc_unlock
                0x08012928        0x4 c:/program files/gnu tools arm embedded/4.9 2015q2/bin/../lib/gcc/arm-none-eabi/4.9.3/../../../../arm-none-eabi/lib/armv7e-m/softfp\libg.a(lib_a-mlock.o)
                0x08012928                __malloc_unlock
 .text._Balloc  0x0801292c       0x4c c:/program files/gnu tools arm embedded/4.9 2015q2/bin/../lib/gcc/arm-none-eabi/4.9.3/../../../../arm-none-eabi/lib/armv7e-m/softfp\libg.a(lib_a-mprec.o)
                0x0801292c                _Balloc
 .text._Bfree   0x08012978       0x14 c:/program files/gnu tools arm embedded/4.9 2015q2/bin/../lib/gcc/arm-none-eabi/4.9.3/../../../../arm-none-eabi/lib/armv7e-m/softfp\libg.a(lib_a-mprec.o)
                0x08012978                _Bfree
 .text.__multadd
                0x0801298c       0x84 c:/program files/gnu tools arm embedded/4.9 2015q2/bin/../lib/gcc/arm-none-eabi/4.9.3/../../../../arm-none-eabi/lib/armv7e-m/softfp\libg.a(lib_a-mprec.o)
                0x0801298c                __multadd
 .text.__hi0bits
                0x08012a10       0x40 c:/program files/gnu tools arm embedded/4.9 2015q2/bin/../lib/gcc/arm-none-eabi/4.9.3/../../../../arm-none-eabi/lib/armv7e-m/softfp\libg.a(lib_a-mprec.o)
                0x08012a10                __hi0bits
 .text.__lo0bits
                0x08012a50       0x5c c:/program files/gnu tools arm embedded/4.9 2015q2/bin/../lib/gcc/arm-none-eabi/4.9.3/../../../../arm-none-eabi/lib/armv7e-m/softfp\libg.a(lib_a-mprec.o)
                0x08012a50                __lo0bits
 .text.__i2b    0x08012aac       0x14 c:/program files/gnu tools arm embedded/4.9 2015q2/bin/../lib/gcc/arm-none-eabi/4.9.3/../../../../arm-none-eabi/lib/armv7e-m/softfp\libg.a(lib_a-mprec.o)
                0x08012aac                __i2b
 .text.__multiply
                0x08012ac0      0x134 c:/program files/gnu tools arm embedded/4.9 2015q2/bin/../lib/gcc/arm-none-eabi/4.9.3/../../../../arm-none-eabi/lib/armv7e-m/softfp\libg.a(lib_a-mprec.o)
                0x08012ac0                __multiply
 .text.__pow5mult
                0x08012bf4       0xa0 c:/program files/gnu tools arm embedded/4.9 2015q2/bin/../lib/gcc/arm-none-eabi/4.9.3/../../../../arm-none-eabi/lib/armv7e-m/softfp\libg.a(lib_a-mprec.o)
                0x08012bf4                __pow5mult
 .text.__lshift
                0x08012c94       0xac c:/program files/gnu tools arm embedded/4.9 2015q2/bin/../lib/gcc/arm-none-eabi/4.9.3/../../../../arm-none-eabi/lib/armv7e-m/softfp\libg.a(lib_a-mprec.o)
                0x08012c94                __lshift
 .text.__mcmp   0x08012d40       0x48 c:/program files/gnu tools arm embedded/4.9 2015q2/bin/../lib/gcc/arm-none-eabi/4.9.3/../../../../arm-none-eabi/lib/armv7e-m/softfp\libg.a(lib_a-mprec.o)
                0x08012d40                __mcmp
 .text.__mdiff  0x08012d88       0xd4 c:/program files/gnu tools arm embedded/4.9 2015q2/bin/../lib/gcc/arm-none-eabi/4.9.3/../../../../arm-none-eabi/lib/armv7e-m/softfp\libg.a(lib_a-mprec.o)
                0x08012d88                __mdiff
 .text.__d2b    0x08012e5c       0xb8 c:/program files/gnu tools arm embedded/4.9 2015q2/bin/../lib/gcc/arm-none-eabi/4.9.3/../../../../arm-none-eabi/lib/armv7e-m/softfp\libg.a(lib_a-mprec.o)
                0x08012e5c                __d2b
 .text.__fpclassifyd
                0x08012f14       0x58 c:/program files/gnu tools arm embedded/4.9 2015q2/bin/../lib/gcc/arm-none-eabi/4.9.3/../../../../arm-none-eabi/lib/armv7e-m/softfp\libg.a(lib_a-s_fpclassify.o)
                0x08012f14                __fpclassifyd
 .text._sbrk_r  0x08012f6c       0x24 c:/program files/gnu tools arm embedded/4.9 2015q2/bin/../lib/gcc/arm-none-eabi/4.9.3/../../../../arm-none-eabi/lib/armv7e-m/softfp\libg.a(lib_a-sbrkr.o)
                0x08012f6c                _sbrk_r
 .text.__sread  0x08012f90       0x24 c:/program files/gnu tools arm embedded/4.9 2015q2/bin/../lib/gcc/arm-none-eabi/4.9.3/../../../../arm-none-eabi/lib/armv7e-m/softfp\libg.a(lib_a-stdio.o)
                0x08012f90                __sread
 .text.__swrite
                0x08012fb4       0x38 c:/program files/gnu tools arm embedded/4.9 2015q2/bin/../lib/gcc/arm-none-eabi/4.9.3/../../../../arm-none-eabi/lib/armv7e-m/softfp\libg.a(lib_a-stdio.o)
                0x08012fb4                __swrite
 .text.__sseek  0x08012fec       0x20 c:/program files/gnu tools arm embedded/4.9 2015q2/bin/../lib/gcc/arm-none-eabi/4.9.3/../../../../arm-none-eabi/lib/armv7e-m/softfp\libg.a(lib_a-stdio.o)
                0x08012fec                __sseek
 .text.__sclose
                0x0801300c        0x8 c:/program files/gnu tools arm embedded/4.9 2015q2/bin/../lib/gcc/arm-none-eabi/4.9.3/../../../../arm-none-eabi/lib/armv7e-m/softfp\libg.a(lib_a-stdio.o)
                0x0801300c                __sclose
 .text.__ssprint_r
                0x08013014      0x104 c:/program files/gnu tools arm embedded/4.9 2015q2/bin/../lib/gcc/arm-none-eabi/4.9.3/../../../../arm-none-eabi/lib/armv7e-m/softfp\libg.a(lib_a-svfiprintf.o)
                0x08013014                __ssprint_r
 .text.__sprint_r.part.0
                0x08013118       0x78 c:/program files/gnu tools arm embedded/4.9 2015q2/bin/../lib/gcc/arm-none-eabi/4.9.3/../../../../arm-none-eabi/lib/armv7e-m/softfp\libg.a(lib_a-vfiprintf.o)
 .text.__sprint_r
                0x08013190       0x18 c:/program files/gnu tools arm embedded/4.9 2015q2/bin/../lib/gcc/arm-none-eabi/4.9.3/../../../../arm-none-eabi/lib/armv7e-m/softfp\libg.a(lib_a-vfiprintf.o)
                0x08013190                __sprint_r
 .text._write_r
                0x080131a8       0x28 c:/program files/gnu tools arm embedded/4.9 2015q2/bin/../lib/gcc/arm-none-eabi/4.9.3/../../../../arm-none-eabi/lib/armv7e-m/softfp\libg.a(lib_a-writer.o)
                0x080131a8                _write_r
 .text._calloc_r
                0x080131d0       0x60 c:/program files/gnu tools arm embedded/4.9 2015q2/bin/../lib/gcc/arm-none-eabi/4.9.3/../../../../arm-none-eabi/lib/armv7e-m/softfp\libg.a(lib_a-callocr.o)
                0x080131d0                _calloc_r
 .text._close_r
                0x08013230       0x24 c:/program files/gnu tools arm embedded/4.9 2015q2/bin/../lib/gcc/arm-none-eabi/4.9.3/../../../../arm-none-eabi/lib/armv7e-m/softfp\libg.a(lib_a-closer.o)
                0x08013230                _close_r
 .text._fclose_r
                0x08013254       0x84 c:/program files/gnu tools arm embedded/4.9 2015q2/bin/../lib/gcc/arm-none-eabi/4.9.3/../../../../arm-none-eabi/lib/armv7e-m/softfp\libg.a(lib_a-fclose.o)
                0x08013254                _fclose_r
 .text.__fputwc
                0x080132d8       0xb0 c:/program files/gnu tools arm embedded/4.9 2015q2/bin/../lib/gcc/arm-none-eabi/4.9.3/../../../../arm-none-eabi/lib/armv7e-m/softfp\libg.a(lib_a-fputwc.o)
                0x080132d8                __fputwc
 .text._fputwc_r
                0x08013388       0x24 c:/program files/gnu tools arm embedded/4.9 2015q2/bin/../lib/gcc/arm-none-eabi/4.9.3/../../../../arm-none-eabi/lib/armv7e-m/softfp\libg.a(lib_a-fputwc.o)
                0x08013388                _fputwc_r
 .text._fstat_r
                0x080133ac       0x28 c:/program files/gnu tools arm embedded/4.9 2015q2/bin/../lib/gcc/arm-none-eabi/4.9.3/../../../../arm-none-eabi/lib/armv7e-m/softfp\libg.a(lib_a-fstatr.o)
                0x080133ac                _fstat_r
 .text.__sfvwrite_r
                0x080133d4      0x318 c:/program files/gnu tools arm embedded/4.9 2015q2/bin/../lib/gcc/arm-none-eabi/4.9.3/../../../../arm-none-eabi/lib/armv7e-m/softfp\libg.a(lib_a-fvwrite.o)
                0x080133d4                __sfvwrite_r
 .text._isatty_r
                0x080136ec       0x24 c:/program files/gnu tools arm embedded/4.9 2015q2/bin/../lib/gcc/arm-none-eabi/4.9.3/../../../../arm-none-eabi/lib/armv7e-m/softfp\libg.a(lib_a-isattyr.o)
                0x080136ec                _isatty_r
 .text._lseek_r
                0x08013710       0x28 c:/program files/gnu tools arm embedded/4.9 2015q2/bin/../lib/gcc/arm-none-eabi/4.9.3/../../../../arm-none-eabi/lib/armv7e-m/softfp\libg.a(lib_a-lseekr.o)
                0x08013710                _lseek_r
 .text.memmove  0x08013738       0xc8 c:/program files/gnu tools arm embedded/4.9 2015q2/bin/../lib/gcc/arm-none-eabi/4.9.3/../../../../arm-none-eabi/lib/armv7e-m/softfp\libg.a(lib_a-memmove.o)
                0x08013738                memmove
 .text._read_r  0x08013800       0x28 c:/program files/gnu tools arm embedded/4.9 2015q2/bin/../lib/gcc/arm-none-eabi/4.9.3/../../../../arm-none-eabi/lib/armv7e-m/softfp\libg.a(lib_a-readr.o)
                0x08013800                _read_r
 .text._realloc_r
                0x08013828      0x3ec c:/program files/gnu tools arm embedded/4.9 2015q2/bin/../lib/gcc/arm-none-eabi/4.9.3/../../../../arm-none-eabi/lib/armv7e-m/softfp\libg.a(lib_a-reallocr.o)
                0x08013828                _realloc_r
 .text.__swbuf_r
                0x08013c14       0xa8 c:/program files/gnu tools arm embedded/4.9 2015q2/bin/../lib/gcc/arm-none-eabi/4.9.3/../../../../arm-none-eabi/lib/armv7e-m/softfp\libg.a(lib_a-wbuf.o)
                0x08013c14                __swbuf_r
 .text._wcrtomb_r
                0x08013cbc       0x54 c:/program files/gnu tools arm embedded/4.9 2015q2/bin/../lib/gcc/arm-none-eabi/4.9.3/../../../../arm-none-eabi/lib/armv7e-m/softfp\libg.a(lib_a-wcrtomb.o)
                0x08013cbc                _wcrtomb_r
 .text.__ascii_wctomb
                0x08013d10       0x1c c:/program files/gnu tools arm embedded/4.9 2015q2/bin/../lib/gcc/arm-none-eabi/4.9.3/../../../../arm-none-eabi/lib/armv7e-m/softfp\libg.a(lib_a-wctomb_r.o)
                0x08013d10                __ascii_wctomb
 .text          0x08013d2c      0x370 c:/program files/gnu tools arm embedded/4.9 2015q2/bin/../lib/gcc/arm-none-eabi/4.9.3/armv7e-m/softfp\libgcc.a(_arm_addsubdf3.o)
                0x08013d2c                __aeabi_drsub
                0x08013d34                __aeabi_dsub
                0x08013d34                __subdf3
                0x08013d38                __aeabi_dadd
                0x08013d38                __adddf3
                0x08013fb0                __floatunsidf
                0x08013fb0                __aeabi_ui2d
                0x08013fd0                __floatsidf
                0x08013fd0                __aeabi_i2d
                0x08013ff4                __aeabi_f2d
                0x08013ff4                __extendsfdf2
                0x08014030                __floatundidf
                0x08014030                __aeabi_ul2d
                0x08014040                __floatdidf
                0x08014040                __aeabi_l2d
 .text          0x0801409c      0x424 c:/program files/gnu tools arm embedded/4.9 2015q2/bin/../lib/gcc/arm-none-eabi/4.9.3/armv7e-m/softfp\libgcc.a(_arm_muldivdf3.o)
                0x0801409c                __aeabi_dmul
                0x0801409c                __muldf3
                0x080142f0                __divdf3
                0x080142f0                __aeabi_ddiv
 .text          0x080144c0      0x110 c:/program files/gnu tools arm embedded/4.9 2015q2/bin/../lib/gcc/arm-none-eabi/4.9.3/armv7e-m/softfp\libgcc.a(_arm_cmpdf2.o)
                0x080144c0                __gtdf2
                0x080144c0                __gedf2
                0x080144c8                __ltdf2
                0x080144c8                __ledf2
                0x080144d0                __nedf2
                0x080144d0                __eqdf2
                0x080144d0                __cmpdf2
                0x0801454c                __aeabi_cdrcmple
                0x0801455c                __aeabi_cdcmpeq
                0x0801455c                __aeabi_cdcmple
                0x0801456c                __aeabi_dcmpeq
                0x08014580                __aeabi_dcmplt
                0x08014594                __aeabi_dcmple
                0x080145a8                __aeabi_dcmpge
                0x080145bc                __aeabi_dcmpgt
 .text          0x080145d0       0x50 c:/program files/gnu tools arm embedded/4.9 2015q2/bin/../lib/gcc/arm-none-eabi/4.9.3/armv7e-m/softfp\libgcc.a(_arm_fixdfsi.o)
                0x080145d0                __aeabi_d2iz
                0x080145d0                __fixdfsi
 .text          0x08014620       0x30 c:/program files/gnu tools arm embedded/4.9 2015q2/bin/../lib/gcc/arm-none-eabi/4.9.3/armv7e-m/softfp\libgcc.a(_aeabi_uldivmod.o)
                0x08014620                __aeabi_uldivmod
 .text          0x08014650       0x60 c:/program files/gnu tools arm embedded/4.9 2015q2/bin/../lib/gcc/arm-none-eabi/4.9.3/armv7e-m/softfp\libgcc.a(bpabi.o)
                0x08014650                __gnu_ldivmod_helper
                0x08014680                __gnu_uldivmod_helper
 .text          0x080146b0        0x4 c:/program files/gnu tools arm embedded/4.9 2015q2/bin/../lib/gcc/arm-none-eabi/4.9.3/armv7e-m/softfp\libgcc.a(_dvmd_tls.o)
                0x080146b0                __aeabi_idiv0
                0x080146b0                __aeabi_ldiv0
 .text          0x080146b4      0x29c c:/program files/gnu tools arm embedded/4.9 2015q2/bin/../lib/gcc/arm-none-eabi/4.9.3/armv7e-m/softfp\libgcc.a(_divdi3.o)
                0x080146b4                __divdi3
 .text          0x08014950      0x26c c:/program files/gnu tools arm embedded/4.9 2015q2/bin/../lib/gcc/arm-none-eabi/4.9.3/armv7e-m/softfp\libgcc.a(_udivdi3.o)
                0x08014950                __udivdi3
 *(.init)
 *(.fini)
 *crtbegin.o(.ctors)
 *crtbegin?.o(.ctors)
 *(EXCLUDE_FILE(*crtend.o *crtend?.o) .ctors)
 *(SORT(.ctors.*))
 *(.ctors)
 *crtbegin.o(.dtors)
 *crtbegin?.o(.dtors)
 *(EXCLUDE_FILE(*crtend.o *crtend?.o) .dtors)
 *(SORT(.dtors.*))
 *(.dtors)
 *(.rodata*)
 .rodata        0x08014bbc       0xcc ..\obj\tcp.o
                0x08014c34                tcp_state_str
                0x08014c60                tcp_backoff
                0x08014c70                tcp_persist_backoff
                0x08014c78                tcp_pcb_lists
 .rodata        0x08014c88       0xf7 ..\obj\porttcp.o
 *fill*         0x08014d7f        0x1 
 .rodata        0x08014d80       0x30 ..\obj\memp.o
 .rodata        0x08014db0        0xd ..\obj\tcpip.o
 *fill*         0x08014dbd        0x3 
 .rodata        0x08014dc0        0x8 ..\obj\ip_addr.o
                0x08014dc0                ip_addr_any
                0x08014dc4                ip_addr_broadcast
 .rodata        0x08014dc8        0x7 ..\obj\ethernetif.o
 *fill*         0x08014dcf        0x1 
 .rodata        0x08014dd0        0xe ..\obj\etharp.o
                0x08014dd0                ethbroadcast
                0x08014dd8                ethzero
 *fill*         0x08014dde        0x2 
 .rodata        0x08014de0        0x5 ..\obj\tasks.o
 *fill*         0x08014de5        0x3 
 .rodata        0x08014de8       0x86 ..\obj\portother.o
 *fill*         0x08014e6e        0x2 
 .rodata        0x08014e70        0xc ..\obj\mbinit.o
 .rodata        0x08014e7c        0x9 ..\obj\udp_send.o
 *fill*         0x08014e85        0x3 
 .rodata.zeroes.6911
                0x08014e88       0x10 c:/program files/gnu tools arm embedded/4.9 2015q2/bin/../lib/gcc/arm-none-eabi/4.9.3/../../../../arm-none-eabi/lib/armv7e-m/softfp\libg.a(lib_a-svfprintf.o)
 .rodata.blanks.6910
                0x08014e98       0x10 c:/program files/gnu tools arm embedded/4.9 2015q2/bin/../lib/gcc/arm-none-eabi/4.9.3/../../../../arm-none-eabi/lib/armv7e-m/softfp\libg.a(lib_a-svfprintf.o)
 .rodata.str1.4
                0x08014ea8       0x42 c:/program files/gnu tools arm embedded/4.9 2015q2/bin/../lib/gcc/arm-none-eabi/4.9.3/../../../../arm-none-eabi/lib/armv7e-m/softfp\libg.a(lib_a-svfprintf.o)
 *fill*         0x08014eea        0x2 
 .rodata.zeroes.6926
                0x08014eec       0x10 c:/program files/gnu tools arm embedded/4.9 2015q2/bin/../lib/gcc/arm-none-eabi/4.9.3/../../../../arm-none-eabi/lib/armv7e-m/softfp\libg.a(lib_a-vfprintf.o)
 .rodata.str1.4
                0x00000000       0x42 c:/program files/gnu tools arm embedded/4.9 2015q2/bin/../lib/gcc/arm-none-eabi/4.9.3/../../../../arm-none-eabi/lib/armv7e-m/softfp\libg.a(lib_a-vfprintf.o)
 .rodata.blanks.6925
                0x08014efc       0x10 c:/program files/gnu tools arm embedded/4.9 2015q2/bin/../lib/gcc/arm-none-eabi/4.9.3/../../../../arm-none-eabi/lib/armv7e-m/softfp\libg.a(lib_a-vfprintf.o)
 .rodata.str1.4
                0x08014f0c       0x10 c:/program files/gnu tools arm embedded/4.9 2015q2/bin/../lib/gcc/arm-none-eabi/4.9.3/../../../../arm-none-eabi/lib/armv7e-m/softfp\libg.a(lib_a-dtoa.o)
                                 0x12 (size before relaxing)
 .rodata.str1.4
                0x08014f1c        0x2 c:/program files/gnu tools arm embedded/4.9 2015q2/bin/../lib/gcc/arm-none-eabi/4.9.3/../../../../arm-none-eabi/lib/armv7e-m/softfp\libg.a(lib_a-impure.o)
 *fill*         0x08014f1e        0x2 
 .rodata.str1.4
                0x08014f20        0xc c:/program files/gnu tools arm embedded/4.9 2015q2/bin/../lib/gcc/arm-none-eabi/4.9.3/../../../../arm-none-eabi/lib/armv7e-m/softfp\libg.a(lib_a-locale.o)
                                 0x12 (size before relaxing)
 *fill*         0x08014f2c        0x4 
 .rodata.__mprec_tens
                0x08014f30       0xc8 c:/program files/gnu tools arm embedded/4.9 2015q2/bin/../lib/gcc/arm-none-eabi/4.9.3/../../../../arm-none-eabi/lib/armv7e-m/softfp\libg.a(lib_a-mprec.o)
                0x08014f30                __mprec_tens
 .rodata.p05.5302
                0x08014ff8        0xc c:/program files/gnu tools arm embedded/4.9 2015q2/bin/../lib/gcc/arm-none-eabi/4.9.3/../../../../arm-none-eabi/lib/armv7e-m/softfp\libg.a(lib_a-mprec.o)
 *fill*         0x08015004        0x4 
 .rodata.__mprec_bigtens
                0x08015008       0x28 c:/program files/gnu tools arm embedded/4.9 2015q2/bin/../lib/gcc/arm-none-eabi/4.9.3/../../../../arm-none-eabi/lib/armv7e-m/softfp\libg.a(lib_a-mprec.o)
                0x08015008                __mprec_bigtens
 *(.eh_fram e*)

.glue_7         0x08015030        0x0
 .glue_7        0x00000000        0x0 linker stubs

.glue_7t        0x08015030        0x0
 .glue_7t       0x00000000        0x0 linker stubs

.vfp11_veneer   0x08015030        0x0
 .vfp11_veneer  0x00000000        0x0 linker stubs

.v4_bx          0x08015030        0x0
 .v4_bx         0x00000000        0x0 linker stubs

.iplt           0x08015030        0x0
 .iplt          0x00000000        0x0 ..\obj\stm32f4xx_syscfg.o

.ARM.extab
 *(.ARM.extab* .gnu.linkonce.armextab.*)
                0x08015030                __exidx_start = .

.ARM.exidx      0x08015030        0x8
 *(.ARM.exidx* .gnu.linkonce.armexidx.*)
 .ARM.exidx     0x08015030        0x8 c:/program files/gnu tools arm embedded/4.9 2015q2/bin/../lib/gcc/arm-none-eabi/4.9.3/armv7e-m/softfp\libgcc.a(_divdi3.o)
 .ARM.exidx     0x08015038        0x0 c:/program files/gnu tools arm embedded/4.9 2015q2/bin/../lib/gcc/arm-none-eabi/4.9.3/armv7e-m/softfp\libgcc.a(_udivdi3.o)
                                  0x8 (size before relaxing)
                0x08015038                __exidx_end = .
                0x08015038                __etext = .
                0x08015038                _sidata = __etext

.rel.dyn        0x08015038        0x0
 .rel.iplt      0x00000000        0x0 ..\obj\stm32f4xx_syscfg.o

.data           0x20000000      0x97c load address 0x08015038
                0x20000000                __data_start__ = .
                0x20000000                _sdata = __data_start__
 *(vtable)
 *(.data*)
 .data          0x20000000       0x84 ..\obj\mb.o
 .data          0x20000084        0x8 ..\obj\tcp.o
 .data          0x2000008c       0x10 ..\obj\stm32f4xx_rcc.o
 .data          0x2000009c        0x4 ..\obj\tasks.o
 .data          0x200000a0       0x14 ..\obj\system_stm32f4xx.o
                0x200000a0                SystemCoreClock
                0x200000a4                AHBPrescTable
 .data          0x200000b4       0x10 ..\obj\portother.o
 .data          0x200000c4        0x4 ..\obj\port.o
 .data          0x200000c8        0x5 ..\obj\mbinit.o
 *fill*         0x200000cd        0x1 
 .data          0x200000ce        0x2 ..\obj\udp.o
 .data          0x200000d0        0x4 ..\obj\dhcp.o
 .data          0x200000d4        0x4 ..\obj\mbfunc.o
 .data          0x200000d8        0x4 ..\obj\heap_2.o
 *fill*         0x200000dc        0x4 
 .data.impure_data
                0x200000e0      0x428 c:/program files/gnu tools arm embedded/4.9 2015q2/bin/../lib/gcc/arm-none-eabi/4.9.3/../../../../arm-none-eabi/lib/armv7e-m/softfp\libg.a(lib_a-impure.o)
 .data._impure_ptr
                0x20000508        0x4 c:/program files/gnu tools arm embedded/4.9 2015q2/bin/../lib/gcc/arm-none-eabi/4.9.3/../../../../arm-none-eabi/lib/armv7e-m/softfp\libg.a(lib_a-impure.o)
                0x20000508                _impure_ptr
 .data.lconv    0x2000050c       0x38 c:/program files/gnu tools arm embedded/4.9 2015q2/bin/../lib/gcc/arm-none-eabi/4.9.3/../../../../arm-none-eabi/lib/armv7e-m/softfp\libg.a(lib_a-locale.o)
 .data.lc_ctype_charset
                0x20000544       0x20 c:/program files/gnu tools arm embedded/4.9 2015q2/bin/../lib/gcc/arm-none-eabi/4.9.3/../../../../arm-none-eabi/lib/armv7e-m/softfp\libg.a(lib_a-locale.o)
 .data.__mb_cur_max
                0x20000564        0x4 c:/program files/gnu tools arm embedded/4.9 2015q2/bin/../lib/gcc/arm-none-eabi/4.9.3/../../../../arm-none-eabi/lib/armv7e-m/softfp\libg.a(lib_a-locale.o)
                0x20000564                __mb_cur_max
 .data.__malloc_av_
                0x20000568      0x408 c:/program files/gnu tools arm embedded/4.9 2015q2/bin/../lib/gcc/arm-none-eabi/4.9.3/../../../../arm-none-eabi/lib/armv7e-m/softfp\libg.a(lib_a-mallocr.o)
                0x20000568                __malloc_av_
 .data.__malloc_trim_threshold
                0x20000970        0x4 c:/program files/gnu tools arm embedded/4.9 2015q2/bin/../lib/gcc/arm-none-eabi/4.9.3/../../../../arm-none-eabi/lib/armv7e-m/softfp\libg.a(lib_a-mallocr.o)
                0x20000970                __malloc_trim_threshold
 .data.__malloc_sbrk_base
                0x20000974        0x4 c:/program files/gnu tools arm embedded/4.9 2015q2/bin/../lib/gcc/arm-none-eabi/4.9.3/../../../../arm-none-eabi/lib/armv7e-m/softfp\libg.a(lib_a-mallocr.o)
                0x20000974                __malloc_sbrk_base
 .data.__wctomb
                0x20000978        0x4 c:/program files/gnu tools arm embedded/4.9 2015q2/bin/../lib/gcc/arm-none-eabi/4.9.3/../../../../arm-none-eabi/lib/armv7e-m/softfp\libg.a(lib_a-wctomb_r.o)
                0x20000978                __wctomb
                0x2000097c                . = ALIGN (0x4)
                0x2000097c                PROVIDE (__preinit_array_start, .)
 *(.preinit_array)
                0x2000097c                PROVIDE (__preinit_array_end, .)
                0x2000097c                . = ALIGN (0x4)
                0x2000097c                PROVIDE (__init_array_start, .)
 *(SORT(.init_array.*))
 *(.init_array)
                0x2000097c                PROVIDE (__init_array_end, .)
                0x2000097c                . = ALIGN (0x4)
                0x2000097c                PROVIDE (__fini_array_start, .)
 *(SORT(.fini_array.*))
 *(.fini_array)
                0x2000097c                PROVIDE (__fini_array_end, .)
 *(.jcr*)
                0x2000097c                . = ALIGN (0x4)
                0x2000097c                __data_end__ = .
                0x2000097c                _edata = __data_end__

.igot.plt       0x2000097c        0x0 load address 0x080159b4
 .igot.plt      0x00000000        0x0 ..\obj\stm32f4xx_syscfg.o

.bss            0x20000980    0x19524 load address 0x080159b8
                0x20000980                . = ALIGN (0x4)
                0x20000980                __bss_start__ = .
                0x20000980                _sbss = __bss_start__
 *(.bss*)
 .bss           0x20000980       0x10 ..\obj\mem.o
 .bss           0x20000990       0x24 ..\obj\mb.o
 .bss           0x200009b4        0x2 ..\obj\tcp.o
 *fill*         0x200009b6        0x2 
 .bss           0x200009b8        0x4 ..\obj\portevent.o
 .bss           0x200009bc      0x112 ..\obj\porttcp.o
 *fill*         0x20000ace        0x2 
 .bss           0x20000ad0       0x22 ..\obj\mbfuncother.o
 *fill*         0x20000af2        0x2 
 .bss           0x20000af4       0x2c ..\obj\tcp_in.o
 .bss           0x20000b20     0x2d57 ..\obj\memp.o
 *fill*         0x20003877        0x1 
 .bss           0x20003878        0xc ..\obj\tcpip.o
 .bss           0x20003884        0x8 ..\obj\timers.o
 .bss           0x2000388c        0x4 ..\obj\stm32f4x7_eth_bsp.o
                0x2000388c                EthInitStatus
 .bss           0x20003890        0xc ..\obj\ethernetif.o
                0x20003894                s_xSemaphore
 .bss           0x2000389c       0xc9 ..\obj\etharp.o
 *fill*         0x20003965        0x3 
 .bss           0x20003968       0xfc ..\obj\tasks.o
                0x20003968                pxCurrentTCB
 *fill*         0x20003a64        0x4 
 .bss           0x20003a68       0x10 ..\obj\adc_dcmi.o
                0x20003a68                timestamp
                0x20003a70                xAdcBuf_Send_Semaphore
 .bss           0x20003a78        0x1 ..\obj\netif.o
 *fill*         0x20003a79        0x3 
 .bss           0x20003a7c        0x4 ..\obj\sys_arch.o
                0x20003a7c                xInsideISR
 .bss           0x20003a80        0x4 ..\obj\syscalls.o
 .bss           0x20003a84      0x204 ..\obj\portother.o
 .bss           0x20003c88        0x8 ..\obj\port.o
 .bss           0x20003c90        0x2 ..\obj\ip.o
 .bss           0x20003c92        0x2 ..\obj\udp_send.o
                0x20003c92                adc_buf_offset
 .bss           0x20003c94       0x28 ..\obj\mbfunc.o
 .bss           0x20003cbc     0x5014 ..\obj\heap_2.o
 .bss           0x20008cd0        0x4 ..\obj\raw.o
 .bss.__malloc_max_total_mem
                0x20008cd4        0x4 c:/program files/gnu tools arm embedded/4.9 2015q2/bin/../lib/gcc/arm-none-eabi/4.9.3/../../../../arm-none-eabi/lib/armv7e-m/softfp\libg.a(lib_a-mallocr.o)
                0x20008cd4                __malloc_max_total_mem
 .bss.__malloc_max_sbrked_mem
                0x20008cd8        0x4 c:/program files/gnu tools arm embedded/4.9 2015q2/bin/../lib/gcc/arm-none-eabi/4.9.3/../../../../arm-none-eabi/lib/armv7e-m/softfp\libg.a(lib_a-mallocr.o)
                0x20008cd8                __malloc_max_sbrked_mem
 .bss.__malloc_top_pad
                0x20008cdc        0x4 c:/program files/gnu tools arm embedded/4.9 2015q2/bin/../lib/gcc/arm-none-eabi/4.9.3/../../../../arm-none-eabi/lib/armv7e-m/softfp\libg.a(lib_a-mallocr.o)
                0x20008cdc                __malloc_top_pad
 .bss.__malloc_current_mallinfo
                0x20008ce0       0x28 c:/program files/gnu tools arm embedded/4.9 2015q2/bin/../lib/gcc/arm-none-eabi/4.9.3/../../../../arm-none-eabi/lib/armv7e-m/softfp\libg.a(lib_a-mallocr.o)
                0x20008ce0                __malloc_current_mallinfo
 *(COMMON)
 COMMON         0x20008d08     0x5014 ..\obj\mem.o
                0x20008d08                ram_heap
 COMMON         0x2000dd1c       0x1c ..\obj\tcp.o
                0x2000dd1c                tcp_active_pcbs_changed
                0x2000dd20                tcp_active_pcbs
                0x2000dd24                tcp_ticks
                0x2000dd28                tcp_listen_pcbs
                0x2000dd2c                tcp_tmp_pcb
                0x2000dd30                tcp_bound_pcbs
                0x2000dd34                tcp_tw_pcbs
 COMMON         0x2000dd38        0x4 ..\obj\tcp_in.o
                0x2000dd38                tcp_input_pcb
 COMMON         0x2000dd3c     0x3ce4 ..\obj\stm32f4x7_eth.o
                0x2000dd3c                RX_Frame_Descriptor
                0x2000dd48                DMARxDescToGet
                0x2000dd4c                DMATxDescToSet
                0x2000dd50                DMATxDscrTab
                0x2000ddf0                Rx_Buff
                0x2000fbb4                Frame_Rx_index
                0x2000fbb8                DMA_RX_FRAME_infos
                0x2000fbbc                DMARxDscrTab
                0x2000fc5c                Tx_Buff
 COMMON         0x20011a20       0x34 ..\obj\main.o
                0x20011a20                xnetif
 COMMON         0x20011a54        0x4 ..\obj\tcp_send.o
                0x20011a54                client_pcb
 COMMON         0x20011a58     0x8018 ..\obj\adc_dcmi.o
                0x20011a58                ADC_last_data
                0x20011a68                xADC_MB_Queue
                0x20011a6c                ADC_buf_pnt
                0x20011a70                DCMIAdcRxBuff
 COMMON         0x20019a70        0x8 ..\obj\netif.o
                0x20019a70                netif_list
                0x20019a74                netif_default
 COMMON         0x20019a78        0x4 ..\obj\udp.o
                0x20019a78                udp_pcbs
 COMMON         0x20019a7c       0x10 ..\obj\ip.o
                0x20019a7c                current_iphdr_src
                0x20019a80                current_netif
                0x20019a84                current_iphdr_dest
                0x20019a88                current_header
 COMMON         0x20019a8c      0x411 ..\obj\udp_send.o
                0x20019a8c                DestIPaddr
                0x20019a90                pb
                0x20019a94                UDPPacket
 *fill*         0x20019e9d        0x3 
 COMMON         0x20019ea0        0x4 c:/program files/gnu tools arm embedded/4.9 2015q2/bin/../lib/gcc/arm-none-eabi/4.9.3/../../../../arm-none-eabi/lib/armv7e-m/softfp\libg.a(lib_a-reent.o)
                0x20019ea0                errno
                0x20019ea4                . = ALIGN (0x4)
                0x20019ea4                __bss_end__ = .
                0x20019ea4                _ebss = __bss_end__

.heap           0x20019ea4        0x0
                0x20019ea4                __end__ = .
                0x20019ea4                _end = __end__
                0x20019ea4                end = __end__
 *(.heap*)
                0x20019ea4                __HeapLimit = .

.co_stack       0x20019ea4      0x804 load address 0x0802eedc
                0x20019ea8                . = ALIGN (0x8)
 *fill*         0x20019ea4        0x4 
 *(.co_stack .co_stack.*)
 .co_stack      0x20019ea8      0x800 ..\obj\startup_stm32f4xx.o
                0x20019ea8                pulStack
                0x20020000                __StackTop = (ORIGIN (ram) + 0x20000)
                0x2001f7fc                __StackLimit = (__StackTop - SIZEOF (.co_stack))
                0x20020000                PROVIDE (__stack, __StackTop)
                0x00000001                ASSERT ((__StackLimit >= __HeapLimit), region ram  overflowed with stack)
LOAD ..\obj\stm32f4xx_syscfg.o
LOAD ..\obj\mem.o
LOAD ..\obj\stm32f4xx_sdio.o
LOAD ..\obj\mb.o
LOAD ..\obj\mbfuncdisc.o
LOAD ..\obj\tcp.o
LOAD ..\obj\err.o
LOAD ..\obj\portevent.o
LOAD ..\obj\porttcp.o
LOAD ..\obj\randm.o
LOAD ..\obj\mib_structs.o
LOAD ..\obj\mbfuncother.o
LOAD ..\obj\tcp_in.o
LOAD ..\obj\stm32f4xx_usart.o
LOAD ..\obj\stm32f4xx_pwr.o
LOAD ..\obj\slipif.o
LOAD ..\obj\memp.o
LOAD ..\obj\autoip.o
LOAD ..\obj\ip_frag.o
LOAD ..\obj\msg_out.o
LOAD ..\obj\netbuf.o
LOAD ..\obj\tcpip.o
LOAD ..\obj\mbutils.o
LOAD ..\obj\stm32f4xx_dac.o
LOAD ..\obj\asn1_dec.o
LOAD ..\obj\lcp.o
LOAD ..\obj\vj.o
LOAD ..\obj\startup_stm32f4xx.o
LOAD ..\obj\stm32f4x7_eth.o
LOAD ..\obj\sys.o
LOAD ..\obj\ip_addr.o
LOAD ..\obj\mbfuncholding.o
LOAD ..\obj\inet_chksum.o
LOAD ..\obj\main.o
LOAD ..\obj\mbcrc.o
LOAD ..\obj\stm32f4xx_rcc.o
LOAD ..\obj\mib2.o
LOAD ..\obj\stm32f4xx_it.o
LOAD ..\obj\netdb.o
LOAD ..\obj\timers.o
LOAD ..\obj\init.o
LOAD ..\obj\stm32f4xx_adc.o
LOAD ..\obj\stm32f4x7_eth_bsp.o
LOAD ..\obj\mbfuncinput.o
LOAD ..\obj\def.o
LOAD ..\obj\ethernetif.o
LOAD ..\obj\stm32f4xx_dcmi.o
LOAD ..\obj\chpms.o
LOAD ..\obj\etharp.o
LOAD ..\obj\mbfuncdiag.o
LOAD ..\obj\tasks.o
LOAD ..\obj\magic.o
LOAD ..\obj\tcp_send.o
LOAD ..\obj\pbuf.o
LOAD ..\obj\stats.o
LOAD ..\obj\inet.o
LOAD ..\obj\adc_dcmi.o
LOAD ..\obj\msg_in.o
LOAD ..\obj\netif.o
LOAD ..\obj\asn1_enc.o
LOAD ..\obj\fsm.o
LOAD ..\obj\api_msg.o
LOAD ..\obj\chap.o
LOAD ..\obj\stm32f4xx_gpio.o
LOAD ..\obj\md5.o
LOAD ..\obj\sys_arch.o
LOAD ..\obj\list.o
LOAD ..\obj\mbrtu.o
LOAD ..\obj\system_stm32f4xx.o
LOAD ..\obj\syscalls.o
LOAD ..\obj\stm32f4xx_dma.o
LOAD ..\obj\portother.o
LOAD ..\obj\queue.o
LOAD ..\obj\port.o
LOAD ..\obj\sockets.o
LOAD ..\obj\igmp.o
LOAD ..\obj\pap.o
LOAD ..\obj\mbinit.o
LOAD ..\obj\croutine.o
LOAD ..\obj\udp.o
LOAD ..\obj\ip.o
LOAD ..\obj\stm32f4xx_spi.o
LOAD ..\obj\mbfunccoils.o
LOAD ..\obj\event_groups.o
LOAD ..\obj\auth.o
LOAD ..\obj\stm32f4xx_exti.o
LOAD ..\obj\icmp.o
LOAD ..\obj\ppp_oe.o
LOAD ..\obj\dns.o
LOAD ..\obj\netifapi.o
LOAD ..\obj\misc.o
LOAD ..\obj\api_lib.o
LOAD ..\obj\udp_send.o
LOAD ..\obj\mbtcp.o
LOAD ..\obj\dhcp.o
LOAD ..\obj\ppp.o
LOAD ..\obj\mbascii.o
LOAD ..\obj\mbfunc.o
LOAD ..\obj\heap_2.o
LOAD ..\obj\http_server.o
LOAD ..\obj\ipcp.o
LOAD ..\obj\stm32f4xx_tim.o
LOAD ..\obj\tcp_out.o
LOAD ..\obj\raw.o
START GROUP
LOAD c:/program files/gnu tools arm embedded/4.9 2015q2/bin/../lib/gcc/arm-none-eabi/4.9.3/armv7e-m/softfp\libgcc.a
LOAD c:/program files/gnu tools arm embedded/4.9 2015q2/bin/../lib/gcc/arm-none-eabi/4.9.3/../../../../arm-none-eabi/lib/armv7e-m/softfp\libg.a
LOAD c:/program files/gnu tools arm embedded/4.9 2015q2/bin/../lib/gcc/arm-none-eabi/4.9.3/../../../../arm-none-eabi/lib/armv7e-m/softfp\libc.a
END GROUP
OUTPUT(LAN8720.elf elf32-littlearm)

.debug_info     0x00000000    0x1a7a2
 .debug_info    0x00000000      0x26c ..\obj\stm32f4xx_syscfg.o
 .debug_info    0x0000026c      0x370 ..\obj\mem.o
 .debug_info    0x000005dc      0x5f7 ..\obj\mb.o
 .debug_info    0x00000bd3      0x1b2 ..\obj\mbfuncdisc.o
 .debug_info    0x00000d85     0x1372 ..\obj\tcp.o
 .debug_info    0x000020f7      0x197 ..\obj\portevent.o
 .debug_info    0x0000228e      0x859 ..\obj\porttcp.o
 .debug_info    0x00002ae7      0x215 ..\obj\mbfuncother.o
 .debug_info    0x00002cfc      0xc9a ..\obj\tcp_in.o
 .debug_info    0x00003996      0x261 ..\obj\memp.o
 .debug_info    0x00003bf7      0xb4d ..\obj\tcpip.o
 .debug_info    0x00004744      0x273 ..\obj\mbutils.o
 .debug_info    0x000049b7       0xed ..\obj\startup_stm32f4xx.o
 .debug_info    0x00004aa4     0x190d ..\obj\stm32f4x7_eth.o
 .debug_info    0x000063b1      0x540 ..\obj\ip_addr.o
 .debug_info    0x000068f1      0x33b ..\obj\mbfuncholding.o
 .debug_info    0x00006c2c      0x39b ..\obj\inet_chksum.o
 .debug_info    0x00006fc7      0x61f ..\obj\main.o
 .debug_info    0x000075e6      0xc4d ..\obj\stm32f4xx_rcc.o
 .debug_info    0x00008233      0x181 ..\obj\stm32f4xx_it.o
 .debug_info    0x000083b4      0x8ca ..\obj\timers.o
 .debug_info    0x00008c7e       0x88 ..\obj\init.o
 .debug_info    0x00008d06      0x817 ..\obj\stm32f4x7_eth_bsp.o
 .debug_info    0x0000951d      0x1a4 ..\obj\mbfuncinput.o
 .debug_info    0x000096c1       0xfd ..\obj\def.o
 .debug_info    0x000097be      0xb18 ..\obj\ethernetif.o
 .debug_info    0x0000a2d6      0x54c ..\obj\stm32f4xx_dcmi.o
 .debug_info    0x0000a822      0xdea ..\obj\etharp.o
 .debug_info    0x0000b60c     0x1b85 ..\obj\tasks.o
 .debug_info    0x0000d191      0x71c ..\obj\tcp_send.o
 .debug_info    0x0000d8ad      0x857 ..\obj\pbuf.o
 .debug_info    0x0000e104      0xc38 ..\obj\adc_dcmi.o
 .debug_info    0x0000ed3c      0xe45 ..\obj\netif.o
 .debug_info    0x0000fb81      0x602 ..\obj\stm32f4xx_gpio.o
 .debug_info    0x00010183      0x6c3 ..\obj\sys_arch.o
 .debug_info    0x00010846      0x299 ..\obj\list.o
 .debug_info    0x00010adf      0x592 ..\obj\system_stm32f4xx.o
 .debug_info    0x00011071      0x3ee ..\obj\syscalls.o
 .debug_info    0x0001145f      0x739 ..\obj\stm32f4xx_dma.o
 .debug_info    0x00011b98      0x2ad ..\obj\portother.o
 .debug_info    0x00011e45     0x10ec ..\obj\queue.o
 .debug_info    0x00012f31      0x52b ..\obj\port.o
 .debug_info    0x0001345c       0xef ..\obj\mbinit.o
 .debug_info    0x0001354b      0xb4c ..\obj\udp.o
 .debug_info    0x00014097      0x92d ..\obj\ip.o
 .debug_info    0x000149c4      0x2cf ..\obj\mbfunccoils.o
 .debug_info    0x00014c93      0x5af ..\obj\icmp.o
 .debug_info    0x00015242      0x53d ..\obj\misc.o
 .debug_info    0x0001577f      0x42e ..\obj\udp_send.o
 .debug_info    0x00015bad      0x22b ..\obj\mbtcp.o
 .debug_info    0x00015dd8     0x1062 ..\obj\dhcp.o
 .debug_info    0x00016e3a      0x33b ..\obj\mbfunc.o
 .debug_info    0x00017175      0x2d8 ..\obj\heap_2.o
 .debug_info    0x0001744d     0x1c61 ..\obj\stm32f4xx_tim.o
 .debug_info    0x000190ae      0xfe4 ..\obj\tcp_out.o
 .debug_info    0x0001a092      0x710 ..\obj\raw.o

.debug_abbrev   0x00000000     0x4eef
 .debug_abbrev  0x00000000      0x131 ..\obj\stm32f4xx_syscfg.o
 .debug_abbrev  0x00000131      0x137 ..\obj\mem.o
 .debug_abbrev  0x00000268      0x171 ..\obj\mb.o
 .debug_abbrev  0x000003d9       0x8c ..\obj\mbfuncdisc.o
 .debug_abbrev  0x00000465      0x2c9 ..\obj\tcp.o
 .debug_abbrev  0x0000072e       0xad ..\obj\portevent.o
 .debug_abbrev  0x000007db      0x21a ..\obj\porttcp.o
 .debug_abbrev  0x000009f5       0xa7 ..\obj\mbfuncother.o