Archive member included because of file (symbol)

c:/program files (x86)/gnu tools arm embedded/4.9 2015q2/bin/../lib/gcc/arm-none-eabi/4.9.3/../../../../arm-none-eabi/lib/armv7e-m\libg.a(lib_a-memcmp.o)
                              ..\obj\autoip.o (memcmp)
c:/program files (x86)/gnu tools arm embedded/4.9 2015q2/bin/../lib/gcc/arm-none-eabi/4.9.3/../../../../arm-none-eabi/lib/armv7e-m\libg.a(lib_a-memcpy.o)
                              ..\obj\porttcp.o (memcpy)
c:/program files (x86)/gnu tools arm embedded/4.9 2015q2/bin/../lib/gcc/arm-none-eabi/4.9.3/../../../../arm-none-eabi/lib/armv7e-m\libg.a(lib_a-memset.o)
                              ..\obj\mem.o (memset)
c:/program files (x86)/gnu tools arm embedded/4.9 2015q2/bin/../lib/gcc/arm-none-eabi/4.9.3/../../../../arm-none-eabi/lib/armv7e-m\libg.a(lib_a-printf.o)
                              ..\obj\portother.o (printf)
c:/program files (x86)/gnu tools arm embedded/4.9 2015q2/bin/../lib/gcc/arm-none-eabi/4.9.3/../../../../arm-none-eabi/lib/armv7e-m\libg.a(lib_a-snprintf.o)
                              ..\obj\portother.o (snprintf)
c:/program files (x86)/gnu tools arm embedded/4.9 2015q2/bin/../lib/gcc/arm-none-eabi/4.9.3/../../../../arm-none-eabi/lib/armv7e-m\libg.a(lib_a-strlen.o)
                              ..\obj\dhcp.o (strlen)
c:/program files (x86)/gnu tools arm embedded/4.9 2015q2/bin/../lib/gcc/arm-none-eabi/4.9.3/../../../../arm-none-eabi/lib/armv7e-m\libg.a(lib_a-svfprintf.o)
                              c:/program files (x86)/gnu tools arm embedded/4.9 2015q2/bin/../lib/gcc/arm-none-eabi/4.9.3/../../../../arm-none-eabi/lib/armv7e-m\libg.a(lib_a-snprintf.o) (_svfprintf_r)
c:/program files (x86)/gnu tools arm embedded/4.9 2015q2/bin/../lib/gcc/arm-none-eabi/4.9.3/../../../../arm-none-eabi/lib/armv7e-m\libg.a(lib_a-vfprintf.o)
                              c:/program files (x86)/gnu tools arm embedded/4.9 2015q2/bin/../lib/gcc/arm-none-eabi/4.9.3/../../../../arm-none-eabi/lib/armv7e-m\libg.a(lib_a-printf.o) (_vfprintf_r)
c:/program files (x86)/gnu tools arm embedded/4.9 2015q2/bin/../lib/gcc/arm-none-eabi/4.9.3/../../../../arm-none-eabi/lib/armv7e-m\libg.a(lib_a-vprintf.o)
                              ..\obj\portother.o (vprintf)
c:/program files (x86)/gnu tools arm embedded/4.9 2015q2/bin/../lib/gcc/arm-none-eabi/4.9.3/../../../../arm-none-eabi/lib/armv7e-m\libg.a(lib_a-wsetup.o)
                              c:/program files (x86)/gnu tools arm embedded/4.9 2015q2/bin/../lib/gcc/arm-none-eabi/4.9.3/../../../../arm-none-eabi/lib/armv7e-m\libg.a(lib_a-vfprintf.o) (__swsetup_r)
c:/program files (x86)/gnu tools arm embedded/4.9 2015q2/bin/../lib/gcc/arm-none-eabi/4.9.3/../../../../arm-none-eabi/lib/armv7e-m\libg.a(lib_a-dtoa.o)
                              c:/program files (x86)/gnu tools arm embedded/4.9 2015q2/bin/../lib/gcc/arm-none-eabi/4.9.3/../../../../arm-none-eabi/lib/armv7e-m\libg.a(lib_a-svfprintf.o) (_dtoa_r)
c:/program files (x86)/gnu tools arm embedded/4.9 2015q2/bin/../lib/gcc/arm-none-eabi/4.9.3/../../../../arm-none-eabi/lib/armv7e-m\libg.a(lib_a-fflush.o)
                              c:/program files (x86)/gnu tools arm embedded/4.9 2015q2/bin/../lib/gcc/arm-none-eabi/4.9.3/../../../../arm-none-eabi/lib/armv7e-m\libg.a(lib_a-vfprintf.o) (_fflush_r)
c:/program files (x86)/gnu tools arm embedded/4.9 2015q2/bin/../lib/gcc/arm-none-eabi/4.9.3/../../../../arm-none-eabi/lib/armv7e-m\libg.a(lib_a-findfp.o)
                              c:/program files (x86)/gnu tools arm embedded/4.9 2015q2/bin/../lib/gcc/arm-none-eabi/4.9.3/../../../../arm-none-eabi/lib/armv7e-m\libg.a(lib_a-vfprintf.o) (__sinit)
c:/program files (x86)/gnu tools arm embedded/4.9 2015q2/bin/../lib/gcc/arm-none-eabi/4.9.3/../../../../arm-none-eabi/lib/armv7e-m\libg.a(lib_a-freer.o)
                              c:/program files (x86)/gnu tools arm embedded/4.9 2015q2/bin/../lib/gcc/arm-none-eabi/4.9.3/../../../../arm-none-eabi/lib/armv7e-m\libg.a(lib_a-wsetup.o) (_free_r)
c:/program files (x86)/gnu tools arm embedded/4.9 2015q2/bin/../lib/gcc/arm-none-eabi/4.9.3/../../../../arm-none-eabi/lib/armv7e-m\libg.a(lib_a-fwalk.o)
                              c:/program files (x86)/gnu tools arm embedded/4.9 2015q2/bin/../lib/gcc/arm-none-eabi/4.9.3/../../../../arm-none-eabi/lib/armv7e-m\libg.a(lib_a-findfp.o) (_fwalk)
c:/program files (x86)/gnu tools arm embedded/4.9 2015q2/bin/../lib/gcc/arm-none-eabi/4.9.3/../../../../arm-none-eabi/lib/armv7e-m\libg.a(lib_a-impure.o)
                              c:/program files (x86)/gnu tools arm embedded/4.9 2015q2/bin/../lib/gcc/arm-none-eabi/4.9.3/../../../../arm-none-eabi/lib/armv7e-m\libg.a(lib_a-fflush.o) (_global_impure_ptr)
c:/program files (x86)/gnu tools arm embedded/4.9 2015q2/bin/../lib/gcc/arm-none-eabi/4.9.3/../../../../arm-none-eabi/lib/armv7e-m\libg.a(lib_a-locale.o)
[...]
Memory Configuration

Name             Origin             Length             Attributes
rom              0x08000000         0x00100000         xr
ram              0x20000000         0x00020000         xrw
ram1             0x10000000         0x00010000         xrw
*default*        0x00000000         0xffffffff

Linker script and memory map

                0x20020000                _eram = 0x20020000

.text           0x08000000     0x135c
 *(.isr_vector)
 .isr_vector    0x08000000      0x188 ..\obj\startup_stm32f4xx.o
                0x08000000                g_pfnVectors
 *(.text*)
 .text.Default_Reset_Handler
                0x08000188       0x5c ..\obj\startup_stm32f4xx.o
                0x08000188                Default_Reset_Handler
                0x08000188                Reset_Handler
 .text.Default_Handler
                0x080001e4        0x8 ..\obj\startup_stm32f4xx.o
                0x080001e4                RTC_Alarm_IRQHandler
                0x080001e4                HASH_RNG_IRQHandler
                0x080001e4                EXTI2_IRQHandler
                0x080001e4                TIM8_CC_IRQHandler
                0x080001e4                TIM1_CC_IRQHandler
                0x080001e4                DMA2_Stream5_IRQHandler
                0x080001e4                DMA1_Stream5_IRQHandler
                0x080001e4                PVD_IRQHandler
                0x080001e4                SDIO_IRQHandler
                0x080001e4                TAMP_STAMP_IRQHandler
                0x080001e4                CAN2_RX1_IRQHandler
                0x080001e4                EXTI3_IRQHandler
                0x080001e4                TIM8_TRG_COM_TIM14_IRQHandler
                0x080001e4                TIM1_UP_TIM10_IRQHandler
                0x080001e4                TIM8_UP_TIM13_IRQHandler
                0x080001e4                I2C3_ER_IRQHandler
                0x080001e4                EXTI0_IRQHandler
                0x080001e4                I2C2_EV_IRQHandler
                0x080001e4                DMA1_Stream2_IRQHandler
                0x080001e4                CAN1_RX0_IRQHandler
                0x080001e4                FPU_IRQHandler
                0x080001e4                OTG_HS_WKUP_IRQHandler
                0x080001e4                CAN2_SCE_IRQHandler
                0x080001e4                DMA2_Stream2_IRQHandler
                0x080001e4                SPI1_IRQHandler
                0x080001e4                TIM6_DAC_IRQHandler
                0x080001e4                TIM1_BRK_TIM9_IRQHandler
                0x080001e4                DCMI_IRQHandler
                0x080001e4                CAN2_RX0_IRQHandler
                0x080001e4                DMA2_Stream3_IRQHandler
                0x080001e4                USART6_IRQHandler
                0x080001e4                USART3_IRQHandler
                0x080001e4                CRYP_IRQHandler
                0x080001e4                CAN1_RX1_IRQHandler
                0x080001e4                UART5_IRQHandler
                0x080001e4                TIM4_IRQHandler
                0x080001e4                I2C1_EV_IRQHandler
                0x080001e4                DMA1_Stream6_IRQHandler
                0x080001e4                DMA1_Stream1_IRQHandler
                0x080001e4                UART4_IRQHandler
                0x080001e4                TIM3_IRQHandler
                0x080001e4                RCC_IRQHandler
                0x080001e4                TIM8_BRK_TIM12_IRQHandler
                0x080001e4                EXTI15_10_IRQHandler
                0x080001e4                ADC_IRQHandler
                0x080001e4                DMA1_Stream7_IRQHandler
                0x080001e4                TIM7_IRQHandler
                0x080001e4                CAN2_TX_IRQHandler
                0x080001e4                TIM5_IRQHandler
                0x080001e4                DMA2_Stream7_IRQHandler
                0x080001e4                I2C3_EV_IRQHandler
                0x080001e4                EXTI9_5_IRQHandler
                0x080001e4                RTC_WKUP_IRQHandler
                0x080001e4                ETH_WKUP_IRQHandler
                0x080001e4                SPI2_IRQHandler
                0x080001e4                OTG_HS_EP1_IN_IRQHandler
                0x080001e4                DMA1_Stream0_IRQHandler
                0x080001e4                CAN1_TX_IRQHandler
                0x080001e4                EXTI4_IRQHandler
                0x080001e4                FSMC_IRQHandler
                0x080001e4                ETH_IRQHandler
                0x080001e4                OTG_HS_EP1_OUT_IRQHandler
                0x080001e4                WWDG_IRQHandler
                0x080001e4                TIM2_IRQHandler
                0x080001e4                OTG_FS_WKUP_IRQHandler
                0x080001e4                TIM1_TRG_COM_TIM11_IRQHandler
                0x080001e4                OTG_HS_IRQHandler
                0x080001e4                EXTI1_IRQHandler
                0x080001e4                USART2_IRQHandler
                0x080001e4                I2C2_ER_IRQHandler
                0x080001e4                DMA2_Stream1_IRQHandler
                0x080001e4                CAN1_SCE_IRQHandler
                0x080001e4                FLASH_IRQHandler
                0x080001e4                DMA2_Stream4_IRQHandler
                0x080001e4                USART1_IRQHandler
                0x080001e4                OTG_FS_IRQHandler
                0x080001e4                SPI3_IRQHandler
                0x080001e4                DMA1_Stream4_IRQHandler
                0x080001e4                I2C1_ER_IRQHandler
                0x080001e4                DMA2_Stream6_IRQHandler
                0x080001e4                DMA1_Stream3_IRQHandler
 .text.main     0x080001ec       0x18 ..\obj\main.o
                0x080001ec                main
 .text.Time_Update
                0x08000204       0x1c ..\obj\main.o
                0x08000204                Time_Update
 .text.RCC_AHB1PeriphClockCmd
                0x08000220       0x3c ..\obj\stm32f4xx_rcc.o
                0x08000220                RCC_AHB1PeriphClockCmd
 .text.RCC_APB2PeriphClockCmd
                0x0800025c       0x3c ..\obj\stm32f4xx_rcc.o
                0x0800025c                RCC_APB2PeriphClockCmd
 .text.NMI_Handler
                0x08000298        0xc ..\obj\stm32f4xx_it.o
                0x08000298                NMI_Handler
 .text.HardFault_Handler
                0x080002a4        0x8 ..\obj\stm32f4xx_it.o
                0x080002a4                HardFault_Handler
 .text.MemManage_Handler
                0x080002ac        0x8 ..\obj\stm32f4xx_it.o
                0x080002ac                MemManage_Handler
 .text.BusFault_Handler
                0x080002b4        0x8 ..\obj\stm32f4xx_it.o
                0x080002b4                BusFault_Handler
 .text.UsageFault_Handler
                0x080002bc        0x8 ..\obj\stm32f4xx_it.o
                0x080002bc                UsageFault_Handler
 .text.SVC_Handler
                0x080002c4        0xc ..\obj\stm32f4xx_it.o
                0x080002c4                SVC_Handler
 .text.DebugMon_Handler
                0x080002d0        0xc ..\obj\stm32f4xx_it.o
                0x080002d0                DebugMon_Handler
 .text.PendSV_Handler
                0x080002dc        0xc ..\obj\stm32f4xx_it.o
                0x080002dc                PendSV_Handler
 .text.SysTick_Handler
                0x080002e8        0xc ..\obj\stm32f4xx_it.o
                0x080002e8                SysTick_Handler
 .text.GPIO_Init
                0x080002f4      0x11c ..\obj\stm32f4xx_gpio.o
                0x080002f4                GPIO_Init
 .text.GPIO_PinAFConfig
                0x08000410       0x90 ..\obj\stm32f4xx_gpio.o
                0x08000410                GPIO_PinAFConfig
 .text.ADC_ExtInit
                0x080004a0       0x10 ..\obj\adc_ext.o
                0x080004a0                ADC_ExtInit
 .text.ADC_Ext_TimInit
                0x080004b0      0x108 ..\obj\adc_ext.o
                0x080004b0                ADC_Ext_TimInit
 .text.ADC_Ext_SPIInit
                0x080005b8      0x1a8 ..\obj\adc_ext.o
                0x080005b8                ADC_Ext_SPIInit
 .text.DMA2_Stream0_IRQHandler
                0x08000760       0x20 ..\obj\adc_ext.o
                0x08000760                DMA2_Stream0_IRQHandler
 .text.SystemInit
                0x08000780       0x58 ..\obj\system_stm32f4xx.o
                0x08000780                SystemInit
 .text.SetSysClock
                0x080007d8       0xf4 ..\obj\system_stm32f4xx.o
 .text.DMA_DeInit
                0x080008cc      0x1a4 ..\obj\stm32f4xx_dma.o
                0x080008cc                DMA_DeInit
 .text.DMA_Init
                0x08000a70       0xac ..\obj\stm32f4xx_dma.o
                0x08000a70                DMA_Init
 .text.DMA_Cmd  0x08000b1c       0x38 ..\obj\stm32f4xx_dma.o
                0x08000b1c                DMA_Cmd
 .text.DMA_GetCmdStatus
                0x08000b54       0x30 ..\obj\stm32f4xx_dma.o
                0x08000b54                DMA_GetCmdStatus
 .text.DMA_GetITStatus
                0x08000b84       0xb0 ..\obj\stm32f4xx_dma.o
                0x08000b84                DMA_GetITStatus
 .text.DMA_ClearITPendingBit
                0x08000c34       0x5c ..\obj\stm32f4xx_dma.o
                0x08000c34                DMA_ClearITPendingBit
 .text.SPI_Init
                0x08000c90       0x88 ..\obj\stm32f4xx_spi.o
                0x08000c90                SPI_Init
 .text.SPI_Cmd  0x08000d18       0x40 ..\obj\stm32f4xx_spi.o
                0x08000d18                SPI_Cmd
 .text.SPI_I2S_DMACmd
                0x08000d58       0x48 ..\obj\stm32f4xx_spi.o
                0x08000d58                SPI_I2S_DMACmd
 .text.NVIC_PriorityGroupConfig
                0x08000da0       0x24 ..\obj\misc.o
                0x08000da0                NVIC_PriorityGroupConfig
 .text.NVIC_Init
                0x08000dc4       0xc0 ..\obj\misc.o
                0x08000dc4                NVIC_Init
 .text.TIM_TimeBaseInit
                0x08000e84       0xd4 ..\obj\stm32f4xx_tim.o
                0x08000e84                TIM_TimeBaseInit
 .text.TIM_TimeBaseStructInit
                0x08000f58       0x34 ..\obj\stm32f4xx_tim.o
                0x08000f58                TIM_TimeBaseStructInit
 .text.TIM_ARRPreloadConfig
                0x08000f8c       0x40 ..\obj\stm32f4xx_tim.o
                0x08000f8c                TIM_ARRPreloadConfig
 .text.TIM_Cmd  0x08000fcc       0x40 ..\obj\stm32f4xx_tim.o
                0x08000fcc                TIM_Cmd
 .text.TIM_OC1Init
                0x0800100c       0xf4 ..\obj\stm32f4xx_tim.o
                0x0800100c                TIM_OC1Init
 .text.TIM_OC2Init
                0x08001100      0x110 ..\obj\stm32f4xx_tim.o
                0x08001100                TIM_OC2Init
 .text.TIM_OCStructInit
                0x08001210       0x44 ..\obj\stm32f4xx_tim.o
                0x08001210                TIM_OCStructInit
 .text.TIM_OC1PreloadConfig
                0x08001254       0x38 ..\obj\stm32f4xx_tim.o
                0x08001254                TIM_OC1PreloadConfig
 .text.TIM_OC2PreloadConfig
                0x0800128c       0x3c ..\obj\stm32f4xx_tim.o
                0x0800128c                TIM_OC2PreloadConfig
 .text.TIM_CtrlPWMOutputs
                0x080012c8       0x4c ..\obj\stm32f4xx_tim.o
                0x080012c8                TIM_CtrlPWMOutputs
 .text.TIM_DMACmd
                0x08001314       0x48 ..\obj\stm32f4xx_tim.o
                0x08001314                TIM_DMACmd
 *(.init)
 *(.fini)
 *crtbegin.o(.ctors)
 *crtbegin?.o(.ctors)
 *(EXCLUDE_FILE(*crtend.o *crtend?.o) .ctors)
 *(SORT(.ctors.*))
 *(.ctors)
 *crtbegin.o(.dtors)
 *crtbegin?.o(.dtors)
 *(EXCLUDE_FILE(*crtend.o *crtend?.o) .dtors)
 *(SORT(.dtors.*))
 *(.dtors)
 *(.rodata*)
 *(.eh_fram e*)

.glue_7         0x0800135c        0x0
 .glue_7        0x00000000        0x0 linker stubs

.glue_7t        0x0800135c        0x0
 .glue_7t       0x00000000        0x0 linker stubs

.vfp11_veneer   0x0800135c        0x0
 .vfp11_veneer  0x00000000        0x0 linker stubs

.v4_bx          0x0800135c        0x0
 .v4_bx         0x00000000        0x0 linker stubs

.iplt           0x0800135c        0x0
 .iplt          0x00000000        0x0 ..\obj\stm32f4xx_syscfg.o

.rel.dyn        0x0800135c        0x0
 .rel.iplt      0x00000000        0x0 ..\obj\stm32f4xx_syscfg.o

.ARM.extab
 *(.ARM.extab* .gnu.linkonce.armextab.*)
                0x0800135c                __exidx_start = .

.ARM.exidx
 *(.ARM.exidx* .gnu.linkonce.armexidx.*)
                0x0800135c                __exidx_end = .
                0x0800135c                __etext = .
                0x0800135c                _sidata = __etext

.data           0x20000000        0x0 load address 0x0800135c
                0x20000000                __data_start__ = .
                0x20000000                _sdata = __data_start__
 *(vtable)
 *(.data*)
                0x20000000                . = ALIGN (0x4)
                0x20000000                PROVIDE (__preinit_array_start, .)
 *(.preinit_array)
                0x20000000                PROVIDE (__preinit_array_end, .)
                0x20000000                . = ALIGN (0x4)
                0x20000000                PROVIDE (__init_array_start, .)
 *(SORT(.init_array.*))
 *(.init_array)
                0x20000000                PROVIDE (__init_array_end, .)
                0x20000000                . = ALIGN (0x4)
                0x20000000                PROVIDE (__fini_array_start, .)
 *(SORT(.fini_array.*))
 *(.fini_array)
                0x20000000                PROVIDE (__fini_array_end, .)
 *(.jcr*)
                0x20000000                . = ALIGN (0x4)
                0x20000000                __data_end__ = .
                0x20000000                _edata = __data_end__

.igot.plt       0x20000000        0x0
 .igot.plt      0x00000000        0x0 ..\obj\stm32f4xx_syscfg.o

.bss            0x20000000        0xc
                0x20000000                . = ALIGN (0x4)
                0x20000000                __bss_start__ = .
                0x20000000                _sbss = __bss_start__
 *(.bss*)
 .bss           0x20000000        0x4 ..\obj\main.o
                0x20000000                LocalTime
 *(COMMON)
 COMMON         0x20000004        0x8 ..\obj\adc_ext.o
                0x20000004                ExtAdcRxBuff
                0x2000000c                . = ALIGN (0x4)
                0x2000000c                __bss_end__ = .
                0x2000000c                _ebss = __bss_end__

.heap           0x2000000c        0x0
                0x2000000c                __end__ = .
                0x2000000c                _end = __end__
                0x2000000c                end = __end__
 *(.heap*)
                0x2000000c                __HeapLimit = .

.co_stack       0x2000000c      0x804
                0x20000010                . = ALIGN (0x8)
 *fill*         0x2000000c        0x4 
 *(.co_stack .co_stack.*)
 .co_stack      0x20000010      0x800 ..\obj\startup_stm32f4xx.o
                0x20000010                pulStack
                0x20020000                __StackTop = (ORIGIN (ram) + 0x20000)
                0x2001f7fc                __StackLimit = (__StackTop - SIZEOF (.co_stack))
                0x20020000                PROVIDE (__stack, __StackTop)
                0x00000001                ASSERT ((__StackLimit >= __HeapLimit), region ram  overflowed with stack)
LOAD ..\obj\stm32f4xx_syscfg.o
LOAD ..\obj\mem.o
LOAD ..\obj\stm32f4xx_sdio.o
LOAD ..\obj\mb.o
LOAD ..\obj\mbfuncdisc.o
LOAD ..\obj\tcp.o
LOAD ..\obj\err.o
LOAD ..\obj\portevent.o
LOAD ..\obj\porttcp.o
LOAD ..\obj\mbfuncother.o
LOAD ..\obj\tcp_in.o
LOAD ..\obj\stm32f4xx_usart.o
LOAD ..\obj\stm32f4xx_pwr.o
LOAD ..\obj\slipif.o
LOAD ..\obj\memp.o
LOAD ..\obj\autoip.o
LOAD ..\obj\ip_frag.o
LOAD ..\obj\netbuf.o
LOAD ..\obj\tcpip.o
LOAD ..\obj\mbutils.o
LOAD ..\obj\stm32f4xx_dac.o
LOAD ..\obj\startup_stm32f4xx.o
LOAD ..\obj\stm32f4x7_eth.o
LOAD ..\obj\sys.o
LOAD ..\obj\ip_addr.o
LOAD ..\obj\mbfuncholding.o
LOAD ..\obj\inet_chksum.o
LOAD ..\obj\main.o
LOAD ..\obj\mbcrc.o
LOAD ..\obj\stm32f4xx_rcc.o
LOAD ..\obj\netconf.o
LOAD ..\obj\stm32f4xx_it.o
LOAD ..\obj\netdb.o
LOAD ..\obj\init.o
LOAD ..\obj\stm32f4xx_adc.o
LOAD ..\obj\stm32f4x7_eth_bsp.o
LOAD ..\obj\mbfuncinput.o
LOAD ..\obj\ethernetif.o
LOAD ..\obj\etharp.o
LOAD ..\obj\mbfuncdiag.o
LOAD ..\obj\tcp_send.o
LOAD ..\obj\pbuf.o
LOAD ..\obj\stats.o
LOAD ..\obj\inet.o
LOAD ..\obj\netif.o
LOAD ..\obj\api_msg.o
LOAD ..\obj\stm32f4xx_gpio.o
LOAD ..\obj\mbrtu.o
LOAD ..\obj\adc_ext.o
LOAD ..\obj\system_stm32f4xx.o
LOAD ..\obj\syscalls.o
LOAD ..\obj\stm32f4xx_dma.o
LOAD ..\obj\portother.o
LOAD ..\obj\adc.o
LOAD ..\obj\sockets.o
LOAD ..\obj\igmp.o
LOAD ..\obj\udp.o
LOAD ..\obj\ip.o
LOAD ..\obj\stm32f4xx_spi.o
LOAD ..\obj\mbfunccoils.o
LOAD ..\obj\stm32f4xx_exti.o
LOAD ..\obj\icmp.o
LOAD ..\obj\dns.o
LOAD ..\obj\netifapi.o
LOAD ..\obj\misc.o
LOAD ..\obj\api_lib.o
LOAD ..\obj\udp_send.o
LOAD ..\obj\mbtcp.o
LOAD ..\obj\dhcp.o
LOAD ..\obj\mbascii.o
LOAD ..\obj\mbfunc.o
LOAD ..\obj\stm32f4xx_tim.o
LOAD ..\obj\tcp_out.o
LOAD ..\obj\loopif.o
LOAD ..\obj\raw.o
START GROUP
LOAD c:/program files (x86)/gnu tools arm embedded/4.9 2015q2/bin/../lib/gcc/arm-none-eabi/4.9.3/armv7e-m\libgcc.a
LOAD c:/program files (x86)/gnu tools arm embedded/4.9 2015q2/bin/../lib/gcc/arm-none-eabi/4.9.3/../../../../arm-none-eabi/lib/armv7e-m\libg.a
LOAD c:/program files (x86)/gnu tools arm embedded/4.9 2015q2/bin/../lib/gcc/arm-none-eabi/4.9.3/../../../../arm-none-eabi/lib/armv7e-m\libc.a
END GROUP
OUTPUT(LAN8720.elf elf32-littlearm)

.debug_info     0x00000000     0x5a9b
 .debug_info    0x00000000       0xed ..\obj\startup_stm32f4xx.o
 .debug_info    0x000000ed      0x15f ..\obj\main.o
 .debug_info    0x0000024c      0xc4d ..\obj\stm32f4xx_rcc.o
 .debug_info    0x00000e99      0x12f ..\obj\stm32f4xx_it.o
 .debug_info    0x00000fc8      0x602 ..\obj\stm32f4xx_gpio.o
 .debug_info    0x000015ca      0xb61 ..\obj\adc_ext.o
 .debug_info    0x0000212b      0x592 ..\obj\system_stm32f4xx.o
 .debug_info    0x000026bd      0x739 ..\obj\stm32f4xx_dma.o
 .debug_info    0x00002df6      0xb07 ..\obj\stm32f4xx_spi.o
 .debug_info    0x000038fd      0x53d ..\obj\misc.o
 .debug_info    0x00003e3a     0x1c61 ..\obj\stm32f4xx_tim.o

.debug_abbrev   0x00000000      0xd8d
 .debug_abbrev  0x00000000       0xb0 ..\obj\startup_stm32f4xx.o
 .debug_abbrev  0x000000b0       0xdc ..\obj\main.o
 .debug_abbrev  0x0000018c      0x1e3 ..\obj\stm32f4xx_rcc.o
 .debug_abbrev  0x0000036f       0x7d ..\obj\stm32f4xx_it.o
 .debug_abbrev  0x000003ec      0x1a3 ..\obj\stm32f4xx_gpio.o
 .debug_abbrev  0x0000058f      0x140 ..\obj\adc_ext.o
 .debug_abbrev  0x000006cf      0x136 ..\obj\system_stm32f4xx.o
 .debug_abbrev  0x00000805      0x155 ..\obj\stm32f4xx_dma.o
 .debug_abbrev  0x0000095a      0x167 ..\obj\stm32f4xx_spi.o
 .debug_abbrev  0x00000ac1      0x145 ..\obj\misc.o
 .debug_abbrev  0x00000c06      0x187 ..\obj\stm32f4xx_tim.o

.debug_aranges  0x00000000      0x7e8
 .debug_aranges
                0x00000000       0x28 ..\obj\startup_stm32f4xx.o
 .debug_aranges
                0x00000028       0x30 ..\obj\main.o
 .debug_aranges
                0x00000058      0x178 ..\obj\stm32f4xx_rcc.o
 .debug_aranges
                0x000001d0       0x60 ..\obj\stm32f4xx_it.o
 .debug_aranges
                0x00000230       0x88 ..\obj\stm32f4xx_gpio.o
 .debug_aranges
                0x000002b8       0x38 ..\obj\adc_ext.o
 .debug_aranges
                0x000002f0       0x30 ..\obj\system_stm32f4xx.o
 .debug_aranges
                0x00000320       0xb0 ..\obj\stm32f4xx_dma.o
 .debug_aranges
                0x000003d0       0xe0 ..\obj\stm32f4xx_spi.o
 .debug_aranges
                0x000004b0       0x40 ..\obj\misc.o
 .debug_aranges
                0x000004f0      0x2f8 ..\obj\stm32f4xx_tim.o

.debug_ranges   0x00000000      0x738
 .debug_ranges  0x00000000       0x18 ..\obj\startup_stm32f4xx.o
 .debug_ranges  0x00000018       0x20 ..\obj\main.o
 .debug_ranges  0x00000038      0x168 ..\obj\stm32f4xx_rcc.o
 .debug_ranges  0x000001a0       0x50 ..\obj\stm32f4xx_it.o
 .debug_ranges  0x000001f0       0x78 ..\obj\stm32f4xx_gpio.o
 .debug_ranges  0x00000268       0x28 ..\obj\adc_ext.o
 .debug_ranges  0x00000290       0x20 ..\obj\system_stm32f4xx.o
 .debug_ranges  0x000002b0       0xa0 ..\obj\stm32f4xx_dma.o
 .debug_ranges  0x00000350       0xd0 ..\obj\stm32f4xx_spi.o
 .debug_ranges  0x00000420       0x30 ..\obj\misc.o
 .debug_ranges  0x00000450      0x2e8 ..\obj\stm32f4xx_tim.o

.debug_line     0x00000000     0x25e2
 .debug_line    0x00000000       0x96 ..\obj\startup_stm32f4xx.o
 .debug_line    0x00000096      0x187 ..\obj\main.o
 .debug_line    0x0000021d      0x585 ..\obj\stm32f4xx_rcc.o
 .debug_line    0x000007a2      0x212 ..\obj\stm32f4xx_it.o
 .debug_line    0x000009b4      0x327 ..\obj\stm32f4xx_gpio.o
 .debug_line    0x00000cdb      0x2b0 ..\obj\adc_ext.o
 .debug_line    0x00000f8b      0x1ea ..\obj\system_stm32f4xx.o
 .debug_line    0x00001175      0x3c0 ..\obj\stm32f4xx_dma.o
 .debug_line    0x00001535      0x436 ..\obj\stm32f4xx_spi.o
 .debug_line    0x0000196b      0x229 ..\obj\misc.o
 .debug_line    0x00001b94      0xa4e ..\obj\stm32f4xx_tim.o

.debug_str      0x00000000     0x2845
 .debug_str     0x00000000      0x129 ..\obj\startup_stm32f4xx.o
                                0x13b (size before relaxing)
 .debug_str     0x00000129      0x10d ..\obj\main.o
                                0x1e4 (size before relaxing)
 .debug_str     0x00000236      0x6b3 ..\obj\stm32f4xx_rcc.o
                                0x844 (size before relaxing)
 .debug_str     0x000008e9       0xdd ..\obj\stm32f4xx_it.o
                                0x205 (size before relaxing)
 .debug_str     0x000009c6      0x31c ..\obj\stm32f4xx_gpio.o
                                0x497 (size before relaxing)
 .debug_str     0x00000ce2      0x9b7 ..\obj\adc_ext.o
                                0xd16 (size before relaxing)
 .debug_str     0x00001699      0x10c ..\obj\system_stm32f4xx.o
                                0x39e (size before relaxing)
 .debug_str     0x000017a5      0x268 ..\obj\stm32f4xx_dma.o
                                0x536 (size before relaxing)
 .debug_str     0x00001a0d      0x2f1 ..\obj\stm32f4xx_spi.o
                                0x67e (size before relaxing)
 .debug_str     0x00001cfe      0x155 ..\obj\misc.o
                                0x3c2 (size before relaxing)
 .debug_str     0x00001e53      0x9f2 ..\obj\stm32f4xx_tim.o
                                0xdc4 (size before relaxing)

.comment        0x00000000       0x70
 .comment       0x00000000       0x70 ..\obj\startup_stm32f4xx.o
                                 0x71 (size before relaxing)
 .comment       0x00000000       0x71 ..\obj\main.o
 .comment       0x00000000       0x71 ..\obj\stm32f4xx_rcc.o
 .comment       0x00000000       0x71 ..\obj\stm32f4xx_it.o
 .comment       0x00000000       0x71 ..\obj\stm32f4xx_gpio.o
 .comment       0x00000000       0x71 ..\obj\adc_ext.o
 .comment       0x00000000       0x71 ..\obj\system_stm32f4xx.o
 .comment       0x00000000       0x71 ..\obj\stm32f4xx_dma.o
 .comment       0x00000000       0x71 ..\obj\stm32f4xx_spi.o
 .comment       0x00000000       0x71 ..\obj\misc.o
 .comment       0x00000000       0x71 ..\obj\stm32f4xx_tim.o

.ARM.attributes
                0x00000000       0x31
 .ARM.attributes
                0x00000000       0x33 ..\obj\startup_stm32f4xx.o
 .ARM.attributes
                0x00000033       0x33 ..\obj\main.o
 .ARM.attributes
                0x00000066       0x33 ..\obj\stm32f4xx_rcc.o
 .ARM.attributes
                0x00000099       0x33 ..\obj\stm32f4xx_it.o
 .ARM.attributes
                0x000000cc       0x33 ..\obj\stm32f4xx_gpio.o
 .ARM.attributes
                0x000000ff       0x33 ..\obj\adc_ext.o
 .ARM.attributes
                0x00000132       0x33 ..\obj\system_stm32f4xx.o
 .ARM.attributes
                0x00000165       0x33 ..\obj\stm32f4xx_dma.o
 .ARM.attributes
                0x00000198       0x33 ..\obj\stm32f4xx_spi.o
 .ARM.attributes
                0x000001cb       0x33 ..\obj\misc.o
 .ARM.attributes
                0x000001fe       0x33 ..\obj\stm32f4xx_tim.o

.debug_frame    0x00000000     0x2210
 .debug_frame   0x00000000       0x4c ..\obj\startup_stm32f4xx.o
 .debug_frame   0x0000004c       0x74 ..\obj\main.o
 .debug_frame   0x000000c0      0x6d4 ..\obj\stm32f4xx_rcc.o
 .debug_frame   0x00000794      0x10c ..\obj\stm32f4xx_it.o
 .debug_frame   0x000008a0      0x23c ..\obj\stm32f4xx_gpio.o
 .debug_frame   0x00000adc       0x90 ..\obj\adc_ext.o
 .debug_frame   0x00000b6c       0x7c ..\obj\system_stm32f4xx.o
 .debug_frame   0x00000be8      0x308 ..\obj\stm32f4xx_dma.o
 .debug_frame   0x00000ef0      0x3f4 ..\obj\stm32f4xx_spi.o
 .debug_frame   0x000012e4       0xd8 ..\obj\misc.o
 .debug_frame   0x000013bc      0xe54 ..\obj\stm32f4xx_tim.o
